[2016-11-15 07:30:22.102]  Tuned to 32
[2016-11-15 07:30:22.203]  Tuned to 33
[2016-11-15 07:30:22.304]  Tuned to 34
[2016-11-15 07:30:22.405]  Tuned to 35
[2016-11-15 07:30:22.506]  Tuned to 36
[2016-11-15 07:30:22.607]  Tuned to 37
[2016-11-15 07:30:22.708]  Tuned to 38
[2016-11-15 07:30:22.809]  Tuned to 39
[2016-11-15 07:30:22.909]  Tuned to 40
[2016-11-15 07:30:23.010]  Tuned to 41
[2016-11-15 07:30:23.111]  Tuned to 42
[2016-11-15 07:30:23.211]  Tuned to 43
[2016-11-15 07:30:23.312]  Tuned to 44
[2016-11-15 07:30:23.413]  Tuned to 45
[2016-11-15 07:30:23.514]  Tuned to 46
[2016-11-15 07:30:23.615]  Tuned to 47
[2016-11-15 07:30:23.716]  Tuned to 48
[2016-11-15 07:30:23.817]  Tuned to 49
[2016-11-15 07:30:23.918]  Tuned to 50
[2016-11-15 07:30:24.019]  Tuned to 51
[2016-11-15 07:30:24.120]  Tuned to 52
[2016-11-15 07:30:24.221]  Tuned to 53
[2016-11-15 07:30:24.322]  Tuned to 54
[2016-11-15 07:30:24.423]  Tuned to 55
[2016-11-15 07:30:24.524]  Tuned to 56
[2016-11-15 07:30:24.625]  Tuned to 57
[2016-11-15 07:30:24.726]  Tuned to 58
[2016-11-15 07:30:24.827]  Tuned to 59
[2016-11-15 07:30:24.929]  Tuned to 60
[2016-11-15 07:30:25.030]  Tuned to 61
[2016-11-15 07:30:25.131]  Tuned to 62
[2016-11-15 07:30:25.232]  Tuned to 63
[2016-11-15 07:30:25.333]  Tuned to 64
[2016-11-15 07:30:25.434]  Tuned to 65
[2016-11-15 07:30:25.535]  Tuned to 66
[2016-11-15 07:30:25.636]  Tuned to 67
[2016-11-15 07:30:25.737]  Tuned to 68
[2016-11-15 07:30:25.838]  Tuned to 69
[2016-11-15 07:30:25.939]  Tuned to 70
[2016-11-15 07:30:26.040]  Tuned to 71
[2016-11-15 07:30:26.142]  Tuned to 72
[2016-11-15 07:30:26.243]  Tuned to 73
[2016-11-15 07:30:26.344]  Tuned to 74
[2016-11-15 07:30:26.445]  Tuned to 75
[2016-11-15 07:30:26.547]  Tuned to 76
[2016-11-15 07:30:26.648]  Tuned to 77
[2016-11-15 07:30:26.749]  Tuned to 78
[2016-11-15 07:30:26.850]  Tuned to 79
[2016-11-15 07:30:26.951]  Tuned to 80
[2016-11-15 07:30:27.052]  Tuned to 81
[2016-11-15 07:30:27.154]  Tuned to 82
[2016-11-15 07:30:27.254]  Tuned to 83
Traceback (most recent call last):
  File "../modules/mousejack/tools/nrf24-scanner.py", line 55, in <module>
    value = common.radio.receive_payload()
  File "/home/lain/Development/seniordesign/mithren/modules/mousejack/tools/lib/nrf24.py", line 109, in receive_payload
    return self.dongle.read(0x81, 64, timeout=nrf24.usb_timeout)
  File "/usr/local/lib/python2.7/dist-packages/usb/core.py", line 988, in read
    self.__get_timeout(timeout))
  File "/usr/local/lib/python2.7/dist-packages/usb/backend/libusb1.py", line 833, in bulk_read
    timeout)
  File "/usr/local/lib/python2.7/dist-packages/usb/backend/libusb1.py", line 933, in __read
    timeout)
KeyboardInterrupt
tail: output.txt: file truncated
[2016-11-15 07:30:30.845]  Using channels 2, 3, 4, 5, 6, 7, 8, 9, 10, 11, 12, 13, 14, 15, 16, 17, 18, 19, 20, 21, 22, 23, 24, 25, 26, 27, 28, 29, 30, 31, 32, 33, 34, 35, 36, 37, 38, 39, 40, 41, 42, 43, 44, 45, 46, 47, 48, 49, 50, 51, 52, 53, 54, 55, 56, 57, 58, 59, 60, 61, 62, 63, 64, 65, 66, 67, 68, 69, 70, 71, 72, 73, 74, 75, 76, 77, 78, 79, 80, 81, 82, 83
Traceback (most recent call last):
  File "../modules/mousejack/tools/nrf24-scanner.py", line 35, in <module>
    common.radio.enter_promiscuous_mode(prefix_address)
  File "/home/lain/Development/seniordesign/mithren/modules/mousejack/tools/lib/nrf24.py", line 76, in enter_promiscuous_mode
    self.dongle.read(0x81, 64, timeout=nrf24.usb_timeout)
  File "/usr/local/lib/python2.7/dist-packages/usb/core.py", line 988, in read
    self.__get_timeout(timeout))
  File "/usr/local/lib/python2.7/dist-packages/usb/backend/libusb1.py", line 833, in bulk_read
    timeout)
  File "/usr/local/lib/python2.7/dist-packages/usb/backend/libusb1.py", line 936, in __read
    _check(retval)
  File "/usr/local/lib/python2.7/dist-packages/usb/backend/libusb1.py", line 595, in _check
    raise USBError(_strerror(ret), ret, _libusb_errno[ret])
usb.core.USBError: [Errno 110] Operation timed out
tail: output.txt: file truncated
[2016-11-15 07:30:52.565]  Using channels 2, 3, 4, 5, 6, 7, 8, 9, 10, 11, 12, 13, 14, 15, 16, 17, 18, 19, 20, 21, 22, 23, 24, 25, 26, 27, 28, 29, 30, 31, 32, 33, 34, 35, 36, 37, 38, 39, 40, 41, 42, 43, 44, 45, 46, 47, 48, 49, 50, 51, 52, 53, 54, 55, 56, 57, 58, 59, 60, 61, 62, 63, 64, 65, 66, 67, 68, 69, 70, 71, 72, 73, 74, 75, 76, 77, 78, 79, 80, 81, 82, 83
Traceback (most recent call last):
  File "../modules/mousejack/tools/nrf24-scanner.py", line 27, in <module>
    common.parse_and_init()
  File "/home/lain/Development/seniordesign/mithren/modules/mousejack/tools/lib/common.py", line 58, in parse_and_init
    radio = nrf24(args.index)
  File "/home/lain/Development/seniordesign/mithren/modules/mousejack/tools/lib/nrf24.py", line 71, in __init__
    raise Exception('Cannot find USB dongle.')
Exception: Cannot find USB dongle.
tail: output.txt: file truncated
[2016-11-15 07:30:57.362]  Using channels 2, 3, 4, 5, 6, 7, 8, 9, 10, 11, 12, 13, 14, 15, 16, 17, 18, 19, 20, 21, 22, 23, 24, 25, 26, 27, 28, 29, 30, 31, 32, 33, 34, 35, 36, 37, 38, 39, 40, 41, 42, 43, 44, 45, 46, 47, 48, 49, 50, 51, 52, 53, 54, 55, 56, 57, 58, 59, 60, 61, 62, 63, 64, 65, 66, 67, 68, 69, 70, 71, 72, 73, 74, 75, 76, 77, 78, 79, 80, 81, 82, 83
[2016-11-15 07:30:57.384]  Entered promiscuous mode
[2016-11-15 07:30:57.385]  Tuned to 2
[2016-11-15 07:30:57.486]  Tuned to 3
[2016-11-15 07:30:57.586]  Tuned to 4
[2016-11-15 07:30:57.687]  Tuned to 5
[2016-11-15 07:30:57.787]  Tuned to 6
[2016-11-15 07:30:57.888]  Tuned to 7
[2016-11-15 07:30:57.988]  Tuned to 8
[2016-11-15 07:30:58.089]  Tuned to 9
[2016-11-15 07:30:58.190]  Tuned to 10
[2016-11-15 07:30:58.290]  Tuned to 11
[2016-11-15 07:30:58.393]  Tuned to 12
[2016-11-15 07:30:58.494]  Tuned to 13
[2016-11-15 07:30:58.594]  Tuned to 14
[2016-11-15 07:30:58.695]  Tuned to 15
[2016-11-15 07:30:58.795]  Tuned to 16
[2016-11-15 07:30:58.896]  Tuned to 17
[2016-11-15 07:30:58.996]  Tuned to 18
[2016-11-15 07:30:59.097]  Tuned to 19
[2016-11-15 07:30:59.198]  Tuned to 20
[2016-11-15 07:30:59.298]  Tuned to 21
[2016-11-15 07:30:59.399]  Tuned to 22
[2016-11-15 07:30:59.500]  Tuned to 23
[2016-11-15 07:30:59.600]  Tuned to 24
[2016-11-15 07:30:59.701]  Tuned to 25
[2016-11-15 07:30:59.802]  Tuned to 26
[2016-11-15 07:30:59.902]  Tuned to 27
[2016-11-15 07:31:00.003]  Tuned to 28
[2016-11-15 07:31:00.104]  Tuned to 29
[2016-11-15 07:31:00.204]  Tuned to 30
[2016-11-15 07:31:00.305]  Tuned to 31
[2016-11-15 07:31:00.406]  Tuned to 32
[2016-11-15 07:31:00.506]  Tuned to 33
[2016-11-15 07:31:00.607]  Tuned to 34
[2016-11-15 07:31:00.708]  Tuned to 35
[2016-11-15 07:31:00.808]  Tuned to 36
[2016-11-15 07:31:00.909]  Tuned to 37
[2016-11-15 07:31:01.010]  Tuned to 38
[2016-11-15 07:31:01.110]  Tuned to 39
[2016-11-15 07:31:01.211]  Tuned to 40
[2016-11-15 07:31:01.311]  Tuned to 41
[2016-11-15 07:31:01.412]  Tuned to 42
[2016-11-15 07:31:01.513]  Tuned to 43
[2016-11-15 07:31:01.614]  Tuned to 44
[2016-11-15 07:31:01.714]  Tuned to 45
[2016-11-15 07:31:01.816]  Tuned to 46
[2016-11-15 07:31:01.917]  Tuned to 47
[2016-11-15 07:31:02.017]  Tuned to 48
[2016-11-15 07:31:02.118]  Tuned to 49
[2016-11-15 07:31:02.219]  Tuned to 50
[2016-11-15 07:31:02.319]  Tuned to 51
[2016-11-15 07:31:02.420]  Tuned to 52
[2016-11-15 07:31:02.521]  Tuned to 53
[2016-11-15 07:31:02.621]  Tuned to 54
[2016-11-15 07:31:02.722]  Tuned to 55
[2016-11-15 07:31:02.823]  Tuned to 56
[2016-11-15 07:31:02.923]  Tuned to 57
[2016-11-15 07:31:03.024]  Tuned to 58
[2016-11-15 07:31:03.125]  Tuned to 59
[2016-11-15 07:31:03.225]  Tuned to 60
[2016-11-15 07:31:03.328]  Tuned to 61
[2016-11-15 07:31:03.428]  Tuned to 62
[2016-11-15 07:31:03.529]  Tuned to 63
[2016-11-15 07:31:03.629]  Tuned to 64
[2016-11-15 07:31:03.730]  Tuned to 65
[2016-11-15 07:31:03.831]  Tuned to 66
[2016-11-15 07:31:03.931]  Tuned to 67
[2016-11-15 07:31:04.032]  Tuned to 68
[2016-11-15 07:31:04.133]  Tuned to 69
[2016-11-15 07:31:04.233]  Tuned to 70
[2016-11-15 07:31:04.334]  Tuned to 71
[2016-11-15 07:31:04.435]  Tuned to 72
[2016-11-15 07:31:04.536]  Tuned to 73
[2016-11-15 07:31:04.636]  Tuned to 74
[2016-11-15 07:31:04.737]  Tuned to 75
[2016-11-15 07:31:04.838]  Tuned to 76
[2016-11-15 07:31:04.938]  Tuned to 77
[2016-11-15 07:31:05.039]  Tuned to 78
[2016-11-15 07:31:05.139]  Tuned to 79
[2016-11-15 07:31:05.240]  Tuned to 80
[2016-11-15 07:31:05.341]  Tuned to 81
[2016-11-15 07:31:05.442]  Tuned to 82
[2016-11-15 07:31:05.544]  Tuned to 83
[2016-11-15 07:31:05.645]  Tuned to 2
[2016-11-15 07:31:05.746]  Tuned to 3
[2016-11-15 07:31:05.846]  Tuned to 4
[2016-11-15 07:31:05.947]  Tuned to 5
[2016-11-15 07:31:06.047]  Tuned to 6
[2016-11-15 07:31:06.148]  Tuned to 7
[2016-11-15 07:31:06.249]  Tuned to 8
[2016-11-15 07:31:06.349]  Tuned to 9
[2016-11-15 07:31:06.450]  Tuned to 10
[2016-11-15 07:31:06.551]  Tuned to 11
[2016-11-15 07:31:06.651]  Tuned to 12
[2016-11-15 07:31:06.752]  Tuned to 13
[2016-11-15 07:31:06.853]  Tuned to 14
[2016-11-15 07:31:06.953]  Tuned to 15
[2016-11-15 07:31:07.055]  Tuned to 16
[2016-11-15 07:31:07.156]  Tuned to 17
[2016-11-15 07:31:07.257]  Tuned to 18
[2016-11-15 07:31:07.357]  Tuned to 19
[2016-11-15 07:31:07.458]  Tuned to 20
[2016-11-15 07:31:07.558]  Tuned to 21
[2016-11-15 07:31:07.659]  Tuned to 22
[2016-11-15 07:31:07.760]  Tuned to 23
[2016-11-15 07:31:07.861]  Tuned to 24
[2016-11-15 07:31:07.961]  Tuned to 25
[2016-11-15 07:31:08.062]  Tuned to 26
[2016-11-15 07:31:08.162]  Tuned to 27
[2016-11-15 07:31:08.263]  Tuned to 28
[2016-11-15 07:31:08.363]  Tuned to 29
[2016-11-15 07:31:08.464]  Tuned to 30
[2016-11-15 07:31:08.565]  Tuned to 31
[2016-11-15 07:31:08.665]  Tuned to 32
[2016-11-15 07:31:08.768]  Tuned to 33
[2016-11-15 07:31:08.868]  Tuned to 34
[2016-11-15 07:31:08.970]  Tuned to 35
[2016-11-15 07:31:09.070]  Tuned to 36
[2016-11-15 07:31:09.171]  Tuned to 37
[2016-11-15 07:31:09.272]  Tuned to 38
[2016-11-15 07:31:09.372]  Tuned to 39
[2016-11-15 07:31:09.473]  Tuned to 40
[2016-11-15 07:31:09.574]  Tuned to 41
[2016-11-15 07:31:09.675]  Tuned to 42
[2016-11-15 07:31:09.775]  Tuned to 43
[2016-11-15 07:31:09.877]  Tuned to 44
[2016-11-15 07:31:09.978]  Tuned to 45
[2016-11-15 07:31:10.078]  Tuned to 46
[2016-11-15 07:31:10.179]  Tuned to 47
[2016-11-15 07:31:10.280]  Tuned to 48
[2016-11-15 07:31:10.380]  Tuned to 49
[2016-11-15 07:31:10.481]  Tuned to 50
[2016-11-15 07:31:10.581]  Tuned to 51
[2016-11-15 07:31:10.682]  Tuned to 52
[2016-11-15 07:31:10.783]  Tuned to 53
[2016-11-15 07:31:10.883]  Tuned to 54
[2016-11-15 07:31:10.984]  Tuned to 55
[2016-11-15 07:31:11.085]  Tuned to 56
[2016-11-15 07:31:11.185]  Tuned to 57
[2016-11-15 07:31:11.286]  Tuned to 58
[2016-11-15 07:31:11.386]  Tuned to 59
[2016-11-15 07:31:11.487]  Tuned to 60
[2016-11-15 07:31:11.588]  Tuned to 61
[2016-11-15 07:31:11.688]  Tuned to 62
[2016-11-15 07:31:11.789]  Tuned to 63
[2016-11-15 07:31:11.889]  Tuned to 64
[2016-11-15 07:31:11.990]  Tuned to 65
[2016-11-15 07:31:12.091]  Tuned to 66
[2016-11-15 07:31:12.191]  Tuned to 67
[2016-11-15 07:31:12.292]  Tuned to 68
[2016-11-15 07:31:12.393]  Tuned to 69
[2016-11-15 07:31:12.493]  Tuned to 70
[2016-11-15 07:31:12.594]  Tuned to 71
[2016-11-15 07:31:12.694]  Tuned to 72
[2016-11-15 07:31:12.795]  Tuned to 73
[2016-11-15 07:31:12.896]  Tuned to 74
[2016-11-15 07:31:12.996]  Tuned to 75
[2016-11-15 07:31:13.099]  Tuned to 76
[2016-11-15 07:31:13.200]  Tuned to 77
[2016-11-15 07:31:13.300]  Tuned to 78
[2016-11-15 07:31:13.401]  Tuned to 79
[2016-11-15 07:31:13.501]  Tuned to 80
[2016-11-15 07:31:13.602]  Tuned to 81
[2016-11-15 07:31:13.703]  Tuned to 82
[2016-11-15 07:31:13.803]  Tuned to 83
[2016-11-15 07:31:13.906]  Tuned to 2
[2016-11-15 07:31:14.007]  Tuned to 3
[2016-11-15 07:31:14.107]  Tuned to 4
[2016-11-15 07:31:14.208]  Tuned to 5
[2016-11-15 07:31:14.309]  Tuned to 6
[2016-11-15 07:31:14.409]  Tuned to 7
[2016-11-15 07:31:14.510]  Tuned to 8
[2016-11-15 07:31:14.610]  Tuned to 9
[2016-11-15 07:31:14.711]  Tuned to 10
[2016-11-15 07:31:14.812]  Tuned to 11
[2016-11-15 07:31:14.912]  Tuned to 12
[2016-11-15 07:31:15.013]  Tuned to 13
[2016-11-15 07:31:15.114]  Tuned to 14
[2016-11-15 07:31:15.214]  Tuned to 15
[2016-11-15 07:31:15.315]  Tuned to 16
[2016-11-15 07:31:15.416]  Tuned to 17
[2016-11-15 07:31:15.516]  Tuned to 18
[2016-11-15 07:31:15.617]  Tuned to 19
[2016-11-15 07:31:15.718]  Tuned to 20
[2016-11-15 07:31:15.818]  Tuned to 21
[2016-11-15 07:31:15.921]  Tuned to 22
[2016-11-15 07:31:16.021]  Tuned to 23
[2016-11-15 07:31:16.122]  Tuned to 24
[2016-11-15 07:31:16.222]  Tuned to 25
[2016-11-15 07:31:16.323]  Tuned to 26
[2016-11-15 07:31:16.424]  Tuned to 27
[2016-11-15 07:31:16.524]  Tuned to 28
[2016-11-15 07:31:16.625]  Tuned to 29
[2016-11-15 07:31:16.725]  Tuned to 30
[2016-11-15 07:31:16.826]  Tuned to 31
[2016-11-15 07:31:16.927]  Tuned to 32
[2016-11-15 07:31:17.028]  Tuned to 33
[2016-11-15 07:31:17.129]  Tuned to 34
[2016-11-15 07:31:17.230]  Tuned to 35
[2016-11-15 07:31:17.330]  Tuned to 36
[2016-11-15 07:31:17.431]  Tuned to 37
[2016-11-15 07:31:17.532]  Tuned to 38
[2016-11-15 07:31:17.632]  Tuned to 39
[2016-11-15 07:31:17.735]  Tuned to 40
[2016-11-15 07:31:17.836]  Tuned to 41
[2016-11-15 07:31:17.936]  Tuned to 42
[2016-11-15 07:31:18.037]  Tuned to 43
[2016-11-15 07:31:18.137]  Tuned to 44
[2016-11-15 07:31:18.239]  Tuned to 45
[2016-11-15 07:31:18.340]  Tuned to 46
[2016-11-15 07:31:18.440]  Tuned to 47
[2016-11-15 07:31:18.541]  Tuned to 48
[2016-11-15 07:31:18.641]  Tuned to 49
[2016-11-15 07:31:18.742]  Tuned to 50
[2016-11-15 07:31:18.843]  Tuned to 51
[2016-11-15 07:31:18.943]  Tuned to 52
[2016-11-15 07:31:19.044]  Tuned to 53
[2016-11-15 07:31:19.144]  Tuned to 54
[2016-11-15 07:31:19.245]  Tuned to 55
[2016-11-15 07:31:19.346]  Tuned to 56
[2016-11-15 07:31:19.448]  Tuned to 57
[2016-11-15 07:31:19.548]  Tuned to 58
[2016-11-15 07:31:19.649]  Tuned to 59
[2016-11-15 07:31:19.750]  Tuned to 60
[2016-11-15 07:31:19.850]  Tuned to 61
[2016-11-15 07:31:19.951]  Tuned to 62
[2016-11-15 07:31:20.051]  Tuned to 63
[2016-11-15 07:31:20.152]  Tuned to 64
[2016-11-15 07:31:20.253]  Tuned to 65
[2016-11-15 07:31:20.353]  Tuned to 66
[2016-11-15 07:31:20.454]  Tuned to 67
[2016-11-15 07:31:20.555]  Tuned to 68
[2016-11-15 07:31:20.655]  Tuned to 69
[2016-11-15 07:31:20.756]  Tuned to 70
[2016-11-15 07:31:20.856]  Tuned to 71
[2016-11-15 07:31:20.957]  Tuned to 72
[2016-11-15 07:31:21.058]  Tuned to 73
[2016-11-15 07:31:21.159]  Tuned to 74
[2016-11-15 07:31:21.259]  Tuned to 75
[2016-11-15 07:31:21.360]  Tuned to 76
[2016-11-15 07:31:21.462]  Tuned to 77
[2016-11-15 07:31:21.563]  Tuned to 78
[2016-11-15 07:31:21.665]  Tuned to 79
[2016-11-15 07:31:21.766]  Tuned to 80
[2016-11-15 07:31:21.867]  Tuned to 81
[2016-11-15 07:31:21.968]  Tuned to 82
[2016-11-15 07:31:22.068]  Tuned to 83
[2016-11-15 07:31:22.169]  Tuned to 2
[2016-11-15 07:31:22.269]  Tuned to 3
[2016-11-15 07:31:22.370]  Tuned to 4
[2016-11-15 07:31:22.471]  Tuned to 5
[2016-11-15 07:31:22.571]  Tuned to 6
[2016-11-15 07:31:22.672]  Tuned to 7
[2016-11-15 07:31:22.773]  Tuned to 8
[2016-11-15 07:31:22.873]  Tuned to 9
[2016-11-15 07:31:22.974]  Tuned to 10
[2016-11-15 07:31:23.075]  Tuned to 11
[2016-11-15 07:31:23.175]  Tuned to 12
[2016-11-15 07:31:23.276]  Tuned to 13
[2016-11-15 07:31:23.377]  Tuned to 14
[2016-11-15 07:31:23.478]  Tuned to 15
[2016-11-15 07:31:23.578]  Tuned to 16
[2016-11-15 07:31:23.679]  Tuned to 17
[2016-11-15 07:31:23.779]  Tuned to 18
[2016-11-15 07:31:23.880]  Tuned to 19
[2016-11-15 07:31:23.981]  Tuned to 20
[2016-11-15 07:31:24.081]  Tuned to 21
[2016-11-15 07:31:24.182]  Tuned to 22
[2016-11-15 07:31:24.283]  Tuned to 23
[2016-11-15 07:31:24.384]  Tuned to 24
[2016-11-15 07:31:24.484]  Tuned to 25
[2016-11-15 07:31:24.585]  Tuned to 26
[2016-11-15 07:31:24.686]  Tuned to 27
[2016-11-15 07:31:24.786]  Tuned to 28
[2016-11-15 07:31:24.887]  Tuned to 29
[2016-11-15 07:31:24.988]  Tuned to 30
[2016-11-15 07:31:25.088]  Tuned to 31
[2016-11-15 07:31:25.189]  Tuned to 32
[2016-11-15 07:31:25.290]  Tuned to 33
[2016-11-15 07:31:25.391]  Tuned to 34
[2016-11-15 07:31:25.492]  Tuned to 35
[2016-11-15 07:31:25.593]  Tuned to 36
[2016-11-15 07:31:25.694]  Tuned to 37
[2016-11-15 07:31:25.794]  Tuned to 38
[2016-11-15 07:31:25.895]  Tuned to 39
[2016-11-15 07:31:25.995]  Tuned to 40
[2016-11-15 07:31:26.096]  Tuned to 41
[2016-11-15 07:31:26.197]  Tuned to 42
[2016-11-15 07:31:26.298]  Tuned to 43
[2016-11-15 07:31:26.398]  Tuned to 44
[2016-11-15 07:31:26.499]  Tuned to 45
[2016-11-15 07:31:26.600]  Tuned to 46
[2016-11-15 07:31:26.700]  Tuned to 47
[2016-11-15 07:31:26.801]  Tuned to 48
[2016-11-15 07:31:26.902]  Tuned to 49
[2016-11-15 07:31:27.002]  Tuned to 50
[2016-11-15 07:31:27.103]  Tuned to 51
[2016-11-15 07:31:27.204]  Tuned to 52
[2016-11-15 07:31:27.304]  Tuned to 53
[2016-11-15 07:31:27.405]  Tuned to 54
[2016-11-15 07:31:27.506]  Tuned to 55
[2016-11-15 07:31:27.606]  Tuned to 56
[2016-11-15 07:31:27.707]  Tuned to 57
[2016-11-15 07:31:27.807]  Tuned to 58
[2016-11-15 07:31:27.908]  Tuned to 59
[2016-11-15 07:31:28.008]  Tuned to 60
[2016-11-15 07:31:28.109]  Tuned to 61
[2016-11-15 07:31:28.210]  Tuned to 62
[2016-11-15 07:31:28.311]  Tuned to 63
[2016-11-15 07:31:28.412]  Tuned to 64
[2016-11-15 07:31:28.512]  Tuned to 65
[2016-11-15 07:31:28.613]  Tuned to 66
[2016-11-15 07:31:28.714]  Tuned to 67
[2016-11-15 07:31:28.814]  Tuned to 68
[2016-11-15 07:31:28.915]  Tuned to 69
[2016-11-15 07:31:29.015]  Tuned to 70
[2016-11-15 07:31:29.116]  Tuned to 71
[2016-11-15 07:31:29.217]  Tuned to 72
[2016-11-15 07:31:29.317]  Tuned to 73
[2016-11-15 07:31:29.418]  Tuned to 74
[2016-11-15 07:31:29.519]  Tuned to 75
[2016-11-15 07:31:29.620]  Tuned to 76
[2016-11-15 07:31:29.720]  Tuned to 77
[2016-11-15 07:31:29.821]  Tuned to 78
[2016-11-15 07:31:29.922]  Tuned to 79
[2016-11-15 07:31:30.023]  Tuned to 80
[2016-11-15 07:31:30.123]  Tuned to 81
[2016-11-15 07:31:30.224]  Tuned to 82
[2016-11-15 07:31:30.324]  Tuned to 83
[2016-11-15 07:31:30.425]  Tuned to 2
[2016-11-15 07:31:30.525]  Tuned to 3
[2016-11-15 07:31:30.626]  Tuned to 4
[2016-11-15 07:31:30.727]  Tuned to 5
[2016-11-15 07:31:30.827]  Tuned to 6
[2016-11-15 07:31:30.928]  Tuned to 7
[2016-11-15 07:31:31.028]  Tuned to 8
[2016-11-15 07:31:31.129]  Tuned to 9
[2016-11-15 07:31:31.230]  Tuned to 10
[2016-11-15 07:31:31.332]  Tuned to 11
[2016-11-15 07:31:31.433]  Tuned to 12
[2016-11-15 07:31:31.534]  Tuned to 13
[2016-11-15 07:31:31.635]  Tuned to 14
[2016-11-15 07:31:31.735]  Tuned to 15
[2016-11-15 07:31:31.836]  Tuned to 16
[2016-11-15 07:31:31.936]  Tuned to 17
[2016-11-15 07:31:32.037]  Tuned to 18
[2016-11-15 07:31:32.137]  Tuned to 19
[2016-11-15 07:31:32.238]  Tuned to 20
[2016-11-15 07:31:32.339]  Tuned to 21
[2016-11-15 07:31:32.440]  Tuned to 22
[2016-11-15 07:31:32.541]  Tuned to 23
[2016-11-15 07:31:32.641]  Tuned to 24
[2016-11-15 07:31:32.742]  Tuned to 25
[2016-11-15 07:31:32.844]  Tuned to 26
[2016-11-15 07:31:32.944]  Tuned to 27
[2016-11-15 07:31:33.045]  Tuned to 28
[2016-11-15 07:31:33.146]  Tuned to 29
[2016-11-15 07:31:33.246]  Tuned to 30
[2016-11-15 07:31:33.348]  Tuned to 31
[2016-11-15 07:31:33.449]  Tuned to 32
[2016-11-15 07:31:33.554]  Tuned to 33
[2016-11-15 07:31:33.654]  Tuned to 34
[2016-11-15 07:31:33.755]  Tuned to 35
[2016-11-15 07:31:33.858]  Tuned to 36
[2016-11-15 07:31:33.959]  Tuned to 37
[2016-11-15 07:31:34.059]  Tuned to 38
[2016-11-15 07:31:34.160]  Tuned to 39
[2016-11-15 07:31:34.260]  Tuned to 40
[2016-11-15 07:31:34.361]  Tuned to 41
[2016-11-15 07:31:34.462]  Tuned to 42
[2016-11-15 07:31:34.562]  Tuned to 43
[2016-11-15 07:31:34.663]  Tuned to 44
[2016-11-15 07:31:34.764]  Tuned to 45
[2016-11-15 07:31:34.864]  Tuned to 46
[2016-11-15 07:31:34.965]  Tuned to 47
[2016-11-15 07:31:35.066]  Tuned to 48
[2016-11-15 07:31:35.166]  Tuned to 49
[2016-11-15 07:31:35.267]  Tuned to 50
[2016-11-15 07:31:35.368]  Tuned to 51
[2016-11-15 07:31:35.468]  Tuned to 52
[2016-11-15 07:31:35.569]  Tuned to 53
[2016-11-15 07:31:35.670]  Tuned to 54
[2016-11-15 07:31:35.770]  Tuned to 55
[2016-11-15 07:31:35.871]  Tuned to 56
[2016-11-15 07:31:35.972]  Tuned to 57
[2016-11-15 07:31:36.072]  Tuned to 58
[2016-11-15 07:31:36.173]  Tuned to 59
[2016-11-15 07:31:36.273]  Tuned to 60
[2016-11-15 07:31:36.374]  Tuned to 61
[2016-11-15 07:31:36.475]  Tuned to 62
[2016-11-15 07:31:36.576]  Tuned to 63
[2016-11-15 07:31:36.676]  Tuned to 64
[2016-11-15 07:31:36.777]  Tuned to 65
[2016-11-15 07:31:36.878]  Tuned to 66
[2016-11-15 07:31:36.978]  Tuned to 67
[2016-11-15 07:31:37.079]  Tuned to 68
[2016-11-15 07:31:37.179]  Tuned to 69
[2016-11-15 07:31:37.280]  Tuned to 70
[2016-11-15 07:31:37.381]  Tuned to 71
[2016-11-15 07:31:37.482]  Tuned to 72
[2016-11-15 07:31:37.582]  Tuned to 73
[2016-11-15 07:31:37.683]  Tuned to 74
[2016-11-15 07:31:37.784]  Tuned to 75
[2016-11-15 07:31:37.884]  Tuned to 76
[2016-11-15 07:31:37.985]  Tuned to 77
[2016-11-15 07:31:38.086]  Tuned to 78
[2016-11-15 07:31:38.187]  Tuned to 79
[2016-11-15 07:31:38.287]  Tuned to 80
[2016-11-15 07:31:38.388]  Tuned to 81
[2016-11-15 07:31:38.489]  Tuned to 82
[2016-11-15 07:31:38.589]  Tuned to 83
[2016-11-15 07:31:38.690]  Tuned to 2
[2016-11-15 07:31:38.791]  Tuned to 3
[2016-11-15 07:31:38.891]  Tuned to 4
[2016-11-15 07:31:38.992]  Tuned to 5
[2016-11-15 07:31:39.092]  Tuned to 6
[2016-11-15 07:31:39.193]  Tuned to 7
[2016-11-15 07:31:39.294]  Tuned to 8
[2016-11-15 07:31:39.394]  Tuned to 9
[2016-11-15 07:31:39.495]  Tuned to 10
[2016-11-15 07:31:39.596]  Tuned to 11
[2016-11-15 07:31:39.697]  Tuned to 12
[2016-11-15 07:31:39.797]  Tuned to 13
[2016-11-15 07:31:39.898]  Tuned to 14
[2016-11-15 07:31:39.998]  Tuned to 15
[2016-11-15 07:31:40.099]  Tuned to 16
[2016-11-15 07:31:40.200]  Tuned to 17
[2016-11-15 07:31:40.300]  Tuned to 18
[2016-11-15 07:31:40.402]  Tuned to 19
[2016-11-15 07:31:40.503]  Tuned to 20
[2016-11-15 07:31:40.604]  Tuned to 21
[2016-11-15 07:31:40.705]  Tuned to 22
[2016-11-15 07:31:40.805]  Tuned to 23
[2016-11-15 07:31:40.906]  Tuned to 24
[2016-11-15 07:31:41.007]  Tuned to 25
[2016-11-15 07:31:41.107]  Tuned to 26
[2016-11-15 07:31:41.208]  Tuned to 27
[2016-11-15 07:31:41.309]  Tuned to 28
[2016-11-15 07:31:41.409]  Tuned to 29
[2016-11-15 07:31:41.510]  Tuned to 30
[2016-11-15 07:31:41.611]  Tuned to 31
[2016-11-15 07:31:41.711]  Tuned to 32
[2016-11-15 07:31:41.812]  Tuned to 33
[2016-11-15 07:31:41.913]  Tuned to 34
[2016-11-15 07:31:42.013]  Tuned to 35
[2016-11-15 07:31:42.114]  Tuned to 36
[2016-11-15 07:31:42.215]  Tuned to 37
[2016-11-15 07:31:42.315]  Tuned to 38
[2016-11-15 07:31:42.416]  Tuned to 39
[2016-11-15 07:31:42.517]  Tuned to 40
[2016-11-15 07:31:42.617]  Tuned to 41
[2016-11-15 07:31:42.718]  Tuned to 42
[2016-11-15 07:31:42.819]  Tuned to 43
[2016-11-15 07:31:42.919]  Tuned to 44
[2016-11-15 07:31:43.020]  Tuned to 45
[2016-11-15 07:31:43.121]  Tuned to 46
[2016-11-15 07:31:43.222]  Tuned to 47
[2016-11-15 07:31:43.322]  Tuned to 48
[2016-11-15 07:31:43.423]  Tuned to 49
[2016-11-15 07:31:43.524]  Tuned to 50
[2016-11-15 07:31:43.625]  Tuned to 51
[2016-11-15 07:31:43.726]  Tuned to 52
[2016-11-15 07:31:43.826]  Tuned to 53
[2016-11-15 07:31:43.927]  Tuned to 54
[2016-11-15 07:31:44.028]  Tuned to 55
[2016-11-15 07:31:44.128]  Tuned to 56
[2016-11-15 07:31:44.229]  Tuned to 57
[2016-11-15 07:31:44.330]  Tuned to 58
[2016-11-15 07:31:44.430]  Tuned to 59
[2016-11-15 07:31:44.531]  Tuned to 60
[2016-11-15 07:31:44.632]  Tuned to 61
[2016-11-15 07:31:44.732]  Tuned to 62
[2016-11-15 07:31:44.833]  Tuned to 63
[2016-11-15 07:31:44.934]  Tuned to 64
[2016-11-15 07:31:45.034]  Tuned to 65
[2016-11-15 07:31:45.135]  Tuned to 66
[2016-11-15 07:31:45.235]  Tuned to 67
[2016-11-15 07:31:45.336]  Tuned to 68
[2016-11-15 07:31:45.438]  Tuned to 69
[2016-11-15 07:31:45.539]  Tuned to 70
[2016-11-15 07:31:45.639]  Tuned to 71
[2016-11-15 07:31:45.740]  Tuned to 72
[2016-11-15 07:31:45.840]  Tuned to 73
[2016-11-15 07:31:45.941]  Tuned to 74
[2016-11-15 07:31:46.042]  Tuned to 75
[2016-11-15 07:31:46.143]  Tuned to 76
[2016-11-15 07:31:46.243]  Tuned to 77
[2016-11-15 07:31:46.344]  Tuned to 78
[2016-11-15 07:31:46.444]  Tuned to 79
[2016-11-15 07:31:46.545]  Tuned to 80
[2016-11-15 07:31:46.646]  Tuned to 81
[2016-11-15 07:31:46.746]  Tuned to 82
[2016-11-15 07:31:46.847]  Tuned to 83
[2016-11-15 07:31:46.948]  Tuned to 2
[2016-11-15 07:31:47.048]  Tuned to 3
[2016-11-15 07:31:47.151]  Tuned to 4
[2016-11-15 07:31:47.252]  Tuned to 5
[2016-11-15 07:31:47.353]  Tuned to 6
[2016-11-15 07:31:47.453]  Tuned to 7
[2016-11-15 07:31:47.554]  Tuned to 8
[2016-11-15 07:31:47.655]  Tuned to 9
[2016-11-15 07:31:47.755]  Tuned to 10
[2016-11-15 07:31:47.856]  Tuned to 11
[2016-11-15 07:31:47.957]  Tuned to 12
[2016-11-15 07:31:48.058]  Tuned to 13
[2016-11-15 07:31:48.159]  Tuned to 14
[2016-11-15 07:31:48.259]  Tuned to 15
[2016-11-15 07:31:48.360]  Tuned to 16
[2016-11-15 07:31:48.461]  Tuned to 17
[2016-11-15 07:31:48.561]  Tuned to 18
[2016-11-15 07:31:48.663]  Tuned to 19
[2016-11-15 07:31:48.763]  Tuned to 20
[2016-11-15 07:31:48.864]  Tuned to 21
[2016-11-15 07:31:48.964]  Tuned to 22
[2016-11-15 07:31:49.065]  Tuned to 23
[2016-11-15 07:31:49.165]  Tuned to 24
[2016-11-15 07:31:49.266]  Tuned to 25
[2016-11-15 07:31:49.367]  Tuned to 26
[2016-11-15 07:31:49.467]  Tuned to 27
[2016-11-15 07:31:49.568]  Tuned to 28
[2016-11-15 07:31:49.669]  Tuned to 29
[2016-11-15 07:31:49.769]  Tuned to 30
[2016-11-15 07:31:49.870]  Tuned to 31
[2016-11-15 07:31:49.971]  Tuned to 32
[2016-11-15 07:31:50.072]  Tuned to 33
[2016-11-15 07:31:50.173]  Tuned to 34
[2016-11-15 07:31:50.274]  Tuned to 35
[2016-11-15 07:31:50.376]  Tuned to 36
[2016-11-15 07:31:50.476]  Tuned to 37
[2016-11-15 07:31:50.577]  Tuned to 38
[2016-11-15 07:31:50.678]  Tuned to 39
[2016-11-15 07:31:50.778]  Tuned to 40
[2016-11-15 07:31:50.879]  Tuned to 41
[2016-11-15 07:31:50.979]  Tuned to 42
[2016-11-15 07:31:51.080]  Tuned to 43
[2016-11-15 07:31:51.181]  Tuned to 44
[2016-11-15 07:31:51.281]  Tuned to 45
[2016-11-15 07:31:51.384]  Tuned to 46
[2016-11-15 07:31:51.484]  Tuned to 47
[2016-11-15 07:31:51.585]  Tuned to 48
[2016-11-15 07:31:51.686]  Tuned to 49
[2016-11-15 07:31:51.786]  Tuned to 50
[2016-11-15 07:31:51.887]  Tuned to 51
[2016-11-15 07:31:51.988]  Tuned to 52
[2016-11-15 07:31:52.089]  Tuned to 53
[2016-11-15 07:31:52.190]  Tuned to 54
[2016-11-15 07:31:52.290]  Tuned to 55
[2016-11-15 07:31:52.391]  Tuned to 56
[2016-11-15 07:31:52.492]  Tuned to 57
[2016-11-15 07:31:52.592]  Tuned to 58
[2016-11-15 07:31:52.693]  Tuned to 59
[2016-11-15 07:31:52.794]  Tuned to 60
[2016-11-15 07:31:52.895]  Tuned to 61
[2016-11-15 07:31:52.995]  Tuned to 62
[2016-11-15 07:31:53.096]  Tuned to 63
[2016-11-15 07:31:53.197]  Tuned to 64
[2016-11-15 07:31:53.297]  Tuned to 65
[2016-11-15 07:31:53.398]  Tuned to 66
[2016-11-15 07:31:53.499]  Tuned to 67
[2016-11-15 07:31:53.601]  Tuned to 68
[2016-11-15 07:31:53.702]  Tuned to 69
[2016-11-15 07:31:53.802]  Tuned to 70
[2016-11-15 07:31:53.903]  Tuned to 71
[2016-11-15 07:31:54.003]  Tuned to 72
[2016-11-15 07:31:54.104]  Tuned to 73
[2016-11-15 07:31:54.206]  Tuned to 74
[2016-11-15 07:31:54.307]  Tuned to 75
[2016-11-15 07:31:54.407]  Tuned to 76
[2016-11-15 07:31:54.508]  Tuned to 77
[2016-11-15 07:31:54.609]  Tuned to 78
[2016-11-15 07:31:54.709]  Tuned to 79
[2016-11-15 07:31:54.810]  Tuned to 80
[2016-11-15 07:31:54.911]  Tuned to 81
[2016-11-15 07:31:55.011]  Tuned to 82
[2016-11-15 07:31:55.112]  Tuned to 83
[2016-11-15 07:31:55.212]  Tuned to 2
[2016-11-15 07:31:55.313]  Tuned to 3
[2016-11-15 07:31:55.414]  Tuned to 4
[2016-11-15 07:31:55.514]  Tuned to 5
[2016-11-15 07:31:55.615]  Tuned to 6
[2016-11-15 07:31:55.715]  Tuned to 7
[2016-11-15 07:31:55.816]  Tuned to 8
[2016-11-15 07:31:55.917]  Tuned to 9
[2016-11-15 07:31:56.017]  Tuned to 10
[2016-11-15 07:31:56.118]  Tuned to 11
[2016-11-15 07:31:56.218]  Tuned to 12
[2016-11-15 07:31:56.319]  Tuned to 13
[2016-11-15 07:31:56.420]  Tuned to 14
[2016-11-15 07:31:56.521]  Tuned to 15
[2016-11-15 07:31:56.621]  Tuned to 16
[2016-11-15 07:31:56.722]  Tuned to 17
[2016-11-15 07:31:56.822]  Tuned to 18
[2016-11-15 07:31:56.923]  Tuned to 19
[2016-11-15 07:31:57.025]  Tuned to 20
[2016-11-15 07:31:57.125]  Tuned to 21
[2016-11-15 07:31:57.226]  Tuned to 22
[2016-11-15 07:31:57.326]  Tuned to 23
[2016-11-15 07:31:57.427]  Tuned to 24
[2016-11-15 07:31:57.528]  Tuned to 25
[2016-11-15 07:31:57.629]  Tuned to 26
[2016-11-15 07:31:57.733]  Tuned to 27
[2016-11-15 07:31:57.834]  Tuned to 28
[2016-11-15 07:31:57.934]  Tuned to 29
[2016-11-15 07:31:58.036]  Tuned to 30
[2016-11-15 07:31:58.138]  Tuned to 31
[2016-11-15 07:31:58.238]  Tuned to 32
[2016-11-15 07:31:58.339]  Tuned to 33
[2016-11-15 07:31:58.440]  Tuned to 34
[2016-11-15 07:31:58.540]  Tuned to 35
[2016-11-15 07:31:58.641]  Tuned to 36
[2016-11-15 07:31:58.742]  Tuned to 37
[2016-11-15 07:31:58.843]  Tuned to 38
[2016-11-15 07:31:58.943]  Tuned to 39
[2016-11-15 07:31:59.044]  Tuned to 40
[2016-11-15 07:31:59.145]  Tuned to 41
[2016-11-15 07:31:59.245]  Tuned to 42
[2016-11-15 07:31:59.346]  Tuned to 43
[2016-11-15 07:31:59.446]  Tuned to 44
[2016-11-15 07:31:59.547]  Tuned to 45
[2016-11-15 07:31:59.648]  Tuned to 46
[2016-11-15 07:31:59.748]  Tuned to 47
[2016-11-15 07:31:59.849]  Tuned to 48
[2016-11-15 07:31:59.949]  Tuned to 49
[2016-11-15 07:32:00.050]  Tuned to 50
[2016-11-15 07:32:00.151]  Tuned to 51
[2016-11-15 07:32:00.251]  Tuned to 52
[2016-11-15 07:32:00.352]  Tuned to 53
[2016-11-15 07:32:00.453]  Tuned to 54
[2016-11-15 07:32:00.553]  Tuned to 55
[2016-11-15 07:32:00.654]  Tuned to 56
[2016-11-15 07:32:00.755]  Tuned to 57
[2016-11-15 07:32:00.855]  Tuned to 58
[2016-11-15 07:32:00.956]  Tuned to 59
[2016-11-15 07:32:01.056]  Tuned to 60
[2016-11-15 07:32:01.157]  Tuned to 61
[2016-11-15 07:32:01.258]  Tuned to 62
[2016-11-15 07:32:01.358]  Tuned to 63
[2016-11-15 07:32:01.459]  Tuned to 64
[2016-11-15 07:32:01.559]  Tuned to 65
[2016-11-15 07:32:01.660]  Tuned to 66
[2016-11-15 07:32:01.761]  Tuned to 67
[2016-11-15 07:32:01.862]  Tuned to 68
[2016-11-15 07:32:01.962]  Tuned to 69
[2016-11-15 07:32:02.063]  Tuned to 70
[2016-11-15 07:32:02.163]  Tuned to 71
[2016-11-15 07:32:02.265]  Tuned to 72
[2016-11-15 07:32:02.366]  Tuned to 73
[2016-11-15 07:32:02.467]  Tuned to 74
[2016-11-15 07:32:02.567]  Tuned to 75
[2016-11-15 07:32:02.668]  Tuned to 76
[2016-11-15 07:32:02.769]  Tuned to 77
[2016-11-15 07:32:02.869]  Tuned to 78
[2016-11-15 07:32:02.970]  Tuned to 79
[2016-11-15 07:32:03.070]  Tuned to 80
[2016-11-15 07:32:03.171]  Tuned to 81
[2016-11-15 07:32:03.272]  Tuned to 82
[2016-11-15 07:32:03.372]  Tuned to 83
[2016-11-15 07:32:03.473]  Tuned to 2
[2016-11-15 07:32:03.573]  Tuned to 3
[2016-11-15 07:32:03.674]  Tuned to 4
[2016-11-15 07:32:03.775]  Tuned to 5
[2016-11-15 07:32:03.875]  Tuned to 6
[2016-11-15 07:32:03.976]  Tuned to 7
[2016-11-15 07:32:04.077]  Tuned to 8
[2016-11-15 07:32:04.177]  Tuned to 9
[2016-11-15 07:32:04.278]  Tuned to 10
[2016-11-15 07:32:04.379]  Tuned to 11
[2016-11-15 07:32:04.479]  Tuned to 12
[2016-11-15 07:32:04.581]  Tuned to 13
[2016-11-15 07:32:04.681]  Tuned to 14
[2016-11-15 07:32:04.782]  Tuned to 15
[2016-11-15 07:32:04.883]  Tuned to 16
[2016-11-15 07:32:04.983]  Tuned to 17
[2016-11-15 07:32:05.084]  Tuned to 18
[2016-11-15 07:32:05.185]  Tuned to 19
[2016-11-15 07:32:05.285]  Tuned to 20
[2016-11-15 07:32:05.386]  Tuned to 21
[2016-11-15 07:32:05.487]  Tuned to 22
[2016-11-15 07:32:05.587]  Tuned to 23
[2016-11-15 07:32:05.688]  Tuned to 24
[2016-11-15 07:32:05.788]  Tuned to 25
[2016-11-15 07:32:05.889]  Tuned to 26
[2016-11-15 07:32:05.989]  Tuned to 27
[2016-11-15 07:32:06.090]  Tuned to 28
[2016-11-15 07:32:06.192]  Tuned to 29
[2016-11-15 07:32:06.292]  Tuned to 30
[2016-11-15 07:32:06.394]  Tuned to 31
[2016-11-15 07:32:06.494]  Tuned to 32
[2016-11-15 07:32:06.595]  Tuned to 33
[2016-11-15 07:32:06.697]  Tuned to 34
[2016-11-15 07:32:06.797]  Tuned to 35
[2016-11-15 07:32:06.898]  Tuned to 36
[2016-11-15 07:32:06.999]  Tuned to 37
[2016-11-15 07:32:07.099]  Tuned to 38
[2016-11-15 07:32:07.200]  Tuned to 39
[2016-11-15 07:32:07.300]  Tuned to 40
[2016-11-15 07:32:07.401]  Tuned to 41
[2016-11-15 07:32:07.502]  Tuned to 42
[2016-11-15 07:32:07.602]  Tuned to 43
[2016-11-15 07:32:07.703]  Tuned to 44
[2016-11-15 07:32:07.804]  Tuned to 45
[2016-11-15 07:32:07.905]  Tuned to 46
[2016-11-15 07:32:08.005]  Tuned to 47
[2016-11-15 07:32:08.106]  Tuned to 48
[2016-11-15 07:32:08.206]  Tuned to 49
[2016-11-15 07:32:08.307]  Tuned to 50
[2016-11-15 07:32:08.409]  Tuned to 51
[2016-11-15 07:32:08.509]  Tuned to 52
[2016-11-15 07:32:08.610]  Tuned to 53
[2016-11-15 07:32:08.712]  Tuned to 54
[2016-11-15 07:32:08.812]  Tuned to 55
[2016-11-15 07:32:08.913]  Tuned to 56
[2016-11-15 07:32:09.014]  Tuned to 57
[2016-11-15 07:32:09.114]  Tuned to 58
[2016-11-15 07:32:09.216]  Tuned to 59
[2016-11-15 07:32:09.316]  Tuned to 60
[2016-11-15 07:32:09.417]  Tuned to 61
[2016-11-15 07:32:09.518]  Tuned to 62
[2016-11-15 07:32:09.618]  Tuned to 63
[2016-11-15 07:32:09.719]  Tuned to 64
[2016-11-15 07:32:09.819]  Tuned to 65
[2016-11-15 07:32:09.920]  Tuned to 66
[2016-11-15 07:32:10.021]  Tuned to 67
[2016-11-15 07:32:10.122]  Tuned to 68
[2016-11-15 07:32:10.222]  Tuned to 69
[2016-11-15 07:32:10.323]  Tuned to 70
[2016-11-15 07:32:10.423]  Tuned to 71
[2016-11-15 07:32:10.524]  Tuned to 72
[2016-11-15 07:32:10.625]  Tuned to 73
[2016-11-15 07:32:10.725]  Tuned to 74
[2016-11-15 07:32:10.826]  Tuned to 75
[2016-11-15 07:32:10.928]  Tuned to 76
[2016-11-15 07:32:11.028]  Tuned to 77
[2016-11-15 07:32:11.129]  Tuned to 78
[2016-11-15 07:32:11.230]  Tuned to 79
[2016-11-15 07:32:11.331]  Tuned to 80
[2016-11-15 07:32:11.431]  Tuned to 81
[2016-11-15 07:32:11.532]  Tuned to 82
[2016-11-15 07:32:11.633]  Tuned to 83
[2016-11-15 07:32:11.733]  Tuned to 2
[2016-11-15 07:32:11.834]  Tuned to 3
[2016-11-15 07:32:11.935]  Tuned to 4
[2016-11-15 07:32:12.035]  Tuned to 5
[2016-11-15 07:32:12.136]  Tuned to 6
[2016-11-15 07:32:12.237]  Tuned to 7
[2016-11-15 07:32:12.337]  Tuned to 8
[2016-11-15 07:32:12.438]  Tuned to 9
[2016-11-15 07:32:12.538]  Tuned to 10
[2016-11-15 07:32:12.639]  Tuned to 11
[2016-11-15 07:32:12.739]  Tuned to 12
[2016-11-15 07:32:12.842]  Tuned to 13
[2016-11-15 07:32:12.943]  Tuned to 14
[2016-11-15 07:32:13.043]  Tuned to 15
[2016-11-15 07:32:13.144]  Tuned to 16
[2016-11-15 07:32:13.244]  Tuned to 17
[2016-11-15 07:32:13.345]  Tuned to 18
[2016-11-15 07:32:13.446]  Tuned to 19
[2016-11-15 07:32:13.546]  Tuned to 20
[2016-11-15 07:32:13.647]  Tuned to 21
[2016-11-15 07:32:13.747]  Tuned to 22
[2016-11-15 07:32:13.848]  Tuned to 23
[2016-11-15 07:32:13.949]  Tuned to 24
[2016-11-15 07:32:14.051]  Tuned to 25
[2016-11-15 07:32:14.152]  Tuned to 26
[2016-11-15 07:32:14.253]  Tuned to 27
[2016-11-15 07:32:14.353]  Tuned to 28
[2016-11-15 07:32:14.454]  Tuned to 29
[2016-11-15 07:32:14.554]  Tuned to 30
[2016-11-15 07:32:14.655]  Tuned to 31
[2016-11-15 07:32:14.756]  Tuned to 32
[2016-11-15 07:32:14.856]  Tuned to 33
[2016-11-15 07:32:14.957]  Tuned to 34
[2016-11-15 07:32:15.057]  Tuned to 35
[2016-11-15 07:32:15.158]  Tuned to 36
[2016-11-15 07:32:15.259]  Tuned to 37
[2016-11-15 07:32:15.359]  Tuned to 38
[2016-11-15 07:32:15.460]  Tuned to 39
[2016-11-15 07:32:15.564]  Tuned to 40
[2016-11-15 07:32:15.665]  Tuned to 41
[2016-11-15 07:32:15.765]  Tuned to 42
[2016-11-15 07:32:15.866]  Tuned to 43
[2016-11-15 07:32:15.966]  Tuned to 44
[2016-11-15 07:32:16.067]  Tuned to 45
[2016-11-15 07:32:16.168]  Tuned to 46
[2016-11-15 07:32:16.268]  Tuned to 47
[2016-11-15 07:32:16.369]  Tuned to 48
[2016-11-15 07:32:16.470]  Tuned to 49
[2016-11-15 07:32:16.570]  Tuned to 50
[2016-11-15 07:32:16.671]  Tuned to 51
[2016-11-15 07:32:16.771]  Tuned to 52
[2016-11-15 07:32:16.872]  Tuned to 53
[2016-11-15 07:32:16.972]  Tuned to 54
[2016-11-15 07:32:17.076]  Tuned to 55
[2016-11-15 07:32:17.176]  Tuned to 56
[2016-11-15 07:32:17.277]  Tuned to 57
[2016-11-15 07:32:17.377]  Tuned to 58
[2016-11-15 07:32:17.479]  Tuned to 59
[2016-11-15 07:32:17.580]  Tuned to 60
[2016-11-15 07:32:17.682]  Tuned to 61
[2016-11-15 07:32:17.783]  Tuned to 62
[2016-11-15 07:32:17.883]  Tuned to 63
[2016-11-15 07:32:17.984]  Tuned to 64
[2016-11-15 07:32:18.085]  Tuned to 65
[2016-11-15 07:32:18.185]  Tuned to 66
[2016-11-15 07:32:18.286]  Tuned to 67
[2016-11-15 07:32:18.386]  Tuned to 68
[2016-11-15 07:32:18.487]  Tuned to 69
[2016-11-15 07:32:18.587]  Tuned to 70
[2016-11-15 07:32:18.688]  Tuned to 71
[2016-11-15 07:32:18.790]  Tuned to 72
[2016-11-15 07:32:18.891]  Tuned to 73
[2016-11-15 07:32:18.991]  Tuned to 74
[2016-11-15 07:32:19.092]  Tuned to 75
[2016-11-15 07:32:19.193]  Tuned to 76
[2016-11-15 07:32:19.294]  Tuned to 77
[2016-11-15 07:32:19.394]  Tuned to 78
[2016-11-15 07:32:19.495]  Tuned to 79
[2016-11-15 07:32:19.595]  Tuned to 80
[2016-11-15 07:32:19.696]  Tuned to 81
[2016-11-15 07:32:19.797]  Tuned to 82
[2016-11-15 07:32:19.897]  Tuned to 83
[2016-11-15 07:32:19.998]  Tuned to 2
[2016-11-15 07:32:20.098]  Tuned to 3
[2016-11-15 07:32:20.199]  Tuned to 4
[2016-11-15 07:32:20.300]  Tuned to 5
[2016-11-15 07:32:20.401]  Tuned to 6
[2016-11-15 07:32:20.501]  Tuned to 7
[2016-11-15 07:32:20.602]  Tuned to 8
[2016-11-15 07:32:20.703]  Tuned to 9
[2016-11-15 07:32:20.803]  Tuned to 10
[2016-11-15 07:32:20.904]  Tuned to 11
[2016-11-15 07:32:21.005]  Tuned to 12
[2016-11-15 07:32:21.105]  Tuned to 13
[2016-11-15 07:32:21.206]  Tuned to 14
[2016-11-15 07:32:21.307]  Tuned to 15
[2016-11-15 07:32:21.408]  Tuned to 16
[2016-11-15 07:32:21.508]  Tuned to 17
[2016-11-15 07:32:21.609]  Tuned to 18
[2016-11-15 07:32:21.709]  Tuned to 19
[2016-11-15 07:32:21.810]  Tuned to 20
[2016-11-15 07:32:21.912]  Tuned to 21
[2016-11-15 07:32:22.012]  Tuned to 22
[2016-11-15 07:32:22.113]  Tuned to 23
[2016-11-15 07:32:22.214]  Tuned to 24
[2016-11-15 07:32:22.314]  Tuned to 25
[2016-11-15 07:32:22.415]  Tuned to 26
[2016-11-15 07:32:22.515]  Tuned to 27
[2016-11-15 07:32:22.616]  Tuned to 28
[2016-11-15 07:32:22.717]  Tuned to 29
[2016-11-15 07:32:22.817]  Tuned to 30
[2016-11-15 07:32:22.918]  Tuned to 31
[2016-11-15 07:32:23.018]  Tuned to 32
[2016-11-15 07:32:23.119]  Tuned to 33
[2016-11-15 07:32:23.220]  Tuned to 34
[2016-11-15 07:32:23.320]  Tuned to 35
[2016-11-15 07:32:23.421]  Tuned to 36
[2016-11-15 07:32:23.522]  Tuned to 37
[2016-11-15 07:32:23.622]  Tuned to 38
[2016-11-15 07:32:23.723]  Tuned to 39
[2016-11-15 07:32:23.824]  Tuned to 40
[2016-11-15 07:32:23.924]  Tuned to 41
[2016-11-15 07:32:24.025]  Tuned to 42
[2016-11-15 07:32:24.126]  Tuned to 43
[2016-11-15 07:32:24.227]  Tuned to 44
[2016-11-15 07:32:24.328]  Tuned to 45
[2016-11-15 07:32:24.429]  Tuned to 46
[2016-11-15 07:32:24.530]  Tuned to 47
[2016-11-15 07:32:24.631]  Tuned to 48
[2016-11-15 07:32:24.731]  Tuned to 49
[2016-11-15 07:32:24.832]  Tuned to 50
[2016-11-15 07:32:24.932]  Tuned to 51
[2016-11-15 07:32:25.033]  Tuned to 52
[2016-11-15 07:32:25.135]  Tuned to 53
[2016-11-15 07:32:25.236]  Tuned to 54
[2016-11-15 07:32:25.337]  Tuned to 55
[2016-11-15 07:32:25.437]  Tuned to 56
[2016-11-15 07:32:25.538]  Tuned to 57
[2016-11-15 07:32:25.639]  Tuned to 58
[2016-11-15 07:32:25.739]  Tuned to 59
[2016-11-15 07:32:25.840]  Tuned to 60
[2016-11-15 07:32:25.941]  Tuned to 61
[2016-11-15 07:32:26.041]  Tuned to 62
[2016-11-15 07:32:26.142]  Tuned to 63
[2016-11-15 07:32:26.243]  Tuned to 64
[2016-11-15 07:32:26.343]  Tuned to 65
[2016-11-15 07:32:26.444]  Tuned to 66
[2016-11-15 07:32:26.545]  Tuned to 67
[2016-11-15 07:32:26.645]  Tuned to 68
[2016-11-15 07:32:26.749]  Tuned to 69
[2016-11-15 07:32:26.849]  Tuned to 70
[2016-11-15 07:32:26.950]  Tuned to 71
[2016-11-15 07:32:27.050]  Tuned to 72
[2016-11-15 07:32:27.151]  Tuned to 73
[2016-11-15 07:32:27.252]  Tuned to 74
[2016-11-15 07:32:27.352]  Tuned to 75
[2016-11-15 07:32:27.453]  Tuned to 76
[2016-11-15 07:32:27.555]  Tuned to 77
[2016-11-15 07:32:27.655]  Tuned to 78
[2016-11-15 07:32:27.756]  Tuned to 79
[2016-11-15 07:32:27.856]  Tuned to 80
[2016-11-15 07:32:27.957]  Tuned to 81
[2016-11-15 07:32:28.057]  Tuned to 82
[2016-11-15 07:32:28.158]  Tuned to 83
[2016-11-15 07:32:28.258]  Tuned to 2
[2016-11-15 07:32:28.359]  Tuned to 3
[2016-11-15 07:32:28.459]  Tuned to 4
[2016-11-15 07:32:28.560]  Tuned to 5
[2016-11-15 07:32:28.662]  Tuned to 6
[2016-11-15 07:32:28.762]  Tuned to 7
[2016-11-15 07:32:28.863]  Tuned to 8
[2016-11-15 07:32:28.964]  Tuned to 9
[2016-11-15 07:32:29.064]  Tuned to 10
[2016-11-15 07:32:29.165]  Tuned to 11
[2016-11-15 07:32:29.266]  Tuned to 12
[2016-11-15 07:32:29.368]  Tuned to 13
[2016-11-15 07:32:29.469]  Tuned to 14
[2016-11-15 07:32:29.570]  Tuned to 15
[2016-11-15 07:32:29.670]  Tuned to 16
[2016-11-15 07:32:29.771]  Tuned to 17
[2016-11-15 07:32:29.871]  Tuned to 18
[2016-11-15 07:32:29.972]  Tuned to 19
[2016-11-15 07:32:30.073]  Tuned to 20
[2016-11-15 07:32:30.173]  Tuned to 21
[2016-11-15 07:32:30.274]  Tuned to 22
[2016-11-15 07:32:30.375]  Tuned to 23
[2016-11-15 07:32:30.475]  Tuned to 24
[2016-11-15 07:32:30.576]  Tuned to 25
[2016-11-15 07:32:30.676]  Tuned to 26
[2016-11-15 07:32:30.777]  Tuned to 27
[2016-11-15 07:32:30.877]  Tuned to 28
[2016-11-15 07:32:30.978]  Tuned to 29
[2016-11-15 07:32:31.079]  Tuned to 30
[2016-11-15 07:32:31.180]  Tuned to 31
[2016-11-15 07:32:31.280]  Tuned to 32
[2016-11-15 07:32:31.381]  Tuned to 33
[2016-11-15 07:32:31.481]  Tuned to 34
[2016-11-15 07:32:31.582]  Tuned to 35
[2016-11-15 07:32:31.683]  Tuned to 36
[2016-11-15 07:32:31.783]  Tuned to 37
[2016-11-15 07:32:31.884]  Tuned to 38
[2016-11-15 07:32:31.985]  Tuned to 39
[2016-11-15 07:32:32.085]  Tuned to 40
[2016-11-15 07:32:32.186]  Tuned to 41
[2016-11-15 07:32:32.287]  Tuned to 42
[2016-11-15 07:32:32.387]  Tuned to 43
[2016-11-15 07:32:32.490]  Tuned to 44
[2016-11-15 07:32:32.590]  Tuned to 45
[2016-11-15 07:32:32.691]  Tuned to 46
[2016-11-15 07:32:32.792]  Tuned to 47
[2016-11-15 07:32:32.892]  Tuned to 48
[2016-11-15 07:32:32.993]  Tuned to 49
[2016-11-15 07:32:33.094]  Tuned to 50
[2016-11-15 07:32:33.195]  Tuned to 51
[2016-11-15 07:32:33.295]  Tuned to 52
[2016-11-15 07:32:33.396]  Tuned to 53
[2016-11-15 07:32:33.496]  Tuned to 54
[2016-11-15 07:32:33.597]  Tuned to 55
[2016-11-15 07:32:33.698]  Tuned to 56
[2016-11-15 07:32:33.798]  Tuned to 57
[2016-11-15 07:32:33.899]  Tuned to 58
[2016-11-15 07:32:33.999]  Tuned to 59
[2016-11-15 07:32:34.100]  Tuned to 60
[2016-11-15 07:32:34.201]  Tuned to 61
[2016-11-15 07:32:34.302]  Tuned to 62
[2016-11-15 07:32:34.403]  Tuned to 63
[2016-11-15 07:32:34.504]  Tuned to 64
[2016-11-15 07:32:34.605]  Tuned to 65
[2016-11-15 07:32:34.706]  Tuned to 66
[2016-11-15 07:32:34.806]  Tuned to 67
[2016-11-15 07:32:34.907]  Tuned to 68
[2016-11-15 07:32:35.008]  Tuned to 69
[2016-11-15 07:32:35.108]  Tuned to 70
[2016-11-15 07:32:35.209]  Tuned to 71
[2016-11-15 07:32:35.310]  Tuned to 72
[2016-11-15 07:32:35.410]  Tuned to 73
[2016-11-15 07:32:35.511]  Tuned to 74
[2016-11-15 07:32:35.612]  Tuned to 75
[2016-11-15 07:32:35.712]  Tuned to 76
[2016-11-15 07:32:35.813]  Tuned to 77
[2016-11-15 07:32:35.914]  Tuned to 78
[2016-11-15 07:32:36.014]  Tuned to 79
[2016-11-15 07:32:36.115]  Tuned to 80
[2016-11-15 07:32:36.216]  Tuned to 81
[2016-11-15 07:32:36.317]  Tuned to 82
[2016-11-15 07:32:36.418]  Tuned to 83
[2016-11-15 07:32:36.518]  Tuned to 2
[2016-11-15 07:32:36.619]  Tuned to 3
[2016-11-15 07:32:36.721]  Tuned to 4
[2016-11-15 07:32:36.821]  Tuned to 5
[2016-11-15 07:32:36.922]  Tuned to 6
[2016-11-15 07:32:37.023]  Tuned to 7
[2016-11-15 07:32:37.123]  Tuned to 8
[2016-11-15 07:32:37.224]  Tuned to 9
[2016-11-15 07:32:37.325]  Tuned to 10
[2016-11-15 07:32:37.425]  Tuned to 11
[2016-11-15 07:32:37.526]  Tuned to 12
[2016-11-15 07:32:37.626]  Tuned to 13
[2016-11-15 07:32:37.727]  Tuned to 14
[2016-11-15 07:32:37.828]  Tuned to 15
[2016-11-15 07:32:37.928]  Tuned to 16
[2016-11-15 07:32:38.029]  Tuned to 17
[2016-11-15 07:32:38.130]  Tuned to 18
[2016-11-15 07:32:38.230]  Tuned to 19
[2016-11-15 07:32:38.331]  Tuned to 20
[2016-11-15 07:32:38.432]  Tuned to 21
[2016-11-15 07:32:38.532]  Tuned to 22
[2016-11-15 07:32:38.633]  Tuned to 23
[2016-11-15 07:32:38.733]  Tuned to 24
[2016-11-15 07:32:38.834]  Tuned to 25
[2016-11-15 07:32:38.934]  Tuned to 26
[2016-11-15 07:32:39.035]  Tuned to 27
[2016-11-15 07:32:39.136]  Tuned to 28
[2016-11-15 07:32:39.236]  Tuned to 29
[2016-11-15 07:32:39.337]  Tuned to 30
[2016-11-15 07:32:39.437]  Tuned to 31
[2016-11-15 07:32:39.538]  Tuned to 32
[2016-11-15 07:32:39.639]  Tuned to 33
[2016-11-15 07:32:39.740]  Tuned to 34
[2016-11-15 07:32:39.841]  Tuned to 35
[2016-11-15 07:32:39.941]  Tuned to 36
[2016-11-15 07:32:40.042]  Tuned to 37
[2016-11-15 07:32:40.142]  Tuned to 38
[2016-11-15 07:32:40.243]  Tuned to 39
[2016-11-15 07:32:40.343]  Tuned to 40
[2016-11-15 07:32:40.444]  Tuned to 41
[2016-11-15 07:32:40.545]  Tuned to 42
[2016-11-15 07:32:40.646]  Tuned to 43
[2016-11-15 07:32:40.746]  Tuned to 44
[2016-11-15 07:32:40.848]  Tuned to 45
[2016-11-15 07:32:40.949]  Tuned to 46
[2016-11-15 07:32:41.049]  Tuned to 47
[2016-11-15 07:32:41.150]  Tuned to 48
[2016-11-15 07:32:41.251]  Tuned to 49
[2016-11-15 07:32:41.351]  Tuned to 50
[2016-11-15 07:32:41.452]  Tuned to 51
[2016-11-15 07:32:41.553]  Tuned to 52
[2016-11-15 07:32:41.654]  Tuned to 53
[2016-11-15 07:32:41.754]  Tuned to 54
[2016-11-15 07:32:41.855]  Tuned to 55
[2016-11-15 07:32:41.956]  Tuned to 56
[2016-11-15 07:32:42.056]  Tuned to 57
[2016-11-15 07:32:42.157]  Tuned to 58
[2016-11-15 07:32:42.257]  Tuned to 59
[2016-11-15 07:32:42.358]  Tuned to 60
[2016-11-15 07:32:42.459]  Tuned to 61
[2016-11-15 07:32:42.559]  Tuned to 62
[2016-11-15 07:32:42.660]  Tuned to 63
[2016-11-15 07:32:42.761]  Tuned to 64
[2016-11-15 07:32:42.861]  Tuned to 65
[2016-11-15 07:32:42.962]  Tuned to 66
[2016-11-15 07:32:43.063]  Tuned to 67
[2016-11-15 07:32:43.163]  Tuned to 68
[2016-11-15 07:32:43.264]  Tuned to 69
[2016-11-15 07:32:43.364]  Tuned to 70
[2016-11-15 07:32:43.465]  Tuned to 71
[2016-11-15 07:32:43.566]  Tuned to 72
[2016-11-15 07:32:43.666]  Tuned to 73
[2016-11-15 07:32:43.767]  Tuned to 74
[2016-11-15 07:32:43.868]  Tuned to 75
[2016-11-15 07:32:43.968]  Tuned to 76
[2016-11-15 07:32:44.069]  Tuned to 77
[2016-11-15 07:32:44.169]  Tuned to 78
[2016-11-15 07:32:44.270]  Tuned to 79
[2016-11-15 07:32:44.371]  Tuned to 80
[2016-11-15 07:32:44.471]  Tuned to 81
[2016-11-15 07:32:44.572]  Tuned to 82
[2016-11-15 07:32:44.673]  Tuned to 83
[2016-11-15 07:32:44.773]  Tuned to 2
[2016-11-15 07:32:44.874]  Tuned to 3
[2016-11-15 07:32:44.974]  Tuned to 4
[2016-11-15 07:32:45.075]  Tuned to 5
[2016-11-15 07:32:45.176]  Tuned to 6
[2016-11-15 07:32:45.276]  Tuned to 7
[2016-11-15 07:32:45.377]  Tuned to 8
[2016-11-15 07:32:45.478]  Tuned to 9
[2016-11-15 07:32:45.579]  Tuned to 10
[2016-11-15 07:32:45.680]  Tuned to 11
[2016-11-15 07:32:45.781]  Tuned to 12
[2016-11-15 07:32:45.881]  Tuned to 13
[2016-11-15 07:32:45.982]  Tuned to 14
[2016-11-15 07:32:46.082]  Tuned to 15
[2016-11-15 07:32:46.184]  Tuned to 16
[2016-11-15 07:32:46.284]  Tuned to 17
[2016-11-15 07:32:46.385]  Tuned to 18
[2016-11-15 07:32:46.486]  Tuned to 19
[2016-11-15 07:32:46.586]  Tuned to 20
[2016-11-15 07:32:46.687]  Tuned to 21
[2016-11-15 07:32:46.789]  Tuned to 22
[2016-11-15 07:32:46.889]  Tuned to 23
[2016-11-15 07:32:46.990]  Tuned to 24
[2016-11-15 07:32:47.091]  Tuned to 25
[2016-11-15 07:32:47.191]  Tuned to 26
[2016-11-15 07:32:47.292]  Tuned to 27
[2016-11-15 07:32:47.393]  Tuned to 28
[2016-11-15 07:32:47.493]  Tuned to 29
[2016-11-15 07:32:47.594]  Tuned to 30
[2016-11-15 07:32:47.694]  Tuned to 31
[2016-11-15 07:32:47.795]  Tuned to 32
[2016-11-15 07:32:47.896]  Tuned to 33
[2016-11-15 07:32:47.997]  Tuned to 34
[2016-11-15 07:32:48.098]  Tuned to 35
[2016-11-15 07:32:48.198]  Tuned to 36
[2016-11-15 07:32:48.299]  Tuned to 37
[2016-11-15 07:32:48.400]  Tuned to 38
[2016-11-15 07:32:48.500]  Tuned to 39
[2016-11-15 07:32:48.601]  Tuned to 40
[2016-11-15 07:32:48.701]  Tuned to 41
[2016-11-15 07:32:48.802]  Tuned to 42
[2016-11-15 07:32:48.902]  Tuned to 43
[2016-11-15 07:32:49.003]  Tuned to 44
[2016-11-15 07:32:49.104]  Tuned to 45
[2016-11-15 07:32:49.204]  Tuned to 46
[2016-11-15 07:32:49.305]  Tuned to 47
[2016-11-15 07:32:49.405]  Tuned to 48
[2016-11-15 07:32:49.506]  Tuned to 49
[2016-11-15 07:32:49.609]  Tuned to 50
[2016-11-15 07:32:49.710]  Tuned to 51
[2016-11-15 07:32:49.810]  Tuned to 52
[2016-11-15 07:32:49.911]  Tuned to 53
[2016-11-15 07:32:50.012]  Tuned to 54
[2016-11-15 07:32:50.112]  Tuned to 55
[2016-11-15 07:32:50.213]  Tuned to 56
[2016-11-15 07:32:50.314]  Tuned to 57
[2016-11-15 07:32:50.414]  Tuned to 58
[2016-11-15 07:32:50.517]  Tuned to 59
[2016-11-15 07:32:50.617]  Tuned to 60
[2016-11-15 07:32:50.718]  Tuned to 61
[2016-11-15 07:32:50.819]  Tuned to 62
[2016-11-15 07:32:50.919]  Tuned to 63
[2016-11-15 07:32:51.022]  Tuned to 64
[2016-11-15 07:32:51.123]  Tuned to 65
[2016-11-15 07:32:51.223]  Tuned to 66
[2016-11-15 07:32:51.324]  Tuned to 67
[2016-11-15 07:32:51.425]  Tuned to 68
[2016-11-15 07:32:51.525]  Tuned to 69
[2016-11-15 07:32:51.626]  Tuned to 70
[2016-11-15 07:32:51.727]  Tuned to 71
[2016-11-15 07:32:51.828]  Tuned to 72
[2016-11-15 07:32:51.928]  Tuned to 73
[2016-11-15 07:32:52.029]  Tuned to 74
[2016-11-15 07:32:52.130]  Tuned to 75
[2016-11-15 07:32:52.231]  Tuned to 76
[2016-11-15 07:32:52.331]  Tuned to 77
[2016-11-15 07:32:52.432]  Tuned to 78
[2016-11-15 07:32:52.532]  Tuned to 79
[2016-11-15 07:32:52.633]  Tuned to 80
[2016-11-15 07:32:52.734]  Tuned to 81
[2016-11-15 07:32:52.834]  Tuned to 82
[2016-11-15 07:32:52.935]  Tuned to 83
[2016-11-15 07:32:53.035]  Tuned to 2
[2016-11-15 07:32:53.136]  Tuned to 3
[2016-11-15 07:32:53.236]  Tuned to 4
[2016-11-15 07:32:53.337]  Tuned to 5
[2016-11-15 07:32:53.437]  Tuned to 6
[2016-11-15 07:32:53.538]  Tuned to 7
[2016-11-15 07:32:53.639]  Tuned to 8
[2016-11-15 07:32:53.740]  Tuned to 9
[2016-11-15 07:32:53.840]  Tuned to 10
[2016-11-15 07:32:53.941]  Tuned to 11
[2016-11-15 07:32:54.042]  Tuned to 12
[2016-11-15 07:32:54.142]  Tuned to 13
[2016-11-15 07:32:54.243]  Tuned to 14
[2016-11-15 07:32:54.344]  Tuned to 15
[2016-11-15 07:32:54.445]  Tuned to 16
[2016-11-15 07:32:54.545]  Tuned to 17
[2016-11-15 07:32:54.646]  Tuned to 18
[2016-11-15 07:32:54.747]  Tuned to 19
[2016-11-15 07:32:54.847]  Tuned to 20
[2016-11-15 07:32:54.948]  Tuned to 21
[2016-11-15 07:32:55.049]  Tuned to 22
[2016-11-15 07:32:55.149]  Tuned to 23
[2016-11-15 07:32:55.250]  Tuned to 24
[2016-11-15 07:32:55.351]  Tuned to 25
[2016-11-15 07:32:55.451]  Tuned to 26
[2016-11-15 07:32:55.552]  Tuned to 27
[2016-11-15 07:32:55.653]  Tuned to 28
[2016-11-15 07:32:55.753]  Tuned to 29
[2016-11-15 07:32:55.854]  Tuned to 30
[2016-11-15 07:32:55.955]  Tuned to 31
[2016-11-15 07:32:56.055]  Tuned to 32
[2016-11-15 07:32:56.156]  Tuned to 33
[2016-11-15 07:32:56.256]  Tuned to 34
[2016-11-15 07:32:56.357]  Tuned to 35
[2016-11-15 07:32:56.457]  Tuned to 36
[2016-11-15 07:32:56.558]  Tuned to 37
[2016-11-15 07:32:56.659]  Tuned to 38
[2016-11-15 07:32:56.759]  Tuned to 39
[2016-11-15 07:32:56.860]  Tuned to 40
[2016-11-15 07:32:56.961]  Tuned to 41
[2016-11-15 07:32:57.061]  Tuned to 42
[2016-11-15 07:32:57.162]  Tuned to 43
[2016-11-15 07:32:57.262]  Tuned to 44
[2016-11-15 07:32:57.363]  Tuned to 45
[2016-11-15 07:32:57.463]  Tuned to 46
[2016-11-15 07:32:57.564]  Tuned to 47
[2016-11-15 07:32:57.665]  Tuned to 48
[2016-11-15 07:32:57.765]  Tuned to 49
[2016-11-15 07:32:57.866]  Tuned to 50
[2016-11-15 07:32:57.966]  Tuned to 51
[2016-11-15 07:32:58.067]  Tuned to 52
[2016-11-15 07:32:58.167]  Tuned to 53
[2016-11-15 07:32:58.269]  Tuned to 54
[2016-11-15 07:32:58.369]  Tuned to 55
[2016-11-15 07:32:58.470]  Tuned to 56
[2016-11-15 07:32:58.571]  Tuned to 57
[2016-11-15 07:32:58.672]  Tuned to 58
[2016-11-15 07:32:58.772]  Tuned to 59
[2016-11-15 07:32:58.873]  Tuned to 60
[2016-11-15 07:32:58.974]  Tuned to 61
[2016-11-15 07:32:59.074]  Tuned to 62
[2016-11-15 07:32:59.175]  Tuned to 63
[2016-11-15 07:32:59.275]  Tuned to 64
[2016-11-15 07:32:59.376]  Tuned to 65
[2016-11-15 07:32:59.476]  Tuned to 66
[2016-11-15 07:32:59.577]  Tuned to 67
[2016-11-15 07:32:59.677]  Tuned to 68
[2016-11-15 07:32:59.778]  Tuned to 69
[2016-11-15 07:32:59.879]  Tuned to 70
[2016-11-15 07:32:59.979]  Tuned to 71
[2016-11-15 07:33:00.080]  Tuned to 72
[2016-11-15 07:33:00.181]  Tuned to 73
[2016-11-15 07:33:00.281]  Tuned to 74
[2016-11-15 07:33:00.384]  Tuned to 75
[2016-11-15 07:33:00.485]  Tuned to 76
[2016-11-15 07:33:00.585]  Tuned to 77
[2016-11-15 07:33:00.686]  Tuned to 78
[2016-11-15 07:33:00.787]  Tuned to 79
[2016-11-15 07:33:00.887]  Tuned to 80
[2016-11-15 07:33:00.988]  Tuned to 81
[2016-11-15 07:33:01.089]  Tuned to 82
[2016-11-15 07:33:01.189]  Tuned to 83
[2016-11-15 07:33:01.290]  Tuned to 2
[2016-11-15 07:33:01.391]  Tuned to 3
[2016-11-15 07:33:01.491]  Tuned to 4
[2016-11-15 07:33:01.592]  Tuned to 5
[2016-11-15 07:33:01.693]  Tuned to 6
[2016-11-15 07:33:01.793]  Tuned to 7
[2016-11-15 07:33:01.894]  Tuned to 8
[2016-11-15 07:33:01.994]  Tuned to 9
[2016-11-15 07:33:02.095]  Tuned to 10
[2016-11-15 07:33:02.195]  Tuned to 11
[2016-11-15 07:33:02.296]  Tuned to 12
[2016-11-15 07:33:02.397]  Tuned to 13
[2016-11-15 07:33:02.497]  Tuned to 14
[2016-11-15 07:33:02.599]  Tuned to 15
[2016-11-15 07:33:02.700]  Tuned to 16
[2016-11-15 07:33:02.800]  Tuned to 17
[2016-11-15 07:33:02.901]  Tuned to 18
[2016-11-15 07:33:03.001]  Tuned to 19
[2016-11-15 07:33:03.103]  Tuned to 20
[2016-11-15 07:33:03.203]  Tuned to 21
[2016-11-15 07:33:03.304]  Tuned to 22
[2016-11-15 07:33:03.404]  Tuned to 23
[2016-11-15 07:33:03.505]  Tuned to 24
[2016-11-15 07:33:03.606]  Tuned to 25
[2016-11-15 07:33:03.706]  Tuned to 26
[2016-11-15 07:33:03.807]  Tuned to 27
[2016-11-15 07:33:03.908]  Tuned to 28
[2016-11-15 07:33:04.008]  Tuned to 29
[2016-11-15 07:33:04.109]  Tuned to 30
[2016-11-15 07:33:04.209]  Tuned to 31
[2016-11-15 07:33:04.310]  Tuned to 32
[2016-11-15 07:33:04.411]  Tuned to 33
[2016-11-15 07:33:04.511]  Tuned to 34
[2016-11-15 07:33:04.612]  Tuned to 35
[2016-11-15 07:33:04.712]  Tuned to 36
[2016-11-15 07:33:04.813]  Tuned to 37
[2016-11-15 07:33:04.914]  Tuned to 38
[2016-11-15 07:33:05.014]  Tuned to 39
[2016-11-15 07:33:05.115]  Tuned to 40
[2016-11-15 07:33:05.215]  Tuned to 41
[2016-11-15 07:33:05.316]  Tuned to 42
[2016-11-15 07:33:05.416]  Tuned to 43
[2016-11-15 07:33:05.517]  Tuned to 44
[2016-11-15 07:33:05.617]  Tuned to 45
[2016-11-15 07:33:05.718]  Tuned to 46
[2016-11-15 07:33:05.819]  Tuned to 47
[2016-11-15 07:33:05.920]  Tuned to 48
[2016-11-15 07:33:06.021]  Tuned to 49
[2016-11-15 07:33:06.121]  Tuned to 50
[2016-11-15 07:33:06.222]  Tuned to 51
[2016-11-15 07:33:06.323]  Tuned to 52
[2016-11-15 07:33:06.423]  Tuned to 53
[2016-11-15 07:33:06.524]  Tuned to 54
[2016-11-15 07:33:06.624]  Tuned to 55
[2016-11-15 07:33:06.725]  Tuned to 56
[2016-11-15 07:33:06.826]  Tuned to 57
[2016-11-15 07:33:06.927]  Tuned to 58
[2016-11-15 07:33:07.027]  Tuned to 59
[2016-11-15 07:33:07.128]  Tuned to 60
[2016-11-15 07:33:07.229]  Tuned to 61
[2016-11-15 07:33:07.329]  Tuned to 62
[2016-11-15 07:33:07.430]  Tuned to 63
[2016-11-15 07:33:07.530]  Tuned to 64
[2016-11-15 07:33:07.631]  Tuned to 65
[2016-11-15 07:33:07.732]  Tuned to 66
[2016-11-15 07:33:07.832]  Tuned to 67
[2016-11-15 07:33:07.933]  Tuned to 68
[2016-11-15 07:33:08.034]  Tuned to 69
[2016-11-15 07:33:08.134]  Tuned to 70
[2016-11-15 07:33:08.237]  Tuned to 71
[2016-11-15 07:33:08.337]  Tuned to 72
[2016-11-15 07:33:08.439]  Tuned to 73
[2016-11-15 07:33:08.540]  Tuned to 74
[2016-11-15 07:33:08.641]  Tuned to 75
[2016-11-15 07:33:08.741]  Tuned to 76
[2016-11-15 07:33:08.842]  Tuned to 77
[2016-11-15 07:33:08.944]  Tuned to 78
[2016-11-15 07:33:09.044]  Tuned to 79
[2016-11-15 07:33:09.145]  Tuned to 80
[2016-11-15 07:33:09.245]  Tuned to 81
[2016-11-15 07:33:09.346]  Tuned to 82
[2016-11-15 07:33:09.448]  Tuned to 83
[2016-11-15 07:33:09.548]  Tuned to 2
[2016-11-15 07:33:09.649]  Tuned to 3
[2016-11-15 07:33:09.749]  Tuned to 4
[2016-11-15 07:33:09.850]  Tuned to 5
[2016-11-15 07:33:09.951]  Tuned to 6
[2016-11-15 07:33:10.051]  Tuned to 7
[2016-11-15 07:33:10.152]  Tuned to 8
[2016-11-15 07:33:10.253]  Tuned to 9
[2016-11-15 07:33:10.353]  Tuned to 10
[2016-11-15 07:33:10.454]  Tuned to 11
[2016-11-15 07:33:10.555]  Tuned to 12
[2016-11-15 07:33:10.655]  Tuned to 13
[2016-11-15 07:33:10.756]  Tuned to 14
[2016-11-15 07:33:10.857]  Tuned to 15
[2016-11-15 07:33:10.960]  Tuned to 16
[2016-11-15 07:33:11.060]  Tuned to 17
[2016-11-15 07:33:11.162]  Tuned to 18
[2016-11-15 07:33:11.263]  Tuned to 19
[2016-11-15 07:33:11.363]  Tuned to 20
[2016-11-15 07:33:11.464]  Tuned to 21
[2016-11-15 07:33:11.565]  Tuned to 22
[2016-11-15 07:33:11.666]  Tuned to 23
[2016-11-15 07:33:11.766]  Tuned to 24
[2016-11-15 07:33:11.867]  Tuned to 25
[2016-11-15 07:33:11.968]  Tuned to 26
[2016-11-15 07:33:12.068]  Tuned to 27
[2016-11-15 07:33:12.169]  Tuned to 28
[2016-11-15 07:33:12.270]  Tuned to 29
[2016-11-15 07:33:12.370]  Tuned to 30
[2016-11-15 07:33:12.472]  Tuned to 31
[2016-11-15 07:33:12.572]  Tuned to 32
[2016-11-15 07:33:12.673]  Tuned to 33
[2016-11-15 07:33:12.774]  Tuned to 34
[2016-11-15 07:33:12.874]  Tuned to 35
[2016-11-15 07:33:12.975]  Tuned to 36
[2016-11-15 07:33:13.076]  Tuned to 37
[2016-11-15 07:33:13.176]  Tuned to 38
[2016-11-15 07:33:13.277]  Tuned to 39
[2016-11-15 07:33:13.377]  Tuned to 40
[2016-11-15 07:33:13.478]  Tuned to 41
[2016-11-15 07:33:13.579]  Tuned to 42
[2016-11-15 07:33:13.680]  Tuned to 43
[2016-11-15 07:33:13.780]  Tuned to 44
[2016-11-15 07:33:13.881]  Tuned to 45
[2016-11-15 07:33:13.982]  Tuned to 46
[2016-11-15 07:33:14.083]  Tuned to 47
[2016-11-15 07:33:14.183]  Tuned to 48
[2016-11-15 07:33:14.284]  Tuned to 49
[2016-11-15 07:33:14.384]  Tuned to 50
[2016-11-15 07:33:14.485]  Tuned to 51
[2016-11-15 07:33:14.586]  Tuned to 52
[2016-11-15 07:33:14.687]  Tuned to 53
[2016-11-15 07:33:14.788]  Tuned to 54
[2016-11-15 07:33:14.889]  Tuned to 55
[2016-11-15 07:33:14.989]  Tuned to 56
[2016-11-15 07:33:15.090]  Tuned to 57
[2016-11-15 07:33:15.190]  Tuned to 58
[2016-11-15 07:33:15.291]  Tuned to 59
[2016-11-15 07:33:15.392]  Tuned to 60
[2016-11-15 07:33:15.492]  Tuned to 61
[2016-11-15 07:33:15.593]  Tuned to 62
[2016-11-15 07:33:15.694]  Tuned to 63
[2016-11-15 07:33:15.795]  Tuned to 64
[2016-11-15 07:33:15.895]  Tuned to 65
[2016-11-15 07:33:15.996]  Tuned to 66
[2016-11-15 07:33:16.097]  Tuned to 67
[2016-11-15 07:33:16.197]  Tuned to 68
[2016-11-15 07:33:16.298]  Tuned to 69
[2016-11-15 07:33:16.398]  Tuned to 70
[2016-11-15 07:33:16.499]  Tuned to 71
[2016-11-15 07:33:16.600]  Tuned to 72
[2016-11-15 07:33:16.702]  Tuned to 73
[2016-11-15 07:33:16.803]  Tuned to 74
[2016-11-15 07:33:16.904]  Tuned to 75
[2016-11-15 07:33:17.004]  Tuned to 76
[2016-11-15 07:33:17.106]  Tuned to 77
[2016-11-15 07:33:17.206]  Tuned to 78
[2016-11-15 07:33:17.307]  Tuned to 79
[2016-11-15 07:33:17.408]  Tuned to 80
[2016-11-15 07:33:17.508]  Tuned to 81
[2016-11-15 07:33:17.609]  Tuned to 82
[2016-11-15 07:33:17.711]  Tuned to 83
[2016-11-15 07:33:17.812]  Tuned to 2
[2016-11-15 07:33:17.913]  Tuned to 3
[2016-11-15 07:33:18.013]  Tuned to 4
[2016-11-15 07:33:18.114]  Tuned to 5
[2016-11-15 07:33:18.215]  Tuned to 6
[2016-11-15 07:33:18.315]  Tuned to 7
[2016-11-15 07:33:18.416]  Tuned to 8
[2016-11-15 07:33:18.517]  Tuned to 9
[2016-11-15 07:33:18.617]  Tuned to 10
[2016-11-15 07:33:18.718]  Tuned to 11
[2016-11-15 07:33:18.818]  Tuned to 12
[2016-11-15 07:33:18.919]  Tuned to 13
[2016-11-15 07:33:19.019]  Tuned to 14
[2016-11-15 07:33:19.120]  Tuned to 15
[2016-11-15 07:33:19.221]  Tuned to 16
[2016-11-15 07:33:19.321]  Tuned to 17
[2016-11-15 07:33:19.422]  Tuned to 18
[2016-11-15 07:33:19.522]  Tuned to 19
[2016-11-15 07:33:19.624]  Tuned to 20
[2016-11-15 07:33:19.725]  Tuned to 21
[2016-11-15 07:33:19.825]  Tuned to 22
[2016-11-15 07:33:19.926]  Tuned to 23
[2016-11-15 07:33:20.027]  Tuned to 24
[2016-11-15 07:33:20.127]  Tuned to 25
[2016-11-15 07:33:20.228]  Tuned to 26
[2016-11-15 07:33:20.329]  Tuned to 27
[2016-11-15 07:33:20.430]  Tuned to 28
[2016-11-15 07:33:20.530]  Tuned to 29
[2016-11-15 07:33:20.631]  Tuned to 30
[2016-11-15 07:33:20.732]  Tuned to 31
[2016-11-15 07:33:20.832]  Tuned to 32
[2016-11-15 07:33:20.933]  Tuned to 33
[2016-11-15 07:33:21.034]  Tuned to 34
[2016-11-15 07:33:21.135]  Tuned to 35
[2016-11-15 07:33:21.236]  Tuned to 36
[2016-11-15 07:33:21.336]  Tuned to 37
[2016-11-15 07:33:21.437]  Tuned to 38
[2016-11-15 07:33:21.538]  Tuned to 39
[2016-11-15 07:33:21.639]  Tuned to 40
[2016-11-15 07:33:21.740]  Tuned to 41
[2016-11-15 07:33:21.840]  Tuned to 42
[2016-11-15 07:33:21.941]  Tuned to 43
[2016-11-15 07:33:22.042]  Tuned to 44
[2016-11-15 07:33:22.145]  Tuned to 45
[2016-11-15 07:33:22.245]  Tuned to 46
[2016-11-15 07:33:22.346]  Tuned to 47
[2016-11-15 07:33:22.447]  Tuned to 48
[2016-11-15 07:33:22.547]  Tuned to 49
[2016-11-15 07:33:22.648]  Tuned to 50
[2016-11-15 07:33:22.748]  Tuned to 51
[2016-11-15 07:33:22.849]  Tuned to 52
[2016-11-15 07:33:22.950]  Tuned to 53
[2016-11-15 07:33:23.050]  Tuned to 54
[2016-11-15 07:33:23.151]  Tuned to 55
[2016-11-15 07:33:23.252]  Tuned to 56
[2016-11-15 07:33:23.352]  Tuned to 57
[2016-11-15 07:33:23.453]  Tuned to 58
[2016-11-15 07:33:23.554]  Tuned to 59
[2016-11-15 07:33:23.654]  Tuned to 60
[2016-11-15 07:33:23.755]  Tuned to 61
[2016-11-15 07:33:23.855]  Tuned to 62
[2016-11-15 07:33:23.956]  Tuned to 63
[2016-11-15 07:33:24.057]  Tuned to 64
[2016-11-15 07:33:24.157]  Tuned to 65
[2016-11-15 07:33:24.258]  Tuned to 66
[2016-11-15 07:33:24.359]  Tuned to 67
[2016-11-15 07:33:24.459]  Tuned to 68
[2016-11-15 07:33:24.560]  Tuned to 69
[2016-11-15 07:33:24.661]  Tuned to 70
[2016-11-15 07:33:24.761]  Tuned to 71
[2016-11-15 07:33:24.862]  Tuned to 72
[2016-11-15 07:33:24.963]  Tuned to 73
[2016-11-15 07:33:25.063]  Tuned to 74
[2016-11-15 07:33:25.164]  Tuned to 75
[2016-11-15 07:33:25.265]  Tuned to 76
[2016-11-15 07:33:25.365]  Tuned to 77
[2016-11-15 07:33:25.467]  Tuned to 78
[2016-11-15 07:33:25.568]  Tuned to 79
[2016-11-15 07:33:25.668]  Tuned to 80
[2016-11-15 07:33:25.769]  Tuned to 81
[2016-11-15 07:33:25.870]  Tuned to 82
[2016-11-15 07:33:25.971]  Tuned to 83
[2016-11-15 07:33:26.071]  Tuned to 2
[2016-11-15 07:33:26.172]  Tuned to 3
[2016-11-15 07:33:26.272]  Tuned to 4
[2016-11-15 07:33:26.373]  Tuned to 5
[2016-11-15 07:33:26.474]  Tuned to 6
[2016-11-15 07:33:26.574]  Tuned to 7
[2016-11-15 07:33:26.675]  Tuned to 8
[2016-11-15 07:33:26.776]  Tuned to 9
[2016-11-15 07:33:26.876]  Tuned to 10
[2016-11-15 07:33:26.977]  Tuned to 11
[2016-11-15 07:33:27.078]  Tuned to 12
[2016-11-15 07:33:27.178]  Tuned to 13
[2016-11-15 07:33:27.279]  Tuned to 14
[2016-11-15 07:33:27.379]  Tuned to 15
[2016-11-15 07:33:27.480]  Tuned to 16
[2016-11-15 07:33:27.581]  Tuned to 17
[2016-11-15 07:33:27.681]  Tuned to 18
[2016-11-15 07:33:27.783]  Tuned to 19
[2016-11-15 07:33:27.884]  Tuned to 20
[2016-11-15 07:33:27.984]  Tuned to 21
[2016-11-15 07:33:28.085]  Tuned to 22
[2016-11-15 07:33:28.186]  Tuned to 23
[2016-11-15 07:33:28.286]  Tuned to 24
[2016-11-15 07:33:28.387]  Tuned to 25
[2016-11-15 07:33:28.488]  Tuned to 26
[2016-11-15 07:33:28.588]  Tuned to 27
[2016-11-15 07:33:28.690]  Tuned to 28
[2016-11-15 07:33:28.791]  Tuned to 29
[2016-11-15 07:33:28.892]  Tuned to 30
[2016-11-15 07:33:28.993]  Tuned to 31
[2016-11-15 07:33:29.094]  Tuned to 32
[2016-11-15 07:33:29.194]  Tuned to 33
[2016-11-15 07:33:29.295]  Tuned to 34
[2016-11-15 07:33:29.396]  Tuned to 35
[2016-11-15 07:33:29.497]  Tuned to 36
[2016-11-15 07:33:29.597]  Tuned to 37
[2016-11-15 07:33:29.698]  Tuned to 38
[2016-11-15 07:33:29.798]  Tuned to 39
[2016-11-15 07:33:29.899]  Tuned to 40
[2016-11-15 07:33:29.999]  Tuned to 41
[2016-11-15 07:33:30.100]  Tuned to 42
[2016-11-15 07:33:30.201]  Tuned to 43
[2016-11-15 07:33:30.301]  Tuned to 44
[2016-11-15 07:33:30.402]  Tuned to 45
[2016-11-15 07:33:30.503]  Tuned to 46
[2016-11-15 07:33:30.603]  Tuned to 47
[2016-11-15 07:33:30.704]  Tuned to 48
[2016-11-15 07:33:30.806]  Tuned to 49
[2016-11-15 07:33:30.906]  Tuned to 50
[2016-11-15 07:33:31.008]  Tuned to 51
[2016-11-15 07:33:31.109]  Tuned to 52
[2016-11-15 07:33:31.209]  Tuned to 53
[2016-11-15 07:33:31.312]  Tuned to 54
[2016-11-15 07:33:31.412]  Tuned to 55
[2016-11-15 07:33:31.513]  Tuned to 56
[2016-11-15 07:33:31.613]  Tuned to 57
[2016-11-15 07:33:31.714]  Tuned to 58
[2016-11-15 07:33:31.815]  Tuned to 59
[2016-11-15 07:33:31.915]  Tuned to 60
[2016-11-15 07:33:32.016]  Tuned to 61
[2016-11-15 07:33:32.116]  Tuned to 62
[2016-11-15 07:33:32.217]  Tuned to 63
[2016-11-15 07:33:32.318]  Tuned to 64
[2016-11-15 07:33:32.419]  Tuned to 65
[2016-11-15 07:33:32.519]  Tuned to 66
[2016-11-15 07:33:32.620]  Tuned to 67
[2016-11-15 07:33:32.721]  Tuned to 68
[2016-11-15 07:33:32.821]  Tuned to 69
[2016-11-15 07:33:32.922]  Tuned to 70
[2016-11-15 07:33:33.022]  Tuned to 71
[2016-11-15 07:33:33.123]  Tuned to 72
[2016-11-15 07:33:33.225]  Tuned to 73
[2016-11-15 07:33:33.326]  Tuned to 74
[2016-11-15 07:33:33.427]  Tuned to 75
[2016-11-15 07:33:33.528]  Tuned to 76
[2016-11-15 07:33:33.629]  Tuned to 77
[2016-11-15 07:33:33.729]  Tuned to 78
[2016-11-15 07:33:33.830]  Tuned to 79
[2016-11-15 07:33:33.931]  Tuned to 80
[2016-11-15 07:33:34.032]  Tuned to 81
[2016-11-15 07:33:34.132]  Tuned to 82
[2016-11-15 07:33:34.233]  Tuned to 83
[2016-11-15 07:33:34.334]  Tuned to 2
[2016-11-15 07:33:34.435]  Tuned to 3
[2016-11-15 07:33:34.535]  Tuned to 4
[2016-11-15 07:33:34.636]  Tuned to 5
[2016-11-15 07:33:34.736]  Tuned to 6
[2016-11-15 07:33:34.837]  Tuned to 7
[2016-11-15 07:33:34.938]  Tuned to 8
[2016-11-15 07:33:35.038]  Tuned to 9
[2016-11-15 07:33:35.139]  Tuned to 10
[2016-11-15 07:33:35.240]  Tuned to 11
[2016-11-15 07:33:35.341]  Tuned to 12
[2016-11-15 07:33:35.441]  Tuned to 13
[2016-11-15 07:33:35.542]  Tuned to 14
[2016-11-15 07:33:35.642]  Tuned to 15
[2016-11-15 07:33:35.743]  Tuned to 16
[2016-11-15 07:33:35.844]  Tuned to 17
[2016-11-15 07:33:35.945]  Tuned to 18
[2016-11-15 07:33:36.045]  Tuned to 19
[2016-11-15 07:33:36.146]  Tuned to 20
[2016-11-15 07:33:36.247]  Tuned to 21
[2016-11-15 07:33:36.348]  Tuned to 22
[2016-11-15 07:33:36.448]  Tuned to 23
[2016-11-15 07:33:36.549]  Tuned to 24
[2016-11-15 07:33:36.650]  Tuned to 25
[2016-11-15 07:33:36.750]  Tuned to 26
[2016-11-15 07:33:36.851]  Tuned to 27
[2016-11-15 07:33:36.951]  Tuned to 28
[2016-11-15 07:33:37.052]  Tuned to 29
[2016-11-15 07:33:37.153]  Tuned to 30
[2016-11-15 07:33:37.253]  Tuned to 31
[2016-11-15 07:33:37.354]  Tuned to 32
[2016-11-15 07:33:37.455]  Tuned to 33
[2016-11-15 07:33:37.556]  Tuned to 34
[2016-11-15 07:33:37.657]  Tuned to 35
[2016-11-15 07:33:37.758]  Tuned to 36
[2016-11-15 07:33:37.861]  Tuned to 37
[2016-11-15 07:33:37.961]  Tuned to 38
[2016-11-15 07:33:38.062]  Tuned to 39
[2016-11-15 07:33:38.163]  Tuned to 40
[2016-11-15 07:33:38.265]  Tuned to 41
[2016-11-15 07:33:38.366]  Tuned to 42
[2016-11-15 07:33:38.466]  Tuned to 43
[2016-11-15 07:33:38.567]  Tuned to 44
[2016-11-15 07:33:38.668]  Tuned to 45
[2016-11-15 07:33:38.769]  Tuned to 46
[2016-11-15 07:33:38.869]  Tuned to 47
[2016-11-15 07:33:38.970]  Tuned to 48
[2016-11-15 07:33:39.070]  Tuned to 49
[2016-11-15 07:33:39.171]  Tuned to 50
[2016-11-15 07:33:39.271]  Tuned to 51
[2016-11-15 07:33:39.372]  Tuned to 52
[2016-11-15 07:33:39.473]  Tuned to 53
[2016-11-15 07:33:39.573]  Tuned to 54
[2016-11-15 07:33:39.674]  Tuned to 55
[2016-11-15 07:33:39.775]  Tuned to 56
[2016-11-15 07:33:39.877]  Tuned to 57
[2016-11-15 07:33:39.977]  Tuned to 58
[2016-11-15 07:33:40.078]  Tuned to 59
[2016-11-15 07:33:40.179]  Tuned to 60
[2016-11-15 07:33:40.280]  Tuned to 61
[2016-11-15 07:33:40.380]  Tuned to 62
[2016-11-15 07:33:40.480]  Tuned to 63
[2016-11-15 07:33:40.581]  Tuned to 64
[2016-11-15 07:33:40.682]  Tuned to 65
[2016-11-15 07:33:40.782]  Tuned to 66
[2016-11-15 07:33:40.883]  Tuned to 67
[2016-11-15 07:33:40.984]  Tuned to 68
[2016-11-15 07:33:41.084]  Tuned to 69
[2016-11-15 07:33:41.185]  Tuned to 70
[2016-11-15 07:33:41.286]  Tuned to 71
[2016-11-15 07:33:41.387]  Tuned to 72
[2016-11-15 07:33:41.487]  Tuned to 73
[2016-11-15 07:33:41.588]  Tuned to 74
[2016-11-15 07:33:41.689]  Tuned to 75
[2016-11-15 07:33:41.791]  Tuned to 76
[2016-11-15 07:33:41.892]  Tuned to 77
[2016-11-15 07:33:41.993]  Tuned to 78
[2016-11-15 07:33:42.093]  Tuned to 79
[2016-11-15 07:33:42.194]  Tuned to 80
[2016-11-15 07:33:42.294]  Tuned to 81
[2016-11-15 07:33:42.395]  Tuned to 82
[2016-11-15 07:33:42.496]  Tuned to 83
[2016-11-15 07:33:42.596]  Tuned to 2
[2016-11-15 07:33:42.697]  Tuned to 3
[2016-11-15 07:33:42.798]  Tuned to 4
[2016-11-15 07:33:42.899]  Tuned to 5
[2016-11-15 07:33:42.999]  Tuned to 6
[2016-11-15 07:33:43.100]  Tuned to 7
[2016-11-15 07:33:43.200]  Tuned to 8
[2016-11-15 07:33:43.302]  Tuned to 9
[2016-11-15 07:33:43.403]  Tuned to 10
[2016-11-15 07:33:43.503]  Tuned to 11
[2016-11-15 07:33:43.604]  Tuned to 12
[2016-11-15 07:33:43.706]  Tuned to 13
[2016-11-15 07:33:43.806]  Tuned to 14
[2016-11-15 07:33:43.907]  Tuned to 15
[2016-11-15 07:33:44.008]  Tuned to 16
[2016-11-15 07:33:44.108]  Tuned to 17
[2016-11-15 07:33:44.209]  Tuned to 18
[2016-11-15 07:33:44.312]  Tuned to 19
[2016-11-15 07:33:44.412]  Tuned to 20
[2016-11-15 07:33:44.513]  Tuned to 21
[2016-11-15 07:33:44.614]  Tuned to 22
[2016-11-15 07:33:44.714]  Tuned to 23
[2016-11-15 07:33:44.815]  Tuned to 24
[2016-11-15 07:33:44.916]  Tuned to 25
[2016-11-15 07:33:45.016]  Tuned to 26
[2016-11-15 07:33:45.117]  Tuned to 27
[2016-11-15 07:33:45.218]  Tuned to 28
[2016-11-15 07:33:45.318]  Tuned to 29
[2016-11-15 07:33:45.419]  Tuned to 30
[2016-11-15 07:33:45.520]  Tuned to 31
[2016-11-15 07:33:45.620]  Tuned to 32
[2016-11-15 07:33:45.721]  Tuned to 33
[2016-11-15 07:33:45.822]  Tuned to 34
[2016-11-15 07:33:45.922]  Tuned to 35
[2016-11-15 07:33:46.025]  Tuned to 36
[2016-11-15 07:33:46.125]  Tuned to 37
[2016-11-15 07:33:46.226]  Tuned to 38
[2016-11-15 07:33:46.327]  Tuned to 39
[2016-11-15 07:33:46.427]  Tuned to 40
[2016-11-15 07:33:46.528]  Tuned to 41
[2016-11-15 07:33:46.629]  Tuned to 42
[2016-11-15 07:33:46.730]  Tuned to 43
[2016-11-15 07:33:46.831]  Tuned to 44
[2016-11-15 07:33:46.931]  Tuned to 45
[2016-11-15 07:33:47.032]  Tuned to 46
[2016-11-15 07:33:47.133]  Tuned to 47
[2016-11-15 07:33:47.233]  Tuned to 48
[2016-11-15 07:33:47.334]  Tuned to 49
[2016-11-15 07:33:47.434]  Tuned to 50
[2016-11-15 07:33:47.535]  Tuned to 51
[2016-11-15 07:33:47.636]  Tuned to 52
[2016-11-15 07:33:47.736]  Tuned to 53
[2016-11-15 07:33:47.837]  Tuned to 54
[2016-11-15 07:33:47.938]  Tuned to 55
[2016-11-15 07:33:48.039]  Tuned to 56
[2016-11-15 07:33:48.140]  Tuned to 57
[2016-11-15 07:33:48.240]  Tuned to 58
[2016-11-15 07:33:48.341]  Tuned to 59
[2016-11-15 07:33:48.441]  Tuned to 60
[2016-11-15 07:33:48.542]  Tuned to 61
[2016-11-15 07:33:48.643]  Tuned to 62
[2016-11-15 07:33:48.744]  Tuned to 63
[2016-11-15 07:33:48.845]  Tuned to 64
[2016-11-15 07:33:48.946]  Tuned to 65
[2016-11-15 07:33:49.046]  Tuned to 66
[2016-11-15 07:33:49.147]  Tuned to 67
[2016-11-15 07:33:49.248]  Tuned to 68
[2016-11-15 07:33:49.348]  Tuned to 69
[2016-11-15 07:33:49.449]  Tuned to 70
[2016-11-15 07:33:49.550]  Tuned to 71
[2016-11-15 07:33:49.650]  Tuned to 72
[2016-11-15 07:33:49.751]  Tuned to 73
[2016-11-15 07:33:49.852]  Tuned to 74
[2016-11-15 07:33:49.952]  Tuned to 75
[2016-11-15 07:33:50.053]  Tuned to 76
[2016-11-15 07:33:50.153]  Tuned to 77
[2016-11-15 07:33:50.254]  Tuned to 78
[2016-11-15 07:33:50.355]  Tuned to 79
[2016-11-15 07:33:50.455]  Tuned to 80
[2016-11-15 07:33:50.556]  Tuned to 81
[2016-11-15 07:33:50.657]  Tuned to 82
[2016-11-15 07:33:50.758]  Tuned to 83
[2016-11-15 07:33:50.859]  Tuned to 2
[2016-11-15 07:33:50.959]  Tuned to 3
[2016-11-15 07:33:51.060]  Tuned to 4
[2016-11-15 07:33:51.161]  Tuned to 5
[2016-11-15 07:33:51.262]  Tuned to 6
[2016-11-15 07:33:51.362]  Tuned to 7
[2016-11-15 07:33:51.463]  Tuned to 8
[2016-11-15 07:33:51.563]  Tuned to 9
[2016-11-15 07:33:51.665]  Tuned to 10
[2016-11-15 07:33:51.766]  Tuned to 11
[2016-11-15 07:33:51.866]  Tuned to 12
[2016-11-15 07:33:51.967]  Tuned to 13
[2016-11-15 07:33:52.067]  Tuned to 14
[2016-11-15 07:33:52.168]  Tuned to 15
[2016-11-15 07:33:52.269]  Tuned to 16
[2016-11-15 07:33:52.369]  Tuned to 17
[2016-11-15 07:33:52.470]  Tuned to 18
[2016-11-15 07:33:52.571]  Tuned to 19
[2016-11-15 07:33:52.673]  Tuned to 20
[2016-11-15 07:33:52.774]  Tuned to 21
[2016-11-15 07:33:52.875]  Tuned to 22
[2016-11-15 07:33:52.976]  Tuned to 23
[2016-11-15 07:33:53.076]  Tuned to 24
[2016-11-15 07:33:53.177]  Tuned to 25
[2016-11-15 07:33:53.280]  Tuned to 26
[2016-11-15 07:33:53.380]  Tuned to 27
[2016-11-15 07:33:53.481]  Tuned to 28
[2016-11-15 07:33:53.583]  Tuned to 29
[2016-11-15 07:33:53.684]  Tuned to 30
[2016-11-15 07:33:53.784]  Tuned to 31
[2016-11-15 07:33:53.885]  Tuned to 32
[2016-11-15 07:33:53.985]  Tuned to 33
[2016-11-15 07:33:54.086]  Tuned to 34
[2016-11-15 07:33:54.187]  Tuned to 35
[2016-11-15 07:33:54.287]  Tuned to 36
[2016-11-15 07:33:54.388]  Tuned to 37
[2016-11-15 07:33:54.489]  Tuned to 38
[2016-11-15 07:33:54.589]  Tuned to 39
[2016-11-15 07:33:54.690]  Tuned to 40
[2016-11-15 07:33:54.791]  Tuned to 41
[2016-11-15 07:33:54.892]  Tuned to 42
[2016-11-15 07:33:54.993]  Tuned to 43
[2016-11-15 07:33:55.093]  Tuned to 44
[2016-11-15 07:33:55.194]  Tuned to 45
[2016-11-15 07:33:55.294]  Tuned to 46
[2016-11-15 07:33:55.395]  Tuned to 47
[2016-11-15 07:33:55.496]  Tuned to 48
[2016-11-15 07:33:55.596]  Tuned to 49
[2016-11-15 07:33:55.697]  Tuned to 50
[2016-11-15 07:33:55.797]  Tuned to 51
[2016-11-15 07:33:55.898]  Tuned to 52
[2016-11-15 07:33:55.998]  Tuned to 53
[2016-11-15 07:33:56.099]  Tuned to 54
[2016-11-15 07:33:56.200]  Tuned to 55
[2016-11-15 07:33:56.300]  Tuned to 56
[2016-11-15 07:33:56.401]  Tuned to 57
[2016-11-15 07:33:56.501]  Tuned to 58
[2016-11-15 07:33:56.602]  Tuned to 59
[2016-11-15 07:33:56.703]  Tuned to 60
[2016-11-15 07:33:56.803]  Tuned to 61
[2016-11-15 07:33:56.904]  Tuned to 62
[2016-11-15 07:33:57.005]  Tuned to 63
[2016-11-15 07:33:57.105]  Tuned to 64
[2016-11-15 07:33:57.206]  Tuned to 65
[2016-11-15 07:33:57.306]  Tuned to 66
[2016-11-15 07:33:57.407]  Tuned to 67
[2016-11-15 07:33:57.508]  Tuned to 68
[2016-11-15 07:33:57.609]  Tuned to 69
[2016-11-15 07:33:57.710]  Tuned to 70
[2016-11-15 07:33:57.811]  Tuned to 71
[2016-11-15 07:33:57.911]  Tuned to 72
[2016-11-15 07:33:58.012]  Tuned to 73
[2016-11-15 07:33:58.113]  Tuned to 74
[2016-11-15 07:33:58.214]  Tuned to 75
[2016-11-15 07:33:58.315]  Tuned to 76
[2016-11-15 07:33:58.415]  Tuned to 77
[2016-11-15 07:33:58.516]  Tuned to 78
[2016-11-15 07:33:58.617]  Tuned to 79
[2016-11-15 07:33:58.718]  Tuned to 80
[2016-11-15 07:33:58.818]  Tuned to 81
[2016-11-15 07:33:58.919]  Tuned to 82
[2016-11-15 07:33:59.020]  Tuned to 83
[2016-11-15 07:33:59.120]  Tuned to 2
[2016-11-15 07:33:59.221]  Tuned to 3
[2016-11-15 07:33:59.322]  Tuned to 4
[2016-11-15 07:33:59.422]  Tuned to 5
[2016-11-15 07:33:59.523]  Tuned to 6
[2016-11-15 07:33:59.624]  Tuned to 7
[2016-11-15 07:33:59.725]  Tuned to 8
[2016-11-15 07:33:59.825]  Tuned to 9
[2016-11-15 07:33:59.926]  Tuned to 10
[2016-11-15 07:34:00.027]  Tuned to 11
[2016-11-15 07:34:00.127]  Tuned to 12
[2016-11-15 07:34:00.228]  Tuned to 13
[2016-11-15 07:34:00.329]  Tuned to 14
[2016-11-15 07:34:00.429]  Tuned to 15
[2016-11-15 07:34:00.530]  Tuned to 16
[2016-11-15 07:34:00.630]  Tuned to 17
[2016-11-15 07:34:00.731]  Tuned to 18
[2016-11-15 07:34:00.832]  Tuned to 19
[2016-11-15 07:34:00.932]  Tuned to 20
[2016-11-15 07:34:01.035]  Tuned to 21
[2016-11-15 07:34:01.135]  Tuned to 22
[2016-11-15 07:34:01.236]  Tuned to 23
[2016-11-15 07:34:01.337]  Tuned to 24
[2016-11-15 07:34:01.437]  Tuned to 25
[2016-11-15 07:34:01.538]  Tuned to 26
[2016-11-15 07:34:01.639]  Tuned to 27
[2016-11-15 07:34:01.739]  Tuned to 28
[2016-11-15 07:34:01.840]  Tuned to 29
[2016-11-15 07:34:01.941]  Tuned to 30
[2016-11-15 07:34:02.041]  Tuned to 31
[2016-11-15 07:34:02.142]  Tuned to 32
[2016-11-15 07:34:02.242]  Tuned to 33
[2016-11-15 07:34:02.343]  Tuned to 34
[2016-11-15 07:34:02.443]  Tuned to 35
[2016-11-15 07:34:02.544]  Tuned to 36
[2016-11-15 07:34:02.645]  Tuned to 37
[2016-11-15 07:34:02.745]  Tuned to 38
[2016-11-15 07:34:02.846]  Tuned to 39
[2016-11-15 07:34:02.947]  Tuned to 40
[2016-11-15 07:34:03.047]  Tuned to 41
[2016-11-15 07:34:03.148]  Tuned to 42
[2016-11-15 07:34:03.248]  Tuned to 43
[2016-11-15 07:34:03.349]  Tuned to 44
[2016-11-15 07:34:03.450]  Tuned to 45
[2016-11-15 07:34:03.551]  Tuned to 46
[2016-11-15 07:34:03.651]  Tuned to 47
[2016-11-15 07:34:03.752]  Tuned to 48
[2016-11-15 07:34:03.852]  Tuned to 49
[2016-11-15 07:34:03.953]  Tuned to 50
[2016-11-15 07:34:04.054]  Tuned to 51
[2016-11-15 07:34:04.154]  Tuned to 52
[2016-11-15 07:34:04.255]  Tuned to 53
[2016-11-15 07:34:04.356]  Tuned to 54
[2016-11-15 07:34:04.456]  Tuned to 55
[2016-11-15 07:34:04.557]  Tuned to 56
[2016-11-15 07:34:04.658]  Tuned to 57
[2016-11-15 07:34:04.758]  Tuned to 58
[2016-11-15 07:34:04.859]  Tuned to 59
[2016-11-15 07:34:04.960]  Tuned to 60
[2016-11-15 07:34:05.061]  Tuned to 61
[2016-11-15 07:34:05.161]  Tuned to 62
[2016-11-15 07:34:05.262]  Tuned to 63
[2016-11-15 07:34:05.363]  Tuned to 64
[2016-11-15 07:34:05.463]  Tuned to 65
[2016-11-15 07:34:05.564]  Tuned to 66
[2016-11-15 07:34:05.665]  Tuned to 67
[2016-11-15 07:34:05.765]  Tuned to 68
[2016-11-15 07:34:05.866]  Tuned to 69
[2016-11-15 07:34:05.966]  Tuned to 70
[2016-11-15 07:34:06.067]  Tuned to 71
[2016-11-15 07:34:06.167]  Tuned to 72
[2016-11-15 07:34:06.268]  Tuned to 73
[2016-11-15 07:34:06.369]  Tuned to 74
[2016-11-15 07:34:06.469]  Tuned to 75
[2016-11-15 07:34:06.570]  Tuned to 76
[2016-11-15 07:34:06.671]  Tuned to 77
[2016-11-15 07:34:06.771]  Tuned to 78
[2016-11-15 07:34:06.872]  Tuned to 79
[2016-11-15 07:34:06.972]  Tuned to 80
[2016-11-15 07:34:07.073]  Tuned to 81
[2016-11-15 07:34:07.174]  Tuned to 82
[2016-11-15 07:34:07.274]  Tuned to 83
[2016-11-15 07:34:07.375]  Tuned to 2
[2016-11-15 07:34:07.475]  Tuned to 3
[2016-11-15 07:34:07.576]  Tuned to 4
[2016-11-15 07:34:07.676]  Tuned to 5
[2016-11-15 07:34:07.777]  Tuned to 6
[2016-11-15 07:34:07.878]  Tuned to 7
[2016-11-15 07:34:07.978]  Tuned to 8
[2016-11-15 07:34:08.080]  Tuned to 9
[2016-11-15 07:34:08.180]  Tuned to 10
[2016-11-15 07:34:08.281]  Tuned to 11
[2016-11-15 07:34:08.381]  Tuned to 12
[2016-11-15 07:34:08.482]  Tuned to 13
[2016-11-15 07:34:08.583]  Tuned to 14
[2016-11-15 07:34:08.683]  Tuned to 15
[2016-11-15 07:34:08.784]  Tuned to 16
[2016-11-15 07:34:08.885]  Tuned to 17
[2016-11-15 07:34:08.985]  Tuned to 18
[2016-11-15 07:34:09.086]  Tuned to 19
[2016-11-15 07:34:09.186]  Tuned to 20
[2016-11-15 07:34:09.287]  Tuned to 21
[2016-11-15 07:34:09.388]  Tuned to 22
[2016-11-15 07:34:09.489]  Tuned to 23
[2016-11-15 07:34:09.589]  Tuned to 24
[2016-11-15 07:34:09.690]  Tuned to 25
[2016-11-15 07:34:09.791]  Tuned to 26
[2016-11-15 07:34:09.891]  Tuned to 27
[2016-11-15 07:34:09.992]  Tuned to 28
[2016-11-15 07:34:10.092]  Tuned to 29
[2016-11-15 07:34:10.193]  Tuned to 30
[2016-11-15 07:34:10.294]  Tuned to 31
[2016-11-15 07:34:10.394]  Tuned to 32
[2016-11-15 07:34:10.495]  Tuned to 33
[2016-11-15 07:34:10.595]  Tuned to 34
[2016-11-15 07:34:10.696]  Tuned to 35
[2016-11-15 07:34:10.796]  Tuned to 36
[2016-11-15 07:34:10.897]  Tuned to 37
[2016-11-15 07:34:10.998]  Tuned to 38
[2016-11-15 07:34:11.099]  Tuned to 39
[2016-11-15 07:34:11.199]  Tuned to 40
[2016-11-15 07:34:11.300]  Tuned to 41
[2016-11-15 07:34:11.400]  Tuned to 42
[2016-11-15 07:34:11.501]  Tuned to 43
[2016-11-15 07:34:11.602]  Tuned to 44
[2016-11-15 07:34:11.702]  Tuned to 45
[2016-11-15 07:34:11.803]  Tuned to 46
[2016-11-15 07:34:11.904]  Tuned to 47
[2016-11-15 07:34:12.004]  Tuned to 48
[2016-11-15 07:34:12.105]  Tuned to 49
[2016-11-15 07:34:12.206]  Tuned to 50
[2016-11-15 07:34:12.307]  Tuned to 51
[2016-11-15 07:34:12.407]  Tuned to 52
[2016-11-15 07:34:12.508]  Tuned to 53
[2016-11-15 07:34:12.609]  Tuned to 54
[2016-11-15 07:34:12.709]  Tuned to 55
[2016-11-15 07:34:12.810]  Tuned to 56
[2016-11-15 07:34:12.910]  Tuned to 57
[2016-11-15 07:34:13.011]  Tuned to 58
[2016-11-15 07:34:13.112]  Tuned to 59
[2016-11-15 07:34:13.213]  Tuned to 60
[2016-11-15 07:34:13.313]  Tuned to 61
[2016-11-15 07:34:13.416]  Tuned to 62
[2016-11-15 07:34:13.517]  Tuned to 63
[2016-11-15 07:34:13.617]  Tuned to 64
[2016-11-15 07:34:13.718]  Tuned to 65
[2016-11-15 07:34:13.819]  Tuned to 66
[2016-11-15 07:34:13.919]  Tuned to 67
[2016-11-15 07:34:14.020]  Tuned to 68
[2016-11-15 07:34:14.120]  Tuned to 69
[2016-11-15 07:34:14.221]  Tuned to 70
[2016-11-15 07:34:14.322]  Tuned to 71
[2016-11-15 07:34:14.422]  Tuned to 72
[2016-11-15 07:34:14.523]  Tuned to 73
[2016-11-15 07:34:14.624]  Tuned to 74
[2016-11-15 07:34:14.725]  Tuned to 75
[2016-11-15 07:34:14.826]  Tuned to 76
[2016-11-15 07:34:14.926]  Tuned to 77
[2016-11-15 07:34:15.027]  Tuned to 78
[2016-11-15 07:34:15.127]  Tuned to 79
[2016-11-15 07:34:15.228]  Tuned to 80
[2016-11-15 07:34:15.329]  Tuned to 81
[2016-11-15 07:34:15.429]  Tuned to 82
[2016-11-15 07:34:15.530]  Tuned to 83
[2016-11-15 07:34:15.631]  Tuned to 2
[2016-11-15 07:34:15.731]  Tuned to 3
[2016-11-15 07:34:15.832]  Tuned to 4
[2016-11-15 07:34:15.933]  Tuned to 5
[2016-11-15 07:34:16.033]  Tuned to 6
[2016-11-15 07:34:16.134]  Tuned to 7
[2016-11-15 07:34:16.235]  Tuned to 8
[2016-11-15 07:34:16.336]  Tuned to 9
[2016-11-15 07:34:16.437]  Tuned to 10
[2016-11-15 07:34:16.537]  Tuned to 11
[2016-11-15 07:34:16.638]  Tuned to 12
[2016-11-15 07:34:16.738]  Tuned to 13
[2016-11-15 07:34:16.839]  Tuned to 14
[2016-11-15 07:34:16.940]  Tuned to 15
[2016-11-15 07:34:17.040]  Tuned to 16
[2016-11-15 07:34:17.141]  Tuned to 17
[2016-11-15 07:34:17.241]  Tuned to 18
[2016-11-15 07:34:17.344]  Tuned to 19
[2016-11-15 07:34:17.444]  Tuned to 20
[2016-11-15 07:34:17.545]  Tuned to 21
[2016-11-15 07:34:17.646]  Tuned to 22
[2016-11-15 07:34:17.746]  Tuned to 23
[2016-11-15 07:34:17.847]  Tuned to 24
[2016-11-15 07:34:17.947]  Tuned to 25
[2016-11-15 07:34:18.048]  Tuned to 26
[2016-11-15 07:34:18.149]  Tuned to 27
[2016-11-15 07:34:18.249]  Tuned to 28
[2016-11-15 07:34:18.350]  Tuned to 29
[2016-11-15 07:34:18.451]  Tuned to 30
[2016-11-15 07:34:18.551]  Tuned to 31
[2016-11-15 07:34:18.652]  Tuned to 32
[2016-11-15 07:34:18.753]  Tuned to 33
[2016-11-15 07:34:18.853]  Tuned to 34
[2016-11-15 07:34:18.954]  Tuned to 35
[2016-11-15 07:34:19.056]  Tuned to 36
[2016-11-15 07:34:19.156]  Tuned to 37
[2016-11-15 07:34:19.257]  Tuned to 38
[2016-11-15 07:34:19.358]  Tuned to 39
[2016-11-15 07:34:19.458]  Tuned to 40
[2016-11-15 07:34:19.559]  Tuned to 41
[2016-11-15 07:34:19.660]  Tuned to 42
[2016-11-15 07:34:19.761]  Tuned to 43
[2016-11-15 07:34:19.862]  Tuned to 44
[2016-11-15 07:34:19.962]  Tuned to 45
[2016-11-15 07:34:20.063]  Tuned to 46
[2016-11-15 07:34:20.163]  Tuned to 47
[2016-11-15 07:34:20.264]  Tuned to 48
[2016-11-15 07:34:20.364]  Tuned to 49
[2016-11-15 07:34:20.465]  Tuned to 50
[2016-11-15 07:34:20.567]  Tuned to 51
[2016-11-15 07:34:20.667]  Tuned to 52
[2016-11-15 07:34:20.768]  Tuned to 53
[2016-11-15 07:34:20.869]  Tuned to 54
[2016-11-15 07:34:20.969]  Tuned to 55
[2016-11-15 07:34:21.070]  Tuned to 56
[2016-11-15 07:34:21.171]  Tuned to 57
[2016-11-15 07:34:21.273]  Tuned to 58
[2016-11-15 07:34:21.374]  Tuned to 59
[2016-11-15 07:34:21.475]  Tuned to 60
[2016-11-15 07:34:21.576]  Tuned to 61
[2016-11-15 07:34:21.676]  Tuned to 62
[2016-11-15 07:34:21.777]  Tuned to 63
[2016-11-15 07:34:21.878]  Tuned to 64
[2016-11-15 07:34:21.978]  Tuned to 65
[2016-11-15 07:34:22.079]  Tuned to 66
[2016-11-15 07:34:22.180]  Tuned to 67
[2016-11-15 07:34:22.280]  Tuned to 68
[2016-11-15 07:34:22.381]  Tuned to 69
[2016-11-15 07:34:22.482]  Tuned to 70
[2016-11-15 07:34:22.582]  Tuned to 71
[2016-11-15 07:34:22.683]  Tuned to 72
[2016-11-15 07:34:22.783]  Tuned to 73
[2016-11-15 07:34:22.884]  Tuned to 74
[2016-11-15 07:34:22.985]  Tuned to 75
[2016-11-15 07:34:23.085]  Tuned to 76
[2016-11-15 07:34:23.186]  Tuned to 77
[2016-11-15 07:34:23.286]  Tuned to 78
[2016-11-15 07:34:23.387]  Tuned to 79
[2016-11-15 07:34:23.488]  Tuned to 80
[2016-11-15 07:34:23.588]  Tuned to 81
[2016-11-15 07:34:23.689]  Tuned to 82
[2016-11-15 07:34:23.790]  Tuned to 83
[2016-11-15 07:34:23.890]  Tuned to 2
[2016-11-15 07:34:23.991]  Tuned to 3
[2016-11-15 07:34:24.092]  Tuned to 4
[2016-11-15 07:34:24.192]  Tuned to 5
[2016-11-15 07:34:24.293]  Tuned to 6
[2016-11-15 07:34:24.393]  Tuned to 7
[2016-11-15 07:34:24.494]  Tuned to 8
[2016-11-15 07:34:24.595]  Tuned to 9
[2016-11-15 07:34:24.695]  Tuned to 10
[2016-11-15 07:34:24.796]  Tuned to 11
[2016-11-15 07:34:24.897]  Tuned to 12
[2016-11-15 07:34:24.997]  Tuned to 13
[2016-11-15 07:34:25.098]  Tuned to 14
[2016-11-15 07:34:25.198]  Tuned to 15
[2016-11-15 07:34:25.299]  Tuned to 16
[2016-11-15 07:34:25.400]  Tuned to 17
[2016-11-15 07:34:25.500]  Tuned to 18
[2016-11-15 07:34:25.601]  Tuned to 19
[2016-11-15 07:34:25.702]  Tuned to 20
[2016-11-15 07:34:25.805]  Tuned to 21
[2016-11-15 07:34:25.905]  Tuned to 22
[2016-11-15 07:34:26.006]  Tuned to 23
[2016-11-15 07:34:26.107]  Tuned to 24
[2016-11-15 07:34:26.207]  Tuned to 25
[2016-11-15 07:34:26.308]  Tuned to 26
[2016-11-15 07:34:26.408]  Tuned to 27
[2016-11-15 07:34:26.509]  Tuned to 28
[2016-11-15 07:34:26.610]  Tuned to 29
[2016-11-15 07:34:26.710]  Tuned to 30
[2016-11-15 07:34:26.811]  Tuned to 31
[2016-11-15 07:34:26.912]  Tuned to 32
[2016-11-15 07:34:27.013]  Tuned to 33
[2016-11-15 07:34:27.113]  Tuned to 34
[2016-11-15 07:34:27.214]  Tuned to 35
[2016-11-15 07:34:27.315]  Tuned to 36
[2016-11-15 07:34:27.415]  Tuned to 37
[2016-11-15 07:34:27.516]  Tuned to 38
[2016-11-15 07:34:27.616]  Tuned to 39
[2016-11-15 07:34:27.717]  Tuned to 40
[2016-11-15 07:34:27.817]  Tuned to 41
[2016-11-15 07:34:27.918]  Tuned to 42
[2016-11-15 07:34:28.019]  Tuned to 43
[2016-11-15 07:34:28.119]  Tuned to 44
[2016-11-15 07:34:28.222]  Tuned to 45
[2016-11-15 07:34:28.323]  Tuned to 46
[2016-11-15 07:34:28.423]  Tuned to 47
[2016-11-15 07:34:28.524]  Tuned to 48
[2016-11-15 07:34:28.624]  Tuned to 49
[2016-11-15 07:34:28.725]  Tuned to 50
[2016-11-15 07:34:28.826]  Tuned to 51
[2016-11-15 07:34:28.926]  Tuned to 52
[2016-11-15 07:34:29.027]  Tuned to 53
[2016-11-15 07:34:29.127]  Tuned to 54
[2016-11-15 07:34:29.228]  Tuned to 55
[2016-11-15 07:34:29.329]  Tuned to 56
[2016-11-15 07:34:29.432]  Tuned to 57
[2016-11-15 07:34:29.532]  Tuned to 58
[2016-11-15 07:34:29.633]  Tuned to 59
[2016-11-15 07:34:29.734]  Tuned to 60
[2016-11-15 07:34:29.834]  Tuned to 61
[2016-11-15 07:34:29.938]  Tuned to 62
[2016-11-15 07:34:30.038]  Tuned to 63
[2016-11-15 07:34:30.139]  Tuned to 64
[2016-11-15 07:34:30.240]  Tuned to 65
[2016-11-15 07:34:30.340]  Tuned to 66
[2016-11-15 07:34:30.441]  Tuned to 67
[2016-11-15 07:34:30.541]  Tuned to 68
[2016-11-15 07:34:30.642]  Tuned to 69
[2016-11-15 07:34:30.743]  Tuned to 70
[2016-11-15 07:34:30.846]  Tuned to 71
[2016-11-15 07:34:30.947]  Tuned to 72
[2016-11-15 07:34:31.048]  Tuned to 73
[2016-11-15 07:34:31.148]  Tuned to 74
[2016-11-15 07:34:31.249]  Tuned to 75
[2016-11-15 07:34:31.349]  Tuned to 76
[2016-11-15 07:34:31.450]  Tuned to 77
[2016-11-15 07:34:31.551]  Tuned to 78
[2016-11-15 07:34:31.651]  Tuned to 79
[2016-11-15 07:34:31.752]  Tuned to 80
[2016-11-15 07:34:31.853]  Tuned to 81
[2016-11-15 07:34:31.953]  Tuned to 82
[2016-11-15 07:34:32.054]  Tuned to 83
[2016-11-15 07:34:32.154]  Tuned to 2
[2016-11-15 07:34:32.255]  Tuned to 3
[2016-11-15 07:34:32.355]  Tuned to 4
[2016-11-15 07:34:32.456]  Tuned to 5
[2016-11-15 07:34:32.557]  Tuned to 6
[2016-11-15 07:34:32.657]  Tuned to 7
[2016-11-15 07:34:32.758]  Tuned to 8
[2016-11-15 07:34:32.858]  Tuned to 9
[2016-11-15 07:34:32.959]  Tuned to 10
[2016-11-15 07:34:33.060]  Tuned to 11
[2016-11-15 07:34:33.161]  Tuned to 12
[2016-11-15 07:34:33.262]  Tuned to 13
[2016-11-15 07:34:33.362]  Tuned to 14
[2016-11-15 07:34:33.465]  Tuned to 15
[2016-11-15 07:34:33.565]  Tuned to 16
[2016-11-15 07:34:33.666]  Tuned to 17
[2016-11-15 07:34:33.767]  Tuned to 18
[2016-11-15 07:34:33.867]  Tuned to 19
[2016-11-15 07:34:33.968]  Tuned to 20
[2016-11-15 07:34:34.068]  Tuned to 21
[2016-11-15 07:34:34.169]  Tuned to 22
[2016-11-15 07:34:34.269]  Tuned to 23
[2016-11-15 07:34:34.370]  Tuned to 24
[2016-11-15 07:34:34.470]  Tuned to 25
[2016-11-15 07:34:34.571]  Tuned to 26
[2016-11-15 07:34:34.672]  Tuned to 27
[2016-11-15 07:34:34.772]  Tuned to 28
[2016-11-15 07:34:34.873]  Tuned to 29
[2016-11-15 07:34:34.974]  Tuned to 30
[2016-11-15 07:34:35.076]  Tuned to 31
[2016-11-15 07:34:35.177]  Tuned to 32
[2016-11-15 07:34:35.278]  Tuned to 33
[2016-11-15 07:34:35.378]  Tuned to 34
[2016-11-15 07:34:35.479]  Tuned to 35
[2016-11-15 07:34:35.579]  Tuned to 36
[2016-11-15 07:34:35.680]  Tuned to 37
[2016-11-15 07:34:35.782]  Tuned to 38
[2016-11-15 07:34:35.883]  Tuned to 39
[2016-11-15 07:34:35.983]  Tuned to 40
[2016-11-15 07:34:36.084]  Tuned to 41
[2016-11-15 07:34:36.184]  Tuned to 42
[2016-11-15 07:34:36.285]  Tuned to 43
[2016-11-15 07:34:36.386]  Tuned to 44
[2016-11-15 07:34:36.486]  Tuned to 45
[2016-11-15 07:34:36.587]  Tuned to 46
[2016-11-15 07:34:36.688]  Tuned to 47
[2016-11-15 07:34:36.789]  Tuned to 48
[2016-11-15 07:34:36.890]  Tuned to 49
[2016-11-15 07:34:36.990]  Tuned to 50
[2016-11-15 07:34:37.091]  Tuned to 51
[2016-11-15 07:34:37.192]  Tuned to 52
[2016-11-15 07:34:37.293]  Tuned to 53
[2016-11-15 07:34:37.394]  Tuned to 54
[2016-11-15 07:34:37.494]  Tuned to 55
[2016-11-15 07:34:37.595]  Tuned to 56
[2016-11-15 07:34:37.696]  Tuned to 57
[2016-11-15 07:34:37.796]  Tuned to 58
[2016-11-15 07:34:37.897]  Tuned to 59
[2016-11-15 07:34:37.997]  Tuned to 60
[2016-11-15 07:34:38.098]  Tuned to 61
[2016-11-15 07:34:38.201]  Tuned to 62
[2016-11-15 07:34:38.301]  Tuned to 63
[2016-11-15 07:34:38.402]  Tuned to 64
[2016-11-15 07:34:38.503]  Tuned to 65
[2016-11-15 07:34:38.603]  Tuned to 66
[2016-11-15 07:34:38.704]  Tuned to 67
[2016-11-15 07:34:38.805]  Tuned to 68
[2016-11-15 07:34:38.905]  Tuned to 69
[2016-11-15 07:34:39.006]  Tuned to 70
[2016-11-15 07:34:39.107]  Tuned to 71
[2016-11-15 07:34:39.207]  Tuned to 72
[2016-11-15 07:34:39.308]  Tuned to 73
[2016-11-15 07:34:39.409]  Tuned to 74
[2016-11-15 07:34:39.509]  Tuned to 75
[2016-11-15 07:34:39.610]  Tuned to 76
[2016-11-15 07:34:39.710]  Tuned to 77
[2016-11-15 07:34:39.811]  Tuned to 78
[2016-11-15 07:34:39.912]  Tuned to 79
[2016-11-15 07:34:40.012]  Tuned to 80
[2016-11-15 07:34:40.113]  Tuned to 81
[2016-11-15 07:34:40.214]  Tuned to 82
[2016-11-15 07:34:40.315]  Tuned to 83
[2016-11-15 07:34:40.415]  Tuned to 2
[2016-11-15 07:34:40.516]  Tuned to 3
[2016-11-15 07:34:40.617]  Tuned to 4
[2016-11-15 07:34:40.717]  Tuned to 5
[2016-11-15 07:34:40.818]  Tuned to 6
[2016-11-15 07:34:40.919]  Tuned to 7
[2016-11-15 07:34:41.019]  Tuned to 8
[2016-11-15 07:34:41.120]  Tuned to 9
[2016-11-15 07:34:41.221]  Tuned to 10
[2016-11-15 07:34:41.321]  Tuned to 11
[2016-11-15 07:34:41.422]  Tuned to 12
[2016-11-15 07:34:41.523]  Tuned to 13
[2016-11-15 07:34:41.623]  Tuned to 14
[2016-11-15 07:34:41.724]  Tuned to 15
[2016-11-15 07:34:41.824]  Tuned to 16
[2016-11-15 07:34:41.925]  Tuned to 17
[2016-11-15 07:34:42.025]  Tuned to 18
[2016-11-15 07:34:42.126]  Tuned to 19
[2016-11-15 07:34:42.226]  Tuned to 20
[2016-11-15 07:34:42.327]  Tuned to 21
[2016-11-15 07:34:42.428]  Tuned to 22
[2016-11-15 07:34:42.528]  Tuned to 23
[2016-11-15 07:34:42.629]  Tuned to 24
[2016-11-15 07:34:42.730]  Tuned to 25
[2016-11-15 07:34:42.830]  Tuned to 26
[2016-11-15 07:34:42.931]  Tuned to 27
[2016-11-15 07:34:43.032]  Tuned to 28
[2016-11-15 07:34:43.132]  Tuned to 29
[2016-11-15 07:34:43.233]  Tuned to 30
[2016-11-15 07:34:43.334]  Tuned to 31
[2016-11-15 07:34:43.434]  Tuned to 32
[2016-11-15 07:34:43.535]  Tuned to 33
[2016-11-15 07:34:43.635]  Tuned to 34
[2016-11-15 07:34:43.736]  Tuned to 35
[2016-11-15 07:34:43.837]  Tuned to 36
[2016-11-15 07:34:43.937]  Tuned to 37
[2016-11-15 07:34:44.038]  Tuned to 38
[2016-11-15 07:34:44.138]  Tuned to 39
[2016-11-15 07:34:44.239]  Tuned to 40
[2016-11-15 07:34:44.340]  Tuned to 41
[2016-11-15 07:34:44.440]  Tuned to 42
[2016-11-15 07:34:44.541]  Tuned to 43
[2016-11-15 07:34:44.641]  Tuned to 44
[2016-11-15 07:34:44.742]  Tuned to 45
[2016-11-15 07:34:44.842]  Tuned to 46
[2016-11-15 07:34:44.943]  Tuned to 47
[2016-11-15 07:34:45.044]  Tuned to 48
[2016-11-15 07:34:45.144]  Tuned to 49
[2016-11-15 07:34:45.245]  Tuned to 50
[2016-11-15 07:34:45.346]  Tuned to 51
[2016-11-15 07:34:45.446]  Tuned to 52
[2016-11-15 07:34:45.547]  Tuned to 53
[2016-11-15 07:34:45.648]  Tuned to 54
[2016-11-15 07:34:45.748]  Tuned to 55
[2016-11-15 07:34:45.849]  Tuned to 56
[2016-11-15 07:34:45.949]  Tuned to 57
[2016-11-15 07:34:46.050]  Tuned to 58
[2016-11-15 07:34:46.151]  Tuned to 59
[2016-11-15 07:34:46.251]  Tuned to 60
[2016-11-15 07:34:46.352]  Tuned to 61
[2016-11-15 07:34:46.453]  Tuned to 62
[2016-11-15 07:34:46.553]  Tuned to 63
[2016-11-15 07:34:46.654]  Tuned to 64
[2016-11-15 07:34:46.754]  Tuned to 65
[2016-11-15 07:34:46.855]  Tuned to 66
[2016-11-15 07:34:46.956]  Tuned to 67
[2016-11-15 07:34:47.056]  Tuned to 68
[2016-11-15 07:34:47.157]  Tuned to 69
[2016-11-15 07:34:47.258]  Tuned to 70
[2016-11-15 07:34:47.358]  Tuned to 71
[2016-11-15 07:34:47.459]  Tuned to 72
[2016-11-15 07:34:47.560]  Tuned to 73
[2016-11-15 07:34:47.661]  Tuned to 74
[2016-11-15 07:34:47.762]  Tuned to 75
[2016-11-15 07:34:47.862]  Tuned to 76
[2016-11-15 07:34:47.963]  Tuned to 77
[2016-11-15 07:34:48.063]  Tuned to 78
[2016-11-15 07:34:48.164]  Tuned to 79
[2016-11-15 07:34:48.265]  Tuned to 80
[2016-11-15 07:34:48.368]  Tuned to 81
[2016-11-15 07:34:48.468]  Tuned to 82
[2016-11-15 07:34:48.569]  Tuned to 83
[2016-11-15 07:34:48.669]  Tuned to 2
[2016-11-15 07:34:48.770]  Tuned to 3
[2016-11-15 07:34:48.871]  Tuned to 4
[2016-11-15 07:34:48.971]  Tuned to 5
[2016-11-15 07:34:49.072]  Tuned to 6
[2016-11-15 07:34:49.173]  Tuned to 7
[2016-11-15 07:34:49.273]  Tuned to 8
[2016-11-15 07:34:49.374]  Tuned to 9
[2016-11-15 07:34:49.475]  Tuned to 10
[2016-11-15 07:34:49.575]  Tuned to 11
[2016-11-15 07:34:49.676]  Tuned to 12
[2016-11-15 07:34:49.777]  Tuned to 13
[2016-11-15 07:34:49.880]  Tuned to 14
[2016-11-15 07:34:49.980]  Tuned to 15
[2016-11-15 07:34:50.081]  Tuned to 16
[2016-11-15 07:34:50.182]  Tuned to 17
[2016-11-15 07:34:50.282]  Tuned to 18
[2016-11-15 07:34:50.383]  Tuned to 19
[2016-11-15 07:34:50.483]  Tuned to 20
[2016-11-15 07:34:50.584]  Tuned to 21
[2016-11-15 07:34:50.685]  Tuned to 22
[2016-11-15 07:34:50.786]  Tuned to 23
[2016-11-15 07:34:50.886]  Tuned to 24
[2016-11-15 07:34:50.987]  Tuned to 25
[2016-11-15 07:34:51.088]  Tuned to 26
[2016-11-15 07:34:51.188]  Tuned to 27
[2016-11-15 07:34:51.289]  Tuned to 28
[2016-11-15 07:34:51.390]  Tuned to 29
[2016-11-15 07:34:51.490]  Tuned to 30
[2016-11-15 07:34:51.591]  Tuned to 31
[2016-11-15 07:34:51.691]  Tuned to 32
[2016-11-15 07:34:51.792]  Tuned to 33
[2016-11-15 07:34:51.893]  Tuned to 34
[2016-11-15 07:34:51.994]  Tuned to 35
[2016-11-15 07:34:52.094]  Tuned to 36
[2016-11-15 07:34:52.195]  Tuned to 37
[2016-11-15 07:34:52.295]  Tuned to 38
[2016-11-15 07:34:52.396]  Tuned to 39
[2016-11-15 07:34:52.498]  Tuned to 40
[2016-11-15 07:34:52.599]  Tuned to 41
[2016-11-15 07:34:52.699]  Tuned to 42
[2016-11-15 07:34:52.800]  Tuned to 43
[2016-11-15 07:34:52.901]  Tuned to 44
[2016-11-15 07:34:53.001]  Tuned to 45
[2016-11-15 07:34:53.102]  Tuned to 46
[2016-11-15 07:34:53.202]  Tuned to 47
[2016-11-15 07:34:53.303]  Tuned to 48
[2016-11-15 07:34:53.404]  Tuned to 49
[2016-11-15 07:34:53.504]  Tuned to 50
[2016-11-15 07:34:53.605]  Tuned to 51
[2016-11-15 07:34:53.705]  Tuned to 52
[2016-11-15 07:34:53.806]  Tuned to 53
[2016-11-15 07:34:53.907]  Tuned to 54
[2016-11-15 07:34:54.009]  Tuned to 55
[2016-11-15 07:34:54.110]  Tuned to 56
[2016-11-15 07:34:54.210]  Tuned to 57
[2016-11-15 07:34:54.311]  Tuned to 58
[2016-11-15 07:34:54.413]  Tuned to 59
[2016-11-15 07:34:54.513]  Tuned to 60
[2016-11-15 07:34:54.614]  Tuned to 61
[2016-11-15 07:34:54.715]  Tuned to 62
[2016-11-15 07:34:54.817]  Tuned to 63
[2016-11-15 07:34:54.918]  Tuned to 64
[2016-11-15 07:34:55.019]  Tuned to 65
[2016-11-15 07:34:55.119]  Tuned to 66
[2016-11-15 07:34:55.220]  Tuned to 67
[2016-11-15 07:34:55.320]  Tuned to 68
[2016-11-15 07:34:55.421]  Tuned to 69
[2016-11-15 07:34:55.522]  Tuned to 70
[2016-11-15 07:34:55.622]  Tuned to 71
[2016-11-15 07:34:55.723]  Tuned to 72
[2016-11-15 07:34:55.823]  Tuned to 73
[2016-11-15 07:34:55.925]  Tuned to 74
[2016-11-15 07:34:56.025]  Tuned to 75
[2016-11-15 07:34:56.126]  Tuned to 76
[2016-11-15 07:34:56.226]  Tuned to 77
[2016-11-15 07:34:56.327]  Tuned to 78
[2016-11-15 07:34:56.428]  Tuned to 79
[2016-11-15 07:34:56.528]  Tuned to 80
[2016-11-15 07:34:56.629]  Tuned to 81
[2016-11-15 07:34:56.730]  Tuned to 82
[2016-11-15 07:34:56.831]  Tuned to 83
[2016-11-15 07:34:56.931]  Tuned to 2
[2016-11-15 07:34:57.032]  Tuned to 3
[2016-11-15 07:34:57.133]  Tuned to 4
[2016-11-15 07:34:57.233]  Tuned to 5
[2016-11-15 07:34:57.334]  Tuned to 6
[2016-11-15 07:34:57.435]  Tuned to 7
[2016-11-15 07:34:57.536]  Tuned to 8
[2016-11-15 07:34:57.636]  Tuned to 9
[2016-11-15 07:34:57.738]  Tuned to 10
[2016-11-15 07:34:57.839]  Tuned to 11
[2016-11-15 07:34:57.940]  Tuned to 12
[2016-11-15 07:34:58.041]  Tuned to 13
[2016-11-15 07:34:58.143]  Tuned to 14
[2016-11-15 07:34:58.243]  Tuned to 15
[2016-11-15 07:34:58.344]  Tuned to 16
[2016-11-15 07:34:58.445]  Tuned to 17
[2016-11-15 07:34:58.545]  Tuned to 18
[2016-11-15 07:34:58.646]  Tuned to 19
[2016-11-15 07:34:58.746]  Tuned to 20
[2016-11-15 07:34:58.847]  Tuned to 21
[2016-11-15 07:34:58.948]  Tuned to 22
[2016-11-15 07:34:59.048]  Tuned to 23
[2016-11-15 07:34:59.149]  Tuned to 24
[2016-11-15 07:34:59.250]  Tuned to 25
[2016-11-15 07:34:59.350]  Tuned to 26
[2016-11-15 07:34:59.451]  Tuned to 27
[2016-11-15 07:34:59.552]  Tuned to 28
[2016-11-15 07:34:59.653]  Tuned to 29
[2016-11-15 07:34:59.753]  Tuned to 30
[2016-11-15 07:34:59.854]  Tuned to 31
[2016-11-15 07:34:59.954]  Tuned to 32
[2016-11-15 07:35:00.055]  Tuned to 33
[2016-11-15 07:35:00.156]  Tuned to 34
[2016-11-15 07:35:00.256]  Tuned to 35
[2016-11-15 07:35:00.357]  Tuned to 36
[2016-11-15 07:35:00.457]  Tuned to 37
[2016-11-15 07:35:00.558]  Tuned to 38
[2016-11-15 07:35:00.659]  Tuned to 39
[2016-11-15 07:35:00.760]  Tuned to 40
[2016-11-15 07:35:00.860]  Tuned to 41
[2016-11-15 07:35:00.961]  Tuned to 42
[2016-11-15 07:35:01.061]  Tuned to 43
[2016-11-15 07:35:01.162]  Tuned to 44
[2016-11-15 07:35:01.262]  Tuned to 45
[2016-11-15 07:35:01.363]  Tuned to 46
[2016-11-15 07:35:01.464]  Tuned to 47
[2016-11-15 07:35:01.565]  Tuned to 48
[2016-11-15 07:35:01.665]  Tuned to 49
[2016-11-15 07:35:01.766]  Tuned to 50
[2016-11-15 07:35:01.867]  Tuned to 51
[2016-11-15 07:35:01.967]  Tuned to 52
[2016-11-15 07:35:02.068]  Tuned to 53
[2016-11-15 07:35:02.169]  Tuned to 54
[2016-11-15 07:35:02.270]  Tuned to 55
[2016-11-15 07:35:02.370]  Tuned to 56
[2016-11-15 07:35:02.471]  Tuned to 57
[2016-11-15 07:35:02.571]  Tuned to 58
[2016-11-15 07:35:02.672]  Tuned to 59
[2016-11-15 07:35:02.773]  Tuned to 60
[2016-11-15 07:35:02.874]  Tuned to 61
[2016-11-15 07:35:02.974]  Tuned to 62
[2016-11-15 07:35:03.075]  Tuned to 63
[2016-11-15 07:35:03.176]  Tuned to 64
[2016-11-15 07:35:03.276]  Tuned to 65
[2016-11-15 07:35:03.377]  Tuned to 66
[2016-11-15 07:35:03.478]  Tuned to 67
[2016-11-15 07:35:03.578]  Tuned to 68
[2016-11-15 07:35:03.679]  Tuned to 69
[2016-11-15 07:35:03.780]  Tuned to 70
[2016-11-15 07:35:03.881]  Tuned to 71
[2016-11-15 07:35:03.983]  Tuned to 72
[2016-11-15 07:35:04.084]  Tuned to 73
[2016-11-15 07:35:04.185]  Tuned to 74
[2016-11-15 07:35:04.286]  Tuned to 75
[2016-11-15 07:35:04.387]  Tuned to 76
[2016-11-15 07:35:04.487]  Tuned to 77
[2016-11-15 07:35:04.588]  Tuned to 78
[2016-11-15 07:35:04.689]  Tuned to 79
[2016-11-15 07:35:04.789]  Tuned to 80
[2016-11-15 07:35:04.890]  Tuned to 81
[2016-11-15 07:35:04.991]  Tuned to 82
[2016-11-15 07:35:05.091]  Tuned to 83
[2016-11-15 07:35:05.192]  Tuned to 2
[2016-11-15 07:35:05.293]  Tuned to 3
[2016-11-15 07:35:05.393]  Tuned to 4
[2016-11-15 07:35:05.494]  Tuned to 5
[2016-11-15 07:35:05.594]  Tuned to 6
[2016-11-15 07:35:05.696]  Tuned to 7
[2016-11-15 07:35:05.796]  Tuned to 8
[2016-11-15 07:35:05.898]  Tuned to 9
[2016-11-15 07:35:05.998]  Tuned to 10
[2016-11-15 07:35:06.099]  Tuned to 11
[2016-11-15 07:35:06.200]  Tuned to 12
[2016-11-15 07:35:06.300]  Tuned to 13
[2016-11-15 07:35:06.401]  Tuned to 14
[2016-11-15 07:35:06.502]  Tuned to 15
[2016-11-15 07:35:06.602]  Tuned to 16
[2016-11-15 07:35:06.703]  Tuned to 17
[2016-11-15 07:35:06.803]  Tuned to 18
[2016-11-15 07:35:06.904]  Tuned to 19
[2016-11-15 07:35:07.005]  Tuned to 20
[2016-11-15 07:35:07.105]  Tuned to 21
[2016-11-15 07:35:07.206]  Tuned to 22
[2016-11-15 07:35:07.307]  Tuned to 23
[2016-11-15 07:35:07.407]  Tuned to 24
[2016-11-15 07:35:07.509]  Tuned to 25
[2016-11-15 07:35:07.609]  Tuned to 26
[2016-11-15 07:35:07.710]  Tuned to 27
[2016-11-15 07:35:07.810]  Tuned to 28
[2016-11-15 07:35:07.911]  Tuned to 29
[2016-11-15 07:35:08.011]  Tuned to 30
[2016-11-15 07:35:08.113]  Tuned to 31
[2016-11-15 07:35:08.213]  Tuned to 32
[2016-11-15 07:35:08.314]  Tuned to 33
[2016-11-15 07:35:08.414]  Tuned to 34
[2016-11-15 07:35:08.515]  Tuned to 35
[2016-11-15 07:35:08.616]  Tuned to 36
[2016-11-15 07:35:08.716]  Tuned to 37
[2016-11-15 07:35:08.817]  Tuned to 38
[2016-11-15 07:35:08.918]  Tuned to 39
[2016-11-15 07:35:09.018]  Tuned to 40
[2016-11-15 07:35:09.119]  Tuned to 41
[2016-11-15 07:35:09.219]  Tuned to 42
[2016-11-15 07:35:09.320]  Tuned to 43
[2016-11-15 07:35:09.420]  Tuned to 44
[2016-11-15 07:35:09.521]  Tuned to 45
[2016-11-15 07:35:09.622]  Tuned to 46
[2016-11-15 07:35:09.722]  Tuned to 47
[2016-11-15 07:35:09.823]  Tuned to 48
[2016-11-15 07:35:09.924]  Tuned to 49
[2016-11-15 07:35:10.024]  Tuned to 50
[2016-11-15 07:35:10.125]  Tuned to 51
[2016-11-15 07:35:10.225]  Tuned to 52
[2016-11-15 07:35:10.326]  Tuned to 53
[2016-11-15 07:35:10.427]  Tuned to 54
[2016-11-15 07:35:10.527]  Tuned to 55
[2016-11-15 07:35:10.628]  Tuned to 56
[2016-11-15 07:35:10.729]  Tuned to 57
[2016-11-15 07:35:10.829]  Tuned to 58
[2016-11-15 07:35:10.930]  Tuned to 59
[2016-11-15 07:35:11.030]  Tuned to 60
[2016-11-15 07:35:11.131]  Tuned to 61
[2016-11-15 07:35:11.232]  Tuned to 62
[2016-11-15 07:35:11.333]  Tuned to 63
[2016-11-15 07:35:11.433]  Tuned to 64
[2016-11-15 07:35:11.534]  Tuned to 65
[2016-11-15 07:35:11.635]  Tuned to 66
[2016-11-15 07:35:11.735]  Tuned to 67
[2016-11-15 07:35:11.836]  Tuned to 68
[2016-11-15 07:35:11.937]  Tuned to 69
[2016-11-15 07:35:12.038]  Tuned to 70
[2016-11-15 07:35:12.138]  Tuned to 71
[2016-11-15 07:35:12.239]  Tuned to 72
[2016-11-15 07:35:12.339]  Tuned to 73
[2016-11-15 07:35:12.440]  Tuned to 74
[2016-11-15 07:35:12.541]  Tuned to 75
[2016-11-15 07:35:12.641]  Tuned to 76
[2016-11-15 07:35:12.742]  Tuned to 77
[2016-11-15 07:35:12.842]  Tuned to 78
[2016-11-15 07:35:12.944]  Tuned to 79
[2016-11-15 07:35:13.045]  Tuned to 80
[2016-11-15 07:35:13.145]  Tuned to 81
[2016-11-15 07:35:13.246]  Tuned to 82
[2016-11-15 07:35:13.347]  Tuned to 83
[2016-11-15 07:35:13.447]  Tuned to 2
[2016-11-15 07:35:13.548]  Tuned to 3
[2016-11-15 07:35:13.648]  Tuned to 4
[2016-11-15 07:35:13.749]  Tuned to 5
[2016-11-15 07:35:13.849]  Tuned to 6
[2016-11-15 07:35:13.950]  Tuned to 7
[2016-11-15 07:35:14.051]  Tuned to 8
[2016-11-15 07:35:14.152]  Tuned to 9
[2016-11-15 07:35:14.252]  Tuned to 10
[2016-11-15 07:35:14.353]  Tuned to 11
[2016-11-15 07:35:14.454]  Tuned to 12
[2016-11-15 07:35:14.554]  Tuned to 13
[2016-11-15 07:35:14.655]  Tuned to 14
[2016-11-15 07:35:14.755]  Tuned to 15
[2016-11-15 07:35:14.856]  Tuned to 16
[2016-11-15 07:35:14.957]  Tuned to 17
[2016-11-15 07:35:15.057]  Tuned to 18
[2016-11-15 07:35:15.158]  Tuned to 19
[2016-11-15 07:35:15.259]  Tuned to 20
[2016-11-15 07:35:15.360]  Tuned to 21
[2016-11-15 07:35:15.460]  Tuned to 22
[2016-11-15 07:35:15.561]  Tuned to 23
[2016-11-15 07:35:15.662]  Tuned to 24
[2016-11-15 07:35:15.762]  Tuned to 25
[2016-11-15 07:35:15.863]  Tuned to 26
[2016-11-15 07:35:15.964]  Tuned to 27
[2016-11-15 07:35:16.064]  Tuned to 28
[2016-11-15 07:35:16.165]  Tuned to 29
[2016-11-15 07:35:16.265]  Tuned to 30
[2016-11-15 07:35:16.366]  Tuned to 31
[2016-11-15 07:35:16.466]  Tuned to 32
[2016-11-15 07:35:16.567]  Tuned to 33
[2016-11-15 07:35:16.668]  Tuned to 34
[2016-11-15 07:35:16.768]  Tuned to 35
[2016-11-15 07:35:16.869]  Tuned to 36
[2016-11-15 07:35:16.969]  Tuned to 37
[2016-11-15 07:35:17.070]  Tuned to 38
[2016-11-15 07:35:17.171]  Tuned to 39
[2016-11-15 07:35:17.271]  Tuned to 40
[2016-11-15 07:35:17.372]  Tuned to 41
[2016-11-15 07:35:17.472]  Tuned to 42
[2016-11-15 07:35:17.573]  Tuned to 43
[2016-11-15 07:35:17.673]  Tuned to 44
[2016-11-15 07:35:17.774]  Tuned to 45
[2016-11-15 07:35:17.874]  Tuned to 46
[2016-11-15 07:35:17.975]  Tuned to 47
[2016-11-15 07:35:18.075]  Tuned to 48
[2016-11-15 07:35:18.176]  Tuned to 49
[2016-11-15 07:35:18.277]  Tuned to 50
[2016-11-15 07:35:18.377]  Tuned to 51
[2016-11-15 07:35:18.478]  Tuned to 52
[2016-11-15 07:35:18.579]  Tuned to 53
[2016-11-15 07:35:18.680]  Tuned to 54
[2016-11-15 07:35:18.780]  Tuned to 55
[2016-11-15 07:35:18.881]  Tuned to 56
[2016-11-15 07:35:18.982]  Tuned to 57
[2016-11-15 07:35:19.082]  Tuned to 58
[2016-11-15 07:35:19.183]  Tuned to 59
[2016-11-15 07:35:19.283]  Tuned to 60
[2016-11-15 07:35:19.384]  Tuned to 61
[2016-11-15 07:35:19.485]  Tuned to 62
[2016-11-15 07:35:19.585]  Tuned to 63
[2016-11-15 07:35:19.686]  Tuned to 64
[2016-11-15 07:35:19.786]  Tuned to 65
[2016-11-15 07:35:19.887]  Tuned to 66
[2016-11-15 07:35:19.988]  Tuned to 67
[2016-11-15 07:35:20.088]  Tuned to 68
[2016-11-15 07:35:20.189]  Tuned to 69
[2016-11-15 07:35:20.290]  Tuned to 70
[2016-11-15 07:35:20.390]  Tuned to 71
[2016-11-15 07:35:20.491]  Tuned to 72
[2016-11-15 07:35:20.591]  Tuned to 73
[2016-11-15 07:35:20.692]  Tuned to 74
[2016-11-15 07:35:20.792]  Tuned to 75
[2016-11-15 07:35:20.893]  Tuned to 76
[2016-11-15 07:35:20.994]  Tuned to 77
[2016-11-15 07:35:21.094]  Tuned to 78
[2016-11-15 07:35:21.195]  Tuned to 79
[2016-11-15 07:35:21.296]  Tuned to 80
[2016-11-15 07:35:21.396]  Tuned to 81
[2016-11-15 07:35:21.497]  Tuned to 82
[2016-11-15 07:35:21.597]  Tuned to 83
[2016-11-15 07:35:21.698]  Tuned to 2
[2016-11-15 07:35:21.800]  Tuned to 3
[2016-11-15 07:35:21.901]  Tuned to 4
[2016-11-15 07:35:22.002]  Tuned to 5
[2016-11-15 07:35:22.102]  Tuned to 6
[2016-11-15 07:35:22.203]  Tuned to 7
[2016-11-15 07:35:22.303]  Tuned to 8
[2016-11-15 07:35:22.404]  Tuned to 9
[2016-11-15 07:35:22.505]  Tuned to 10
[2016-11-15 07:35:22.605]  Tuned to 11
[2016-11-15 07:35:22.706]  Tuned to 12
[2016-11-15 07:35:22.806]  Tuned to 13
[2016-11-15 07:35:22.907]  Tuned to 14
[2016-11-15 07:35:23.007]  Tuned to 15
[2016-11-15 07:35:23.108]  Tuned to 16
[2016-11-15 07:35:23.209]  Tuned to 17
[2016-11-15 07:35:23.309]  Tuned to 18
[2016-11-15 07:35:23.410]  Tuned to 19
[2016-11-15 07:35:23.510]  Tuned to 20
[2016-11-15 07:35:23.611]  Tuned to 21
[2016-11-15 07:35:23.712]  Tuned to 22
[2016-11-15 07:35:23.812]  Tuned to 23
[2016-11-15 07:35:23.913]  Tuned to 24
[2016-11-15 07:35:24.014]  Tuned to 25
[2016-11-15 07:35:24.114]  Tuned to 26
[2016-11-15 07:35:24.215]  Tuned to 27
[2016-11-15 07:35:24.315]  Tuned to 28
[2016-11-15 07:35:24.418]  Tuned to 29
[2016-11-15 07:35:24.518]  Tuned to 30
[2016-11-15 07:35:24.619]  Tuned to 31
[2016-11-15 07:35:24.720]  Tuned to 32
[2016-11-15 07:35:24.820]  Tuned to 33
[2016-11-15 07:35:24.921]  Tuned to 34
[2016-11-15 07:35:25.021]  Tuned to 35
[2016-11-15 07:35:25.122]  Tuned to 36
[2016-11-15 07:35:25.223]  Tuned to 37
[2016-11-15 07:35:25.323]  Tuned to 38
[2016-11-15 07:35:25.424]  Tuned to 39
[2016-11-15 07:35:25.525]  Tuned to 40
[2016-11-15 07:35:25.625]  Tuned to 41
[2016-11-15 07:35:25.726]  Tuned to 42
[2016-11-15 07:35:25.827]  Tuned to 43
[2016-11-15 07:35:25.927]  Tuned to 44
[2016-11-15 07:35:26.028]  Tuned to 45
[2016-11-15 07:35:26.129]  Tuned to 46
[2016-11-15 07:35:26.229]  Tuned to 47
[2016-11-15 07:35:26.330]  Tuned to 48
[2016-11-15 07:35:26.430]  Tuned to 49
[2016-11-15 07:35:26.532]  Tuned to 50
[2016-11-15 07:35:26.633]  Tuned to 51
[2016-11-15 07:35:26.733]  Tuned to 52
[2016-11-15 07:35:26.834]  Tuned to 53
[2016-11-15 07:35:26.935]  Tuned to 54
[2016-11-15 07:35:27.036]  Tuned to 55
[2016-11-15 07:35:27.137]  Tuned to 56
[2016-11-15 07:35:27.238]  Tuned to 57
[2016-11-15 07:35:27.338]  Tuned to 58
[2016-11-15 07:35:27.439]  Tuned to 59
[2016-11-15 07:35:27.540]  Tuned to 60
[2016-11-15 07:35:27.640]  Tuned to 61
[2016-11-15 07:35:27.741]  Tuned to 62
[2016-11-15 07:35:27.842]  Tuned to 63
[2016-11-15 07:35:27.942]  Tuned to 64
[2016-11-15 07:35:28.043]  Tuned to 65
[2016-11-15 07:35:28.144]  Tuned to 66
[2016-11-15 07:35:28.244]  Tuned to 67
[2016-11-15 07:35:28.345]  Tuned to 68
[2016-11-15 07:35:28.446]  Tuned to 69
[2016-11-15 07:35:28.546]  Tuned to 70
[2016-11-15 07:35:28.647]  Tuned to 71
[2016-11-15 07:35:28.747]  Tuned to 72
[2016-11-15 07:35:28.848]  Tuned to 73
[2016-11-15 07:35:28.949]  Tuned to 74
[2016-11-15 07:35:29.049]  Tuned to 75
[2016-11-15 07:35:29.150]  Tuned to 76
[2016-11-15 07:35:29.251]  Tuned to 77
[2016-11-15 07:35:29.351]  Tuned to 78
[2016-11-15 07:35:29.452]  Tuned to 79
[2016-11-15 07:35:29.552]  Tuned to 80
[2016-11-15 07:35:29.653]  Tuned to 81
[2016-11-15 07:35:29.754]  Tuned to 82
[2016-11-15 07:35:29.854]  Tuned to 83
[2016-11-15 07:35:29.955]  Tuned to 2
[2016-11-15 07:35:30.056]  Tuned to 3
[2016-11-15 07:35:30.156]  Tuned to 4
[2016-11-15 07:35:30.257]  Tuned to 5
[2016-11-15 07:35:30.358]  Tuned to 6
[2016-11-15 07:35:30.458]  Tuned to 7
[2016-11-15 07:35:30.559]  Tuned to 8
[2016-11-15 07:35:30.660]  Tuned to 9
[2016-11-15 07:35:30.760]  Tuned to 10
[2016-11-15 07:35:30.861]  Tuned to 11
[2016-11-15 07:35:30.962]  Tuned to 12
[2016-11-15 07:35:31.063]  Tuned to 13
[2016-11-15 07:35:31.163]  Tuned to 14
[2016-11-15 07:35:31.266]  Tuned to 15
[2016-11-15 07:35:31.366]  Tuned to 16
[2016-11-15 07:35:31.467]  Tuned to 17
[2016-11-15 07:35:31.568]  Tuned to 18
[2016-11-15 07:35:31.668]  Tuned to 19
[2016-11-15 07:35:31.769]  Tuned to 20
[2016-11-15 07:35:31.872]  Tuned to 21
[2016-11-15 07:35:31.973]  Tuned to 22
[2016-11-15 07:35:32.073]  Tuned to 23
[2016-11-15 07:35:32.174]  Tuned to 24
[2016-11-15 07:35:32.275]  Tuned to 25
[2016-11-15 07:35:32.376]  Tuned to 26
[2016-11-15 07:35:32.476]  Tuned to 27
[2016-11-15 07:35:32.577]  Tuned to 28
[2016-11-15 07:35:32.678]  Tuned to 29
[2016-11-15 07:35:32.778]  Tuned to 30
[2016-11-15 07:35:32.879]  Tuned to 31
[2016-11-15 07:35:32.979]  Tuned to 32
[2016-11-15 07:35:33.080]  Tuned to 33
[2016-11-15 07:35:33.180]  Tuned to 34
[2016-11-15 07:35:33.281]  Tuned to 35
[2016-11-15 07:35:33.382]  Tuned to 36
[2016-11-15 07:35:33.482]  Tuned to 37
[2016-11-15 07:35:33.583]  Tuned to 38
[2016-11-15 07:35:33.684]  Tuned to 39
[2016-11-15 07:35:33.785]  Tuned to 40
[2016-11-15 07:35:33.886]  Tuned to 41
[2016-11-15 07:35:33.986]  Tuned to 42
[2016-11-15 07:35:34.087]  Tuned to 43
[2016-11-15 07:35:34.188]  Tuned to 44
[2016-11-15 07:35:34.288]  Tuned to 45
[2016-11-15 07:35:34.389]  Tuned to 46
[2016-11-15 07:35:34.490]  Tuned to 47
[2016-11-15 07:35:34.591]  Tuned to 48
[2016-11-15 07:35:34.692]  Tuned to 49
[2016-11-15 07:35:34.793]  Tuned to 50
[2016-11-15 07:35:34.894]  Tuned to 51
[2016-11-15 07:35:34.994]  Tuned to 52
[2016-11-15 07:35:35.095]  Tuned to 53
[2016-11-15 07:35:35.196]  Tuned to 54
[2016-11-15 07:35:35.296]  Tuned to 55
[2016-11-15 07:35:35.398]  Tuned to 56
[2016-11-15 07:35:35.498]  Tuned to 57
[2016-11-15 07:35:35.600]  Tuned to 58
[2016-11-15 07:35:35.701]  Tuned to 59
[2016-11-15 07:35:35.801]  Tuned to 60
[2016-11-15 07:35:35.902]  Tuned to 61
[2016-11-15 07:35:36.002]  Tuned to 62
[2016-11-15 07:35:36.103]  Tuned to 63
[2016-11-15 07:35:36.205]  Tuned to 64
[2016-11-15 07:35:36.306]  Tuned to 65
[2016-11-15 07:35:36.407]  Tuned to 66
[2016-11-15 07:35:36.508]  Tuned to 67
[2016-11-15 07:35:36.610]  Tuned to 68
[2016-11-15 07:35:36.710]  Tuned to 69
[2016-11-15 07:35:36.811]  Tuned to 70
[2016-11-15 07:35:36.912]  Tuned to 71
[2016-11-15 07:35:37.012]  Tuned to 72
[2016-11-15 07:35:37.113]  Tuned to 73
[2016-11-15 07:35:37.214]  Tuned to 74
[2016-11-15 07:35:37.314]  Tuned to 75
[2016-11-15 07:35:37.415]  Tuned to 76
[2016-11-15 07:35:37.515]  Tuned to 77
[2016-11-15 07:35:37.617]  Tuned to 78
[2016-11-15 07:35:37.717]  Tuned to 79
[2016-11-15 07:35:37.818]  Tuned to 80
[2016-11-15 07:35:37.919]  Tuned to 81
[2016-11-15 07:35:38.019]  Tuned to 82
[2016-11-15 07:35:38.120]  Tuned to 83
[2016-11-15 07:35:38.221]  Tuned to 2
[2016-11-15 07:35:38.321]  Tuned to 3
[2016-11-15 07:35:38.422]  Tuned to 4
[2016-11-15 07:35:38.523]  Tuned to 5
[2016-11-15 07:35:38.623]  Tuned to 6
[2016-11-15 07:35:38.724]  Tuned to 7
[2016-11-15 07:35:38.825]  Tuned to 8
[2016-11-15 07:35:38.925]  Tuned to 9
[2016-11-15 07:35:39.026]  Tuned to 10
[2016-11-15 07:35:39.127]  Tuned to 11
[2016-11-15 07:35:39.227]  Tuned to 12
[2016-11-15 07:35:39.328]  Tuned to 13
[2016-11-15 07:35:39.428]  Tuned to 14
[2016-11-15 07:35:39.530]  Tuned to 15
[2016-11-15 07:35:39.631]  Tuned to 16
[2016-11-15 07:35:39.732]  Tuned to 17
[2016-11-15 07:35:39.832]  Tuned to 18
[2016-11-15 07:35:39.933]  Tuned to 19
[2016-11-15 07:35:40.034]  Tuned to 20
[2016-11-15 07:35:40.134]  Tuned to 21
[2016-11-15 07:35:40.235]  Tuned to 22
[2016-11-15 07:35:40.335]  Tuned to 23
[2016-11-15 07:35:40.436]  Tuned to 24
[2016-11-15 07:35:40.536]  Tuned to 25
[2016-11-15 07:35:40.637]  Tuned to 26
[2016-11-15 07:35:40.738]  Tuned to 27
[2016-11-15 07:35:40.838]  Tuned to 28
[2016-11-15 07:35:40.939]  Tuned to 29
[2016-11-15 07:35:41.040]  Tuned to 30
[2016-11-15 07:35:41.140]  Tuned to 31
[2016-11-15 07:35:41.241]  Tuned to 32
[2016-11-15 07:35:41.342]  Tuned to 33
[2016-11-15 07:35:41.443]  Tuned to 34
[2016-11-15 07:35:41.544]  Tuned to 35
[2016-11-15 07:35:41.644]  Tuned to 36
[2016-11-15 07:35:41.745]  Tuned to 37
[2016-11-15 07:35:41.845]  Tuned to 38
[2016-11-15 07:35:41.946]  Tuned to 39
[2016-11-15 07:35:42.047]  Tuned to 40
[2016-11-15 07:35:42.148]  Tuned to 41
[2016-11-15 07:35:42.249]  Tuned to 42
[2016-11-15 07:35:42.350]  Tuned to 43
[2016-11-15 07:35:42.450]  Tuned to 44
[2016-11-15 07:35:42.551]  Tuned to 45
[2016-11-15 07:35:42.652]  Tuned to 46
[2016-11-15 07:35:42.752]  Tuned to 47
[2016-11-15 07:35:42.853]  Tuned to 48
[2016-11-15 07:35:42.954]  Tuned to 49
[2016-11-15 07:35:43.055]  Tuned to 50
[2016-11-15 07:35:43.155]  Tuned to 51
[2016-11-15 07:35:43.256]  Tuned to 52
[2016-11-15 07:35:43.357]  Tuned to 53
[2016-11-15 07:35:43.457]  Tuned to 54
[2016-11-15 07:35:43.559]  Tuned to 55
[2016-11-15 07:35:43.660]  Tuned to 56
[2016-11-15 07:35:43.761]  Tuned to 57
[2016-11-15 07:35:43.861]  Tuned to 58
[2016-11-15 07:35:43.962]  Tuned to 59
[2016-11-15 07:35:44.063]  Tuned to 60
[2016-11-15 07:35:44.163]  Tuned to 61
[2016-11-15 07:35:44.264]  Tuned to 62
[2016-11-15 07:35:44.365]  Tuned to 63
[2016-11-15 07:35:44.465]  Tuned to 64
[2016-11-15 07:35:44.566]  Tuned to 65
[2016-11-15 07:35:44.667]  Tuned to 66
[2016-11-15 07:35:44.767]  Tuned to 67
[2016-11-15 07:35:44.868]  Tuned to 68
[2016-11-15 07:35:44.969]  Tuned to 69
[2016-11-15 07:35:45.069]  Tuned to 70
[2016-11-15 07:35:45.170]  Tuned to 71
[2016-11-15 07:35:45.270]  Tuned to 72
[2016-11-15 07:35:45.371]  Tuned to 73
[2016-11-15 07:35:45.472]  Tuned to 74
[2016-11-15 07:35:45.572]  Tuned to 75
[2016-11-15 07:35:45.673]  Tuned to 76
[2016-11-15 07:35:45.774]  Tuned to 77
[2016-11-15 07:35:45.874]  Tuned to 78
[2016-11-15 07:35:45.975]  Tuned to 79
[2016-11-15 07:35:46.077]  Tuned to 80
[2016-11-15 07:35:46.177]  Tuned to 81
[2016-11-15 07:35:46.278]  Tuned to 82
[2016-11-15 07:35:46.379]  Tuned to 83
[2016-11-15 07:35:46.479]  Tuned to 2
[2016-11-15 07:35:46.580]  Tuned to 3
[2016-11-15 07:35:46.680]  Tuned to 4
[2016-11-15 07:35:46.781]  Tuned to 5
[2016-11-15 07:35:46.882]  Tuned to 6
[2016-11-15 07:35:46.982]  Tuned to 7
[2016-11-15 07:35:47.083]  Tuned to 8
[2016-11-15 07:35:47.184]  Tuned to 9
[2016-11-15 07:35:47.284]  Tuned to 10
[2016-11-15 07:35:47.385]  Tuned to 11
[2016-11-15 07:35:47.488]  Tuned to 12
[2016-11-15 07:35:47.588]  Tuned to 13
[2016-11-15 07:35:47.689]  Tuned to 14
[2016-11-15 07:35:47.789]  Tuned to 15
[2016-11-15 07:35:47.890]  Tuned to 16
[2016-11-15 07:35:47.991]  Tuned to 17
[2016-11-15 07:35:48.092]  Tuned to 18
[2016-11-15 07:35:48.193]  Tuned to 19
[2016-11-15 07:35:48.293]  Tuned to 20
[2016-11-15 07:35:48.394]  Tuned to 21
[2016-11-15 07:35:48.495]  Tuned to 22
[2016-11-15 07:35:48.595]  Tuned to 23
[2016-11-15 07:35:48.696]  Tuned to 24
[2016-11-15 07:35:48.797]  Tuned to 25
[2016-11-15 07:35:48.899]  Tuned to 26
[2016-11-15 07:35:48.999]  Tuned to 27
[2016-11-15 07:35:49.100]  Tuned to 28
[2016-11-15 07:35:49.200]  Tuned to 29
[2016-11-15 07:35:49.301]  Tuned to 30
[2016-11-15 07:35:49.403]  Tuned to 31
[2016-11-15 07:35:49.504]  Tuned to 32
[2016-11-15 07:35:49.604]  Tuned to 33
[2016-11-15 07:35:49.705]  Tuned to 34
[2016-11-15 07:35:49.806]  Tuned to 35
[2016-11-15 07:35:49.906]  Tuned to 36
[2016-11-15 07:35:50.007]  Tuned to 37
[2016-11-15 07:35:50.108]  Tuned to 38
[2016-11-15 07:35:50.208]  Tuned to 39
[2016-11-15 07:35:50.309]  Tuned to 40
[2016-11-15 07:35:50.410]  Tuned to 41
[2016-11-15 07:35:50.510]  Tuned to 42
[2016-11-15 07:35:50.611]  Tuned to 43
[2016-11-15 07:35:50.712]  Tuned to 44
[2016-11-15 07:35:50.812]  Tuned to 45
[2016-11-15 07:35:50.913]  Tuned to 46
[2016-11-15 07:35:51.014]  Tuned to 47
[2016-11-15 07:35:51.114]  Tuned to 48
[2016-11-15 07:35:51.215]  Tuned to 49
[2016-11-15 07:35:51.316]  Tuned to 50
[2016-11-15 07:35:51.417]  Tuned to 51
[2016-11-15 07:35:51.517]  Tuned to 52
[2016-11-15 07:35:51.618]  Tuned to 53
[2016-11-15 07:35:51.718]  Tuned to 54
[2016-11-15 07:35:51.819]  Tuned to 55
[2016-11-15 07:35:51.919]  Tuned to 56
[2016-11-15 07:35:52.020]  Tuned to 57
[2016-11-15 07:35:52.121]  Tuned to 58
[2016-11-15 07:35:52.221]  Tuned to 59
[2016-11-15 07:35:52.322]  Tuned to 60
[2016-11-15 07:35:52.422]  Tuned to 61
[2016-11-15 07:35:52.523]  Tuned to 62
[2016-11-15 07:35:52.624]  Tuned to 63
[2016-11-15 07:35:52.724]  Tuned to 64
[2016-11-15 07:35:52.825]  Tuned to 65
[2016-11-15 07:35:52.925]  Tuned to 66
[2016-11-15 07:35:53.026]  Tuned to 67
[2016-11-15 07:35:53.127]  Tuned to 68
[2016-11-15 07:35:53.228]  Tuned to 69
[2016-11-15 07:35:53.328]  Tuned to 70
[2016-11-15 07:35:53.429]  Tuned to 71
[2016-11-15 07:35:53.530]  Tuned to 72
[2016-11-15 07:35:53.631]  Tuned to 73
[2016-11-15 07:35:53.731]  Tuned to 74
[2016-11-15 07:35:53.832]  Tuned to 75
[2016-11-15 07:35:53.933]  Tuned to 76
[2016-11-15 07:35:54.033]  Tuned to 77
[2016-11-15 07:35:54.134]  Tuned to 78
[2016-11-15 07:35:54.234]  Tuned to 79
[2016-11-15 07:35:54.335]  Tuned to 80
[2016-11-15 07:35:54.435]  Tuned to 81
[2016-11-15 07:35:54.536]  Tuned to 82
[2016-11-15 07:35:54.636]  Tuned to 83
[2016-11-15 07:35:54.737]  Tuned to 2
[2016-11-15 07:35:54.838]  Tuned to 3
[2016-11-15 07:35:54.938]  Tuned to 4
[2016-11-15 07:35:55.039]  Tuned to 5
[2016-11-15 07:35:55.140]  Tuned to 6
[2016-11-15 07:35:55.240]  Tuned to 7
[2016-11-15 07:35:55.341]  Tuned to 8
[2016-11-15 07:35:55.442]  Tuned to 9
[2016-11-15 07:35:55.542]  Tuned to 10
[2016-11-15 07:35:55.643]  Tuned to 11
[2016-11-15 07:35:55.744]  Tuned to 12
[2016-11-15 07:35:55.844]  Tuned to 13
[2016-11-15 07:35:55.945]  Tuned to 14
[2016-11-15 07:35:56.046]  Tuned to 15
[2016-11-15 07:35:56.146]  Tuned to 16
[2016-11-15 07:35:56.247]  Tuned to 17
[2016-11-15 07:35:56.348]  Tuned to 18
[2016-11-15 07:35:56.449]  Tuned to 19
[2016-11-15 07:35:56.549]  Tuned to 20
[2016-11-15 07:35:56.650]  Tuned to 21
[2016-11-15 07:35:56.751]  Tuned to 22
[2016-11-15 07:35:56.852]  Tuned to 23
[2016-11-15 07:35:56.953]  Tuned to 24
[2016-11-15 07:35:57.054]  Tuned to 25
[2016-11-15 07:35:57.154]  Tuned to 26
[2016-11-15 07:35:57.255]  Tuned to 27
[2016-11-15 07:35:57.355]  Tuned to 28
[2016-11-15 07:35:57.456]  Tuned to 29
[2016-11-15 07:35:57.556]  Tuned to 30
[2016-11-15 07:35:57.657]  Tuned to 31
[2016-11-15 07:35:57.758]  Tuned to 32
[2016-11-15 07:35:57.858]  Tuned to 33
[2016-11-15 07:35:57.959]  Tuned to 34
[2016-11-15 07:35:58.060]  Tuned to 35
[2016-11-15 07:35:58.160]  Tuned to 36
[2016-11-15 07:35:58.261]  Tuned to 37
[2016-11-15 07:35:58.361]  Tuned to 38
[2016-11-15 07:35:58.462]  Tuned to 39
[2016-11-15 07:35:58.562]  Tuned to 40
[2016-11-15 07:35:58.663]  Tuned to 41
[2016-11-15 07:35:58.764]  Tuned to 42
[2016-11-15 07:35:58.864]  Tuned to 43
[2016-11-15 07:35:58.965]  Tuned to 44
[2016-11-15 07:35:59.066]  Tuned to 45
[2016-11-15 07:35:59.166]  Tuned to 46
[2016-11-15 07:35:59.267]  Tuned to 47
[2016-11-15 07:35:59.368]  Tuned to 48
[2016-11-15 07:35:59.468]  Tuned to 49
[2016-11-15 07:35:59.569]  Tuned to 50
[2016-11-15 07:35:59.669]  Tuned to 51
[2016-11-15 07:35:59.770]  Tuned to 52
[2016-11-15 07:35:59.871]  Tuned to 53
[2016-11-15 07:35:59.971]  Tuned to 54
[2016-11-15 07:36:00.072]  Tuned to 55
[2016-11-15 07:36:00.173]  Tuned to 56
[2016-11-15 07:36:00.273]  Tuned to 57
[2016-11-15 07:36:00.374]  Tuned to 58
[2016-11-15 07:36:00.475]  Tuned to 59
[2016-11-15 07:36:00.577]  Tuned to 60
[2016-11-15 07:36:00.677]  Tuned to 61
[2016-11-15 07:36:00.778]  Tuned to 62
[2016-11-15 07:36:00.879]  Tuned to 63
[2016-11-15 07:36:00.979]  Tuned to 64
[2016-11-15 07:36:01.080]  Tuned to 65
[2016-11-15 07:36:01.180]  Tuned to 66
[2016-11-15 07:36:01.281]  Tuned to 67
[2016-11-15 07:36:01.382]  Tuned to 68
[2016-11-15 07:36:01.482]  Tuned to 69
[2016-11-15 07:36:01.583]  Tuned to 70
[2016-11-15 07:36:01.683]  Tuned to 71
[2016-11-15 07:36:01.784]  Tuned to 72
[2016-11-15 07:36:01.885]  Tuned to 73
[2016-11-15 07:36:01.985]  Tuned to 74
[2016-11-15 07:36:02.086]  Tuned to 75
[2016-11-15 07:36:02.187]  Tuned to 76
[2016-11-15 07:36:02.287]  Tuned to 77
[2016-11-15 07:36:02.388]  Tuned to 78
[2016-11-15 07:36:02.489]  Tuned to 79
[2016-11-15 07:36:02.589]  Tuned to 80
[2016-11-15 07:36:02.689]  Tuned to 81
[2016-11-15 07:36:02.790]  Tuned to 82
[2016-11-15 07:36:02.891]  Tuned to 83
[2016-11-15 07:36:02.992]  Tuned to 2
[2016-11-15 07:36:03.092]  Tuned to 3
[2016-11-15 07:36:03.193]  Tuned to 4
[2016-11-15 07:36:03.294]  Tuned to 5
[2016-11-15 07:36:03.394]  Tuned to 6
[2016-11-15 07:36:03.495]  Tuned to 7
[2016-11-15 07:36:03.597]  Tuned to 8
[2016-11-15 07:36:03.700]  Tuned to 9
[2016-11-15 07:36:03.800]  Tuned to 10
[2016-11-15 07:36:03.901]  Tuned to 11
[2016-11-15 07:36:04.004]  Tuned to 12
[2016-11-15 07:36:04.104]  Tuned to 13
[2016-11-15 07:36:04.205]  Tuned to 14
[2016-11-15 07:36:04.306]  Tuned to 15
[2016-11-15 07:36:04.406]  Tuned to 16
[2016-11-15 07:36:04.507]  Tuned to 17
[2016-11-15 07:36:04.608]  Tuned to 18
[2016-11-15 07:36:04.708]  Tuned to 19
[2016-11-15 07:36:04.809]  Tuned to 20
[2016-11-15 07:36:04.910]  Tuned to 21
[2016-11-15 07:36:05.010]  Tuned to 22
[2016-11-15 07:36:05.111]  Tuned to 23
[2016-11-15 07:36:05.211]  Tuned to 24
[2016-11-15 07:36:05.312]  Tuned to 25
[2016-11-15 07:36:05.413]  Tuned to 26
[2016-11-15 07:36:05.513]  Tuned to 27
[2016-11-15 07:36:05.614]  Tuned to 28
[2016-11-15 07:36:05.715]  Tuned to 29
[2016-11-15 07:36:05.816]  Tuned to 30
[2016-11-15 07:36:05.916]  Tuned to 31
[2016-11-15 07:36:06.018]  Tuned to 32
[2016-11-15 07:36:06.118]  Tuned to 33
[2016-11-15 07:36:06.219]  Tuned to 34
[2016-11-15 07:36:06.320]  Tuned to 35
[2016-11-15 07:36:06.420]  Tuned to 36
[2016-11-15 07:36:06.521]  Tuned to 37
[2016-11-15 07:36:06.622]  Tuned to 38
[2016-11-15 07:36:06.722]  Tuned to 39
[2016-11-15 07:36:06.823]  Tuned to 40
[2016-11-15 07:36:06.924]  Tuned to 41
[2016-11-15 07:36:07.024]  Tuned to 42
[2016-11-15 07:36:07.125]  Tuned to 43
[2016-11-15 07:36:07.225]  Tuned to 44
[2016-11-15 07:36:07.326]  Tuned to 45
[2016-11-15 07:36:07.427]  Tuned to 46
[2016-11-15 07:36:07.527]  Tuned to 47
[2016-11-15 07:36:07.628]  Tuned to 48
[2016-11-15 07:36:07.728]  Tuned to 49
[2016-11-15 07:36:07.829]  Tuned to 50
[2016-11-15 07:36:07.930]  Tuned to 51
[2016-11-15 07:36:08.030]  Tuned to 52
[2016-11-15 07:36:08.131]  Tuned to 53
[2016-11-15 07:36:08.233]  Tuned to 54
[2016-11-15 07:36:08.334]  Tuned to 55
[2016-11-15 07:36:08.436]  Tuned to 56
[2016-11-15 07:36:08.536]  Tuned to 57
[2016-11-15 07:36:08.637]  Tuned to 58
[2016-11-15 07:36:08.738]  Tuned to 59
[2016-11-15 07:36:08.839]  Tuned to 60
[2016-11-15 07:36:08.939]  Tuned to 61
[2016-11-15 07:36:09.040]  Tuned to 62
[2016-11-15 07:36:09.141]  Tuned to 63
[2016-11-15 07:36:09.241]  Tuned to 64
[2016-11-15 07:36:09.342]  Tuned to 65
[2016-11-15 07:36:09.443]  Tuned to 66
[2016-11-15 07:36:09.544]  Tuned to 67
[2016-11-15 07:36:09.644]  Tuned to 68
[2016-11-15 07:36:09.745]  Tuned to 69
[2016-11-15 07:36:09.846]  Tuned to 70
[2016-11-15 07:36:09.948]  Tuned to 71
[2016-11-15 07:36:10.049]  Tuned to 72
[2016-11-15 07:36:10.150]  Tuned to 73
[2016-11-15 07:36:10.251]  Tuned to 74
[2016-11-15 07:36:10.351]  Tuned to 75
[2016-11-15 07:36:10.452]  Tuned to 76
[2016-11-15 07:36:10.552]  Tuned to 77
[2016-11-15 07:36:10.653]  Tuned to 78
[2016-11-15 07:36:10.754]  Tuned to 79
[2016-11-15 07:36:10.854]  Tuned to 80
[2016-11-15 07:36:10.955]  Tuned to 81
[2016-11-15 07:36:11.056]  Tuned to 82
[2016-11-15 07:36:11.156]  Tuned to 83
[2016-11-15 07:36:11.258]  Tuned to 2
[2016-11-15 07:36:11.358]  Tuned to 3
[2016-11-15 07:36:11.459]  Tuned to 4
[2016-11-15 07:36:11.560]  Tuned to 5
[2016-11-15 07:36:11.663]  Tuned to 6
[2016-11-15 07:36:11.765]  Tuned to 7
[2016-11-15 07:36:11.866]  Tuned to 8
[2016-11-15 07:36:11.966]  Tuned to 9
[2016-11-15 07:36:12.067]  Tuned to 10
[2016-11-15 07:36:12.167]  Tuned to 11
[2016-11-15 07:36:12.269]  Tuned to 12
[2016-11-15 07:36:12.369]  Tuned to 13
[2016-11-15 07:36:12.470]  Tuned to 14
[2016-11-15 07:36:12.571]  Tuned to 15
[2016-11-15 07:36:12.671]  Tuned to 16
[2016-11-15 07:36:12.772]  Tuned to 17
[2016-11-15 07:36:12.872]  Tuned to 18
[2016-11-15 07:36:12.973]  Tuned to 19
[2016-11-15 07:36:13.074]  Tuned to 20
[2016-11-15 07:36:13.174]  Tuned to 21
[2016-11-15 07:36:13.275]  Tuned to 22
[2016-11-15 07:36:13.375]  Tuned to 23
[2016-11-15 07:36:13.476]  Tuned to 24
[2016-11-15 07:36:13.576]  Tuned to 25
[2016-11-15 07:36:13.677]  Tuned to 26
[2016-11-15 07:36:13.779]  Tuned to 27
[2016-11-15 07:36:13.880]  Tuned to 28
[2016-11-15 07:36:13.981]  Tuned to 29
[2016-11-15 07:36:14.081]  Tuned to 30
[2016-11-15 07:36:14.182]  Tuned to 31
[2016-11-15 07:36:14.283]  Tuned to 32
[2016-11-15 07:36:14.383]  Tuned to 33
[2016-11-15 07:36:14.484]  Tuned to 34
[2016-11-15 07:36:14.584]  Tuned to 35
[2016-11-15 07:36:14.687]  Tuned to 36
[2016-11-15 07:36:14.788]  Tuned to 37
[2016-11-15 07:36:14.888]  Tuned to 38
[2016-11-15 07:36:14.989]  Tuned to 39
[2016-11-15 07:36:15.089]  Tuned to 40
[2016-11-15 07:36:15.190]  Tuned to 41
[2016-11-15 07:36:15.291]  Tuned to 42
[2016-11-15 07:36:15.391]  Tuned to 43
[2016-11-15 07:36:15.492]  Tuned to 44
[2016-11-15 07:36:15.593]  Tuned to 45
[2016-11-15 07:36:15.693]  Tuned to 46
[2016-11-15 07:36:15.794]  Tuned to 47
[2016-11-15 07:36:15.894]  Tuned to 48
[2016-11-15 07:36:15.995]  Tuned to 49
[2016-11-15 07:36:16.095]  Tuned to 50
[2016-11-15 07:36:16.196]  Tuned to 51
[2016-11-15 07:36:16.297]  Tuned to 52
[2016-11-15 07:36:16.398]  Tuned to 53
[2016-11-15 07:36:16.499]  Tuned to 54
[2016-11-15 07:36:16.599]  Tuned to 55
[2016-11-15 07:36:16.700]  Tuned to 56
[2016-11-15 07:36:16.801]  Tuned to 57
[2016-11-15 07:36:16.902]  Tuned to 58
[2016-11-15 07:36:17.002]  Tuned to 59
[2016-11-15 07:36:17.103]  Tuned to 60
[2016-11-15 07:36:17.204]  Tuned to 61
[2016-11-15 07:36:17.304]  Tuned to 62
[2016-11-15 07:36:17.405]  Tuned to 63
[2016-11-15 07:36:17.506]  Tuned to 64
[2016-11-15 07:36:17.607]  Tuned to 65
[2016-11-15 07:36:17.708]  Tuned to 66
[2016-11-15 07:36:17.808]  Tuned to 67
[2016-11-15 07:36:17.909]  Tuned to 68
[2016-11-15 07:36:18.010]  Tuned to 69
[2016-11-15 07:36:18.110]  Tuned to 70
[2016-11-15 07:36:18.211]  Tuned to 71
[2016-11-15 07:36:18.312]  Tuned to 72
[2016-11-15 07:36:18.412]  Tuned to 73
[2016-11-15 07:36:18.513]  Tuned to 74
[2016-11-15 07:36:18.614]  Tuned to 75
[2016-11-15 07:36:18.715]  Tuned to 76
[2016-11-15 07:36:18.815]  Tuned to 77
[2016-11-15 07:36:18.916]  Tuned to 78
[2016-11-15 07:36:19.017]  Tuned to 79
[2016-11-15 07:36:19.118]  Tuned to 80
[2016-11-15 07:36:19.218]  Tuned to 81
[2016-11-15 07:36:19.319]  Tuned to 82
[2016-11-15 07:36:19.420]  Tuned to 83
[2016-11-15 07:36:19.520]  Tuned to 2
[2016-11-15 07:36:19.621]  Tuned to 3
[2016-11-15 07:36:19.722]  Tuned to 4
[2016-11-15 07:36:19.823]  Tuned to 5
[2016-11-15 07:36:19.923]  Tuned to 6
[2016-11-15 07:36:20.024]  Tuned to 7
[2016-11-15 07:36:20.125]  Tuned to 8
[2016-11-15 07:36:20.226]  Tuned to 9
[2016-11-15 07:36:20.326]  Tuned to 10
[2016-11-15 07:36:20.427]  Tuned to 11
[2016-11-15 07:36:20.527]  Tuned to 12
[2016-11-15 07:36:20.628]  Tuned to 13
[2016-11-15 07:36:20.729]  Tuned to 14
[2016-11-15 07:36:20.829]  Tuned to 15
[2016-11-15 07:36:20.930]  Tuned to 16
[2016-11-15 07:36:21.031]  Tuned to 17
[2016-11-15 07:36:21.131]  Tuned to 18
[2016-11-15 07:36:21.232]  Tuned to 19
[2016-11-15 07:36:21.332]  Tuned to 20
[2016-11-15 07:36:21.436]  Tuned to 21
[2016-11-15 07:36:21.536]  Tuned to 22
[2016-11-15 07:36:21.637]  Tuned to 23
[2016-11-15 07:36:21.738]  Tuned to 24
[2016-11-15 07:36:21.838]  Tuned to 25
[2016-11-15 07:36:21.939]  Tuned to 26
[2016-11-15 07:36:22.040]  Tuned to 27
[2016-11-15 07:36:22.140]  Tuned to 28
[2016-11-15 07:36:22.241]  Tuned to 29
[2016-11-15 07:36:22.341]  Tuned to 30
[2016-11-15 07:36:22.442]  Tuned to 31
[2016-11-15 07:36:22.543]  Tuned to 32
[2016-11-15 07:36:22.643]  Tuned to 33
[2016-11-15 07:36:22.744]  Tuned to 34
[2016-11-15 07:36:22.845]  Tuned to 35
[2016-11-15 07:36:22.945]  Tuned to 36
[2016-11-15 07:36:23.046]  Tuned to 37
[2016-11-15 07:36:23.147]  Tuned to 38
[2016-11-15 07:36:23.247]  Tuned to 39
[2016-11-15 07:36:23.348]  Tuned to 40
[2016-11-15 07:36:23.449]  Tuned to 41
[2016-11-15 07:36:23.549]  Tuned to 42
[2016-11-15 07:36:23.650]  Tuned to 43
[2016-11-15 07:36:23.750]  Tuned to 44
[2016-11-15 07:36:23.851]  Tuned to 45
[2016-11-15 07:36:23.952]  Tuned to 46
[2016-11-15 07:36:24.052]  Tuned to 47
[2016-11-15 07:36:24.153]  Tuned to 48
[2016-11-15 07:36:24.253]  Tuned to 49
[2016-11-15 07:36:24.354]  Tuned to 50
[2016-11-15 07:36:24.455]  Tuned to 51
[2016-11-15 07:36:24.555]  Tuned to 52
[2016-11-15 07:36:24.656]  Tuned to 53
[2016-11-15 07:36:24.756]  Tuned to 54
[2016-11-15 07:36:24.857]  Tuned to 55
[2016-11-15 07:36:24.958]  Tuned to 56
[2016-11-15 07:36:25.058]  Tuned to 57
[2016-11-15 07:36:25.159]  Tuned to 58
[2016-11-15 07:36:25.260]  Tuned to 59
[2016-11-15 07:36:25.360]  Tuned to 60
[2016-11-15 07:36:25.461]  Tuned to 61
[2016-11-15 07:36:25.562]  Tuned to 62
[2016-11-15 07:36:25.663]  Tuned to 63
[2016-11-15 07:36:25.763]  Tuned to 64
[2016-11-15 07:36:25.864]  Tuned to 65
[2016-11-15 07:36:25.964]  Tuned to 66
[2016-11-15 07:36:26.065]  Tuned to 67
[2016-11-15 07:36:26.166]  Tuned to 68
[2016-11-15 07:36:26.266]  Tuned to 69
[2016-11-15 07:36:26.367]  Tuned to 70
[2016-11-15 07:36:26.468]  Tuned to 71
[2016-11-15 07:36:26.568]  Tuned to 72
[2016-11-15 07:36:26.669]  Tuned to 73
[2016-11-15 07:36:26.771]  Tuned to 74
[2016-11-15 07:36:26.871]  Tuned to 75
[2016-11-15 07:36:26.972]  Tuned to 76
[2016-11-15 07:36:27.073]  Tuned to 77
[2016-11-15 07:36:27.173]  Tuned to 78
[2016-11-15 07:36:27.274]  Tuned to 79
[2016-11-15 07:36:27.375]  Tuned to 80
[2016-11-15 07:36:27.476]  Tuned to 81
[2016-11-15 07:36:27.576]  Tuned to 82
[2016-11-15 07:36:27.677]  Tuned to 83
[2016-11-15 07:36:27.777]  Tuned to 2
[2016-11-15 07:36:27.878]  Tuned to 3
[2016-11-15 07:36:27.979]  Tuned to 4
[2016-11-15 07:36:28.079]  Tuned to 5
[2016-11-15 07:36:28.180]  Tuned to 6
[2016-11-15 07:36:28.280]  Tuned to 7
[2016-11-15 07:36:28.381]  Tuned to 8
[2016-11-15 07:36:28.482]  Tuned to 9
[2016-11-15 07:36:28.583]  Tuned to 10
[2016-11-15 07:36:28.683]  Tuned to 11
[2016-11-15 07:36:28.784]  Tuned to 12
[2016-11-15 07:36:28.885]  Tuned to 13
[2016-11-15 07:36:28.985]  Tuned to 14
[2016-11-15 07:36:29.086]  Tuned to 15
[2016-11-15 07:36:29.186]  Tuned to 16
[2016-11-15 07:36:29.287]  Tuned to 17
[2016-11-15 07:36:29.388]  Tuned to 18
[2016-11-15 07:36:29.488]  Tuned to 19
[2016-11-15 07:36:29.589]  Tuned to 20
[2016-11-15 07:36:29.690]  Tuned to 21
[2016-11-15 07:36:29.790]  Tuned to 22
[2016-11-15 07:36:29.891]  Tuned to 23
[2016-11-15 07:36:29.991]  Tuned to 24
[2016-11-15 07:36:30.092]  Tuned to 25
[2016-11-15 07:36:30.193]  Tuned to 26
[2016-11-15 07:36:30.293]  Tuned to 27
[2016-11-15 07:36:30.394]  Tuned to 28
[2016-11-15 07:36:30.494]  Tuned to 29
[2016-11-15 07:36:30.595]  Tuned to 30
[2016-11-15 07:36:30.696]  Tuned to 31
[2016-11-15 07:36:30.796]  Tuned to 32
[2016-11-15 07:36:30.897]  Tuned to 33
[2016-11-15 07:36:30.998]  Tuned to 34
[2016-11-15 07:36:31.098]  Tuned to 35
[2016-11-15 07:36:31.199]  Tuned to 36
[2016-11-15 07:36:31.299]  Tuned to 37
[2016-11-15 07:36:31.400]  Tuned to 38
[2016-11-15 07:36:31.501]  Tuned to 39
[2016-11-15 07:36:31.601]  Tuned to 40
[2016-11-15 07:36:31.702]  Tuned to 41
[2016-11-15 07:36:31.803]  Tuned to 42
[2016-11-15 07:36:31.904]  Tuned to 43
[2016-11-15 07:36:32.005]  Tuned to 44
[2016-11-15 07:36:32.105]  Tuned to 45
[2016-11-15 07:36:32.206]  Tuned to 46
[2016-11-15 07:36:32.307]  Tuned to 47
[2016-11-15 07:36:32.407]  Tuned to 48
[2016-11-15 07:36:32.508]  Tuned to 49
[2016-11-15 07:36:32.609]  Tuned to 50
[2016-11-15 07:36:32.709]  Tuned to 51
[2016-11-15 07:36:32.810]  Tuned to 52
[2016-11-15 07:36:32.910]  Tuned to 53
[2016-11-15 07:36:33.011]  Tuned to 54
[2016-11-15 07:36:33.112]  Tuned to 55
[2016-11-15 07:36:33.212]  Tuned to 56
[2016-11-15 07:36:33.313]  Tuned to 57
[2016-11-15 07:36:33.413]  Tuned to 58
[2016-11-15 07:36:33.514]  Tuned to 59
[2016-11-15 07:36:33.615]  Tuned to 60
[2016-11-15 07:36:33.715]  Tuned to 61
[2016-11-15 07:36:33.816]  Tuned to 62
[2016-11-15 07:36:33.917]  Tuned to 63
[2016-11-15 07:36:34.018]  Tuned to 64
[2016-11-15 07:36:34.119]  Tuned to 65
[2016-11-15 07:36:34.219]  Tuned to 66
[2016-11-15 07:36:34.320]  Tuned to 67
[2016-11-15 07:36:34.420]  Tuned to 68
[2016-11-15 07:36:34.521]  Tuned to 69
[2016-11-15 07:36:34.622]  Tuned to 70
[2016-11-15 07:36:34.722]  Tuned to 71
[2016-11-15 07:36:34.823]  Tuned to 72
[2016-11-15 07:36:34.924]  Tuned to 73
[2016-11-15 07:36:35.025]  Tuned to 74
[2016-11-15 07:36:35.125]  Tuned to 75
[2016-11-15 07:36:35.226]  Tuned to 76
[2016-11-15 07:36:35.327]  Tuned to 77
[2016-11-15 07:36:35.427]  Tuned to 78
[2016-11-15 07:36:35.529]  Tuned to 79
[2016-11-15 07:36:35.629]  Tuned to 80
[2016-11-15 07:36:35.730]  Tuned to 81
[2016-11-15 07:36:35.831]  Tuned to 82
[2016-11-15 07:36:35.931]  Tuned to 83
[2016-11-15 07:36:36.032]  Tuned to 2
[2016-11-15 07:36:36.132]  Tuned to 3
[2016-11-15 07:36:36.233]  Tuned to 4
[2016-11-15 07:36:36.334]  Tuned to 5
[2016-11-15 07:36:36.434]  Tuned to 6
[2016-11-15 07:36:36.535]  Tuned to 7
[2016-11-15 07:36:36.636]  Tuned to 8
[2016-11-15 07:36:36.737]  Tuned to 9
[2016-11-15 07:36:36.837]  Tuned to 10
[2016-11-15 07:36:36.938]  Tuned to 11
[2016-11-15 07:36:37.038]  Tuned to 12
[2016-11-15 07:36:37.139]  Tuned to 13
[2016-11-15 07:36:37.240]  Tuned to 14
[2016-11-15 07:36:37.341]  Tuned to 15
[2016-11-15 07:36:37.441]  Tuned to 16
[2016-11-15 07:36:37.542]  Tuned to 17
[2016-11-15 07:36:37.643]  Tuned to 18
[2016-11-15 07:36:37.743]  Tuned to 19
[2016-11-15 07:36:37.844]  Tuned to 20
[2016-11-15 07:36:37.945]  Tuned to 21
[2016-11-15 07:36:38.046]  Tuned to 22
[2016-11-15 07:36:38.146]  Tuned to 23
[2016-11-15 07:36:38.248]  Tuned to 24
[2016-11-15 07:36:38.349]  Tuned to 25
[2016-11-15 07:36:38.450]  Tuned to 26
[2016-11-15 07:36:38.550]  Tuned to 27
[2016-11-15 07:36:38.651]  Tuned to 28
[2016-11-15 07:36:38.752]  Tuned to 29
[2016-11-15 07:36:38.852]  Tuned to 30
[2016-11-15 07:36:38.953]  Tuned to 31
[2016-11-15 07:36:39.054]  Tuned to 32
[2016-11-15 07:36:39.154]  Tuned to 33
[2016-11-15 07:36:39.255]  Tuned to 34
[2016-11-15 07:36:39.355]  Tuned to 35
[2016-11-15 07:36:39.456]  Tuned to 36
[2016-11-15 07:36:39.557]  Tuned to 37
[2016-11-15 07:36:39.657]  Tuned to 38
[2016-11-15 07:36:39.758]  Tuned to 39
[2016-11-15 07:36:39.859]  Tuned to 40
[2016-11-15 07:36:39.959]  Tuned to 41
[2016-11-15 07:36:40.060]  Tuned to 42
[2016-11-15 07:36:40.161]  Tuned to 43
[2016-11-15 07:36:40.261]  Tuned to 44
[2016-11-15 07:36:40.362]  Tuned to 45
[2016-11-15 07:36:40.463]  Tuned to 46
[2016-11-15 07:36:40.564]  Tuned to 47
[2016-11-15 07:36:40.664]  Tuned to 48
[2016-11-15 07:36:40.765]  Tuned to 49
[2016-11-15 07:36:40.866]  Tuned to 50
[2016-11-15 07:36:40.966]  Tuned to 51
[2016-11-15 07:36:41.067]  Tuned to 52
[2016-11-15 07:36:41.167]  Tuned to 53
[2016-11-15 07:36:41.268]  Tuned to 54
[2016-11-15 07:36:41.368]  Tuned to 55
[2016-11-15 07:36:41.469]  Tuned to 56
[2016-11-15 07:36:41.569]  Tuned to 57
[2016-11-15 07:36:41.670]  Tuned to 58
[2016-11-15 07:36:41.771]  Tuned to 59
[2016-11-15 07:36:41.871]  Tuned to 60
[2016-11-15 07:36:41.972]  Tuned to 61
[2016-11-15 07:36:42.073]  Tuned to 62
[2016-11-15 07:36:42.173]  Tuned to 63
[2016-11-15 07:36:42.274]  Tuned to 64
[2016-11-15 07:36:42.375]  Tuned to 65
[2016-11-15 07:36:42.475]  Tuned to 66
[2016-11-15 07:36:42.576]  Tuned to 67
[2016-11-15 07:36:42.676]  Tuned to 68
[2016-11-15 07:36:42.777]  Tuned to 69
[2016-11-15 07:36:42.878]  Tuned to 70
[2016-11-15 07:36:42.978]  Tuned to 71
[2016-11-15 07:36:43.079]  Tuned to 72
[2016-11-15 07:36:43.180]  Tuned to 73
[2016-11-15 07:36:43.280]  Tuned to 74
[2016-11-15 07:36:43.381]  Tuned to 75
[2016-11-15 07:36:43.481]  Tuned to 76
[2016-11-15 07:36:43.582]  Tuned to 77
[2016-11-15 07:36:43.682]  Tuned to 78
[2016-11-15 07:36:43.783]  Tuned to 79
[2016-11-15 07:36:43.883]  Tuned to 80
[2016-11-15 07:36:43.984]  Tuned to 81
[2016-11-15 07:36:44.085]  Tuned to 82
[2016-11-15 07:36:44.185]  Tuned to 83
[2016-11-15 07:36:44.286]  Tuned to 2
[2016-11-15 07:36:44.387]  Tuned to 3
[2016-11-15 07:36:44.487]  Tuned to 4
[2016-11-15 07:36:44.588]  Tuned to 5
[2016-11-15 07:36:44.689]  Tuned to 6
[2016-11-15 07:36:44.791]  Tuned to 7
[2016-11-15 07:36:44.891]  Tuned to 8
[2016-11-15 07:36:44.992]  Tuned to 9
[2016-11-15 07:36:45.092]  Tuned to 10
[2016-11-15 07:36:45.193]  Tuned to 11
[2016-11-15 07:36:45.293]  Tuned to 12
[2016-11-15 07:36:45.394]  Tuned to 13
[2016-11-15 07:36:45.495]  Tuned to 14
[2016-11-15 07:36:45.595]  Tuned to 15
[2016-11-15 07:36:45.696]  Tuned to 16
[2016-11-15 07:36:45.796]  Tuned to 17
[2016-11-15 07:36:45.897]  Tuned to 18
[2016-11-15 07:36:45.998]  Tuned to 19
[2016-11-15 07:36:46.098]  Tuned to 20
[2016-11-15 07:36:46.199]  Tuned to 21
[2016-11-15 07:36:46.300]  Tuned to 22
[2016-11-15 07:36:46.401]  Tuned to 23
[2016-11-15 07:36:46.501]  Tuned to 24
[2016-11-15 07:36:46.602]  Tuned to 25
[2016-11-15 07:36:46.706]  Tuned to 26
[2016-11-15 07:36:46.806]  Tuned to 27
[2016-11-15 07:36:46.907]  Tuned to 28
[2016-11-15 07:36:47.008]  Tuned to 29
[2016-11-15 07:36:47.108]  Tuned to 30
[2016-11-15 07:36:47.209]  Tuned to 31
[2016-11-15 07:36:47.310]  Tuned to 32
[2016-11-15 07:36:47.410]  Tuned to 33
[2016-11-15 07:36:47.511]  Tuned to 34
[2016-11-15 07:36:47.612]  Tuned to 35
[2016-11-15 07:36:47.712]  Tuned to 36
[2016-11-15 07:36:47.813]  Tuned to 37
[2016-11-15 07:36:47.913]  Tuned to 38
[2016-11-15 07:36:48.014]  Tuned to 39
[2016-11-15 07:36:48.115]  Tuned to 40
[2016-11-15 07:36:48.216]  Tuned to 41
[2016-11-15 07:36:48.316]  Tuned to 42
[2016-11-15 07:36:48.417]  Tuned to 43
[2016-11-15 07:36:48.517]  Tuned to 44
[2016-11-15 07:36:48.618]  Tuned to 45
[2016-11-15 07:36:48.719]  Tuned to 46
[2016-11-15 07:36:48.819]  Tuned to 47
[2016-11-15 07:36:48.920]  Tuned to 48
[2016-11-15 07:36:49.021]  Tuned to 49
[2016-11-15 07:36:49.121]  Tuned to 50
[2016-11-15 07:36:49.222]  Tuned to 51
[2016-11-15 07:36:49.323]  Tuned to 52
[2016-11-15 07:36:49.423]  Tuned to 53
[2016-11-15 07:36:49.524]  Tuned to 54
[2016-11-15 07:36:49.625]  Tuned to 55
[2016-11-15 07:36:49.725]  Tuned to 56
[2016-11-15 07:36:49.826]  Tuned to 57
[2016-11-15 07:36:49.927]  Tuned to 58
[2016-11-15 07:36:50.027]  Tuned to 59
[2016-11-15 07:36:50.128]  Tuned to 60
[2016-11-15 07:36:50.229]  Tuned to 61
[2016-11-15 07:36:50.329]  Tuned to 62
[2016-11-15 07:36:50.430]  Tuned to 63
[2016-11-15 07:36:50.530]  Tuned to 64
[2016-11-15 07:36:50.631]  Tuned to 65
[2016-11-15 07:36:50.732]  Tuned to 66
[2016-11-15 07:36:50.832]  Tuned to 67
[2016-11-15 07:36:50.933]  Tuned to 68
[2016-11-15 07:36:51.034]  Tuned to 69
[2016-11-15 07:36:51.134]  Tuned to 70
[2016-11-15 07:36:51.235]  Tuned to 71
[2016-11-15 07:36:51.336]  Tuned to 72
[2016-11-15 07:36:51.436]  Tuned to 73
[2016-11-15 07:36:51.537]  Tuned to 74
[2016-11-15 07:36:51.637]  Tuned to 75
[2016-11-15 07:36:51.739]  Tuned to 76
[2016-11-15 07:36:51.839]  Tuned to 77
[2016-11-15 07:36:51.940]  Tuned to 78
[2016-11-15 07:36:52.043]  Tuned to 79
[2016-11-15 07:36:52.143]  Tuned to 80
[2016-11-15 07:36:52.244]  Tuned to 81
[2016-11-15 07:36:52.344]  Tuned to 82
[2016-11-15 07:36:52.445]  Tuned to 83
[2016-11-15 07:36:52.546]  Tuned to 2
[2016-11-15 07:36:52.646]  Tuned to 3
[2016-11-15 07:36:52.747]  Tuned to 4
[2016-11-15 07:36:52.848]  Tuned to 5
[2016-11-15 07:36:52.949]  Tuned to 6
[2016-11-15 07:36:53.049]  Tuned to 7
[2016-11-15 07:36:53.150]  Tuned to 8
[2016-11-15 07:36:53.251]  Tuned to 9
[2016-11-15 07:36:53.352]  Tuned to 10
[2016-11-15 07:36:53.453]  Tuned to 11
[2016-11-15 07:36:53.554]  Tuned to 12
[2016-11-15 07:36:53.654]  Tuned to 13
[2016-11-15 07:36:53.755]  Tuned to 14
[2016-11-15 07:36:53.856]  Tuned to 15
[2016-11-15 07:36:53.956]  Tuned to 16
[2016-11-15 07:36:54.057]  Tuned to 17
[2016-11-15 07:36:54.158]  Tuned to 18
[2016-11-15 07:36:54.258]  Tuned to 19
[2016-11-15 07:36:54.359]  Tuned to 20
[2016-11-15 07:36:54.460]  Tuned to 21
[2016-11-15 07:36:54.560]  Tuned to 22
[2016-11-15 07:36:54.661]  Tuned to 23
[2016-11-15 07:36:54.762]  Tuned to 24
[2016-11-15 07:36:54.863]  Tuned to 25
[2016-11-15 07:36:54.964]  Tuned to 26
[2016-11-15 07:36:55.064]  Tuned to 27
[2016-11-15 07:36:55.165]  Tuned to 28
[2016-11-15 07:36:55.266]  Tuned to 29
[2016-11-15 07:36:55.367]  Tuned to 30
[2016-11-15 07:36:55.470]  Tuned to 31
[2016-11-15 07:36:55.571]  Tuned to 32
[2016-11-15 07:36:55.671]  Tuned to 33
[2016-11-15 07:36:55.772]  Tuned to 34
[2016-11-15 07:36:55.873]  Tuned to 35
[2016-11-15 07:36:55.973]  Tuned to 36
[2016-11-15 07:36:56.074]  Tuned to 37
[2016-11-15 07:36:56.175]  Tuned to 38
[2016-11-15 07:36:56.276]  Tuned to 39
[2016-11-15 07:36:56.376]  Tuned to 40
[2016-11-15 07:36:56.477]  Tuned to 41
[2016-11-15 07:36:56.578]  Tuned to 42
[2016-11-15 07:36:56.678]  Tuned to 43
[2016-11-15 07:36:56.779]  Tuned to 44
[2016-11-15 07:36:56.880]  Tuned to 45
[2016-11-15 07:36:56.980]  Tuned to 46
[2016-11-15 07:36:57.081]  Tuned to 47
[2016-11-15 07:36:57.182]  Tuned to 48
[2016-11-15 07:36:57.282]  Tuned to 49
[2016-11-15 07:36:57.383]  Tuned to 50
[2016-11-15 07:36:57.484]  Tuned to 51
[2016-11-15 07:36:57.585]  Tuned to 52
[2016-11-15 07:36:57.685]  Tuned to 53
[2016-11-15 07:36:57.786]  Tuned to 54
[2016-11-15 07:36:57.887]  Tuned to 55
[2016-11-15 07:36:57.987]  Tuned to 56
[2016-11-15 07:36:58.088]  Tuned to 57
[2016-11-15 07:36:58.188]  Tuned to 58
[2016-11-15 07:36:58.289]  Tuned to 59
[2016-11-15 07:36:58.390]  Tuned to 60
[2016-11-15 07:36:58.492]  Tuned to 61
[2016-11-15 07:36:58.594]  Tuned to 62
[2016-11-15 07:36:58.694]  Tuned to 63
[2016-11-15 07:36:58.795]  Tuned to 64
[2016-11-15 07:36:58.896]  Tuned to 65
[2016-11-15 07:36:58.996]  Tuned to 66
[2016-11-15 07:36:59.097]  Tuned to 67
[2016-11-15 07:36:59.198]  Tuned to 68
[2016-11-15 07:36:59.301]  Tuned to 69
[2016-11-15 07:36:59.401]  Tuned to 70
[2016-11-15 07:36:59.502]  Tuned to 71
[2016-11-15 07:36:59.602]  Tuned to 72
[2016-11-15 07:36:59.703]  Tuned to 73
[2016-11-15 07:36:59.804]  Tuned to 74
[2016-11-15 07:36:59.905]  Tuned to 75
[2016-11-15 07:37:00.006]  Tuned to 76
[2016-11-15 07:37:00.106]  Tuned to 77
[2016-11-15 07:37:00.207]  Tuned to 78
[2016-11-15 07:37:00.307]  Tuned to 79
[2016-11-15 07:37:00.408]  Tuned to 80
[2016-11-15 07:37:00.509]  Tuned to 81
[2016-11-15 07:37:00.609]  Tuned to 82
[2016-11-15 07:37:00.710]  Tuned to 83
[2016-11-15 07:37:00.810]  Tuned to 2
[2016-11-15 07:37:00.911]  Tuned to 3
[2016-11-15 07:37:01.012]  Tuned to 4
[2016-11-15 07:37:01.112]  Tuned to 5
[2016-11-15 07:37:01.213]  Tuned to 6
[2016-11-15 07:37:01.314]  Tuned to 7
[2016-11-15 07:37:01.414]  Tuned to 8
[2016-11-15 07:37:01.515]  Tuned to 9
[2016-11-15 07:37:01.617]  Tuned to 10
[2016-11-15 07:37:01.717]  Tuned to 11
[2016-11-15 07:37:01.818]  Tuned to 12
[2016-11-15 07:37:01.919]  Tuned to 13
[2016-11-15 07:37:02.019]  Tuned to 14
[2016-11-15 07:37:02.120]  Tuned to 15
[2016-11-15 07:37:02.220]  Tuned to 16
[2016-11-15 07:37:02.321]  Tuned to 17
[2016-11-15 07:37:02.422]  Tuned to 18
[2016-11-15 07:37:02.522]  Tuned to 19
[2016-11-15 07:37:02.623]  Tuned to 20
[2016-11-15 07:37:02.723]  Tuned to 21
[2016-11-15 07:37:02.824]  Tuned to 22
[2016-11-15 07:37:02.925]  Tuned to 23
[2016-11-15 07:37:03.025]  Tuned to 24
[2016-11-15 07:37:03.127]  Tuned to 25
[2016-11-15 07:37:03.228]  Tuned to 26
[2016-11-15 07:37:03.328]  Tuned to 27
[2016-11-15 07:37:03.429]  Tuned to 28
[2016-11-15 07:37:03.530]  Tuned to 29
[2016-11-15 07:37:03.630]  Tuned to 30
[2016-11-15 07:37:03.731]  Tuned to 31
[2016-11-15 07:37:03.831]  Tuned to 32
[2016-11-15 07:37:03.933]  Tuned to 33
[2016-11-15 07:37:04.033]  Tuned to 34
[2016-11-15 07:37:04.134]  Tuned to 35
[2016-11-15 07:37:04.235]  Tuned to 36
[2016-11-15 07:37:04.335]  Tuned to 37
[2016-11-15 07:37:04.436]  Tuned to 38
[2016-11-15 07:37:04.536]  Tuned to 39
[2016-11-15 07:37:04.637]  Tuned to 40
[2016-11-15 07:37:04.738]  Tuned to 41
[2016-11-15 07:37:04.838]  Tuned to 42
[2016-11-15 07:37:04.939]  Tuned to 43
[2016-11-15 07:37:05.043]  Tuned to 44
[2016-11-15 07:37:05.143]  Tuned to 45
[2016-11-15 07:37:05.244]  Tuned to 46
[2016-11-15 07:37:05.345]  Tuned to 47
[2016-11-15 07:37:05.445]  Tuned to 48
[2016-11-15 07:37:05.546]  Tuned to 49
[2016-11-15 07:37:05.646]  Tuned to 50
[2016-11-15 07:37:05.747]  Tuned to 51
[2016-11-15 07:37:05.848]  Tuned to 52
[2016-11-15 07:37:05.950]  Tuned to 53
[2016-11-15 07:37:06.051]  Tuned to 54
[2016-11-15 07:37:06.152]  Tuned to 55
[2016-11-15 07:37:06.252]  Tuned to 56
[2016-11-15 07:37:06.353]  Tuned to 57
[2016-11-15 07:37:06.454]  Tuned to 58
[2016-11-15 07:37:06.554]  Tuned to 59
[2016-11-15 07:37:06.655]  Tuned to 60
[2016-11-15 07:37:06.756]  Tuned to 61
[2016-11-15 07:37:06.856]  Tuned to 62
[2016-11-15 07:37:06.957]  Tuned to 63
[2016-11-15 07:37:07.057]  Tuned to 64
[2016-11-15 07:37:07.158]  Tuned to 65
[2016-11-15 07:37:07.259]  Tuned to 66
[2016-11-15 07:37:07.360]  Tuned to 67
[2016-11-15 07:37:07.460]  Tuned to 68
[2016-11-15 07:37:07.562]  Tuned to 69
[2016-11-15 07:37:07.662]  Tuned to 70
[2016-11-15 07:37:07.763]  Tuned to 71
[2016-11-15 07:37:07.864]  Tuned to 72
[2016-11-15 07:37:07.964]  Tuned to 73
[2016-11-15 07:37:08.065]  Tuned to 74
[2016-11-15 07:37:08.166]  Tuned to 75
[2016-11-15 07:37:08.266]  Tuned to 76
[2016-11-15 07:37:08.367]  Tuned to 77
[2016-11-15 07:37:08.467]  Tuned to 78
[2016-11-15 07:37:08.568]  Tuned to 79
[2016-11-15 07:37:08.669]  Tuned to 80
[2016-11-15 07:37:08.769]  Tuned to 81
[2016-11-15 07:37:08.870]  Tuned to 82
[2016-11-15 07:37:08.970]  Tuned to 83
[2016-11-15 07:37:09.071]  Tuned to 2
[2016-11-15 07:37:09.172]  Tuned to 3
[2016-11-15 07:37:09.272]  Tuned to 4
[2016-11-15 07:37:09.373]  Tuned to 5
[2016-11-15 07:37:09.473]  Tuned to 6
[2016-11-15 07:37:09.574]  Tuned to 7
[2016-11-15 07:37:09.675]  Tuned to 8
[2016-11-15 07:37:09.776]  Tuned to 9
[2016-11-15 07:37:09.878]  Tuned to 10
[2016-11-15 07:37:09.979]  Tuned to 11
[2016-11-15 07:37:10.080]  Tuned to 12
[2016-11-15 07:37:10.181]  Tuned to 13
[2016-11-15 07:37:10.281]  Tuned to 14
[2016-11-15 07:37:10.382]  Tuned to 15
[2016-11-15 07:37:10.483]  Tuned to 16
[2016-11-15 07:37:10.583]  Tuned to 17
[2016-11-15 07:37:10.684]  Tuned to 18
[2016-11-15 07:37:10.785]  Tuned to 19
[2016-11-15 07:37:10.885]  Tuned to 20
[2016-11-15 07:37:10.986]  Tuned to 21
[2016-11-15 07:37:11.087]  Tuned to 22
[2016-11-15 07:37:11.187]  Tuned to 23
[2016-11-15 07:37:11.288]  Tuned to 24
[2016-11-15 07:37:11.389]  Tuned to 25
[2016-11-15 07:37:11.489]  Tuned to 26
[2016-11-15 07:37:11.590]  Tuned to 27
[2016-11-15 07:37:11.691]  Tuned to 28
[2016-11-15 07:37:11.791]  Tuned to 29
[2016-11-15 07:37:11.892]  Tuned to 30
[2016-11-15 07:37:11.992]  Tuned to 31
[2016-11-15 07:37:12.093]  Tuned to 32
[2016-11-15 07:37:12.193]  Tuned to 33
[2016-11-15 07:37:12.294]  Tuned to 34
[2016-11-15 07:37:12.395]  Tuned to 35
[2016-11-15 07:37:12.495]  Tuned to 36
[2016-11-15 07:37:12.596]  Tuned to 37
[2016-11-15 07:37:12.697]  Tuned to 38
[2016-11-15 07:37:12.798]  Tuned to 39
[2016-11-15 07:37:12.898]  Tuned to 40
[2016-11-15 07:37:12.999]  Tuned to 41
[2016-11-15 07:37:13.099]  Tuned to 42
[2016-11-15 07:37:13.200]  Tuned to 43
[2016-11-15 07:37:13.300]  Tuned to 44
[2016-11-15 07:37:13.401]  Tuned to 45
[2016-11-15 07:37:13.503]  Tuned to 46
[2016-11-15 07:37:13.604]  Tuned to 47
[2016-11-15 07:37:13.704]  Tuned to 48
[2016-11-15 07:37:13.805]  Tuned to 49
[2016-11-15 07:37:13.905]  Tuned to 50
[2016-11-15 07:37:14.006]  Tuned to 51
[2016-11-15 07:37:14.106]  Tuned to 52
[2016-11-15 07:37:14.209]  Tuned to 53
[2016-11-15 07:37:14.310]  Tuned to 54
[2016-11-15 07:37:14.411]  Tuned to 55
[2016-11-15 07:37:14.512]  Tuned to 56
[2016-11-15 07:37:14.612]  Tuned to 57
[2016-11-15 07:37:14.713]  Tuned to 58
[2016-11-15 07:37:14.813]  Tuned to 59
[2016-11-15 07:37:14.914]  Tuned to 60
[2016-11-15 07:37:15.015]  Tuned to 61
[2016-11-15 07:37:15.115]  Tuned to 62
[2016-11-15 07:37:15.216]  Tuned to 63
[2016-11-15 07:37:15.317]  Tuned to 64
[2016-11-15 07:37:15.417]  Tuned to 65
[2016-11-15 07:37:15.518]  Tuned to 66
[2016-11-15 07:37:15.619]  Tuned to 67
[2016-11-15 07:37:15.719]  Tuned to 68
[2016-11-15 07:37:15.820]  Tuned to 69
[2016-11-15 07:37:15.920]  Tuned to 70
[2016-11-15 07:37:16.021]  Tuned to 71
[2016-11-15 07:37:16.122]  Tuned to 72
[2016-11-15 07:37:16.222]  Tuned to 73
[2016-11-15 07:37:16.324]  Tuned to 74
[2016-11-15 07:37:16.425]  Tuned to 75
[2016-11-15 07:37:16.525]  Tuned to 76
[2016-11-15 07:37:16.626]  Tuned to 77
[2016-11-15 07:37:16.727]  Tuned to 78
[2016-11-15 07:37:16.830]  Tuned to 79
[2016-11-15 07:37:16.931]  Tuned to 80
[2016-11-15 07:37:17.031]  Tuned to 81
[2016-11-15 07:37:17.132]  Tuned to 82
[2016-11-15 07:37:17.232]  Tuned to 83
[2016-11-15 07:37:17.333]  Tuned to 2
[2016-11-15 07:37:17.434]  Tuned to 3
[2016-11-15 07:37:17.534]  Tuned to 4
[2016-11-15 07:37:17.635]  Tuned to 5
[2016-11-15 07:37:17.735]  Tuned to 6
[2016-11-15 07:37:17.836]  Tuned to 7
[2016-11-15 07:37:17.936]  Tuned to 8
[2016-11-15 07:37:18.037]  Tuned to 9
[2016-11-15 07:37:18.138]  Tuned to 10
[2016-11-15 07:37:18.239]  Tuned to 11
[2016-11-15 07:37:18.340]  Tuned to 12
[2016-11-15 07:37:18.440]  Tuned to 13
[2016-11-15 07:37:18.541]  Tuned to 14
[2016-11-15 07:37:18.641]  Tuned to 15
[2016-11-15 07:37:18.742]  Tuned to 16
[2016-11-15 07:37:18.842]  Tuned to 17
[2016-11-15 07:37:18.943]  Tuned to 18
[2016-11-15 07:37:19.044]  Tuned to 19
[2016-11-15 07:37:19.145]  Tuned to 20
[2016-11-15 07:37:19.245]  Tuned to 21
[2016-11-15 07:37:19.346]  Tuned to 22
[2016-11-15 07:37:19.447]  Tuned to 23
[2016-11-15 07:37:19.547]  Tuned to 24
[2016-11-15 07:37:19.648]  Tuned to 25
[2016-11-15 07:37:19.749]  Tuned to 26
[2016-11-15 07:37:19.849]  Tuned to 27
[2016-11-15 07:37:19.950]  Tuned to 28
[2016-11-15 07:37:20.051]  Tuned to 29
[2016-11-15 07:37:20.152]  Tuned to 30
[2016-11-15 07:37:20.253]  Tuned to 31
[2016-11-15 07:37:20.354]  Tuned to 32
[2016-11-15 07:37:20.454]  Tuned to 33
[2016-11-15 07:37:20.555]  Tuned to 34
[2016-11-15 07:37:20.656]  Tuned to 35
[2016-11-15 07:37:20.757]  Tuned to 36
[2016-11-15 07:37:20.857]  Tuned to 37
[2016-11-15 07:37:20.958]  Tuned to 38
[2016-11-15 07:37:21.058]  Tuned to 39
[2016-11-15 07:37:21.159]  Tuned to 40
[2016-11-15 07:37:21.260]  Tuned to 41
[2016-11-15 07:37:21.360]  Tuned to 42
[2016-11-15 07:37:21.461]  Tuned to 43
[2016-11-15 07:37:21.561]  Tuned to 44
[2016-11-15 07:37:21.662]  Tuned to 45
[2016-11-15 07:37:21.762]  Tuned to 46
[2016-11-15 07:37:21.863]  Tuned to 47
[2016-11-15 07:37:21.963]  Tuned to 48
[2016-11-15 07:37:22.064]  Tuned to 49
[2016-11-15 07:37:22.165]  Tuned to 50
[2016-11-15 07:37:22.265]  Tuned to 51
[2016-11-15 07:37:22.343]  51   8  56:AA:40:A1:51  99:46:3C:10:AD:62:44:9B
[2016-11-15 07:37:22.366]  Tuned to 52
[2016-11-15 07:37:22.466]  Tuned to 53
[2016-11-15 07:37:22.567]  Tuned to 54
[2016-11-15 07:37:22.668]  Tuned to 55
[2016-11-15 07:37:22.768]  Tuned to 56
[2016-11-15 07:37:22.869]  Tuned to 57
[2016-11-15 07:37:22.970]  Tuned to 58
[2016-11-15 07:37:23.071]  Tuned to 59
[2016-11-15 07:37:23.171]  Tuned to 60
[2016-11-15 07:37:23.272]  Tuned to 61
[2016-11-15 07:37:23.372]  Tuned to 62
[2016-11-15 07:37:23.473]  Tuned to 63
[2016-11-15 07:37:23.574]  Tuned to 64
[2016-11-15 07:37:23.674]  Tuned to 65
[2016-11-15 07:37:23.775]  Tuned to 66
[2016-11-15 07:37:23.877]  Tuned to 67
[2016-11-15 07:37:23.977]  Tuned to 68
[2016-11-15 07:37:24.078]  Tuned to 69
[2016-11-15 07:37:24.179]  Tuned to 70
[2016-11-15 07:37:24.279]  Tuned to 71
[2016-11-15 07:37:24.380]  Tuned to 72
[2016-11-15 07:37:24.481]  Tuned to 73
[2016-11-15 07:37:24.581]  Tuned to 74
[2016-11-15 07:37:24.682]  Tuned to 75
[2016-11-15 07:37:24.782]  Tuned to 76
[2016-11-15 07:37:24.883]  Tuned to 77
[2016-11-15 07:37:24.984]  Tuned to 78
[2016-11-15 07:37:25.085]  Tuned to 79
[2016-11-15 07:37:25.185]  Tuned to 80
[2016-11-15 07:37:25.286]  Tuned to 81
[2016-11-15 07:37:25.387]  Tuned to 82
[2016-11-15 07:37:25.488]  Tuned to 83
[2016-11-15 07:37:25.588]  Tuned to 2
[2016-11-15 07:37:25.689]  Tuned to 3
[2016-11-15 07:37:25.790]  Tuned to 4
[2016-11-15 07:37:25.890]  Tuned to 5
[2016-11-15 07:37:25.991]  Tuned to 6
[2016-11-15 07:37:26.091]  Tuned to 7
[2016-11-15 07:37:26.192]  Tuned to 8
[2016-11-15 07:37:26.293]  Tuned to 9
[2016-11-15 07:37:26.393]  Tuned to 10
[2016-11-15 07:37:26.494]  Tuned to 11
[2016-11-15 07:37:26.595]  Tuned to 12
[2016-11-15 07:37:26.696]  Tuned to 13
[2016-11-15 07:37:26.797]  Tuned to 14
[2016-11-15 07:37:26.898]  Tuned to 15
[2016-11-15 07:37:26.998]  Tuned to 16
[2016-11-15 07:37:27.099]  Tuned to 17
[2016-11-15 07:37:27.200]  Tuned to 18
[2016-11-15 07:37:27.300]  Tuned to 19
[2016-11-15 07:37:27.401]  Tuned to 20
[2016-11-15 07:37:27.501]  Tuned to 21
[2016-11-15 07:37:27.602]  Tuned to 22
[2016-11-15 07:37:27.703]  Tuned to 23
[2016-11-15 07:37:27.803]  Tuned to 24
[2016-11-15 07:37:27.904]  Tuned to 25
[2016-11-15 07:37:28.005]  Tuned to 26
[2016-11-15 07:37:28.105]  Tuned to 27
[2016-11-15 07:37:28.206]  Tuned to 28
[2016-11-15 07:37:28.308]  Tuned to 29
[2016-11-15 07:37:28.409]  Tuned to 30
[2016-11-15 07:37:28.510]  Tuned to 31
[2016-11-15 07:37:28.611]  Tuned to 32
[2016-11-15 07:37:28.712]  Tuned to 33
[2016-11-15 07:37:28.812]  Tuned to 34
[2016-11-15 07:37:28.913]  Tuned to 35
[2016-11-15 07:37:29.014]  Tuned to 36
[2016-11-15 07:37:29.114]  Tuned to 37
[2016-11-15 07:37:29.215]  Tuned to 38
[2016-11-15 07:37:29.316]  Tuned to 39
[2016-11-15 07:37:29.418]  Tuned to 40
[2016-11-15 07:37:29.518]  Tuned to 41
[2016-11-15 07:37:29.619]  Tuned to 42
[2016-11-15 07:37:29.720]  Tuned to 43
[2016-11-15 07:37:29.820]  Tuned to 44
[2016-11-15 07:37:29.921]  Tuned to 45
[2016-11-15 07:37:30.022]  Tuned to 46
[2016-11-15 07:37:30.122]  Tuned to 47
[2016-11-15 07:37:30.223]  Tuned to 48
[2016-11-15 07:37:30.324]  Tuned to 49
[2016-11-15 07:37:30.424]  Tuned to 50
[2016-11-15 07:37:30.525]  Tuned to 51
[2016-11-15 07:37:30.626]  Tuned to 52
[2016-11-15 07:37:30.726]  Tuned to 53
[2016-11-15 07:37:30.827]  Tuned to 54
[2016-11-15 07:37:30.928]  Tuned to 55
[2016-11-15 07:37:31.028]  Tuned to 56
[2016-11-15 07:37:31.129]  Tuned to 57
[2016-11-15 07:37:31.230]  Tuned to 58
[2016-11-15 07:37:31.330]  Tuned to 59
[2016-11-15 07:37:31.431]  Tuned to 60
[2016-11-15 07:37:31.532]  Tuned to 61
[2016-11-15 07:37:31.632]  Tuned to 62
[2016-11-15 07:37:31.733]  Tuned to 63
[2016-11-15 07:37:31.834]  Tuned to 64
[2016-11-15 07:37:31.934]  Tuned to 65
[2016-11-15 07:37:32.035]  Tuned to 66
[2016-11-15 07:37:32.135]  Tuned to 67
[2016-11-15 07:37:32.236]  Tuned to 68
[2016-11-15 07:37:32.337]  Tuned to 69
[2016-11-15 07:37:32.437]  Tuned to 70
[2016-11-15 07:37:32.539]  Tuned to 71
[2016-11-15 07:37:32.640]  Tuned to 72
[2016-11-15 07:37:32.740]  Tuned to 73
[2016-11-15 07:37:32.841]  Tuned to 74
[2016-11-15 07:37:32.942]  Tuned to 75
[2016-11-15 07:37:33.043]  Tuned to 76
[2016-11-15 07:37:33.144]  Tuned to 77
[2016-11-15 07:37:33.244]  Tuned to 78
[2016-11-15 07:37:33.345]  Tuned to 79
[2016-11-15 07:37:33.446]  Tuned to 80
[2016-11-15 07:37:33.546]  Tuned to 81
[2016-11-15 07:37:33.647]  Tuned to 82
[2016-11-15 07:37:33.747]  Tuned to 83
[2016-11-15 07:37:33.848]  Tuned to 2
[2016-11-15 07:37:33.948]  Tuned to 3
[2016-11-15 07:37:34.049]  Tuned to 4
[2016-11-15 07:37:34.150]  Tuned to 5
[2016-11-15 07:37:34.251]  Tuned to 6
[2016-11-15 07:37:34.351]  Tuned to 7
[2016-11-15 07:37:34.452]  Tuned to 8
[2016-11-15 07:37:34.553]  Tuned to 9
[2016-11-15 07:37:34.654]  Tuned to 10
[2016-11-15 07:37:34.755]  Tuned to 11
[2016-11-15 07:37:34.855]  Tuned to 12
[2016-11-15 07:37:34.956]  Tuned to 13
[2016-11-15 07:37:35.057]  Tuned to 14
[2016-11-15 07:37:35.157]  Tuned to 15
[2016-11-15 07:37:35.258]  Tuned to 16
[2016-11-15 07:37:35.359]  Tuned to 17
Traceback (most recent call last):
  File "../modules/mousejack/tools/nrf24-scanner.py", line 55, in <module>
    value = common.radio.receive_payload()
  File "/home/lain/Development/seniordesign/mithren/modules/mousejack/tools/lib/nrf24.py", line 109, in receive_payload
    return self.dongle.read(0x81, 64, timeout=nrf24.usb_timeout)
  File "/usr/local/lib/python2.7/dist-packages/usb/core.py", line 988, in read
    self.__get_timeout(timeout))
  File "/usr/local/lib/python2.7/dist-packages/usb/backend/libusb1.py", line 833, in bulk_read
    timeout)
  File "/usr/local/lib/python2.7/dist-packages/usb/backend/libusb1.py", line 933, in __read
    timeout)
KeyboardInterrupt
tail: output.txt: file truncated
[2016-11-15 07:38:51.418]  Using channels 2, 3, 4, 5, 6, 7, 8, 9, 10, 11, 12, 13, 14, 15, 16, 17, 18, 19, 20, 21, 22, 23, 24, 25, 26, 27, 28, 29, 30, 31, 32, 33, 34, 35, 36, 37, 38, 39, 40, 41, 42, 43, 44, 45, 46, 47, 48, 49, 50, 51, 52, 53, 54, 55, 56, 57, 58, 59, 60, 61, 62, 63, 64, 65, 66, 67, 68, 69, 70, 71, 72, 73, 74, 75, 76, 77, 78, 79, 80, 81, 82, 83
Traceback (most recent call last):
  File "../modules/mousejack/tools/nrf24-scanner.py", line 35, in <module>
    common.radio.enter_promiscuous_mode(prefix_address)
  File "/home/lain/Development/seniordesign/mithren/modules/mousejack/tools/lib/nrf24.py", line 76, in enter_promiscuous_mode
    self.dongle.read(0x81, 64, timeout=nrf24.usb_timeout)
  File "/usr/local/lib/python2.7/dist-packages/usb/core.py", line 988, in read
    self.__get_timeout(timeout))
  File "/usr/local/lib/python2.7/dist-packages/usb/backend/libusb1.py", line 833, in bulk_read
    timeout)
  File "/usr/local/lib/python2.7/dist-packages/usb/backend/libusb1.py", line 936, in __read
    _check(retval)
  File "/usr/local/lib/python2.7/dist-packages/usb/backend/libusb1.py", line 595, in _check
    raise USBError(_strerror(ret), ret, _libusb_errno[ret])
usb.core.USBError: [Errno 110] Operation timed out
tail: output.txt: file truncated
[2016-11-15 07:39:48.227]  Using channels 2, 3, 4, 5, 6, 7, 8, 9, 10, 11, 12, 13, 14, 15, 16, 17, 18, 19, 20, 21, 22, 23, 24, 25, 26, 27, 28, 29, 30, 31, 32, 33, 34, 35, 36, 37, 38, 39, 40, 41, 42, 43, 44, 45, 46, 47, 48, 49, 50, 51, 52, 53, 54, 55, 56, 57, 58, 59, 60, 61, 62, 63, 64, 65, 66, 67, 68, 69, 70, 71, 72, 73, 74, 75, 76, 77, 78, 79, 80, 81, 82, 83
Traceback (most recent call last):
  File "../modules/mousejack/tools/nrf24-scanner.py", line 35, in <module>
    common.radio.enter_promiscuous_mode(prefix_address)
  File "/home/lain/Development/seniordesign/mithren/modules/mousejack/tools/lib/nrf24.py", line 76, in enter_promiscuous_mode
    self.dongle.read(0x81, 64, timeout=nrf24.usb_timeout)
  File "/usr/local/lib/python2.7/dist-packages/usb/core.py", line 988, in read
    self.__get_timeout(timeout))
  File "/usr/local/lib/python2.7/dist-packages/usb/backend/libusb1.py", line 833, in bulk_read
    timeout)
  File "/usr/local/lib/python2.7/dist-packages/usb/backend/libusb1.py", line 936, in __read
    _check(retval)
  File "/usr/local/lib/python2.7/dist-packages/usb/backend/libusb1.py", line 595, in _check
    raise USBError(_strerror(ret), ret, _libusb_errno[ret])
usb.core.USBError: [Errno 110] Operation timed out
tail: output.txt: file truncated
[2016-11-15 07:39:58.820]  Using channels 2, 3, 4, 5, 6, 7, 8, 9, 10, 11, 12, 13, 14, 15, 16, 17, 18, 19, 20, 21, 22, 23, 24, 25, 26, 27, 28, 29, 30, 31, 32, 33, 34, 35, 36, 37, 38, 39, 40, 41, 42, 43, 44, 45, 46, 47, 48, 49, 50, 51, 52, 53, 54, 55, 56, 57, 58, 59, 60, 61, 62, 63, 64, 65, 66, 67, 68, 69, 70, 71, 72, 73, 74, 75, 76, 77, 78, 79, 80, 81, 82, 83
[2016-11-15 07:39:58.836]  Entered promiscuous mode
[2016-11-15 07:39:58.837]  Tuned to 2
[2016-11-15 07:39:58.937]  Tuned to 3
[2016-11-15 07:39:59.038]  Tuned to 4
[2016-11-15 07:39:59.139]  Tuned to 5
[2016-11-15 07:39:59.240]  Tuned to 6
[2016-11-15 07:39:59.341]  Tuned to 7
[2016-11-15 07:39:59.441]  Tuned to 8
[2016-11-15 07:39:59.542]  Tuned to 9
[2016-11-15 07:39:59.642]  Tuned to 10
[2016-11-15 07:39:59.743]  Tuned to 11
[2016-11-15 07:39:59.844]  Tuned to 12
[2016-11-15 07:39:59.944]  Tuned to 13
[2016-11-15 07:40:00.046]  Tuned to 14
[2016-11-15 07:40:00.146]  Tuned to 15
[2016-11-15 07:40:00.247]  Tuned to 16
[2016-11-15 07:40:00.347]  Tuned to 17
[2016-11-15 07:40:00.448]  Tuned to 18
[2016-11-15 07:40:00.549]  Tuned to 19
[2016-11-15 07:40:00.649]  Tuned to 20
[2016-11-15 07:40:00.750]  Tuned to 21
[2016-11-15 07:40:00.851]  Tuned to 22
[2016-11-15 07:40:00.951]  Tuned to 23
[2016-11-15 07:40:01.052]  Tuned to 24
[2016-11-15 07:40:01.153]  Tuned to 25
[2016-11-15 07:40:01.253]  Tuned to 26
[2016-11-15 07:40:01.354]  Tuned to 27
[2016-11-15 07:40:01.456]  Tuned to 28
[2016-11-15 07:40:01.556]  Tuned to 29
[2016-11-15 07:40:01.657]  Tuned to 30
[2016-11-15 07:40:01.759]  Tuned to 31
[2016-11-15 07:40:01.860]  Tuned to 32
[2016-11-15 07:40:01.960]  Tuned to 33
[2016-11-15 07:40:02.061]  Tuned to 34
[2016-11-15 07:40:02.162]  Tuned to 35
[2016-11-15 07:40:02.262]  Tuned to 36
[2016-11-15 07:40:02.364]  Tuned to 37
[2016-11-15 07:40:02.465]  Tuned to 38
[2016-11-15 07:40:02.565]  Tuned to 39
[2016-11-15 07:40:02.666]  Tuned to 40
[2016-11-15 07:40:02.767]  Tuned to 41
[2016-11-15 07:40:02.869]  Tuned to 42
[2016-11-15 07:40:02.970]  Tuned to 43
[2016-11-15 07:40:03.070]  Tuned to 44
[2016-11-15 07:40:03.172]  Tuned to 45
[2016-11-15 07:40:03.274]  Tuned to 46
[2016-11-15 07:40:03.374]  Tuned to 47
[2016-11-15 07:40:03.475]  Tuned to 48
[2016-11-15 07:40:03.576]  Tuned to 49
[2016-11-15 07:40:03.676]  Tuned to 50
[2016-11-15 07:40:03.777]  Tuned to 51
[2016-11-15 07:40:03.878]  Tuned to 52
[2016-11-15 07:40:03.978]  Tuned to 53
[2016-11-15 07:40:04.079]  Tuned to 54
[2016-11-15 07:40:04.179]  Tuned to 55
[2016-11-15 07:40:04.280]  Tuned to 56
[2016-11-15 07:40:04.381]  Tuned to 57
[2016-11-15 07:40:04.481]  Tuned to 58
[2016-11-15 07:40:04.582]  Tuned to 59
[2016-11-15 07:40:04.683]  Tuned to 60
[2016-11-15 07:40:04.783]  Tuned to 61
[2016-11-15 07:40:04.884]  Tuned to 62
[2016-11-15 07:40:04.985]  Tuned to 63
[2016-11-15 07:40:05.086]  Tuned to 64
[2016-11-15 07:40:05.186]  Tuned to 65
[2016-11-15 07:40:05.287]  Tuned to 66
[2016-11-15 07:40:05.388]  Tuned to 67
[2016-11-15 07:40:05.488]  Tuned to 68
[2016-11-15 07:40:05.589]  Tuned to 69
[2016-11-15 07:40:05.690]  Tuned to 70
[2016-11-15 07:40:05.791]  Tuned to 71
[2016-11-15 07:40:05.891]  Tuned to 72
[2016-11-15 07:40:05.992]  Tuned to 73
[2016-11-15 07:40:06.093]  Tuned to 74
[2016-11-15 07:40:06.193]  Tuned to 75
[2016-11-15 07:40:06.294]  Tuned to 76
[2016-11-15 07:40:06.394]  Tuned to 77
[2016-11-15 07:40:06.495]  Tuned to 78
[2016-11-15 07:40:06.595]  Tuned to 79
[2016-11-15 07:40:06.696]  Tuned to 80
[2016-11-15 07:40:06.797]  Tuned to 81
[2016-11-15 07:40:06.897]  Tuned to 82
[2016-11-15 07:40:06.998]  Tuned to 83
[2016-11-15 07:40:07.099]  Tuned to 2
[2016-11-15 07:40:07.199]  Tuned to 3
[2016-11-15 07:40:07.300]  Tuned to 4
[2016-11-15 07:40:07.400]  Tuned to 5
[2016-11-15 07:40:07.501]  Tuned to 6
[2016-11-15 07:40:07.602]  Tuned to 7
[2016-11-15 07:40:07.702]  Tuned to 8
[2016-11-15 07:40:07.803]  Tuned to 9
[2016-11-15 07:40:07.904]  Tuned to 10
[2016-11-15 07:40:08.004]  Tuned to 11
[2016-11-15 07:40:08.105]  Tuned to 12
[2016-11-15 07:40:08.206]  Tuned to 13
[2016-11-15 07:40:08.306]  Tuned to 14
[2016-11-15 07:40:08.407]  Tuned to 15
[2016-11-15 07:40:08.507]  Tuned to 16
[2016-11-15 07:40:08.608]  Tuned to 17
[2016-11-15 07:40:08.709]  Tuned to 18
[2016-11-15 07:40:08.809]  Tuned to 19
[2016-11-15 07:40:08.910]  Tuned to 20
[2016-11-15 07:40:09.011]  Tuned to 21
[2016-11-15 07:40:09.111]  Tuned to 22
[2016-11-15 07:40:09.212]  Tuned to 23
[2016-11-15 07:40:09.312]  Tuned to 24
[2016-11-15 07:40:09.413]  Tuned to 25
[2016-11-15 07:40:09.514]  Tuned to 26
[2016-11-15 07:40:09.614]  Tuned to 27
[2016-11-15 07:40:09.715]  Tuned to 28
[2016-11-15 07:40:09.816]  Tuned to 29
[2016-11-15 07:40:09.917]  Tuned to 30
[2016-11-15 07:40:10.017]  Tuned to 31
[2016-11-15 07:40:10.118]  Tuned to 32
[2016-11-15 07:40:10.219]  Tuned to 33
[2016-11-15 07:40:10.319]  Tuned to 34
[2016-11-15 07:40:10.420]  Tuned to 35
[2016-11-15 07:40:10.520]  Tuned to 36
[2016-11-15 07:40:10.621]  Tuned to 37
[2016-11-15 07:40:10.722]  Tuned to 38
[2016-11-15 07:40:10.822]  Tuned to 39
[2016-11-15 07:40:10.923]  Tuned to 40
[2016-11-15 07:40:11.024]  Tuned to 41
[2016-11-15 07:40:11.125]  Tuned to 42
[2016-11-15 07:40:11.225]  Tuned to 43
[2016-11-15 07:40:11.326]  Tuned to 44
[2016-11-15 07:40:11.426]  Tuned to 45
[2016-11-15 07:40:11.527]  Tuned to 46
[2016-11-15 07:40:11.628]  Tuned to 47
[2016-11-15 07:40:11.729]  Tuned to 48
[2016-11-15 07:40:11.829]  Tuned to 49
[2016-11-15 07:40:11.930]  Tuned to 50
[2016-11-15 07:40:12.030]  Tuned to 51
[2016-11-15 07:40:12.131]  Tuned to 52
[2016-11-15 07:40:12.232]  Tuned to 53
[2016-11-15 07:40:12.332]  Tuned to 54
[2016-11-15 07:40:12.433]  Tuned to 55
[2016-11-15 07:40:12.534]  Tuned to 56
[2016-11-15 07:40:12.634]  Tuned to 57
[2016-11-15 07:40:12.735]  Tuned to 58
[2016-11-15 07:40:12.835]  Tuned to 59
[2016-11-15 07:40:12.936]  Tuned to 60
[2016-11-15 07:40:13.037]  Tuned to 61
[2016-11-15 07:40:13.137]  Tuned to 62
[2016-11-15 07:40:13.238]  Tuned to 63
[2016-11-15 07:40:13.339]  Tuned to 64
[2016-11-15 07:40:13.439]  Tuned to 65
[2016-11-15 07:40:13.540]  Tuned to 66
[2016-11-15 07:40:13.641]  Tuned to 67
[2016-11-15 07:40:13.741]  Tuned to 68
[2016-11-15 07:40:13.842]  Tuned to 69
[2016-11-15 07:40:13.943]  Tuned to 70
[2016-11-15 07:40:14.044]  Tuned to 71
[2016-11-15 07:40:14.144]  Tuned to 72
[2016-11-15 07:40:14.245]  Tuned to 73
[2016-11-15 07:40:14.345]  Tuned to 74
[2016-11-15 07:40:14.446]  Tuned to 75
[2016-11-15 07:40:14.546]  Tuned to 76
[2016-11-15 07:40:14.647]  Tuned to 77
[2016-11-15 07:40:14.748]  Tuned to 78
[2016-11-15 07:40:14.849]  Tuned to 79
[2016-11-15 07:40:14.949]  Tuned to 80
[2016-11-15 07:40:15.050]  Tuned to 81
[2016-11-15 07:40:15.150]  Tuned to 82
[2016-11-15 07:40:15.251]  Tuned to 83
[2016-11-15 07:40:15.352]  Tuned to 2
[2016-11-15 07:40:15.452]  Tuned to 3
[2016-11-15 07:40:15.553]  Tuned to 4
[2016-11-15 07:40:15.654]  Tuned to 5
[2016-11-15 07:40:15.754]  Tuned to 6
[2016-11-15 07:40:15.855]  Tuned to 7
[2016-11-15 07:40:15.956]  Tuned to 8
[2016-11-15 07:40:16.057]  Tuned to 9
[2016-11-15 07:40:16.158]  Tuned to 10
[2016-11-15 07:40:16.258]  Tuned to 11
[2016-11-15 07:40:16.359]  Tuned to 12
[2016-11-15 07:40:16.461]  Tuned to 13
[2016-11-15 07:40:16.561]  Tuned to 14
[2016-11-15 07:40:16.662]  Tuned to 15
[2016-11-15 07:40:16.763]  Tuned to 16
[2016-11-15 07:40:16.863]  Tuned to 17
[2016-11-15 07:40:16.964]  Tuned to 18
[2016-11-15 07:40:17.065]  Tuned to 19
[2016-11-15 07:40:17.165]  Tuned to 20
[2016-11-15 07:40:17.266]  Tuned to 21
[2016-11-15 07:40:17.367]  Tuned to 22
[2016-11-15 07:40:17.467]  Tuned to 23
[2016-11-15 07:40:17.568]  Tuned to 24
[2016-11-15 07:40:17.669]  Tuned to 25
[2016-11-15 07:40:17.769]  Tuned to 26
[2016-11-15 07:40:17.872]  Tuned to 27
[2016-11-15 07:40:17.972]  Tuned to 28
[2016-11-15 07:40:18.074]  Tuned to 29
[2016-11-15 07:40:18.174]  Tuned to 30
[2016-11-15 07:40:18.275]  Tuned to 31
[2016-11-15 07:40:18.376]  Tuned to 32
[2016-11-15 07:40:18.476]  Tuned to 33
[2016-11-15 07:40:18.577]  Tuned to 34
[2016-11-15 07:40:18.677]  Tuned to 35
[2016-11-15 07:40:18.780]  Tuned to 36
[2016-11-15 07:40:18.880]  Tuned to 37
[2016-11-15 07:40:18.981]  Tuned to 38
[2016-11-15 07:40:19.082]  Tuned to 39
[2016-11-15 07:40:19.182]  Tuned to 40
[2016-11-15 07:40:19.283]  Tuned to 41
[2016-11-15 07:40:19.383]  Tuned to 42
[2016-11-15 07:40:19.484]  Tuned to 43
[2016-11-15 07:40:19.585]  Tuned to 44
[2016-11-15 07:40:19.685]  Tuned to 45
[2016-11-15 07:40:19.786]  Tuned to 46
[2016-11-15 07:40:19.887]  Tuned to 47
[2016-11-15 07:40:19.987]  Tuned to 48
[2016-11-15 07:40:20.088]  Tuned to 49
[2016-11-15 07:40:20.189]  Tuned to 50
[2016-11-15 07:40:20.290]  Tuned to 51
[2016-11-15 07:40:20.391]  Tuned to 52
[2016-11-15 07:40:20.491]  Tuned to 53
[2016-11-15 07:40:20.592]  Tuned to 54
[2016-11-15 07:40:20.692]  Tuned to 55
[2016-11-15 07:40:20.793]  Tuned to 56
[2016-11-15 07:40:20.894]  Tuned to 57
[2016-11-15 07:40:20.995]  Tuned to 58
[2016-11-15 07:40:21.095]  Tuned to 59
[2016-11-15 07:40:21.197]  Tuned to 60
[2016-11-15 07:40:21.298]  Tuned to 61
[2016-11-15 07:40:21.398]  Tuned to 62
[2016-11-15 07:40:21.499]  Tuned to 63
[2016-11-15 07:40:21.600]  Tuned to 64
[2016-11-15 07:40:21.701]  Tuned to 65
[2016-11-15 07:40:21.802]  Tuned to 66
[2016-11-15 07:40:21.902]  Tuned to 67
[2016-11-15 07:40:22.003]  Tuned to 68
[2016-11-15 07:40:22.104]  Tuned to 69
[2016-11-15 07:40:22.205]  Tuned to 70
[2016-11-15 07:40:22.305]  Tuned to 71
[2016-11-15 07:40:22.406]  Tuned to 72
[2016-11-15 07:40:22.507]  Tuned to 73
[2016-11-15 07:40:22.607]  Tuned to 74
[2016-11-15 07:40:22.708]  Tuned to 75
[2016-11-15 07:40:22.809]  Tuned to 76
[2016-11-15 07:40:22.910]  Tuned to 77
[2016-11-15 07:40:23.010]  Tuned to 78
[2016-11-15 07:40:23.111]  Tuned to 79
[2016-11-15 07:40:23.212]  Tuned to 80
[2016-11-15 07:40:23.312]  Tuned to 81
[2016-11-15 07:40:23.413]  Tuned to 82
[2016-11-15 07:40:23.514]  Tuned to 83
[2016-11-15 07:40:23.614]  Tuned to 2
[2016-11-15 07:40:23.715]  Tuned to 3
[2016-11-15 07:40:23.816]  Tuned to 4
[2016-11-15 07:40:23.916]  Tuned to 5
[2016-11-15 07:40:24.017]  Tuned to 6
[2016-11-15 07:40:24.118]  Tuned to 7
[2016-11-15 07:40:24.218]  Tuned to 8
[2016-11-15 07:40:24.319]  Tuned to 9
[2016-11-15 07:40:24.420]  Tuned to 10
[2016-11-15 07:40:24.520]  Tuned to 11
[2016-11-15 07:40:24.621]  Tuned to 12
[2016-11-15 07:40:24.721]  Tuned to 13
[2016-11-15 07:40:24.822]  Tuned to 14
[2016-11-15 07:40:24.922]  Tuned to 15
[2016-11-15 07:40:25.023]  Tuned to 16
[2016-11-15 07:40:25.124]  Tuned to 17
[2016-11-15 07:40:25.224]  Tuned to 18
[2016-11-15 07:40:25.325]  Tuned to 19
[2016-11-15 07:40:25.426]  Tuned to 20
[2016-11-15 07:40:25.526]  Tuned to 21
[2016-11-15 07:40:25.627]  Tuned to 22
[2016-11-15 07:40:25.727]  Tuned to 23
[2016-11-15 07:40:25.828]  Tuned to 24
[2016-11-15 07:40:25.929]  Tuned to 25
[2016-11-15 07:40:26.029]  Tuned to 26
[2016-11-15 07:40:26.130]  Tuned to 27
[2016-11-15 07:40:26.231]  Tuned to 28
[2016-11-15 07:40:26.332]  Tuned to 29
[2016-11-15 07:40:26.432]  Tuned to 30
[2016-11-15 07:40:26.533]  Tuned to 31
[2016-11-15 07:40:26.634]  Tuned to 32
[2016-11-15 07:40:26.734]  Tuned to 33
[2016-11-15 07:40:26.835]  Tuned to 34
[2016-11-15 07:40:26.936]  Tuned to 35
[2016-11-15 07:40:27.036]  Tuned to 36
[2016-11-15 07:40:27.137]  Tuned to 37
[2016-11-15 07:40:27.237]  Tuned to 38
[2016-11-15 07:40:27.338]  Tuned to 39
[2016-11-15 07:40:27.439]  Tuned to 40
[2016-11-15 07:40:27.539]  Tuned to 41
[2016-11-15 07:40:27.640]  Tuned to 42
[2016-11-15 07:40:27.743]  Tuned to 43
[2016-11-15 07:40:27.844]  Tuned to 44
[2016-11-15 07:40:27.945]  Tuned to 45
[2016-11-15 07:40:28.045]  Tuned to 46
[2016-11-15 07:40:28.146]  Tuned to 47
[2016-11-15 07:40:28.247]  Tuned to 48
[2016-11-15 07:40:28.348]  Tuned to 49
[2016-11-15 07:40:28.449]  Tuned to 50
[2016-11-15 07:40:28.549]  Tuned to 51
[2016-11-15 07:40:28.650]  Tuned to 52
[2016-11-15 07:40:28.752]  Tuned to 53
[2016-11-15 07:40:28.853]  Tuned to 54
[2016-11-15 07:40:28.953]  Tuned to 55
[2016-11-15 07:40:29.054]  Tuned to 56
[2016-11-15 07:40:29.154]  Tuned to 57
[2016-11-15 07:40:29.256]  Tuned to 58
[2016-11-15 07:40:29.357]  Tuned to 59
[2016-11-15 07:40:29.457]  Tuned to 60
[2016-11-15 07:40:29.558]  Tuned to 61
[2016-11-15 07:40:29.659]  Tuned to 62
[2016-11-15 07:40:29.759]  Tuned to 63
[2016-11-15 07:40:29.860]  Tuned to 64
[2016-11-15 07:40:29.960]  Tuned to 65
[2016-11-15 07:40:30.061]  Tuned to 66
[2016-11-15 07:40:30.161]  Tuned to 67
[2016-11-15 07:40:30.262]  Tuned to 68
[2016-11-15 07:40:30.363]  Tuned to 69
[2016-11-15 07:40:30.463]  Tuned to 70
[2016-11-15 07:40:30.564]  Tuned to 71
[2016-11-15 07:40:30.665]  Tuned to 72
[2016-11-15 07:40:30.765]  Tuned to 73
[2016-11-15 07:40:30.866]  Tuned to 74
[2016-11-15 07:40:30.966]  Tuned to 75
[2016-11-15 07:40:31.067]  Tuned to 76
[2016-11-15 07:40:31.168]  Tuned to 77
[2016-11-15 07:40:31.268]  Tuned to 78
[2016-11-15 07:40:31.370]  Tuned to 79
[2016-11-15 07:40:31.471]  Tuned to 80
[2016-11-15 07:40:31.572]  Tuned to 81
[2016-11-15 07:40:31.672]  Tuned to 82
[2016-11-15 07:40:31.773]  Tuned to 83
[2016-11-15 07:40:31.873]  Tuned to 2
[2016-11-15 07:40:31.975]  Tuned to 3
[2016-11-15 07:40:32.075]  Tuned to 4
[2016-11-15 07:40:32.176]  Tuned to 5
[2016-11-15 07:40:32.277]  Tuned to 6
[2016-11-15 07:40:32.377]  Tuned to 7
[2016-11-15 07:40:32.478]  Tuned to 8
[2016-11-15 07:40:32.578]  Tuned to 9
[2016-11-15 07:40:32.679]  Tuned to 10
[2016-11-15 07:40:32.780]  Tuned to 11
[2016-11-15 07:40:32.881]  Tuned to 12
[2016-11-15 07:40:32.982]  Tuned to 13
[2016-11-15 07:40:33.082]  Tuned to 14
[2016-11-15 07:40:33.184]  Tuned to 15
[2016-11-15 07:40:33.284]  Tuned to 16
[2016-11-15 07:40:33.385]  Tuned to 17
[2016-11-15 07:40:33.486]  Tuned to 18
[2016-11-15 07:40:33.586]  Tuned to 19
[2016-11-15 07:40:33.687]  Tuned to 20
[2016-11-15 07:40:33.787]  Tuned to 21
[2016-11-15 07:40:33.888]  Tuned to 22
[2016-11-15 07:40:33.989]  Tuned to 23
[2016-11-15 07:40:34.089]  Tuned to 24
[2016-11-15 07:40:34.191]  Tuned to 25
[2016-11-15 07:40:34.292]  Tuned to 26
[2016-11-15 07:40:34.393]  Tuned to 27
[2016-11-15 07:40:34.494]  Tuned to 28
[2016-11-15 07:40:34.594]  Tuned to 29
[2016-11-15 07:40:34.695]  Tuned to 30
[2016-11-15 07:40:34.796]  Tuned to 31
[2016-11-15 07:40:34.896]  Tuned to 32
[2016-11-15 07:40:34.997]  Tuned to 33
[2016-11-15 07:40:35.098]  Tuned to 34
[2016-11-15 07:40:35.198]  Tuned to 35
[2016-11-15 07:40:35.299]  Tuned to 36
[2016-11-15 07:40:35.400]  Tuned to 37
[2016-11-15 07:40:35.501]  Tuned to 38
[2016-11-15 07:40:35.601]  Tuned to 39
[2016-11-15 07:40:35.702]  Tuned to 40
[2016-11-15 07:40:35.803]  Tuned to 41
[2016-11-15 07:40:35.905]  Tuned to 42
[2016-11-15 07:40:36.005]  Tuned to 43
[2016-11-15 07:40:36.106]  Tuned to 44
[2016-11-15 07:40:36.207]  Tuned to 45
[2016-11-15 07:40:36.307]  Tuned to 46
[2016-11-15 07:40:36.408]  Tuned to 47
[2016-11-15 07:40:36.508]  Tuned to 48
[2016-11-15 07:40:36.609]  Tuned to 49
[2016-11-15 07:40:36.710]  Tuned to 50
[2016-11-15 07:40:36.810]  Tuned to 51
[2016-11-15 07:40:36.911]  Tuned to 52
[2016-11-15 07:40:37.012]  Tuned to 53
[2016-11-15 07:40:37.113]  Tuned to 54
[2016-11-15 07:40:37.213]  Tuned to 55
[2016-11-15 07:40:37.315]  Tuned to 56
[2016-11-15 07:40:37.416]  Tuned to 57
[2016-11-15 07:40:37.517]  Tuned to 58
[2016-11-15 07:40:37.617]  Tuned to 59
[2016-11-15 07:40:37.718]  Tuned to 60
[2016-11-15 07:40:37.819]  Tuned to 61
[2016-11-15 07:40:37.919]  Tuned to 62
[2016-11-15 07:40:38.020]  Tuned to 63
[2016-11-15 07:40:38.121]  Tuned to 64
[2016-11-15 07:40:38.222]  Tuned to 65
[2016-11-15 07:40:38.323]  Tuned to 66
[2016-11-15 07:40:38.423]  Tuned to 67
[2016-11-15 07:40:38.524]  Tuned to 68
[2016-11-15 07:40:38.625]  Tuned to 69
[2016-11-15 07:40:38.725]  Tuned to 70
[2016-11-15 07:40:38.826]  Tuned to 71
[2016-11-15 07:40:38.927]  Tuned to 72
[2016-11-15 07:40:39.027]  Tuned to 73
[2016-11-15 07:40:39.129]  Tuned to 74
[2016-11-15 07:40:39.231]  Tuned to 75
[2016-11-15 07:40:39.332]  Tuned to 76
[2016-11-15 07:40:39.432]  Tuned to 77
[2016-11-15 07:40:39.533]  Tuned to 78
[2016-11-15 07:40:39.634]  Tuned to 79
[2016-11-15 07:40:39.736]  Tuned to 80
[2016-11-15 07:40:39.836]  Tuned to 81
[2016-11-15 07:40:39.937]  Tuned to 82
[2016-11-15 07:40:40.038]  Tuned to 83
[2016-11-15 07:40:40.138]  Tuned to 2
[2016-11-15 07:40:40.239]  Tuned to 3
[2016-11-15 07:40:40.340]  Tuned to 4
[2016-11-15 07:40:40.441]  Tuned to 5
[2016-11-15 07:40:40.542]  Tuned to 6
[2016-11-15 07:40:40.643]  Tuned to 7
[2016-11-15 07:40:40.743]  Tuned to 8
[2016-11-15 07:40:40.844]  Tuned to 9
[2016-11-15 07:40:40.944]  Tuned to 10
[2016-11-15 07:40:41.045]  Tuned to 11
[2016-11-15 07:40:41.146]  Tuned to 12
[2016-11-15 07:40:41.246]  Tuned to 13
[2016-11-15 07:40:41.347]  Tuned to 14
[2016-11-15 07:40:41.448]  Tuned to 15
[2016-11-15 07:40:41.548]  Tuned to 16
[2016-11-15 07:40:41.649]  Tuned to 17
[2016-11-15 07:40:41.749]  Tuned to 18
[2016-11-15 07:40:41.850]  Tuned to 19
[2016-11-15 07:40:41.951]  Tuned to 20
[2016-11-15 07:40:42.051]  Tuned to 21
[2016-11-15 07:40:42.152]  Tuned to 22
[2016-11-15 07:40:42.252]  Tuned to 23
[2016-11-15 07:40:42.353]  Tuned to 24
[2016-11-15 07:40:42.454]  Tuned to 25
[2016-11-15 07:40:42.554]  Tuned to 26
[2016-11-15 07:40:42.655]  Tuned to 27
[2016-11-15 07:40:42.755]  Tuned to 28
[2016-11-15 07:40:42.856]  Tuned to 29
[2016-11-15 07:40:42.957]  Tuned to 30
[2016-11-15 07:40:43.057]  Tuned to 31
[2016-11-15 07:40:43.158]  Tuned to 32
[2016-11-15 07:40:43.259]  Tuned to 33
[2016-11-15 07:40:43.359]  Tuned to 34
[2016-11-15 07:40:43.460]  Tuned to 35
[2016-11-15 07:40:43.560]  Tuned to 36
[2016-11-15 07:40:43.661]  Tuned to 37
[2016-11-15 07:40:43.762]  Tuned to 38
[2016-11-15 07:40:43.862]  Tuned to 39
[2016-11-15 07:40:43.963]  Tuned to 40
[2016-11-15 07:40:44.064]  Tuned to 41
[2016-11-15 07:40:44.165]  Tuned to 42
[2016-11-15 07:40:44.265]  Tuned to 43
[2016-11-15 07:40:44.366]  Tuned to 44
[2016-11-15 07:40:44.466]  Tuned to 45
[2016-11-15 07:40:44.567]  Tuned to 46
[2016-11-15 07:40:44.667]  Tuned to 47
[2016-11-15 07:40:44.768]  Tuned to 48
[2016-11-15 07:40:44.869]  Tuned to 49
[2016-11-15 07:40:44.969]  Tuned to 50
[2016-11-15 07:40:45.070]  Tuned to 51
[2016-11-15 07:40:45.170]  Tuned to 52
[2016-11-15 07:40:45.271]  Tuned to 53
[2016-11-15 07:40:45.371]  Tuned to 54
[2016-11-15 07:40:45.472]  Tuned to 55
[2016-11-15 07:40:45.572]  Tuned to 56
[2016-11-15 07:40:45.673]  Tuned to 57
[2016-11-15 07:40:45.774]  Tuned to 58
[2016-11-15 07:40:45.874]  Tuned to 59
[2016-11-15 07:40:45.975]  Tuned to 60
[2016-11-15 07:40:46.076]  Tuned to 61
[2016-11-15 07:40:46.176]  Tuned to 62
[2016-11-15 07:40:46.277]  Tuned to 63
[2016-11-15 07:40:46.378]  Tuned to 64
[2016-11-15 07:40:46.478]  Tuned to 65
[2016-11-15 07:40:46.579]  Tuned to 66
[2016-11-15 07:40:46.680]  Tuned to 67
[2016-11-15 07:40:46.780]  Tuned to 68
[2016-11-15 07:40:46.881]  Tuned to 69
[2016-11-15 07:40:46.981]  Tuned to 70
[2016-11-15 07:40:47.082]  Tuned to 71
[2016-11-15 07:40:47.183]  Tuned to 72
[2016-11-15 07:40:47.283]  Tuned to 73
[2016-11-15 07:40:47.384]  Tuned to 74
[2016-11-15 07:40:47.484]  Tuned to 75
[2016-11-15 07:40:47.585]  Tuned to 76
[2016-11-15 07:40:47.685]  Tuned to 77
[2016-11-15 07:40:47.786]  Tuned to 78
[2016-11-15 07:40:47.887]  Tuned to 79
[2016-11-15 07:40:47.987]  Tuned to 80
[2016-11-15 07:40:48.088]  Tuned to 81
[2016-11-15 07:40:48.188]  Tuned to 82
[2016-11-15 07:40:48.289]  Tuned to 83
[2016-11-15 07:40:48.390]  Tuned to 2
[2016-11-15 07:40:48.491]  Tuned to 3
[2016-11-15 07:40:48.591]  Tuned to 4
[2016-11-15 07:40:48.692]  Tuned to 5
[2016-11-15 07:40:48.793]  Tuned to 6
[2016-11-15 07:40:48.893]  Tuned to 7
[2016-11-15 07:40:48.994]  Tuned to 8
[2016-11-15 07:40:49.094]  Tuned to 9
[2016-11-15 07:40:49.195]  Tuned to 10
[2016-11-15 07:40:49.296]  Tuned to 11
[2016-11-15 07:40:49.396]  Tuned to 12
[2016-11-15 07:40:49.497]  Tuned to 13
[2016-11-15 07:40:49.598]  Tuned to 14
[2016-11-15 07:40:49.698]  Tuned to 15
[2016-11-15 07:40:49.799]  Tuned to 16
[2016-11-15 07:40:49.900]  Tuned to 17
[2016-11-15 07:40:50.000]  Tuned to 18
[2016-11-15 07:40:50.101]  Tuned to 19
[2016-11-15 07:40:50.202]  Tuned to 20
[2016-11-15 07:40:50.302]  Tuned to 21
[2016-11-15 07:40:50.403]  Tuned to 22
[2016-11-15 07:40:50.503]  Tuned to 23
[2016-11-15 07:40:50.604]  Tuned to 24
[2016-11-15 07:40:50.707]  Tuned to 25
[2016-11-15 07:40:50.808]  Tuned to 26
[2016-11-15 07:40:50.908]  Tuned to 27
[2016-11-15 07:40:51.009]  Tuned to 28
[2016-11-15 07:40:51.110]  Tuned to 29
[2016-11-15 07:40:51.210]  Tuned to 30
[2016-11-15 07:40:51.311]  Tuned to 31
[2016-11-15 07:40:51.412]  Tuned to 32
[2016-11-15 07:40:51.512]  Tuned to 33
[2016-11-15 07:40:51.613]  Tuned to 34
[2016-11-15 07:40:51.714]  Tuned to 35
[2016-11-15 07:40:51.814]  Tuned to 36
[2016-11-15 07:40:51.915]  Tuned to 37
[2016-11-15 07:40:52.016]  Tuned to 38
[2016-11-15 07:40:52.116]  Tuned to 39
[2016-11-15 07:40:52.217]  Tuned to 40
[2016-11-15 07:40:52.317]  Tuned to 41
[2016-11-15 07:40:52.418]  Tuned to 42
[2016-11-15 07:40:52.518]  Tuned to 43
[2016-11-15 07:40:52.619]  Tuned to 44
[2016-11-15 07:40:52.720]  Tuned to 45
[2016-11-15 07:40:52.821]  Tuned to 46
[2016-11-15 07:40:52.921]  Tuned to 47
[2016-11-15 07:40:53.023]  Tuned to 48
[2016-11-15 07:40:53.124]  Tuned to 49
[2016-11-15 07:40:53.224]  Tuned to 50
[2016-11-15 07:40:53.325]  Tuned to 51
[2016-11-15 07:40:53.426]  Tuned to 52
[2016-11-15 07:40:53.527]  Tuned to 53
[2016-11-15 07:40:53.629]  Tuned to 54
[2016-11-15 07:40:53.729]  Tuned to 55
[2016-11-15 07:40:53.830]  Tuned to 56
[2016-11-15 07:40:53.931]  Tuned to 57
[2016-11-15 07:40:54.032]  Tuned to 58
[2016-11-15 07:40:54.132]  Tuned to 59
[2016-11-15 07:40:54.233]  Tuned to 60
[2016-11-15 07:40:54.334]  Tuned to 61
[2016-11-15 07:40:54.435]  Tuned to 62
[2016-11-15 07:40:54.535]  Tuned to 63
[2016-11-15 07:40:54.636]  Tuned to 64
[2016-11-15 07:40:54.736]  Tuned to 65
[2016-11-15 07:40:54.837]  Tuned to 66
[2016-11-15 07:40:54.938]  Tuned to 67
[2016-11-15 07:40:55.038]  Tuned to 68
[2016-11-15 07:40:55.139]  Tuned to 69
[2016-11-15 07:40:55.239]  Tuned to 70
[2016-11-15 07:40:55.340]  Tuned to 71
[2016-11-15 07:40:55.443]  Tuned to 72
[2016-11-15 07:40:55.544]  Tuned to 73
[2016-11-15 07:40:55.645]  Tuned to 74
[2016-11-15 07:40:55.745]  Tuned to 75
[2016-11-15 07:40:55.846]  Tuned to 76
[2016-11-15 07:40:55.947]  Tuned to 77
[2016-11-15 07:40:56.048]  Tuned to 78
[2016-11-15 07:40:56.148]  Tuned to 79
[2016-11-15 07:40:56.249]  Tuned to 80
[2016-11-15 07:40:56.350]  Tuned to 81
[2016-11-15 07:40:56.450]  Tuned to 82
[2016-11-15 07:40:56.551]  Tuned to 83
[2016-11-15 07:40:56.651]  Tuned to 2
[2016-11-15 07:40:56.752]  Tuned to 3
[2016-11-15 07:40:56.853]  Tuned to 4
[2016-11-15 07:40:56.953]  Tuned to 5
[2016-11-15 07:40:57.054]  Tuned to 6
[2016-11-15 07:40:57.155]  Tuned to 7
[2016-11-15 07:40:57.256]  Tuned to 8
[2016-11-15 07:40:57.356]  Tuned to 9
[2016-11-15 07:40:57.457]  Tuned to 10
[2016-11-15 07:40:57.557]  Tuned to 11
[2016-11-15 07:40:57.658]  Tuned to 12
[2016-11-15 07:40:57.759]  Tuned to 13
[2016-11-15 07:40:57.859]  Tuned to 14
[2016-11-15 07:40:57.960]  Tuned to 15
[2016-11-15 07:40:58.060]  Tuned to 16
[2016-11-15 07:40:58.161]  Tuned to 17
[2016-11-15 07:40:58.262]  Tuned to 18
[2016-11-15 07:40:58.363]  Tuned to 19
[2016-11-15 07:40:58.463]  Tuned to 20
[2016-11-15 07:40:58.564]  Tuned to 21
[2016-11-15 07:40:58.665]  Tuned to 22
[2016-11-15 07:40:58.765]  Tuned to 23
[2016-11-15 07:40:58.867]  Tuned to 24
[2016-11-15 07:40:58.967]  Tuned to 25
[2016-11-15 07:40:59.068]  Tuned to 26
[2016-11-15 07:40:59.169]  Tuned to 27
[2016-11-15 07:40:59.269]  Tuned to 28
[2016-11-15 07:40:59.370]  Tuned to 29
[2016-11-15 07:40:59.470]  Tuned to 30
[2016-11-15 07:40:59.571]  Tuned to 31
[2016-11-15 07:40:59.672]  Tuned to 32
[2016-11-15 07:40:59.773]  Tuned to 33
[2016-11-15 07:40:59.874]  Tuned to 34
[2016-11-15 07:40:59.974]  Tuned to 35
[2016-11-15 07:41:00.075]  Tuned to 36
[2016-11-15 07:41:00.176]  Tuned to 37
[2016-11-15 07:41:00.276]  Tuned to 38
[2016-11-15 07:41:00.377]  Tuned to 39
[2016-11-15 07:41:00.478]  Tuned to 40
[2016-11-15 07:41:00.579]  Tuned to 41
[2016-11-15 07:41:00.679]  Tuned to 42
[2016-11-15 07:41:00.782]  Tuned to 43
[2016-11-15 07:41:00.882]  Tuned to 44
[2016-11-15 07:41:00.983]  Tuned to 45
[2016-11-15 07:41:01.083]  Tuned to 46
[2016-11-15 07:41:01.184]  Tuned to 47
[2016-11-15 07:41:01.285]  Tuned to 48
[2016-11-15 07:41:01.385]  Tuned to 49
[2016-11-15 07:41:01.486]  Tuned to 50
[2016-11-15 07:41:01.587]  Tuned to 51
[2016-11-15 07:41:01.687]  Tuned to 52
[2016-11-15 07:41:01.788]  Tuned to 53
[2016-11-15 07:41:01.888]  Tuned to 54
[2016-11-15 07:41:01.989]  Tuned to 55
[2016-11-15 07:41:02.090]  Tuned to 56
[2016-11-15 07:41:02.190]  Tuned to 57
[2016-11-15 07:41:02.291]  Tuned to 58
[2016-11-15 07:41:02.392]  Tuned to 59
[2016-11-15 07:41:02.492]  Tuned to 60
[2016-11-15 07:41:02.593]  Tuned to 61
[2016-11-15 07:41:02.694]  Tuned to 62
[2016-11-15 07:41:02.794]  Tuned to 63
[2016-11-15 07:41:02.895]  Tuned to 64
[2016-11-15 07:41:02.996]  Tuned to 65
[2016-11-15 07:41:03.096]  Tuned to 66
[2016-11-15 07:41:03.197]  Tuned to 67
[2016-11-15 07:41:03.298]  Tuned to 68
[2016-11-15 07:41:03.398]  Tuned to 69
[2016-11-15 07:41:03.499]  Tuned to 70
[2016-11-15 07:41:03.600]  Tuned to 71
[2016-11-15 07:41:03.701]  Tuned to 72
[2016-11-15 07:41:03.801]  Tuned to 73
[2016-11-15 07:41:03.902]  Tuned to 74
[2016-11-15 07:41:04.002]  Tuned to 75
[2016-11-15 07:41:04.103]  Tuned to 76
[2016-11-15 07:41:04.204]  Tuned to 77
[2016-11-15 07:41:04.305]  Tuned to 78
[2016-11-15 07:41:04.405]  Tuned to 79
[2016-11-15 07:41:04.508]  Tuned to 80
[2016-11-15 07:41:04.608]  Tuned to 81
[2016-11-15 07:41:04.709]  Tuned to 82
[2016-11-15 07:41:04.809]  Tuned to 83
[2016-11-15 07:41:04.910]  Tuned to 2
[2016-11-15 07:41:05.011]  Tuned to 3
[2016-11-15 07:41:05.111]  Tuned to 4
[2016-11-15 07:41:05.212]  Tuned to 5
[2016-11-15 07:41:05.313]  Tuned to 6
[2016-11-15 07:41:05.413]  Tuned to 7
[2016-11-15 07:41:05.514]  Tuned to 8
[2016-11-15 07:41:05.616]  Tuned to 9
[2016-11-15 07:41:05.717]  Tuned to 10
[2016-11-15 07:41:05.817]  Tuned to 11
[2016-11-15 07:41:05.918]  Tuned to 12
[2016-11-15 07:41:06.019]  Tuned to 13
[2016-11-15 07:41:06.119]  Tuned to 14
[2016-11-15 07:41:06.220]  Tuned to 15
[2016-11-15 07:41:06.321]  Tuned to 16
[2016-11-15 07:41:06.422]  Tuned to 17
[2016-11-15 07:41:06.522]  Tuned to 18
[2016-11-15 07:41:06.623]  Tuned to 19
[2016-11-15 07:41:06.724]  Tuned to 20
[2016-11-15 07:41:06.824]  Tuned to 21
[2016-11-15 07:41:06.925]  Tuned to 22
[2016-11-15 07:41:07.026]  Tuned to 23
[2016-11-15 07:41:07.126]  Tuned to 24
[2016-11-15 07:41:07.227]  Tuned to 25
[2016-11-15 07:41:07.328]  Tuned to 26
[2016-11-15 07:41:07.428]  Tuned to 27
[2016-11-15 07:41:07.529]  Tuned to 28
[2016-11-15 07:41:07.629]  Tuned to 29
[2016-11-15 07:41:07.731]  Tuned to 30
[2016-11-15 07:41:07.831]  Tuned to 31
[2016-11-15 07:41:07.932]  Tuned to 32
[2016-11-15 07:41:08.033]  Tuned to 33
[2016-11-15 07:41:08.134]  Tuned to 34
[2016-11-15 07:41:08.234]  Tuned to 35
[2016-11-15 07:41:08.335]  Tuned to 36
[2016-11-15 07:41:08.435]  Tuned to 37
[2016-11-15 07:41:08.536]  Tuned to 38
[2016-11-15 07:41:08.637]  Tuned to 39
[2016-11-15 07:41:08.737]  Tuned to 40
[2016-11-15 07:41:08.838]  Tuned to 41
[2016-11-15 07:41:08.939]  Tuned to 42
[2016-11-15 07:41:09.039]  Tuned to 43
[2016-11-15 07:41:09.140]  Tuned to 44
[2016-11-15 07:41:09.241]  Tuned to 45
[2016-11-15 07:41:09.342]  Tuned to 46
[2016-11-15 07:41:09.443]  Tuned to 47
[2016-11-15 07:41:09.544]  Tuned to 48
[2016-11-15 07:41:09.644]  Tuned to 49
[2016-11-15 07:41:09.745]  Tuned to 50
[2016-11-15 07:41:09.845]  Tuned to 51
[2016-11-15 07:41:09.946]  Tuned to 52
[2016-11-15 07:41:10.046]  Tuned to 53
[2016-11-15 07:41:10.147]  Tuned to 54
[2016-11-15 07:41:10.248]  Tuned to 55
[2016-11-15 07:41:10.348]  Tuned to 56
[2016-11-15 07:41:10.449]  Tuned to 57
[2016-11-15 07:41:10.550]  Tuned to 58
[2016-11-15 07:41:10.650]  Tuned to 59
[2016-11-15 07:41:10.751]  Tuned to 60
[2016-11-15 07:41:10.851]  Tuned to 61
[2016-11-15 07:41:10.952]  Tuned to 62
[2016-11-15 07:41:11.052]  Tuned to 63
[2016-11-15 07:41:11.153]  Tuned to 64
[2016-11-15 07:41:11.253]  Tuned to 65
[2016-11-15 07:41:11.354]  Tuned to 66
[2016-11-15 07:41:11.455]  Tuned to 67
[2016-11-15 07:41:11.555]  Tuned to 68
[2016-11-15 07:41:11.656]  Tuned to 69
[2016-11-15 07:41:11.757]  Tuned to 70
[2016-11-15 07:41:11.857]  Tuned to 71
[2016-11-15 07:41:11.958]  Tuned to 72
[2016-11-15 07:41:12.059]  Tuned to 73
[2016-11-15 07:41:12.160]  Tuned to 74
[2016-11-15 07:41:12.260]  Tuned to 75
[2016-11-15 07:41:12.361]  Tuned to 76
[2016-11-15 07:41:12.461]  Tuned to 77
[2016-11-15 07:41:12.562]  Tuned to 78
[2016-11-15 07:41:12.662]  Tuned to 79
[2016-11-15 07:41:12.765]  Tuned to 80
[2016-11-15 07:41:12.866]  Tuned to 81
[2016-11-15 07:41:12.967]  Tuned to 82
[2016-11-15 07:41:13.067]  Tuned to 83
[2016-11-15 07:41:13.168]  Tuned to 2
[2016-11-15 07:41:13.269]  Tuned to 3
[2016-11-15 07:41:13.369]  Tuned to 4
[2016-11-15 07:41:13.470]  Tuned to 5
[2016-11-15 07:41:13.570]  Tuned to 6
[2016-11-15 07:41:13.671]  Tuned to 7
[2016-11-15 07:41:13.772]  Tuned to 8
[2016-11-15 07:41:13.872]  Tuned to 9
[2016-11-15 07:41:13.973]  Tuned to 10
[2016-11-15 07:41:14.074]  Tuned to 11
[2016-11-15 07:41:14.174]  Tuned to 12
[2016-11-15 07:41:14.275]  Tuned to 13
[2016-11-15 07:41:14.377]  Tuned to 14
[2016-11-15 07:41:14.478]  Tuned to 15
[2016-11-15 07:41:14.578]  Tuned to 16
[2016-11-15 07:41:14.679]  Tuned to 17
[2016-11-15 07:41:14.780]  Tuned to 18
[2016-11-15 07:41:14.880]  Tuned to 19
[2016-11-15 07:41:14.981]  Tuned to 20
[2016-11-15 07:41:15.082]  Tuned to 21
[2016-11-15 07:41:15.182]  Tuned to 22
[2016-11-15 07:41:15.283]  Tuned to 23
[2016-11-15 07:41:15.383]  Tuned to 24
[2016-11-15 07:41:15.484]  Tuned to 25
[2016-11-15 07:41:15.585]  Tuned to 26
[2016-11-15 07:41:15.685]  Tuned to 27
[2016-11-15 07:41:15.786]  Tuned to 28
[2016-11-15 07:41:15.887]  Tuned to 29
[2016-11-15 07:41:15.987]  Tuned to 30
[2016-11-15 07:41:16.088]  Tuned to 31
[2016-11-15 07:41:16.188]  Tuned to 32
[2016-11-15 07:41:16.290]  Tuned to 33
[2016-11-15 07:41:16.391]  Tuned to 34
[2016-11-15 07:41:16.492]  Tuned to 35
[2016-11-15 07:41:16.592]  Tuned to 36
[2016-11-15 07:41:16.693]  Tuned to 37
[2016-11-15 07:41:16.794]  Tuned to 38
[2016-11-15 07:41:16.894]  Tuned to 39
[2016-11-15 07:41:16.995]  Tuned to 40
[2016-11-15 07:41:17.096]  Tuned to 41
[2016-11-15 07:41:17.196]  Tuned to 42
[2016-11-15 07:41:17.297]  Tuned to 43
[2016-11-15 07:41:17.398]  Tuned to 44
[2016-11-15 07:41:17.498]  Tuned to 45
[2016-11-15 07:41:17.599]  Tuned to 46
[2016-11-15 07:41:17.700]  Tuned to 47
[2016-11-15 07:41:17.800]  Tuned to 48
[2016-11-15 07:41:17.901]  Tuned to 49
[2016-11-15 07:41:18.002]  Tuned to 50
[2016-11-15 07:41:18.103]  Tuned to 51
[2016-11-15 07:41:18.203]  Tuned to 52
[2016-11-15 07:41:18.304]  Tuned to 53
[2016-11-15 07:41:18.405]  Tuned to 54
[2016-11-15 07:41:18.505]  Tuned to 55
[2016-11-15 07:41:18.606]  Tuned to 56
[2016-11-15 07:41:18.707]  Tuned to 57
[2016-11-15 07:41:18.808]  Tuned to 58
[2016-11-15 07:41:18.908]  Tuned to 59
[2016-11-15 07:41:19.009]  Tuned to 60
[2016-11-15 07:41:19.110]  Tuned to 61
[2016-11-15 07:41:19.211]  Tuned to 62
[2016-11-15 07:41:19.311]  Tuned to 63
[2016-11-15 07:41:19.412]  Tuned to 64
[2016-11-15 07:41:19.513]  Tuned to 65
[2016-11-15 07:41:19.613]  Tuned to 66
[2016-11-15 07:41:19.714]  Tuned to 67
[2016-11-15 07:41:19.816]  Tuned to 68
[2016-11-15 07:41:19.917]  Tuned to 69
[2016-11-15 07:41:20.017]  Tuned to 70
[2016-11-15 07:41:20.118]  Tuned to 71
[2016-11-15 07:41:20.218]  Tuned to 72
[2016-11-15 07:41:20.319]  Tuned to 73
[2016-11-15 07:41:20.420]  Tuned to 74
[2016-11-15 07:41:20.520]  Tuned to 75
[2016-11-15 07:41:20.621]  Tuned to 76
[2016-11-15 07:41:20.722]  Tuned to 77
[2016-11-15 07:41:20.822]  Tuned to 78
[2016-11-15 07:41:20.923]  Tuned to 79
[2016-11-15 07:41:21.023]  Tuned to 80
[2016-11-15 07:41:21.124]  Tuned to 81
[2016-11-15 07:41:21.225]  Tuned to 82
[2016-11-15 07:41:21.325]  Tuned to 83
[2016-11-15 07:41:21.426]  Tuned to 2
[2016-11-15 07:41:21.526]  Tuned to 3
[2016-11-15 07:41:21.627]  Tuned to 4
[2016-11-15 07:41:21.728]  Tuned to 5
[2016-11-15 07:41:21.828]  Tuned to 6
[2016-11-15 07:41:21.929]  Tuned to 7
[2016-11-15 07:41:22.029]  Tuned to 8
[2016-11-15 07:41:22.130]  Tuned to 9
[2016-11-15 07:41:22.230]  Tuned to 10
[2016-11-15 07:41:22.331]  Tuned to 11
[2016-11-15 07:41:22.431]  Tuned to 12
[2016-11-15 07:41:22.532]  Tuned to 13
[2016-11-15 07:41:22.633]  Tuned to 14
[2016-11-15 07:41:22.734]  Tuned to 15
[2016-11-15 07:41:22.835]  Tuned to 16
[2016-11-15 07:41:22.935]  Tuned to 17
[2016-11-15 07:41:23.036]  Tuned to 18
[2016-11-15 07:41:23.136]  Tuned to 19
[2016-11-15 07:41:23.237]  Tuned to 20
[2016-11-15 07:41:23.337]  Tuned to 21
[2016-11-15 07:41:23.438]  Tuned to 22
[2016-11-15 07:41:23.539]  Tuned to 23
[2016-11-15 07:41:23.639]  Tuned to 24
[2016-11-15 07:41:23.740]  Tuned to 25
[2016-11-15 07:41:23.840]  Tuned to 26
[2016-11-15 07:41:23.941]  Tuned to 27
[2016-11-15 07:41:24.042]  Tuned to 28
[2016-11-15 07:41:24.142]  Tuned to 29
[2016-11-15 07:41:24.243]  Tuned to 30
[2016-11-15 07:41:24.344]  Tuned to 31
[2016-11-15 07:41:24.445]  Tuned to 32
[2016-11-15 07:41:24.545]  Tuned to 33
[2016-11-15 07:41:24.646]  Tuned to 34
[2016-11-15 07:41:24.747]  Tuned to 35
[2016-11-15 07:41:24.847]  Tuned to 36
[2016-11-15 07:41:24.948]  Tuned to 37
[2016-11-15 07:41:25.048]  Tuned to 38
[2016-11-15 07:41:25.149]  Tuned to 39
[2016-11-15 07:41:25.250]  Tuned to 40
[2016-11-15 07:41:25.351]  Tuned to 41
[2016-11-15 07:41:25.452]  Tuned to 42
[2016-11-15 07:41:25.552]  Tuned to 43
[2016-11-15 07:41:25.653]  Tuned to 44
[2016-11-15 07:41:25.754]  Tuned to 45
[2016-11-15 07:41:25.854]  Tuned to 46
[2016-11-15 07:41:25.955]  Tuned to 47
[2016-11-15 07:41:26.056]  Tuned to 48
[2016-11-15 07:41:26.156]  Tuned to 49
[2016-11-15 07:41:26.257]  Tuned to 50
[2016-11-15 07:41:26.358]  Tuned to 51
[2016-11-15 07:41:26.458]  Tuned to 52
[2016-11-15 07:41:26.559]  Tuned to 53
[2016-11-15 07:41:26.660]  Tuned to 54
[2016-11-15 07:41:26.760]  Tuned to 55
[2016-11-15 07:41:26.861]  Tuned to 56
[2016-11-15 07:41:26.961]  Tuned to 57
[2016-11-15 07:41:27.062]  Tuned to 58
[2016-11-15 07:41:27.163]  Tuned to 59
[2016-11-15 07:41:27.264]  Tuned to 60
[2016-11-15 07:41:27.365]  Tuned to 61
[2016-11-15 07:41:27.465]  Tuned to 62
[2016-11-15 07:41:27.566]  Tuned to 63
[2016-11-15 07:41:27.667]  Tuned to 64
[2016-11-15 07:41:27.767]  Tuned to 65
[2016-11-15 07:41:27.868]  Tuned to 66
[2016-11-15 07:41:27.968]  Tuned to 67
[2016-11-15 07:41:28.069]  Tuned to 68
[2016-11-15 07:41:28.170]  Tuned to 69
[2016-11-15 07:41:28.270]  Tuned to 70
[2016-11-15 07:41:28.371]  Tuned to 71
[2016-11-15 07:41:28.472]  Tuned to 72
[2016-11-15 07:41:28.572]  Tuned to 73
[2016-11-15 07:41:28.673]  Tuned to 74
[2016-11-15 07:41:28.773]  Tuned to 75
[2016-11-15 07:41:28.874]  Tuned to 76
[2016-11-15 07:41:28.975]  Tuned to 77
[2016-11-15 07:41:29.075]  Tuned to 78
[2016-11-15 07:41:29.176]  Tuned to 79
[2016-11-15 07:41:29.276]  Tuned to 80
[2016-11-15 07:41:29.377]  Tuned to 81
[2016-11-15 07:41:29.477]  Tuned to 82
[2016-11-15 07:41:29.578]  Tuned to 83
[2016-11-15 07:41:29.679]  Tuned to 2
[2016-11-15 07:41:29.779]  Tuned to 3
[2016-11-15 07:41:29.880]  Tuned to 4
[2016-11-15 07:41:29.980]  Tuned to 5
[2016-11-15 07:41:30.081]  Tuned to 6
[2016-11-15 07:41:30.182]  Tuned to 7
[2016-11-15 07:41:30.283]  Tuned to 8
[2016-11-15 07:41:30.383]  Tuned to 9
[2016-11-15 07:41:30.485]  Tuned to 10
[2016-11-15 07:41:30.585]  Tuned to 11
[2016-11-15 07:41:30.688]  Tuned to 12
[2016-11-15 07:41:30.788]  Tuned to 13
[2016-11-15 07:41:30.889]  Tuned to 14
[2016-11-15 07:41:30.990]  Tuned to 15
[2016-11-15 07:41:31.090]  Tuned to 16
[2016-11-15 07:41:31.191]  Tuned to 17
[2016-11-15 07:41:31.292]  Tuned to 18
[2016-11-15 07:41:31.392]  Tuned to 19
[2016-11-15 07:41:31.493]  Tuned to 20
[2016-11-15 07:41:31.594]  Tuned to 21
[2016-11-15 07:41:31.694]  Tuned to 22
[2016-11-15 07:41:31.795]  Tuned to 23
[2016-11-15 07:41:31.896]  Tuned to 24
[2016-11-15 07:41:31.996]  Tuned to 25
[2016-11-15 07:41:32.097]  Tuned to 26
[2016-11-15 07:41:32.197]  Tuned to 27
[2016-11-15 07:41:32.299]  Tuned to 28
[2016-11-15 07:41:32.400]  Tuned to 29
[2016-11-15 07:41:32.500]  Tuned to 30
[2016-11-15 07:41:32.601]  Tuned to 31
[2016-11-15 07:41:32.701]  Tuned to 32
[2016-11-15 07:41:32.802]  Tuned to 33
[2016-11-15 07:41:32.903]  Tuned to 34
[2016-11-15 07:41:33.003]  Tuned to 35
[2016-11-15 07:41:33.104]  Tuned to 36
[2016-11-15 07:41:33.205]  Tuned to 37
[2016-11-15 07:41:33.305]  Tuned to 38
[2016-11-15 07:41:33.406]  Tuned to 39
[2016-11-15 07:41:33.507]  Tuned to 40
[2016-11-15 07:41:33.607]  Tuned to 41
[2016-11-15 07:41:33.708]  Tuned to 42
[2016-11-15 07:41:33.809]  Tuned to 43
[2016-11-15 07:41:33.909]  Tuned to 44
[2016-11-15 07:41:34.010]  Tuned to 45
[2016-11-15 07:41:34.111]  Tuned to 46
[2016-11-15 07:41:34.211]  Tuned to 47
[2016-11-15 07:41:34.312]  Tuned to 48
[2016-11-15 07:41:34.413]  Tuned to 49
[2016-11-15 07:41:34.513]  Tuned to 50
[2016-11-15 07:41:34.614]  Tuned to 51
[2016-11-15 07:41:34.715]  Tuned to 52
[2016-11-15 07:41:34.815]  Tuned to 53
[2016-11-15 07:41:34.916]  Tuned to 54
[2016-11-15 07:41:35.017]  Tuned to 55
[2016-11-15 07:41:35.118]  Tuned to 56
[2016-11-15 07:41:35.218]  Tuned to 57
[2016-11-15 07:41:35.319]  Tuned to 58
[2016-11-15 07:41:35.420]  Tuned to 59
[2016-11-15 07:41:35.520]  Tuned to 60
[2016-11-15 07:41:35.621]  Tuned to 61
[2016-11-15 07:41:35.722]  Tuned to 62
[2016-11-15 07:41:35.822]  Tuned to 63
[2016-11-15 07:41:35.923]  Tuned to 64
[2016-11-15 07:41:36.024]  Tuned to 65
[2016-11-15 07:41:36.124]  Tuned to 66
[2016-11-15 07:41:36.225]  Tuned to 67
[2016-11-15 07:41:36.325]  Tuned to 68
[2016-11-15 07:41:36.426]  Tuned to 69
[2016-11-15 07:41:36.527]  Tuned to 70
[2016-11-15 07:41:36.627]  Tuned to 71
[2016-11-15 07:41:36.728]  Tuned to 72
[2016-11-15 07:41:36.829]  Tuned to 73
[2016-11-15 07:41:36.930]  Tuned to 74
[2016-11-15 07:41:37.030]  Tuned to 75
[2016-11-15 07:41:37.131]  Tuned to 76
[2016-11-15 07:41:37.231]  Tuned to 77
[2016-11-15 07:41:37.332]  Tuned to 78
[2016-11-15 07:41:37.433]  Tuned to 79
[2016-11-15 07:41:37.533]  Tuned to 80
[2016-11-15 07:41:37.634]  Tuned to 81
[2016-11-15 07:41:37.734]  Tuned to 82
[2016-11-15 07:41:37.835]  Tuned to 83
[2016-11-15 07:41:37.935]  Tuned to 2
[2016-11-15 07:41:38.036]  Tuned to 3
[2016-11-15 07:41:38.137]  Tuned to 4
[2016-11-15 07:41:38.237]  Tuned to 5
[2016-11-15 07:41:38.338]  Tuned to 6
[2016-11-15 07:41:38.438]  Tuned to 7
[2016-11-15 07:41:38.539]  Tuned to 8
[2016-11-15 07:41:38.642]  Tuned to 9
[2016-11-15 07:41:38.743]  Tuned to 10
[2016-11-15 07:41:38.844]  Tuned to 11
[2016-11-15 07:41:38.944]  Tuned to 12
[2016-11-15 07:41:39.045]  Tuned to 13
[2016-11-15 07:41:39.145]  Tuned to 14
[2016-11-15 07:41:39.246]  Tuned to 15
[2016-11-15 07:41:39.347]  Tuned to 16
[2016-11-15 07:41:39.447]  Tuned to 17
[2016-11-15 07:41:39.548]  Tuned to 18
[2016-11-15 07:41:39.649]  Tuned to 19
[2016-11-15 07:41:39.749]  Tuned to 20
[2016-11-15 07:41:39.850]  Tuned to 21
[2016-11-15 07:41:39.951]  Tuned to 22
[2016-11-15 07:41:40.051]  Tuned to 23
[2016-11-15 07:41:40.152]  Tuned to 24
[2016-11-15 07:41:40.253]  Tuned to 25
[2016-11-15 07:41:40.353]  Tuned to 26
[2016-11-15 07:41:40.454]  Tuned to 27
[2016-11-15 07:41:40.555]  Tuned to 28
[2016-11-15 07:41:40.655]  Tuned to 29
[2016-11-15 07:41:40.756]  Tuned to 30
[2016-11-15 07:41:40.856]  Tuned to 31
[2016-11-15 07:41:40.957]  Tuned to 32
[2016-11-15 07:41:41.058]  Tuned to 33
[2016-11-15 07:41:41.158]  Tuned to 34
[2016-11-15 07:41:41.259]  Tuned to 35
[2016-11-15 07:41:41.359]  Tuned to 36
[2016-11-15 07:41:41.460]  Tuned to 37
[2016-11-15 07:41:41.561]  Tuned to 38
[2016-11-15 07:41:41.661]  Tuned to 39
[2016-11-15 07:41:41.762]  Tuned to 40
[2016-11-15 07:41:41.864]  Tuned to 41
[2016-11-15 07:41:41.964]  Tuned to 42
[2016-11-15 07:41:42.065]  Tuned to 43
[2016-11-15 07:41:42.166]  Tuned to 44
[2016-11-15 07:41:42.266]  Tuned to 45
[2016-11-15 07:41:42.367]  Tuned to 46
[2016-11-15 07:41:42.467]  Tuned to 47
[2016-11-15 07:41:42.568]  Tuned to 48
[2016-11-15 07:41:42.669]  Tuned to 49
[2016-11-15 07:41:42.770]  Tuned to 50
[2016-11-15 07:41:42.870]  Tuned to 51
[2016-11-15 07:41:42.971]  Tuned to 52
[2016-11-15 07:41:43.072]  Tuned to 53
[2016-11-15 07:41:43.172]  Tuned to 54
[2016-11-15 07:41:43.273]  Tuned to 55
[2016-11-15 07:41:43.373]  Tuned to 56
[2016-11-15 07:41:43.474]  Tuned to 57
[2016-11-15 07:41:43.575]  Tuned to 58
[2016-11-15 07:41:43.675]  Tuned to 59
[2016-11-15 07:41:43.776]  Tuned to 60
[2016-11-15 07:41:43.877]  Tuned to 61
[2016-11-15 07:41:43.977]  Tuned to 62
[2016-11-15 07:41:44.078]  Tuned to 63
[2016-11-15 07:41:44.178]  Tuned to 64
[2016-11-15 07:41:44.279]  Tuned to 65
[2016-11-15 07:41:44.380]  Tuned to 66
[2016-11-15 07:41:44.480]  Tuned to 67
[2016-11-15 07:41:44.581]  Tuned to 68
[2016-11-15 07:41:44.682]  Tuned to 69
[2016-11-15 07:41:44.782]  Tuned to 70
[2016-11-15 07:41:44.883]  Tuned to 71
[2016-11-15 07:41:44.983]  Tuned to 72
[2016-11-15 07:41:45.085]  Tuned to 73
[2016-11-15 07:41:45.187]  Tuned to 74
[2016-11-15 07:41:45.287]  Tuned to 75
[2016-11-15 07:41:45.388]  Tuned to 76
[2016-11-15 07:41:45.488]  Tuned to 77
[2016-11-15 07:41:45.589]  Tuned to 78
[2016-11-15 07:41:45.690]  Tuned to 79
[2016-11-15 07:41:45.790]  Tuned to 80
[2016-11-15 07:41:45.891]  Tuned to 81
[2016-11-15 07:41:45.992]  Tuned to 82
[2016-11-15 07:41:46.092]  Tuned to 83
[2016-11-15 07:41:46.193]  Tuned to 2
[2016-11-15 07:41:46.293]  Tuned to 3
[2016-11-15 07:41:46.394]  Tuned to 4
[2016-11-15 07:41:46.495]  Tuned to 5
[2016-11-15 07:41:46.595]  Tuned to 6
[2016-11-15 07:41:46.696]  Tuned to 7
[2016-11-15 07:41:46.797]  Tuned to 8
[2016-11-15 07:41:46.898]  Tuned to 9
[2016-11-15 07:41:46.998]  Tuned to 10
[2016-11-15 07:41:47.099]  Tuned to 11
[2016-11-15 07:41:47.199]  Tuned to 12
[2016-11-15 07:41:47.300]  Tuned to 13
[2016-11-15 07:41:47.401]  Tuned to 14
[2016-11-15 07:41:47.501]  Tuned to 15
[2016-11-15 07:41:47.602]  Tuned to 16
[2016-11-15 07:41:47.703]  Tuned to 17
[2016-11-15 07:41:47.803]  Tuned to 18
[2016-11-15 07:41:47.904]  Tuned to 19
[2016-11-15 07:41:48.004]  Tuned to 20
[2016-11-15 07:41:48.105]  Tuned to 21
[2016-11-15 07:41:48.206]  Tuned to 22
[2016-11-15 07:41:48.306]  Tuned to 23
[2016-11-15 07:41:48.407]  Tuned to 24
[2016-11-15 07:41:48.507]  Tuned to 25
[2016-11-15 07:41:48.608]  Tuned to 26
[2016-11-15 07:41:48.709]  Tuned to 27
[2016-11-15 07:41:48.809]  Tuned to 28
[2016-11-15 07:41:48.910]  Tuned to 29
[2016-11-15 07:41:49.011]  Tuned to 30
[2016-11-15 07:41:49.111]  Tuned to 31
[2016-11-15 07:41:49.212]  Tuned to 32
[2016-11-15 07:41:49.312]  Tuned to 33
[2016-11-15 07:41:49.413]  Tuned to 34
[2016-11-15 07:41:49.514]  Tuned to 35
[2016-11-15 07:41:49.614]  Tuned to 36
[2016-11-15 07:41:49.715]  Tuned to 37
[2016-11-15 07:41:49.816]  Tuned to 38
[2016-11-15 07:41:49.916]  Tuned to 39
[2016-11-15 07:41:50.017]  Tuned to 40
[2016-11-15 07:41:50.117]  Tuned to 41
[2016-11-15 07:41:50.218]  Tuned to 42
[2016-11-15 07:41:50.319]  Tuned to 43
[2016-11-15 07:41:50.419]  Tuned to 44
[2016-11-15 07:41:50.520]  Tuned to 45
[2016-11-15 07:41:50.621]  Tuned to 46
[2016-11-15 07:41:50.721]  Tuned to 47
[2016-11-15 07:41:50.822]  Tuned to 48
[2016-11-15 07:41:50.924]  Tuned to 49
[2016-11-15 07:41:51.024]  Tuned to 50
[2016-11-15 07:41:51.127]  Tuned to 51
[2016-11-15 07:41:51.227]  Tuned to 52
[2016-11-15 07:41:51.328]  Tuned to 53
[2016-11-15 07:41:51.429]  Tuned to 54
[2016-11-15 07:41:51.529]  Tuned to 55
[2016-11-15 07:41:51.630]  Tuned to 56
[2016-11-15 07:41:51.731]  Tuned to 57
[2016-11-15 07:41:51.831]  Tuned to 58
[2016-11-15 07:41:51.932]  Tuned to 59
[2016-11-15 07:41:52.033]  Tuned to 60
[2016-11-15 07:41:52.134]  Tuned to 61
[2016-11-15 07:41:52.234]  Tuned to 62
[2016-11-15 07:41:52.335]  Tuned to 63
[2016-11-15 07:41:52.436]  Tuned to 64
[2016-11-15 07:41:52.537]  Tuned to 65
[2016-11-15 07:41:52.637]  Tuned to 66
[2016-11-15 07:41:52.738]  Tuned to 67
[2016-11-15 07:41:52.839]  Tuned to 68
[2016-11-15 07:41:52.940]  Tuned to 69
[2016-11-15 07:41:53.041]  Tuned to 70
[2016-11-15 07:41:53.141]  Tuned to 71
[2016-11-15 07:41:53.242]  Tuned to 72
[2016-11-15 07:41:53.343]  Tuned to 73
[2016-11-15 07:41:53.443]  Tuned to 74
[2016-11-15 07:41:53.544]  Tuned to 75
[2016-11-15 07:41:53.645]  Tuned to 76
[2016-11-15 07:41:53.745]  Tuned to 77
[2016-11-15 07:41:53.846]  Tuned to 78
[2016-11-15 07:41:53.947]  Tuned to 79
[2016-11-15 07:41:54.047]  Tuned to 80
[2016-11-15 07:41:54.148]  Tuned to 81
[2016-11-15 07:41:54.249]  Tuned to 82
[2016-11-15 07:41:54.349]  Tuned to 83
[2016-11-15 07:41:54.450]  Tuned to 2
[2016-11-15 07:41:54.550]  Tuned to 3
[2016-11-15 07:41:54.651]  Tuned to 4
[2016-11-15 07:41:54.752]  Tuned to 5
[2016-11-15 07:41:54.852]  Tuned to 6
[2016-11-15 07:41:54.953]  Tuned to 7
[2016-11-15 07:41:55.054]  Tuned to 8
[2016-11-15 07:41:55.154]  Tuned to 9
[2016-11-15 07:41:55.255]  Tuned to 10
[2016-11-15 07:41:55.356]  Tuned to 11
[2016-11-15 07:41:55.456]  Tuned to 12
[2016-11-15 07:41:55.557]  Tuned to 13
[2016-11-15 07:41:55.658]  Tuned to 14
[2016-11-15 07:41:55.759]  Tuned to 15
[2016-11-15 07:41:55.859]  Tuned to 16
[2016-11-15 07:41:55.960]  Tuned to 17
[2016-11-15 07:41:56.060]  Tuned to 18
[2016-11-15 07:41:56.161]  Tuned to 19
[2016-11-15 07:41:56.262]  Tuned to 20
[2016-11-15 07:41:56.362]  Tuned to 21
[2016-11-15 07:41:56.463]  Tuned to 22
[2016-11-15 07:41:56.564]  Tuned to 23
[2016-11-15 07:41:56.665]  Tuned to 24
[2016-11-15 07:41:56.766]  Tuned to 25
[2016-11-15 07:41:56.866]  Tuned to 26
[2016-11-15 07:41:56.967]  Tuned to 27
[2016-11-15 07:41:57.067]  Tuned to 28
[2016-11-15 07:41:57.168]  Tuned to 29
[2016-11-15 07:41:57.269]  Tuned to 30
[2016-11-15 07:41:57.370]  Tuned to 31
[2016-11-15 07:41:57.470]  Tuned to 32
[2016-11-15 07:41:57.571]  Tuned to 33
[2016-11-15 07:41:57.671]  Tuned to 34
[2016-11-15 07:41:57.772]  Tuned to 35
[2016-11-15 07:41:57.873]  Tuned to 36
[2016-11-15 07:41:57.973]  Tuned to 37
[2016-11-15 07:41:58.077]  Tuned to 38
[2016-11-15 07:41:58.178]  Tuned to 39
[2016-11-15 07:41:58.278]  Tuned to 40
[2016-11-15 07:41:58.379]  Tuned to 41
[2016-11-15 07:41:58.480]  Tuned to 42
[2016-11-15 07:41:58.581]  Tuned to 43
[2016-11-15 07:41:58.682]  Tuned to 44
[2016-11-15 07:41:58.782]  Tuned to 45
[2016-11-15 07:41:58.883]  Tuned to 46
[2016-11-15 07:41:58.983]  Tuned to 47
[2016-11-15 07:41:59.084]  Tuned to 48
[2016-11-15 07:41:59.185]  Tuned to 49
[2016-11-15 07:41:59.286]  Tuned to 50
[2016-11-15 07:41:59.388]  Tuned to 51
[2016-11-15 07:41:59.488]  Tuned to 52
[2016-11-15 07:41:59.589]  Tuned to 53
[2016-11-15 07:41:59.690]  Tuned to 54
[2016-11-15 07:41:59.790]  Tuned to 55
[2016-11-15 07:41:59.892]  Tuned to 56
[2016-11-15 07:41:59.993]  Tuned to 57
[2016-11-15 07:42:00.093]  Tuned to 58
[2016-11-15 07:42:00.194]  Tuned to 59
[2016-11-15 07:42:00.294]  Tuned to 60
[2016-11-15 07:42:00.395]  Tuned to 61
[2016-11-15 07:42:00.495]  Tuned to 62
[2016-11-15 07:42:00.596]  Tuned to 63
[2016-11-15 07:42:00.696]  Tuned to 64
[2016-11-15 07:42:00.797]  Tuned to 65
[2016-11-15 07:42:00.898]  Tuned to 66
[2016-11-15 07:42:00.998]  Tuned to 67
[2016-11-15 07:42:01.099]  Tuned to 68
[2016-11-15 07:42:01.200]  Tuned to 69
[2016-11-15 07:42:01.301]  Tuned to 70
[2016-11-15 07:42:01.402]  Tuned to 71
[2016-11-15 07:42:01.504]  Tuned to 72
[2016-11-15 07:42:01.605]  Tuned to 73
[2016-11-15 07:42:01.706]  Tuned to 74
[2016-11-15 07:42:01.807]  Tuned to 75
[2016-11-15 07:42:01.907]  Tuned to 76
[2016-11-15 07:42:02.008]  Tuned to 77
[2016-11-15 07:42:02.109]  Tuned to 78
[2016-11-15 07:42:02.210]  Tuned to 79
[2016-11-15 07:42:02.310]  Tuned to 80
[2016-11-15 07:42:02.411]  Tuned to 81
[2016-11-15 07:42:02.512]  Tuned to 82
[2016-11-15 07:42:02.612]  Tuned to 83
[2016-11-15 07:42:02.713]  Tuned to 2
[2016-11-15 07:42:02.813]  Tuned to 3
[2016-11-15 07:42:02.914]  Tuned to 4
[2016-11-15 07:42:03.014]  Tuned to 5
[2016-11-15 07:42:03.115]  Tuned to 6
[2016-11-15 07:42:03.216]  Tuned to 7
[2016-11-15 07:42:03.316]  Tuned to 8
[2016-11-15 07:42:03.417]  Tuned to 9
[2016-11-15 07:42:03.518]  Tuned to 10
[2016-11-15 07:42:03.619]  Tuned to 11
[2016-11-15 07:42:03.719]  Tuned to 12
[2016-11-15 07:42:03.820]  Tuned to 13
[2016-11-15 07:42:03.921]  Tuned to 14
[2016-11-15 07:42:04.021]  Tuned to 15
[2016-11-15 07:42:04.122]  Tuned to 16
[2016-11-15 07:42:04.223]  Tuned to 17
[2016-11-15 07:42:04.323]  Tuned to 18
[2016-11-15 07:42:04.424]  Tuned to 19
[2016-11-15 07:42:04.525]  Tuned to 20
[2016-11-15 07:42:04.626]  Tuned to 21
[2016-11-15 07:42:04.726]  Tuned to 22
[2016-11-15 07:42:04.827]  Tuned to 23
[2016-11-15 07:42:04.928]  Tuned to 24
[2016-11-15 07:42:05.028]  Tuned to 25
[2016-11-15 07:42:05.130]  Tuned to 26
[2016-11-15 07:42:05.231]  Tuned to 27
[2016-11-15 07:42:05.331]  Tuned to 28
[2016-11-15 07:42:05.432]  Tuned to 29
[2016-11-15 07:42:05.532]  Tuned to 30
[2016-11-15 07:42:05.633]  Tuned to 31
[2016-11-15 07:42:05.734]  Tuned to 32
[2016-11-15 07:42:05.835]  Tuned to 33
[2016-11-15 07:42:05.935]  Tuned to 34
[2016-11-15 07:42:06.036]  Tuned to 35
[2016-11-15 07:42:06.136]  Tuned to 36
[2016-11-15 07:42:06.237]  Tuned to 37
[2016-11-15 07:42:06.338]  Tuned to 38
[2016-11-15 07:42:06.438]  Tuned to 39
[2016-11-15 07:42:06.539]  Tuned to 40
[2016-11-15 07:42:06.640]  Tuned to 41
[2016-11-15 07:42:06.741]  Tuned to 42
[2016-11-15 07:42:06.841]  Tuned to 43
[2016-11-15 07:42:06.942]  Tuned to 44
[2016-11-15 07:42:07.043]  Tuned to 45
[2016-11-15 07:42:07.143]  Tuned to 46
[2016-11-15 07:42:07.244]  Tuned to 47
[2016-11-15 07:42:07.345]  Tuned to 48
[2016-11-15 07:42:07.445]  Tuned to 49
[2016-11-15 07:42:07.546]  Tuned to 50
[2016-11-15 07:42:07.646]  Tuned to 51
[2016-11-15 07:42:07.747]  Tuned to 52
[2016-11-15 07:42:07.848]  Tuned to 53
[2016-11-15 07:42:07.948]  Tuned to 54
[2016-11-15 07:42:08.049]  Tuned to 55
[2016-11-15 07:42:08.150]  Tuned to 56
[2016-11-15 07:42:08.251]  Tuned to 57
[2016-11-15 07:42:08.351]  Tuned to 58
[2016-11-15 07:42:08.452]  Tuned to 59
[2016-11-15 07:42:08.552]  Tuned to 60
[2016-11-15 07:42:08.653]  Tuned to 61
[2016-11-15 07:42:08.754]  Tuned to 62
[2016-11-15 07:42:08.854]  Tuned to 63
[2016-11-15 07:42:08.955]  Tuned to 64
[2016-11-15 07:42:09.055]  Tuned to 65
[2016-11-15 07:42:09.156]  Tuned to 66
[2016-11-15 07:42:09.257]  Tuned to 67
[2016-11-15 07:42:09.358]  Tuned to 68
[2016-11-15 07:42:09.458]  Tuned to 69
[2016-11-15 07:42:09.559]  Tuned to 70
[2016-11-15 07:42:09.660]  Tuned to 71
[2016-11-15 07:42:09.760]  Tuned to 72
[2016-11-15 07:42:09.861]  Tuned to 73
[2016-11-15 07:42:09.962]  Tuned to 74
[2016-11-15 07:42:10.063]  Tuned to 75
[2016-11-15 07:42:10.164]  Tuned to 76
[2016-11-15 07:42:10.266]  Tuned to 77
[2016-11-15 07:42:10.366]  Tuned to 78
[2016-11-15 07:42:10.467]  Tuned to 79
[2016-11-15 07:42:10.568]  Tuned to 80
[2016-11-15 07:42:10.668]  Tuned to 81
[2016-11-15 07:42:10.769]  Tuned to 82
[2016-11-15 07:42:10.870]  Tuned to 83
[2016-11-15 07:42:10.970]  Tuned to 2
[2016-11-15 07:42:11.071]  Tuned to 3
[2016-11-15 07:42:11.172]  Tuned to 4
[2016-11-15 07:42:11.272]  Tuned to 5
[2016-11-15 07:42:11.373]  Tuned to 6
[2016-11-15 07:42:11.474]  Tuned to 7
[2016-11-15 07:42:11.574]  Tuned to 8
[2016-11-15 07:42:11.675]  Tuned to 9
[2016-11-15 07:42:11.776]  Tuned to 10
[2016-11-15 07:42:11.877]  Tuned to 11
[2016-11-15 07:42:11.977]  Tuned to 12
[2016-11-15 07:42:12.078]  Tuned to 13
[2016-11-15 07:42:12.179]  Tuned to 14
[2016-11-15 07:42:12.279]  Tuned to 15
[2016-11-15 07:42:12.380]  Tuned to 16
[2016-11-15 07:42:12.480]  Tuned to 17
[2016-11-15 07:42:12.581]  Tuned to 18
[2016-11-15 07:42:12.681]  Tuned to 19
[2016-11-15 07:42:12.782]  Tuned to 20
[2016-11-15 07:42:12.883]  Tuned to 21
[2016-11-15 07:42:12.984]  Tuned to 22
[2016-11-15 07:42:13.084]  Tuned to 23
[2016-11-15 07:42:13.185]  Tuned to 24
[2016-11-15 07:42:13.285]  Tuned to 25
[2016-11-15 07:42:13.386]  Tuned to 26
[2016-11-15 07:42:13.486]  Tuned to 27
[2016-11-15 07:42:13.587]  Tuned to 28
[2016-11-15 07:42:13.688]  Tuned to 29
[2016-11-15 07:42:13.788]  Tuned to 30
[2016-11-15 07:42:13.889]  Tuned to 31
[2016-11-15 07:42:13.990]  Tuned to 32
[2016-11-15 07:42:14.090]  Tuned to 33
[2016-11-15 07:42:14.191]  Tuned to 34
[2016-11-15 07:42:14.291]  Tuned to 35
[2016-11-15 07:42:14.392]  Tuned to 36
[2016-11-15 07:42:14.493]  Tuned to 37
[2016-11-15 07:42:14.594]  Tuned to 38
[2016-11-15 07:42:14.696]  Tuned to 39
[2016-11-15 07:42:14.796]  Tuned to 40
[2016-11-15 07:42:14.897]  Tuned to 41
[2016-11-15 07:42:14.998]  Tuned to 42
[2016-11-15 07:42:15.098]  Tuned to 43
[2016-11-15 07:42:15.199]  Tuned to 44
[2016-11-15 07:42:15.300]  Tuned to 45
[2016-11-15 07:42:15.400]  Tuned to 46
[2016-11-15 07:42:15.501]  Tuned to 47
[2016-11-15 07:42:15.602]  Tuned to 48
[2016-11-15 07:42:15.702]  Tuned to 49
[2016-11-15 07:42:15.803]  Tuned to 50
[2016-11-15 07:42:15.903]  Tuned to 51
[2016-11-15 07:42:16.004]  Tuned to 52
[2016-11-15 07:42:16.104]  Tuned to 53
[2016-11-15 07:42:16.205]  Tuned to 54
[2016-11-15 07:42:16.306]  Tuned to 55
[2016-11-15 07:42:16.407]  Tuned to 56
[2016-11-15 07:42:16.507]  Tuned to 57
[2016-11-15 07:42:16.608]  Tuned to 58
[2016-11-15 07:42:16.708]  Tuned to 59
[2016-11-15 07:42:16.809]  Tuned to 60
[2016-11-15 07:42:16.910]  Tuned to 61
[2016-11-15 07:42:17.010]  Tuned to 62
[2016-11-15 07:42:17.111]  Tuned to 63
[2016-11-15 07:42:17.211]  Tuned to 64
[2016-11-15 07:42:17.312]  Tuned to 65
[2016-11-15 07:42:17.412]  Tuned to 66
[2016-11-15 07:42:17.513]  Tuned to 67
[2016-11-15 07:42:17.613]  Tuned to 68
[2016-11-15 07:42:17.716]  Tuned to 69
[2016-11-15 07:42:17.817]  Tuned to 70
[2016-11-15 07:42:17.917]  Tuned to 71
[2016-11-15 07:42:18.018]  Tuned to 72
[2016-11-15 07:42:18.119]  Tuned to 73
[2016-11-15 07:42:18.220]  Tuned to 74
[2016-11-15 07:42:18.320]  Tuned to 75
[2016-11-15 07:42:18.421]  Tuned to 76
[2016-11-15 07:42:18.522]  Tuned to 77
[2016-11-15 07:42:18.622]  Tuned to 78
[2016-11-15 07:42:18.723]  Tuned to 79
[2016-11-15 07:42:18.823]  Tuned to 80
[2016-11-15 07:42:18.924]  Tuned to 81
[2016-11-15 07:42:19.025]  Tuned to 82
[2016-11-15 07:42:19.125]  Tuned to 83
[2016-11-15 07:42:19.226]  Tuned to 2
[2016-11-15 07:42:19.326]  Tuned to 3
[2016-11-15 07:42:19.427]  Tuned to 4
[2016-11-15 07:42:19.528]  Tuned to 5
[2016-11-15 07:42:19.629]  Tuned to 6
[2016-11-15 07:42:19.729]  Tuned to 7
[2016-11-15 07:42:19.831]  Tuned to 8
[2016-11-15 07:42:19.932]  Tuned to 9
[2016-11-15 07:42:20.032]  Tuned to 10
[2016-11-15 07:42:20.133]  Tuned to 11
[2016-11-15 07:42:20.233]  Tuned to 12
[2016-11-15 07:42:20.334]  Tuned to 13
[2016-11-15 07:42:20.435]  Tuned to 14
[2016-11-15 07:42:20.536]  Tuned to 15
[2016-11-15 07:42:20.636]  Tuned to 16
[2016-11-15 07:42:20.737]  Tuned to 17
[2016-11-15 07:42:20.838]  Tuned to 18
[2016-11-15 07:42:20.939]  Tuned to 19
[2016-11-15 07:42:21.040]  Tuned to 20
[2016-11-15 07:42:21.141]  Tuned to 21
[2016-11-15 07:42:21.241]  Tuned to 22
[2016-11-15 07:42:21.342]  Tuned to 23
[2016-11-15 07:42:21.443]  Tuned to 24
[2016-11-15 07:42:21.543]  Tuned to 25
[2016-11-15 07:42:21.644]  Tuned to 26
[2016-11-15 07:42:21.745]  Tuned to 27
[2016-11-15 07:42:21.846]  Tuned to 28
[2016-11-15 07:42:21.946]  Tuned to 29
[2016-11-15 07:42:22.047]  Tuned to 30
[2016-11-15 07:42:22.148]  Tuned to 31
[2016-11-15 07:42:22.248]  Tuned to 32
[2016-11-15 07:42:22.349]  Tuned to 33
[2016-11-15 07:42:22.450]  Tuned to 34
[2016-11-15 07:42:22.550]  Tuned to 35
[2016-11-15 07:42:22.651]  Tuned to 36
[2016-11-15 07:42:22.752]  Tuned to 37
[2016-11-15 07:42:22.852]  Tuned to 38
[2016-11-15 07:42:22.953]  Tuned to 39
[2016-11-15 07:42:23.053]  Tuned to 40
[2016-11-15 07:42:23.154]  Tuned to 41
[2016-11-15 07:42:23.255]  Tuned to 42
[2016-11-15 07:42:23.355]  Tuned to 43
[2016-11-15 07:42:23.456]  Tuned to 44
[2016-11-15 07:42:23.556]  Tuned to 45
[2016-11-15 07:42:23.657]  Tuned to 46
[2016-11-15 07:42:23.757]  Tuned to 47
[2016-11-15 07:42:23.858]  Tuned to 48
[2016-11-15 07:42:23.959]  Tuned to 49
[2016-11-15 07:42:24.060]  Tuned to 50
[2016-11-15 07:42:24.160]  Tuned to 51
[2016-11-15 07:42:24.261]  Tuned to 52
[2016-11-15 07:42:24.362]  Tuned to 53
[2016-11-15 07:42:24.462]  Tuned to 54
[2016-11-15 07:42:24.563]  Tuned to 55
[2016-11-15 07:42:24.664]  Tuned to 56
[2016-11-15 07:42:24.764]  Tuned to 57
[2016-11-15 07:42:24.866]  Tuned to 58
[2016-11-15 07:42:24.968]  Tuned to 59
[2016-11-15 07:42:25.069]  Tuned to 60
[2016-11-15 07:42:25.172]  Tuned to 61
[2016-11-15 07:42:25.273]  Tuned to 62
[2016-11-15 07:42:25.373]  Tuned to 63
[2016-11-15 07:42:25.474]  Tuned to 64
[2016-11-15 07:42:25.575]  Tuned to 65
[2016-11-15 07:42:25.675]  Tuned to 66
[2016-11-15 07:42:25.776]  Tuned to 67
[2016-11-15 07:42:25.877]  Tuned to 68
[2016-11-15 07:42:25.977]  Tuned to 69
[2016-11-15 07:42:26.078]  Tuned to 70
[2016-11-15 07:42:26.179]  Tuned to 71
[2016-11-15 07:42:26.280]  Tuned to 72
[2016-11-15 07:42:26.381]  Tuned to 73
[2016-11-15 07:42:26.481]  Tuned to 74
[2016-11-15 07:42:26.582]  Tuned to 75
[2016-11-15 07:42:26.683]  Tuned to 76
[2016-11-15 07:42:26.783]  Tuned to 77
[2016-11-15 07:42:26.884]  Tuned to 78
[2016-11-15 07:42:26.985]  Tuned to 79
[2016-11-15 07:42:27.086]  Tuned to 80
[2016-11-15 07:42:27.186]  Tuned to 81
[2016-11-15 07:42:27.287]  Tuned to 82
[2016-11-15 07:42:27.387]  Tuned to 83
[2016-11-15 07:42:27.488]  Tuned to 2
[2016-11-15 07:42:27.589]  Tuned to 3
[2016-11-15 07:42:27.689]  Tuned to 4
[2016-11-15 07:42:27.790]  Tuned to 5
[2016-11-15 07:42:27.891]  Tuned to 6
[2016-11-15 07:42:27.991]  Tuned to 7
[2016-11-15 07:42:28.093]  Tuned to 8
[2016-11-15 07:42:28.194]  Tuned to 9
[2016-11-15 07:42:28.294]  Tuned to 10
[2016-11-15 07:42:28.395]  Tuned to 11
[2016-11-15 07:42:28.496]  Tuned to 12
[2016-11-15 07:42:28.596]  Tuned to 13
[2016-11-15 07:42:28.697]  Tuned to 14
[2016-11-15 07:42:28.797]  Tuned to 15
[2016-11-15 07:42:28.898]  Tuned to 16
[2016-11-15 07:42:28.999]  Tuned to 17
[2016-11-15 07:42:29.100]  Tuned to 18
[2016-11-15 07:42:29.200]  Tuned to 19
[2016-11-15 07:42:29.301]  Tuned to 20
[2016-11-15 07:42:29.401]  Tuned to 21
[2016-11-15 07:42:29.502]  Tuned to 22
[2016-11-15 07:42:29.603]  Tuned to 23
[2016-11-15 07:42:29.703]  Tuned to 24
[2016-11-15 07:42:29.804]  Tuned to 25
[2016-11-15 07:42:29.905]  Tuned to 26
[2016-11-15 07:42:30.005]  Tuned to 27
[2016-11-15 07:42:30.106]  Tuned to 28
[2016-11-15 07:42:30.207]  Tuned to 29
[2016-11-15 07:42:30.307]  Tuned to 30
[2016-11-15 07:42:30.408]  Tuned to 31
[2016-11-15 07:42:30.509]  Tuned to 32
[2016-11-15 07:42:30.609]  Tuned to 33
[2016-11-15 07:42:30.710]  Tuned to 34
[2016-11-15 07:42:30.811]  Tuned to 35
[2016-11-15 07:42:30.912]  Tuned to 36
[2016-11-15 07:42:31.013]  Tuned to 37
[2016-11-15 07:42:31.113]  Tuned to 38
[2016-11-15 07:42:31.214]  Tuned to 39
[2016-11-15 07:42:31.315]  Tuned to 40
[2016-11-15 07:42:31.415]  Tuned to 41
[2016-11-15 07:42:31.516]  Tuned to 42
[2016-11-15 07:42:31.617]  Tuned to 43
[2016-11-15 07:42:31.717]  Tuned to 44
[2016-11-15 07:42:31.818]  Tuned to 45
[2016-11-15 07:42:31.919]  Tuned to 46
[2016-11-15 07:42:32.019]  Tuned to 47
[2016-11-15 07:42:32.120]  Tuned to 48
[2016-11-15 07:42:32.221]  Tuned to 49
[2016-11-15 07:42:32.321]  Tuned to 50
[2016-11-15 07:42:32.422]  Tuned to 51
[2016-11-15 07:42:32.523]  Tuned to 52
[2016-11-15 07:42:32.623]  Tuned to 53
[2016-11-15 07:42:32.724]  Tuned to 54
[2016-11-15 07:42:32.825]  Tuned to 55
[2016-11-15 07:42:32.925]  Tuned to 56
[2016-11-15 07:42:33.027]  Tuned to 57
[2016-11-15 07:42:33.129]  Tuned to 58
[2016-11-15 07:42:33.230]  Tuned to 59
[2016-11-15 07:42:33.330]  Tuned to 60
[2016-11-15 07:42:33.431]  Tuned to 61
[2016-11-15 07:42:33.532]  Tuned to 62
[2016-11-15 07:42:33.632]  Tuned to 63
[2016-11-15 07:42:33.733]  Tuned to 64
[2016-11-15 07:42:33.833]  Tuned to 65
[2016-11-15 07:42:33.934]  Tuned to 66
[2016-11-15 07:42:34.035]  Tuned to 67
[2016-11-15 07:42:34.135]  Tuned to 68
[2016-11-15 07:42:34.236]  Tuned to 69
[2016-11-15 07:42:34.337]  Tuned to 70
[2016-11-15 07:42:34.437]  Tuned to 71
[2016-11-15 07:42:34.538]  Tuned to 72
[2016-11-15 07:42:34.638]  Tuned to 73
[2016-11-15 07:42:34.739]  Tuned to 74
[2016-11-15 07:42:34.840]  Tuned to 75
[2016-11-15 07:42:34.940]  Tuned to 76
[2016-11-15 07:42:35.041]  Tuned to 77
[2016-11-15 07:42:35.142]  Tuned to 78
[2016-11-15 07:42:35.243]  Tuned to 79
[2016-11-15 07:42:35.344]  Tuned to 80
[2016-11-15 07:42:35.444]  Tuned to 81
[2016-11-15 07:42:35.545]  Tuned to 82
[2016-11-15 07:42:35.646]  Tuned to 83
[2016-11-15 07:42:35.747]  Tuned to 2
[2016-11-15 07:42:35.847]  Tuned to 3
[2016-11-15 07:42:35.948]  Tuned to 4
[2016-11-15 07:42:36.048]  Tuned to 5
[2016-11-15 07:42:36.149]  Tuned to 6
[2016-11-15 07:42:36.252]  Tuned to 7
[2016-11-15 07:42:36.352]  Tuned to 8
[2016-11-15 07:42:36.453]  Tuned to 9
[2016-11-15 07:42:36.553]  Tuned to 10
[2016-11-15 07:42:36.654]  Tuned to 11
[2016-11-15 07:42:36.754]  Tuned to 12
[2016-11-15 07:42:36.855]  Tuned to 13
[2016-11-15 07:42:36.956]  Tuned to 14
[2016-11-15 07:42:37.057]  Tuned to 15
[2016-11-15 07:42:37.157]  Tuned to 16
[2016-11-15 07:42:37.258]  Tuned to 17
[2016-11-15 07:42:37.358]  Tuned to 18
[2016-11-15 07:42:37.459]  Tuned to 19
[2016-11-15 07:42:37.560]  Tuned to 20
[2016-11-15 07:42:37.660]  Tuned to 21
[2016-11-15 07:42:37.761]  Tuned to 22
[2016-11-15 07:42:37.862]  Tuned to 23
[2016-11-15 07:42:37.962]  Tuned to 24
[2016-11-15 07:42:38.063]  Tuned to 25
[2016-11-15 07:42:38.163]  Tuned to 26
[2016-11-15 07:42:38.264]  Tuned to 27
[2016-11-15 07:42:38.365]  Tuned to 28
[2016-11-15 07:42:38.466]  Tuned to 29
[2016-11-15 07:42:38.567]  Tuned to 30
[2016-11-15 07:42:38.667]  Tuned to 31
[2016-11-15 07:42:38.768]  Tuned to 32
[2016-11-15 07:42:38.869]  Tuned to 33
[2016-11-15 07:42:38.969]  Tuned to 34
[2016-11-15 07:42:39.070]  Tuned to 35
[2016-11-15 07:42:39.170]  Tuned to 36
[2016-11-15 07:42:39.271]  Tuned to 37
[2016-11-15 07:42:39.372]  Tuned to 38
[2016-11-15 07:42:39.472]  Tuned to 39
[2016-11-15 07:42:39.573]  Tuned to 40
[2016-11-15 07:42:39.674]  Tuned to 41
[2016-11-15 07:42:39.774]  Tuned to 42
[2016-11-15 07:42:39.875]  Tuned to 43
[2016-11-15 07:42:39.976]  Tuned to 44
[2016-11-15 07:42:40.076]  Tuned to 45
[2016-11-15 07:42:40.179]  Tuned to 46
[2016-11-15 07:42:40.279]  Tuned to 47
[2016-11-15 07:42:40.380]  Tuned to 48
[2016-11-15 07:42:40.481]  Tuned to 49
[2016-11-15 07:42:40.581]  Tuned to 50
[2016-11-15 07:42:40.682]  Tuned to 51
[2016-11-15 07:42:40.782]  Tuned to 52
[2016-11-15 07:42:40.883]  Tuned to 53
[2016-11-15 07:42:40.984]  Tuned to 54
[2016-11-15 07:42:41.084]  Tuned to 55
[2016-11-15 07:42:41.185]  Tuned to 56
[2016-11-15 07:42:41.286]  Tuned to 57
[2016-11-15 07:42:41.386]  Tuned to 58
[2016-11-15 07:42:41.487]  Tuned to 59
[2016-11-15 07:42:41.588]  Tuned to 60
[2016-11-15 07:42:41.688]  Tuned to 61
[2016-11-15 07:42:41.789]  Tuned to 62
[2016-11-15 07:42:41.890]  Tuned to 63
[2016-11-15 07:42:41.990]  Tuned to 64
[2016-11-15 07:42:42.091]  Tuned to 65
[2016-11-15 07:42:42.191]  Tuned to 66
[2016-11-15 07:42:42.292]  Tuned to 67
[2016-11-15 07:42:42.393]  Tuned to 68
[2016-11-15 07:42:42.493]  Tuned to 69
[2016-11-15 07:42:42.594]  Tuned to 70
[2016-11-15 07:42:42.694]  Tuned to 71
[2016-11-15 07:42:42.797]  Tuned to 72
[2016-11-15 07:42:42.898]  Tuned to 73
[2016-11-15 07:42:42.998]  Tuned to 74
[2016-11-15 07:42:43.099]  Tuned to 75
[2016-11-15 07:42:43.200]  Tuned to 76
[2016-11-15 07:42:43.300]  Tuned to 77
[2016-11-15 07:42:43.401]  Tuned to 78
[2016-11-15 07:42:43.502]  Tuned to 79
[2016-11-15 07:42:43.602]  Tuned to 80
[2016-11-15 07:42:43.703]  Tuned to 81
[2016-11-15 07:42:43.804]  Tuned to 82
[2016-11-15 07:42:43.904]  Tuned to 83
[2016-11-15 07:42:44.005]  Tuned to 2
[2016-11-15 07:42:44.106]  Tuned to 3
[2016-11-15 07:42:44.206]  Tuned to 4
[2016-11-15 07:42:44.307]  Tuned to 5
[2016-11-15 07:42:44.408]  Tuned to 6
[2016-11-15 07:42:44.508]  Tuned to 7
[2016-11-15 07:42:44.609]  Tuned to 8
[2016-11-15 07:42:44.710]  Tuned to 9
[2016-11-15 07:42:44.810]  Tuned to 10
[2016-11-15 07:42:44.911]  Tuned to 11
[2016-11-15 07:42:45.012]  Tuned to 12
[2016-11-15 07:42:45.113]  Tuned to 13
[2016-11-15 07:42:45.214]  Tuned to 14
[2016-11-15 07:42:45.315]  Tuned to 15
[2016-11-15 07:42:45.415]  Tuned to 16
[2016-11-15 07:42:45.516]  Tuned to 17
[2016-11-15 07:42:45.616]  Tuned to 18
[2016-11-15 07:42:45.717]  Tuned to 19
[2016-11-15 07:42:45.818]  Tuned to 20
[2016-11-15 07:42:45.919]  Tuned to 21
[2016-11-15 07:42:46.019]  Tuned to 22
[2016-11-15 07:42:46.120]  Tuned to 23
[2016-11-15 07:42:46.220]  Tuned to 24
[2016-11-15 07:42:46.321]  Tuned to 25
[2016-11-15 07:42:46.422]  Tuned to 26
[2016-11-15 07:42:46.523]  Tuned to 27
[2016-11-15 07:42:46.624]  Tuned to 28
[2016-11-15 07:42:46.724]  Tuned to 29
[2016-11-15 07:42:46.825]  Tuned to 30
[2016-11-15 07:42:46.928]  Tuned to 31
[2016-11-15 07:42:47.028]  Tuned to 32
[2016-11-15 07:42:47.129]  Tuned to 33
[2016-11-15 07:42:47.229]  Tuned to 34
[2016-11-15 07:42:47.330]  Tuned to 35
[2016-11-15 07:42:47.430]  Tuned to 36
[2016-11-15 07:42:47.531]  Tuned to 37
[2016-11-15 07:42:47.633]  Tuned to 38
[2016-11-15 07:42:47.734]  Tuned to 39
[2016-11-15 07:42:47.835]  Tuned to 40
[2016-11-15 07:42:47.935]  Tuned to 41
[2016-11-15 07:42:48.036]  Tuned to 42
[2016-11-15 07:42:48.137]  Tuned to 43
[2016-11-15 07:42:48.237]  Tuned to 44
[2016-11-15 07:42:48.338]  Tuned to 45
[2016-11-15 07:42:48.438]  Tuned to 46
[2016-11-15 07:42:48.539]  Tuned to 47
[2016-11-15 07:42:48.639]  Tuned to 48
[2016-11-15 07:42:48.740]  Tuned to 49
[2016-11-15 07:42:48.841]  Tuned to 50
[2016-11-15 07:42:48.941]  Tuned to 51
[2016-11-15 07:42:49.042]  Tuned to 52
[2016-11-15 07:42:49.143]  Tuned to 53
[2016-11-15 07:42:49.244]  Tuned to 54
[2016-11-15 07:42:49.344]  Tuned to 55
[2016-11-15 07:42:49.445]  Tuned to 56
[2016-11-15 07:42:49.545]  Tuned to 57
[2016-11-15 07:42:49.646]  Tuned to 58
[2016-11-15 07:42:49.747]  Tuned to 59
[2016-11-15 07:42:49.847]  Tuned to 60
[2016-11-15 07:42:49.948]  Tuned to 61
[2016-11-15 07:42:50.048]  Tuned to 62
[2016-11-15 07:42:50.149]  Tuned to 63
[2016-11-15 07:42:50.250]  Tuned to 64
[2016-11-15 07:42:50.350]  Tuned to 65
[2016-11-15 07:42:50.451]  Tuned to 66
[2016-11-15 07:42:50.551]  Tuned to 67
[2016-11-15 07:42:50.652]  Tuned to 68
[2016-11-15 07:42:50.752]  Tuned to 69
[2016-11-15 07:42:50.853]  Tuned to 70
[2016-11-15 07:42:50.954]  Tuned to 71
[2016-11-15 07:42:51.054]  Tuned to 72
[2016-11-15 07:42:51.155]  Tuned to 73
[2016-11-15 07:42:51.256]  Tuned to 74
[2016-11-15 07:42:51.356]  Tuned to 75
[2016-11-15 07:42:51.457]  Tuned to 76
[2016-11-15 07:42:51.558]  Tuned to 77
[2016-11-15 07:42:51.658]  Tuned to 78
[2016-11-15 07:42:51.759]  Tuned to 79
[2016-11-15 07:42:51.860]  Tuned to 80
[2016-11-15 07:42:51.961]  Tuned to 81
[2016-11-15 07:42:52.062]  Tuned to 82
[2016-11-15 07:42:52.162]  Tuned to 83
[2016-11-15 07:42:52.263]  Tuned to 2
[2016-11-15 07:42:52.364]  Tuned to 3
[2016-11-15 07:42:52.464]  Tuned to 4
[2016-11-15 07:42:52.565]  Tuned to 5
[2016-11-15 07:42:52.666]  Tuned to 6
[2016-11-15 07:42:52.766]  Tuned to 7
[2016-11-15 07:42:52.867]  Tuned to 8
[2016-11-15 07:42:52.968]  Tuned to 9
[2016-11-15 07:42:53.068]  Tuned to 10
[2016-11-15 07:42:53.169]  Tuned to 11
[2016-11-15 07:42:53.270]  Tuned to 12
[2016-11-15 07:42:53.371]  Tuned to 13
[2016-11-15 07:42:53.472]  Tuned to 14
[2016-11-15 07:42:53.572]  Tuned to 15
[2016-11-15 07:42:53.673]  Tuned to 16
[2016-11-15 07:42:53.773]  Tuned to 17
[2016-11-15 07:42:53.874]  Tuned to 18
[2016-11-15 07:42:53.975]  Tuned to 19
[2016-11-15 07:42:54.075]  Tuned to 20
[2016-11-15 07:42:54.176]  Tuned to 21
[2016-11-15 07:42:54.277]  Tuned to 22
[2016-11-15 07:42:54.379]  Tuned to 23
[2016-11-15 07:42:54.479]  Tuned to 24
[2016-11-15 07:42:54.580]  Tuned to 25
[2016-11-15 07:42:54.681]  Tuned to 26
[2016-11-15 07:42:54.781]  Tuned to 27
[2016-11-15 07:42:54.882]  Tuned to 28
[2016-11-15 07:42:54.982]  Tuned to 29
[2016-11-15 07:42:55.083]  Tuned to 30
[2016-11-15 07:42:55.184]  Tuned to 31
[2016-11-15 07:42:55.284]  Tuned to 32
[2016-11-15 07:42:55.385]  Tuned to 33
[2016-11-15 07:42:55.486]  Tuned to 34
[2016-11-15 07:42:55.586]  Tuned to 35
[2016-11-15 07:42:55.687]  Tuned to 36
[2016-11-15 07:42:55.788]  Tuned to 37
[2016-11-15 07:42:55.889]  Tuned to 38
[2016-11-15 07:42:55.989]  Tuned to 39
[2016-11-15 07:42:56.090]  Tuned to 40
[2016-11-15 07:42:56.190]  Tuned to 41
[2016-11-15 07:42:56.291]  Tuned to 42
[2016-11-15 07:42:56.391]  Tuned to 43
[2016-11-15 07:42:56.492]  Tuned to 44
[2016-11-15 07:42:56.593]  Tuned to 45
[2016-11-15 07:42:56.693]  Tuned to 46
[2016-11-15 07:42:56.794]  Tuned to 47
[2016-11-15 07:42:56.894]  Tuned to 48
[2016-11-15 07:42:56.995]  Tuned to 49
[2016-11-15 07:42:57.096]  Tuned to 50
[2016-11-15 07:42:57.196]  Tuned to 51
[2016-11-15 07:42:57.297]  Tuned to 52
[2016-11-15 07:42:57.398]  Tuned to 53
[2016-11-15 07:42:57.498]  Tuned to 54
[2016-11-15 07:42:57.599]  Tuned to 55
[2016-11-15 07:42:57.700]  Tuned to 56
[2016-11-15 07:42:57.801]  Tuned to 57
[2016-11-15 07:42:57.902]  Tuned to 58
[2016-11-15 07:42:58.003]  Tuned to 59
[2016-11-15 07:42:58.103]  Tuned to 60
[2016-11-15 07:42:58.204]  Tuned to 61
[2016-11-15 07:42:58.305]  Tuned to 62
[2016-11-15 07:42:58.406]  Tuned to 63
[2016-11-15 07:42:58.506]  Tuned to 64
[2016-11-15 07:42:58.607]  Tuned to 65
[2016-11-15 07:42:58.708]  Tuned to 66
[2016-11-15 07:42:58.808]  Tuned to 67
[2016-11-15 07:42:58.909]  Tuned to 68
[2016-11-15 07:42:59.009]  Tuned to 69
[2016-11-15 07:42:59.111]  Tuned to 70
[2016-11-15 07:42:59.211]  Tuned to 71
[2016-11-15 07:42:59.312]  Tuned to 72
[2016-11-15 07:42:59.412]  Tuned to 73
[2016-11-15 07:42:59.513]  Tuned to 74
[2016-11-15 07:42:59.614]  Tuned to 75
[2016-11-15 07:42:59.715]  Tuned to 76
[2016-11-15 07:42:59.815]  Tuned to 77
[2016-11-15 07:42:59.916]  Tuned to 78
[2016-11-15 07:43:00.016]  Tuned to 79
[2016-11-15 07:43:00.117]  Tuned to 80
[2016-11-15 07:43:00.218]  Tuned to 81
[2016-11-15 07:43:00.318]  Tuned to 82
[2016-11-15 07:43:00.419]  Tuned to 83
[2016-11-15 07:43:00.521]  Tuned to 2
[2016-11-15 07:43:00.622]  Tuned to 3
[2016-11-15 07:43:00.723]  Tuned to 4
[2016-11-15 07:43:00.823]  Tuned to 5
[2016-11-15 07:43:00.924]  Tuned to 6
[2016-11-15 07:43:01.025]  Tuned to 7
[2016-11-15 07:43:01.126]  Tuned to 8
[2016-11-15 07:43:01.226]  Tuned to 9
[2016-11-15 07:43:01.327]  Tuned to 10
[2016-11-15 07:43:01.428]  Tuned to 11
[2016-11-15 07:43:01.528]  Tuned to 12
[2016-11-15 07:43:01.629]  Tuned to 13
[2016-11-15 07:43:01.729]  Tuned to 14
[2016-11-15 07:43:01.830]  Tuned to 15
[2016-11-15 07:43:01.931]  Tuned to 16
[2016-11-15 07:43:02.032]  Tuned to 17
[2016-11-15 07:43:02.132]  Tuned to 18
[2016-11-15 07:43:02.233]  Tuned to 19
[2016-11-15 07:43:02.334]  Tuned to 20
[2016-11-15 07:43:02.434]  Tuned to 21
[2016-11-15 07:43:02.535]  Tuned to 22
[2016-11-15 07:43:02.636]  Tuned to 23
[2016-11-15 07:43:02.739]  Tuned to 24
[2016-11-15 07:43:02.840]  Tuned to 25
[2016-11-15 07:43:02.941]  Tuned to 26
[2016-11-15 07:43:03.041]  Tuned to 27
[2016-11-15 07:43:03.142]  Tuned to 28
[2016-11-15 07:43:03.245]  Tuned to 29
[2016-11-15 07:43:03.345]  Tuned to 30
[2016-11-15 07:43:03.446]  Tuned to 31
[2016-11-15 07:43:03.547]  Tuned to 32
[2016-11-15 07:43:03.647]  Tuned to 33
[2016-11-15 07:43:03.750]  Tuned to 34
[2016-11-15 07:43:03.850]  Tuned to 35
[2016-11-15 07:43:03.951]  Tuned to 36
[2016-11-15 07:43:04.052]  Tuned to 37
[2016-11-15 07:43:04.152]  Tuned to 38
[2016-11-15 07:43:04.253]  Tuned to 39
[2016-11-15 07:43:04.354]  Tuned to 40
[2016-11-15 07:43:04.455]  Tuned to 41
[2016-11-15 07:43:04.555]  Tuned to 42
[2016-11-15 07:43:04.656]  Tuned to 43
[2016-11-15 07:43:04.756]  Tuned to 44
[2016-11-15 07:43:04.857]  Tuned to 45
[2016-11-15 07:43:04.958]  Tuned to 46
[2016-11-15 07:43:05.058]  Tuned to 47
[2016-11-15 07:43:05.159]  Tuned to 48
[2016-11-15 07:43:05.260]  Tuned to 49
[2016-11-15 07:43:05.361]  Tuned to 50
[2016-11-15 07:43:05.461]  Tuned to 51
[2016-11-15 07:43:05.562]  Tuned to 52
[2016-11-15 07:43:05.662]  Tuned to 53
[2016-11-15 07:43:05.763]  Tuned to 54
[2016-11-15 07:43:05.864]  Tuned to 55
[2016-11-15 07:43:05.964]  Tuned to 56
[2016-11-15 07:43:06.065]  Tuned to 57
[2016-11-15 07:43:06.165]  Tuned to 58
[2016-11-15 07:43:06.266]  Tuned to 59
[2016-11-15 07:43:06.366]  Tuned to 60
[2016-11-15 07:43:06.467]  Tuned to 61
[2016-11-15 07:43:06.568]  Tuned to 62
[2016-11-15 07:43:06.668]  Tuned to 63
[2016-11-15 07:43:06.769]  Tuned to 64
[2016-11-15 07:43:06.870]  Tuned to 65
[2016-11-15 07:43:06.971]  Tuned to 66
[2016-11-15 07:43:07.071]  Tuned to 67
[2016-11-15 07:43:07.172]  Tuned to 68
[2016-11-15 07:43:07.273]  Tuned to 69
[2016-11-15 07:43:07.374]  Tuned to 70
[2016-11-15 07:43:07.474]  Tuned to 71
[2016-11-15 07:43:07.575]  Tuned to 72
[2016-11-15 07:43:07.676]  Tuned to 73
[2016-11-15 07:43:07.776]  Tuned to 74
[2016-11-15 07:43:07.877]  Tuned to 75
[2016-11-15 07:43:07.977]  Tuned to 76
[2016-11-15 07:43:08.078]  Tuned to 77
[2016-11-15 07:43:08.178]  Tuned to 78
[2016-11-15 07:43:08.279]  Tuned to 79
[2016-11-15 07:43:08.379]  Tuned to 80
[2016-11-15 07:43:08.480]  Tuned to 81
[2016-11-15 07:43:08.582]  Tuned to 82
[2016-11-15 07:43:08.683]  Tuned to 83
[2016-11-15 07:43:08.784]  Tuned to 2
[2016-11-15 07:43:08.884]  Tuned to 3
[2016-11-15 07:43:08.985]  Tuned to 4
[2016-11-15 07:43:09.085]  Tuned to 5
[2016-11-15 07:43:09.186]  Tuned to 6
[2016-11-15 07:43:09.287]  Tuned to 7
[2016-11-15 07:43:09.388]  Tuned to 8
[2016-11-15 07:43:09.489]  Tuned to 9
[2016-11-15 07:43:09.590]  Tuned to 10
[2016-11-15 07:43:09.690]  Tuned to 11
[2016-11-15 07:43:09.791]  Tuned to 12
[2016-11-15 07:43:09.891]  Tuned to 13
[2016-11-15 07:43:09.992]  Tuned to 14
[2016-11-15 07:43:10.093]  Tuned to 15
[2016-11-15 07:43:10.193]  Tuned to 16
[2016-11-15 07:43:10.294]  Tuned to 17
[2016-11-15 07:43:10.394]  Tuned to 18
[2016-11-15 07:43:10.495]  Tuned to 19
[2016-11-15 07:43:10.596]  Tuned to 20
[2016-11-15 07:43:10.697]  Tuned to 21
[2016-11-15 07:43:10.798]  Tuned to 22
[2016-11-15 07:43:10.899]  Tuned to 23
[2016-11-15 07:43:11.000]  Tuned to 24
[2016-11-15 07:43:11.100]  Tuned to 25
[2016-11-15 07:43:11.201]  Tuned to 26
[2016-11-15 07:43:11.302]  Tuned to 27
[2016-11-15 07:43:11.402]  Tuned to 28
[2016-11-15 07:43:11.503]  Tuned to 29
[2016-11-15 07:43:11.603]  Tuned to 30
[2016-11-15 07:43:11.704]  Tuned to 31
[2016-11-15 07:43:11.807]  Tuned to 32
[2016-11-15 07:43:11.907]  Tuned to 33
[2016-11-15 07:43:12.008]  Tuned to 34
[2016-11-15 07:43:12.109]  Tuned to 35
[2016-11-15 07:43:12.209]  Tuned to 36
[2016-11-15 07:43:12.310]  Tuned to 37
[2016-11-15 07:43:12.410]  Tuned to 38
[2016-11-15 07:43:12.511]  Tuned to 39
[2016-11-15 07:43:12.612]  Tuned to 40
[2016-11-15 07:43:12.712]  Tuned to 41
[2016-11-15 07:43:12.813]  Tuned to 42
[2016-11-15 07:43:12.914]  Tuned to 43
[2016-11-15 07:43:13.014]  Tuned to 44
[2016-11-15 07:43:13.115]  Tuned to 45
[2016-11-15 07:43:13.216]  Tuned to 46
[2016-11-15 07:43:13.316]  Tuned to 47
[2016-11-15 07:43:13.417]  Tuned to 48
[2016-11-15 07:43:13.518]  Tuned to 49
[2016-11-15 07:43:13.618]  Tuned to 50
[2016-11-15 07:43:13.719]  Tuned to 51
[2016-11-15 07:43:13.820]  Tuned to 52
[2016-11-15 07:43:13.920]  Tuned to 53
[2016-11-15 07:43:14.021]  Tuned to 54
[2016-11-15 07:43:14.123]  Tuned to 55
[2016-11-15 07:43:14.223]  Tuned to 56
[2016-11-15 07:43:14.324]  Tuned to 57
[2016-11-15 07:43:14.425]  Tuned to 58
[2016-11-15 07:43:14.525]  Tuned to 59
[2016-11-15 07:43:14.626]  Tuned to 60
[2016-11-15 07:43:14.727]  Tuned to 61
[2016-11-15 07:43:14.827]  Tuned to 62
[2016-11-15 07:43:14.928]  Tuned to 63
[2016-11-15 07:43:15.029]  Tuned to 64
[2016-11-15 07:43:15.129]  Tuned to 65
[2016-11-15 07:43:15.230]  Tuned to 66
[2016-11-15 07:43:15.330]  Tuned to 67
[2016-11-15 07:43:15.431]  Tuned to 68
[2016-11-15 07:43:15.532]  Tuned to 69
[2016-11-15 07:43:15.633]  Tuned to 70
[2016-11-15 07:43:15.733]  Tuned to 71
[2016-11-15 07:43:15.834]  Tuned to 72
[2016-11-15 07:43:15.935]  Tuned to 73
[2016-11-15 07:43:16.035]  Tuned to 74
[2016-11-15 07:43:16.136]  Tuned to 75
[2016-11-15 07:43:16.237]  Tuned to 76
[2016-11-15 07:43:16.337]  Tuned to 77
[2016-11-15 07:43:16.438]  Tuned to 78
[2016-11-15 07:43:16.539]  Tuned to 79
[2016-11-15 07:43:16.639]  Tuned to 80
[2016-11-15 07:43:16.740]  Tuned to 81
[2016-11-15 07:43:16.841]  Tuned to 82
[2016-11-15 07:43:16.941]  Tuned to 83
[2016-11-15 07:43:17.042]  Tuned to 2
[2016-11-15 07:43:17.143]  Tuned to 3
[2016-11-15 07:43:17.243]  Tuned to 4
[2016-11-15 07:43:17.344]  Tuned to 5
[2016-11-15 07:43:17.445]  Tuned to 6
[2016-11-15 07:43:17.545]  Tuned to 7
[2016-11-15 07:43:17.646]  Tuned to 8
[2016-11-15 07:43:17.746]  Tuned to 9
[2016-11-15 07:43:17.847]  Tuned to 10
[2016-11-15 07:43:17.948]  Tuned to 11
[2016-11-15 07:43:18.048]  Tuned to 12
[2016-11-15 07:43:18.149]  Tuned to 13
[2016-11-15 07:43:18.250]  Tuned to 14
[2016-11-15 07:43:18.350]  Tuned to 15
[2016-11-15 07:43:18.451]  Tuned to 16
[2016-11-15 07:43:18.552]  Tuned to 17
[2016-11-15 07:43:18.652]  Tuned to 18
[2016-11-15 07:43:18.753]  Tuned to 19
[2016-11-15 07:43:18.854]  Tuned to 20
[2016-11-15 07:43:18.957]  Tuned to 21
[2016-11-15 07:43:19.057]  Tuned to 22
[2016-11-15 07:43:19.158]  Tuned to 23
[2016-11-15 07:43:19.259]  Tuned to 24
[2016-11-15 07:43:19.359]  Tuned to 25
[2016-11-15 07:43:19.460]  Tuned to 26
[2016-11-15 07:43:19.560]  Tuned to 27
[2016-11-15 07:43:19.661]  Tuned to 28
[2016-11-15 07:43:19.761]  Tuned to 29
[2016-11-15 07:43:19.862]  Tuned to 30
[2016-11-15 07:43:19.962]  Tuned to 31
[2016-11-15 07:43:20.063]  Tuned to 32
[2016-11-15 07:43:20.164]  Tuned to 33
[2016-11-15 07:43:20.264]  Tuned to 34
[2016-11-15 07:43:20.365]  Tuned to 35
[2016-11-15 07:43:20.466]  Tuned to 36
[2016-11-15 07:43:20.566]  Tuned to 37
[2016-11-15 07:43:20.667]  Tuned to 38
[2016-11-15 07:43:20.768]  Tuned to 39
[2016-11-15 07:43:20.868]  Tuned to 40
[2016-11-15 07:43:20.969]  Tuned to 41
[2016-11-15 07:43:21.069]  Tuned to 42
[2016-11-15 07:43:21.170]  Tuned to 43
[2016-11-15 07:43:21.273]  Tuned to 44
[2016-11-15 07:43:21.375]  Tuned to 45
[2016-11-15 07:43:21.476]  Tuned to 46
[2016-11-15 07:43:21.576]  Tuned to 47
[2016-11-15 07:43:21.677]  Tuned to 48
[2016-11-15 07:43:21.777]  Tuned to 49
[2016-11-15 07:43:21.878]  Tuned to 50
[2016-11-15 07:43:21.979]  Tuned to 51
[2016-11-15 07:43:22.079]  Tuned to 52
[2016-11-15 07:43:22.180]  Tuned to 53
[2016-11-15 07:43:22.281]  Tuned to 54
[2016-11-15 07:43:22.381]  Tuned to 55
[2016-11-15 07:43:22.482]  Tuned to 56
[2016-11-15 07:43:22.582]  Tuned to 57
[2016-11-15 07:43:22.683]  Tuned to 58
[2016-11-15 07:43:22.783]  Tuned to 59
[2016-11-15 07:43:22.884]  Tuned to 60
[2016-11-15 07:43:22.985]  Tuned to 61
[2016-11-15 07:43:23.085]  Tuned to 62
[2016-11-15 07:43:23.186]  Tuned to 63
[2016-11-15 07:43:23.287]  Tuned to 64
[2016-11-15 07:43:23.387]  Tuned to 65
[2016-11-15 07:43:23.488]  Tuned to 66
[2016-11-15 07:43:23.589]  Tuned to 67
[2016-11-15 07:43:23.689]  Tuned to 68
[2016-11-15 07:43:23.790]  Tuned to 69
[2016-11-15 07:43:23.891]  Tuned to 70
[2016-11-15 07:43:23.992]  Tuned to 71
[2016-11-15 07:43:24.093]  Tuned to 72
[2016-11-15 07:43:24.193]  Tuned to 73
[2016-11-15 07:43:24.294]  Tuned to 74
[2016-11-15 07:43:24.394]  Tuned to 75
[2016-11-15 07:43:24.495]  Tuned to 76
[2016-11-15 07:43:24.596]  Tuned to 77
[2016-11-15 07:43:24.696]  Tuned to 78
[2016-11-15 07:43:24.797]  Tuned to 79
[2016-11-15 07:43:24.897]  Tuned to 80
[2016-11-15 07:43:25.000]  Tuned to 81
[2016-11-15 07:43:25.101]  Tuned to 82
[2016-11-15 07:43:25.202]  Tuned to 83
[2016-11-15 07:43:25.302]  Tuned to 2
[2016-11-15 07:43:25.403]  Tuned to 3
[2016-11-15 07:43:25.504]  Tuned to 4
[2016-11-15 07:43:25.605]  Tuned to 5
[2016-11-15 07:43:25.705]  Tuned to 6
[2016-11-15 07:43:25.806]  Tuned to 7
[2016-11-15 07:43:25.907]  Tuned to 8
[2016-11-15 07:43:26.007]  Tuned to 9
[2016-11-15 07:43:26.108]  Tuned to 10
[2016-11-15 07:43:26.208]  Tuned to 11
[2016-11-15 07:43:26.309]  Tuned to 12
[2016-11-15 07:43:26.410]  Tuned to 13
[2016-11-15 07:43:26.510]  Tuned to 14
[2016-11-15 07:43:26.611]  Tuned to 15
[2016-11-15 07:43:26.711]  Tuned to 16
[2016-11-15 07:43:26.812]  Tuned to 17
[2016-11-15 07:43:26.913]  Tuned to 18
[2016-11-15 07:43:27.013]  Tuned to 19
[2016-11-15 07:43:27.114]  Tuned to 20
[2016-11-15 07:43:27.215]  Tuned to 21
[2016-11-15 07:43:27.315]  Tuned to 22
[2016-11-15 07:43:27.416]  Tuned to 23
[2016-11-15 07:43:27.517]  Tuned to 24
[2016-11-15 07:43:27.619]  Tuned to 25
[2016-11-15 07:43:27.719]  Tuned to 26
[2016-11-15 07:43:27.820]  Tuned to 27
[2016-11-15 07:43:27.920]  Tuned to 28
[2016-11-15 07:43:28.021]  Tuned to 29
[2016-11-15 07:43:28.122]  Tuned to 30
[2016-11-15 07:43:28.223]  Tuned to 31
[2016-11-15 07:43:28.323]  Tuned to 32
[2016-11-15 07:43:28.424]  Tuned to 33
[2016-11-15 07:43:28.525]  Tuned to 34
[2016-11-15 07:43:28.625]  Tuned to 35
[2016-11-15 07:43:28.726]  Tuned to 36
[2016-11-15 07:43:28.827]  Tuned to 37
[2016-11-15 07:43:28.927]  Tuned to 38
[2016-11-15 07:43:29.028]  Tuned to 39
[2016-11-15 07:43:29.129]  Tuned to 40
[2016-11-15 07:43:29.230]  Tuned to 41
[2016-11-15 07:43:29.330]  Tuned to 42
[2016-11-15 07:43:29.431]  Tuned to 43
[2016-11-15 07:43:29.532]  Tuned to 44
[2016-11-15 07:43:29.632]  Tuned to 45
[2016-11-15 07:43:29.733]  Tuned to 46
[2016-11-15 07:43:29.834]  Tuned to 47
[2016-11-15 07:43:29.934]  Tuned to 48
[2016-11-15 07:43:30.035]  Tuned to 49
[2016-11-15 07:43:30.138]  Tuned to 50
[2016-11-15 07:43:30.239]  Tuned to 51
[2016-11-15 07:43:30.342]  Tuned to 52
[2016-11-15 07:43:30.442]  Tuned to 53
[2016-11-15 07:43:30.543]  Tuned to 54
[2016-11-15 07:43:30.644]  Tuned to 55
[2016-11-15 07:43:30.744]  Tuned to 56
[2016-11-15 07:43:30.845]  Tuned to 57
[2016-11-15 07:43:30.946]  Tuned to 58
[2016-11-15 07:43:31.047]  Tuned to 59
[2016-11-15 07:43:31.150]  Tuned to 60
[2016-11-15 07:43:31.250]  Tuned to 61
[2016-11-15 07:43:31.351]  Tuned to 62
[2016-11-15 07:43:31.452]  Tuned to 63
[2016-11-15 07:43:31.552]  Tuned to 64
[2016-11-15 07:43:31.653]  Tuned to 65
[2016-11-15 07:43:31.754]  Tuned to 66
[2016-11-15 07:43:31.854]  Tuned to 67
[2016-11-15 07:43:31.955]  Tuned to 68
[2016-11-15 07:43:32.056]  Tuned to 69
[2016-11-15 07:43:32.156]  Tuned to 70
[2016-11-15 07:43:32.257]  Tuned to 71
[2016-11-15 07:43:32.358]  Tuned to 72
[2016-11-15 07:43:32.458]  Tuned to 73
[2016-11-15 07:43:32.559]  Tuned to 74
[2016-11-15 07:43:32.660]  Tuned to 75
[2016-11-15 07:43:32.761]  Tuned to 76
[2016-11-15 07:43:32.861]  Tuned to 77
[2016-11-15 07:43:32.962]  Tuned to 78
[2016-11-15 07:43:33.063]  Tuned to 79
[2016-11-15 07:43:33.163]  Tuned to 80
[2016-11-15 07:43:33.264]  Tuned to 81
[2016-11-15 07:43:33.364]  Tuned to 82
[2016-11-15 07:43:33.465]  Tuned to 83
[2016-11-15 07:43:33.566]  Tuned to 2
[2016-11-15 07:43:33.666]  Tuned to 3
[2016-11-15 07:43:33.767]  Tuned to 4
[2016-11-15 07:43:33.868]  Tuned to 5
[2016-11-15 07:43:33.968]  Tuned to 6
[2016-11-15 07:43:34.069]  Tuned to 7
[2016-11-15 07:43:34.170]  Tuned to 8
[2016-11-15 07:43:34.270]  Tuned to 9
[2016-11-15 07:43:34.373]  Tuned to 10
[2016-11-15 07:43:34.474]  Tuned to 11
[2016-11-15 07:43:34.575]  Tuned to 12
[2016-11-15 07:43:34.675]  Tuned to 13
[2016-11-15 07:43:34.776]  Tuned to 14
[2016-11-15 07:43:34.876]  Tuned to 15
[2016-11-15 07:43:34.977]  Tuned to 16
[2016-11-15 07:43:35.078]  Tuned to 17
[2016-11-15 07:43:35.178]  Tuned to 18
[2016-11-15 07:43:35.279]  Tuned to 19
[2016-11-15 07:43:35.380]  Tuned to 20
[2016-11-15 07:43:35.480]  Tuned to 21
[2016-11-15 07:43:35.581]  Tuned to 22
[2016-11-15 07:43:35.682]  Tuned to 23
[2016-11-15 07:43:35.782]  Tuned to 24
[2016-11-15 07:43:35.883]  Tuned to 25
[2016-11-15 07:43:35.984]  Tuned to 26
[2016-11-15 07:43:36.084]  Tuned to 27
[2016-11-15 07:43:36.185]  Tuned to 28
[2016-11-15 07:43:36.286]  Tuned to 29
[2016-11-15 07:43:36.386]  Tuned to 30
[2016-11-15 07:43:36.487]  Tuned to 31
[2016-11-15 07:43:36.587]  Tuned to 32
[2016-11-15 07:43:36.688]  Tuned to 33
[2016-11-15 07:43:36.789]  Tuned to 34
[2016-11-15 07:43:36.889]  Tuned to 35
[2016-11-15 07:43:36.990]  Tuned to 36
[2016-11-15 07:43:37.090]  Tuned to 37
[2016-11-15 07:43:37.191]  Tuned to 38
[2016-11-15 07:43:37.292]  Tuned to 39
[2016-11-15 07:43:37.392]  Tuned to 40
[2016-11-15 07:43:37.493]  Tuned to 41
[2016-11-15 07:43:37.594]  Tuned to 42
[2016-11-15 07:43:37.694]  Tuned to 43
[2016-11-15 07:43:37.796]  Tuned to 44
[2016-11-15 07:43:37.897]  Tuned to 45
[2016-11-15 07:43:37.997]  Tuned to 46
[2016-11-15 07:43:38.098]  Tuned to 47
[2016-11-15 07:43:38.199]  Tuned to 48
[2016-11-15 07:43:38.299]  Tuned to 49
[2016-11-15 07:43:38.400]  Tuned to 50
[2016-11-15 07:43:38.501]  Tuned to 51
[2016-11-15 07:43:38.601]  Tuned to 52
[2016-11-15 07:43:38.702]  Tuned to 53
[2016-11-15 07:43:38.803]  Tuned to 54
[2016-11-15 07:43:38.903]  Tuned to 55
[2016-11-15 07:43:39.004]  Tuned to 56
[2016-11-15 07:43:39.105]  Tuned to 57
[2016-11-15 07:43:39.205]  Tuned to 58
[2016-11-15 07:43:39.306]  Tuned to 59
[2016-11-15 07:43:39.406]  Tuned to 60
[2016-11-15 07:43:39.507]  Tuned to 61
[2016-11-15 07:43:39.607]  Tuned to 62
[2016-11-15 07:43:39.708]  Tuned to 63
[2016-11-15 07:43:39.809]  Tuned to 64
[2016-11-15 07:43:39.909]  Tuned to 65
[2016-11-15 07:43:40.010]  Tuned to 66
[2016-11-15 07:43:40.111]  Tuned to 67
[2016-11-15 07:43:40.212]  Tuned to 68
[2016-11-15 07:43:40.313]  Tuned to 69
[2016-11-15 07:43:40.414]  Tuned to 70
[2016-11-15 07:43:40.514]  Tuned to 71
[2016-11-15 07:43:40.615]  Tuned to 72
[2016-11-15 07:43:40.716]  Tuned to 73
[2016-11-15 07:43:40.816]  Tuned to 74
[2016-11-15 07:43:40.917]  Tuned to 75
[2016-11-15 07:43:41.018]  Tuned to 76
[2016-11-15 07:43:41.118]  Tuned to 77
[2016-11-15 07:43:41.219]  Tuned to 78
[2016-11-15 07:43:41.320]  Tuned to 79
[2016-11-15 07:43:41.420]  Tuned to 80
[2016-11-15 07:43:41.521]  Tuned to 81
[2016-11-15 07:43:41.622]  Tuned to 82
[2016-11-15 07:43:41.722]  Tuned to 83
[2016-11-15 07:43:41.823]  Tuned to 2
[2016-11-15 07:43:41.924]  Tuned to 3
[2016-11-15 07:43:42.024]  Tuned to 4
[2016-11-15 07:43:42.125]  Tuned to 5
[2016-11-15 07:43:42.226]  Tuned to 6
[2016-11-15 07:43:42.326]  Tuned to 7
[2016-11-15 07:43:42.427]  Tuned to 8
[2016-11-15 07:43:42.527]  Tuned to 9
[2016-11-15 07:43:42.628]  Tuned to 10
[2016-11-15 07:43:42.730]  Tuned to 11
[2016-11-15 07:43:42.831]  Tuned to 12
[2016-11-15 07:43:42.932]  Tuned to 13
[2016-11-15 07:43:43.032]  Tuned to 14
[2016-11-15 07:43:43.133]  Tuned to 15
[2016-11-15 07:43:43.233]  Tuned to 16
[2016-11-15 07:43:43.334]  Tuned to 17
[2016-11-15 07:43:43.435]  Tuned to 18
[2016-11-15 07:43:43.537]  Tuned to 19
[2016-11-15 07:43:43.638]  Tuned to 20
[2016-11-15 07:43:43.738]  Tuned to 21
[2016-11-15 07:43:43.839]  Tuned to 22
[2016-11-15 07:43:43.940]  Tuned to 23
[2016-11-15 07:43:44.040]  Tuned to 24
[2016-11-15 07:43:44.141]  Tuned to 25
[2016-11-15 07:43:44.241]  Tuned to 26
[2016-11-15 07:43:44.342]  Tuned to 27
[2016-11-15 07:43:44.443]  Tuned to 28
[2016-11-15 07:43:44.543]  Tuned to 29
[2016-11-15 07:43:44.644]  Tuned to 30
[2016-11-15 07:43:44.745]  Tuned to 31
[2016-11-15 07:43:44.846]  Tuned to 32
[2016-11-15 07:43:44.947]  Tuned to 33
[2016-11-15 07:43:45.048]  Tuned to 34
[2016-11-15 07:43:45.148]  Tuned to 35
[2016-11-15 07:43:45.249]  Tuned to 36
[2016-11-15 07:43:45.350]  Tuned to 37
[2016-11-15 07:43:45.450]  Tuned to 38
[2016-11-15 07:43:45.551]  Tuned to 39
[2016-11-15 07:43:45.651]  Tuned to 40
[2016-11-15 07:43:45.752]  Tuned to 41
[2016-11-15 07:43:45.853]  Tuned to 42
[2016-11-15 07:43:45.953]  Tuned to 43
[2016-11-15 07:43:46.054]  Tuned to 44
[2016-11-15 07:43:46.155]  Tuned to 45
[2016-11-15 07:43:46.255]  Tuned to 46
[2016-11-15 07:43:46.356]  Tuned to 47
[2016-11-15 07:43:46.457]  Tuned to 48
[2016-11-15 07:43:46.557]  Tuned to 49
[2016-11-15 07:43:46.658]  Tuned to 50
[2016-11-15 07:43:46.761]  Tuned to 51
[2016-11-15 07:43:46.861]  Tuned to 52
[2016-11-15 07:43:46.962]  Tuned to 53
[2016-11-15 07:43:47.064]  Tuned to 54
[2016-11-15 07:43:47.164]  Tuned to 55
[2016-11-15 07:43:47.265]  Tuned to 56
[2016-11-15 07:43:47.366]  Tuned to 57
[2016-11-15 07:43:47.466]  Tuned to 58
[2016-11-15 07:43:47.567]  Tuned to 59
[2016-11-15 07:43:47.669]  Tuned to 60
[2016-11-15 07:43:47.770]  Tuned to 61
[2016-11-15 07:43:47.870]  Tuned to 62
[2016-11-15 07:43:47.971]  Tuned to 63
[2016-11-15 07:43:48.071]  Tuned to 64
[2016-11-15 07:43:48.172]  Tuned to 65
[2016-11-15 07:43:48.273]  Tuned to 66
[2016-11-15 07:43:48.373]  Tuned to 67
[2016-11-15 07:43:48.474]  Tuned to 68
[2016-11-15 07:43:48.575]  Tuned to 69
[2016-11-15 07:43:48.675]  Tuned to 70
[2016-11-15 07:43:48.776]  Tuned to 71
[2016-11-15 07:43:48.878]  Tuned to 72
[2016-11-15 07:43:48.979]  Tuned to 73
[2016-11-15 07:43:49.080]  Tuned to 74
[2016-11-15 07:43:49.180]  Tuned to 75
[2016-11-15 07:43:49.281]  Tuned to 76
[2016-11-15 07:43:49.382]  Tuned to 77
[2016-11-15 07:43:49.482]  Tuned to 78
[2016-11-15 07:43:49.583]  Tuned to 79
[2016-11-15 07:43:49.684]  Tuned to 80
[2016-11-15 07:43:49.786]  Tuned to 81
[2016-11-15 07:43:49.886]  Tuned to 82
[2016-11-15 07:43:49.987]  Tuned to 83
[2016-11-15 07:43:50.088]  Tuned to 2
[2016-11-15 07:43:50.188]  Tuned to 3
[2016-11-15 07:43:50.289]  Tuned to 4
[2016-11-15 07:43:50.389]  Tuned to 5
[2016-11-15 07:43:50.490]  Tuned to 6
[2016-11-15 07:43:50.591]  Tuned to 7
[2016-11-15 07:43:50.692]  Tuned to 8
[2016-11-15 07:43:50.793]  Tuned to 9
[2016-11-15 07:43:50.893]  Tuned to 10
[2016-11-15 07:43:50.994]  Tuned to 11
[2016-11-15 07:43:51.095]  Tuned to 12
[2016-11-15 07:43:51.195]  Tuned to 13
[2016-11-15 07:43:51.296]  Tuned to 14
[2016-11-15 07:43:51.397]  Tuned to 15
[2016-11-15 07:43:51.497]  Tuned to 16
[2016-11-15 07:43:51.598]  Tuned to 17
[2016-11-15 07:43:51.699]  Tuned to 18
[2016-11-15 07:43:51.799]  Tuned to 19
[2016-11-15 07:43:51.900]  Tuned to 20
[2016-11-15 07:43:52.001]  Tuned to 21
[2016-11-15 07:43:52.101]  Tuned to 22
[2016-11-15 07:43:52.202]  Tuned to 23
[2016-11-15 07:43:52.302]  Tuned to 24
[2016-11-15 07:43:52.403]  Tuned to 25
[2016-11-15 07:43:52.504]  Tuned to 26
[2016-11-15 07:43:52.604]  Tuned to 27
[2016-11-15 07:43:52.705]  Tuned to 28
[2016-11-15 07:43:52.806]  Tuned to 29
[2016-11-15 07:43:52.907]  Tuned to 30
[2016-11-15 07:43:53.007]  Tuned to 31
[2016-11-15 07:43:53.108]  Tuned to 32
[2016-11-15 07:43:53.209]  Tuned to 33
[2016-11-15 07:43:53.309]  Tuned to 34
[2016-11-15 07:43:53.410]  Tuned to 35
[2016-11-15 07:43:53.510]  Tuned to 36
[2016-11-15 07:43:53.611]  Tuned to 37
[2016-11-15 07:43:53.712]  Tuned to 38
[2016-11-15 07:43:53.812]  Tuned to 39
[2016-11-15 07:43:53.913]  Tuned to 40
[2016-11-15 07:43:54.014]  Tuned to 41
[2016-11-15 07:43:54.114]  Tuned to 42
[2016-11-15 07:43:54.215]  Tuned to 43
[2016-11-15 07:43:54.316]  Tuned to 44
[2016-11-15 07:43:54.416]  Tuned to 45
[2016-11-15 07:43:54.517]  Tuned to 46
[2016-11-15 07:43:54.618]  Tuned to 47
[2016-11-15 07:43:54.718]  Tuned to 48
[2016-11-15 07:43:54.819]  Tuned to 49
[2016-11-15 07:43:54.919]  Tuned to 50
[2016-11-15 07:43:55.020]  Tuned to 51
[2016-11-15 07:43:55.121]  Tuned to 52
[2016-11-15 07:43:55.221]  Tuned to 53
[2016-11-15 07:43:55.323]  Tuned to 54
[2016-11-15 07:43:55.423]  Tuned to 55
[2016-11-15 07:43:55.524]  Tuned to 56
[2016-11-15 07:43:55.625]  Tuned to 57
[2016-11-15 07:43:55.725]  Tuned to 58
[2016-11-15 07:43:55.826]  Tuned to 59
[2016-11-15 07:43:55.927]  Tuned to 60
[2016-11-15 07:43:56.029]  Tuned to 61
[2016-11-15 07:43:56.129]  Tuned to 62
[2016-11-15 07:43:56.230]  Tuned to 63
[2016-11-15 07:43:56.331]  Tuned to 64
[2016-11-15 07:43:56.431]  Tuned to 65
[2016-11-15 07:43:56.532]  Tuned to 66
[2016-11-15 07:43:56.633]  Tuned to 67
[2016-11-15 07:43:56.733]  Tuned to 68
[2016-11-15 07:43:56.834]  Tuned to 69
[2016-11-15 07:43:56.935]  Tuned to 70
[2016-11-15 07:43:57.036]  Tuned to 71
[2016-11-15 07:43:57.136]  Tuned to 72
[2016-11-15 07:43:57.237]  Tuned to 73
[2016-11-15 07:43:57.338]  Tuned to 74
[2016-11-15 07:43:57.439]  Tuned to 75
[2016-11-15 07:43:57.539]  Tuned to 76
[2016-11-15 07:43:57.640]  Tuned to 77
[2016-11-15 07:43:57.741]  Tuned to 78
[2016-11-15 07:43:57.842]  Tuned to 79
[2016-11-15 07:43:57.942]  Tuned to 80
[2016-11-15 07:43:58.043]  Tuned to 81
[2016-11-15 07:43:58.144]  Tuned to 82
[2016-11-15 07:43:58.244]  Tuned to 83
[2016-11-15 07:43:58.345]  Tuned to 2
[2016-11-15 07:43:58.446]  Tuned to 3
[2016-11-15 07:43:58.546]  Tuned to 4
[2016-11-15 07:43:58.647]  Tuned to 5
[2016-11-15 07:43:58.748]  Tuned to 6
[2016-11-15 07:43:58.848]  Tuned to 7
[2016-11-15 07:43:58.949]  Tuned to 8
[2016-11-15 07:43:59.049]  Tuned to 9
[2016-11-15 07:43:59.150]  Tuned to 10
[2016-11-15 07:43:59.251]  Tuned to 11
[2016-11-15 07:43:59.351]  Tuned to 12
[2016-11-15 07:43:59.452]  Tuned to 13
[2016-11-15 07:43:59.553]  Tuned to 14
[2016-11-15 07:43:59.653]  Tuned to 15
[2016-11-15 07:43:59.754]  Tuned to 16
[2016-11-15 07:43:59.855]  Tuned to 17
[2016-11-15 07:43:59.955]  Tuned to 18
[2016-11-15 07:44:00.056]  Tuned to 19
[2016-11-15 07:44:00.157]  Tuned to 20
[2016-11-15 07:44:00.257]  Tuned to 21
[2016-11-15 07:44:00.358]  Tuned to 22
[2016-11-15 07:44:00.459]  Tuned to 23
[2016-11-15 07:44:00.560]  Tuned to 24
[2016-11-15 07:44:00.660]  Tuned to 25
[2016-11-15 07:44:00.761]  Tuned to 26
[2016-11-15 07:44:00.863]  Tuned to 27
[2016-11-15 07:44:00.963]  Tuned to 28
[2016-11-15 07:44:01.064]  Tuned to 29
[2016-11-15 07:44:01.165]  Tuned to 30
[2016-11-15 07:44:01.265]  Tuned to 31
[2016-11-15 07:44:01.366]  Tuned to 32
[2016-11-15 07:44:01.466]  Tuned to 33
[2016-11-15 07:44:01.567]  Tuned to 34
[2016-11-15 07:44:01.668]  Tuned to 35
[2016-11-15 07:44:01.768]  Tuned to 36
[2016-11-15 07:44:01.871]  Tuned to 37
[2016-11-15 07:44:01.972]  Tuned to 38
[2016-11-15 07:44:02.072]  Tuned to 39
[2016-11-15 07:44:02.173]  Tuned to 40
[2016-11-15 07:44:02.274]  Tuned to 41
[2016-11-15 07:44:02.374]  Tuned to 42
[2016-11-15 07:44:02.475]  Tuned to 43
[2016-11-15 07:44:02.576]  Tuned to 44
[2016-11-15 07:44:02.676]  Tuned to 45
[2016-11-15 07:44:02.777]  Tuned to 46
[2016-11-15 07:44:02.877]  Tuned to 47
[2016-11-15 07:44:02.978]  Tuned to 48
[2016-11-15 07:44:03.079]  Tuned to 49
[2016-11-15 07:44:03.179]  Tuned to 50
[2016-11-15 07:44:03.280]  Tuned to 51
[2016-11-15 07:44:03.381]  Tuned to 52
[2016-11-15 07:44:03.481]  Tuned to 53
[2016-11-15 07:44:03.582]  Tuned to 54
[2016-11-15 07:44:03.683]  Tuned to 55
[2016-11-15 07:44:03.783]  Tuned to 56
[2016-11-15 07:44:03.884]  Tuned to 57
[2016-11-15 07:44:03.985]  Tuned to 58
[2016-11-15 07:44:04.085]  Tuned to 59
[2016-11-15 07:44:04.186]  Tuned to 60
[2016-11-15 07:44:04.287]  Tuned to 61
[2016-11-15 07:44:04.388]  Tuned to 62
[2016-11-15 07:44:04.488]  Tuned to 63
[2016-11-15 07:44:04.589]  Tuned to 64
[2016-11-15 07:44:04.689]  Tuned to 65
[2016-11-15 07:44:04.790]  Tuned to 66
[2016-11-15 07:44:04.891]  Tuned to 67
[2016-11-15 07:44:04.991]  Tuned to 68
[2016-11-15 07:44:05.092]  Tuned to 69
[2016-11-15 07:44:05.193]  Tuned to 70
[2016-11-15 07:44:05.293]  Tuned to 71
[2016-11-15 07:44:05.394]  Tuned to 72
[2016-11-15 07:44:05.495]  Tuned to 73
[2016-11-15 07:44:05.595]  Tuned to 74
[2016-11-15 07:44:05.696]  Tuned to 75
[2016-11-15 07:44:05.796]  Tuned to 76
[2016-11-15 07:44:05.897]  Tuned to 77
[2016-11-15 07:44:05.997]  Tuned to 78
[2016-11-15 07:44:06.098]  Tuned to 79
[2016-11-15 07:44:06.199]  Tuned to 80
[2016-11-15 07:44:06.299]  Tuned to 81
[2016-11-15 07:44:06.400]  Tuned to 82
[2016-11-15 07:44:06.501]  Tuned to 83
[2016-11-15 07:44:06.601]  Tuned to 2
[2016-11-15 07:44:06.702]  Tuned to 3
[2016-11-15 07:44:06.803]  Tuned to 4
[2016-11-15 07:44:06.903]  Tuned to 5
[2016-11-15 07:44:07.004]  Tuned to 6
[2016-11-15 07:44:07.105]  Tuned to 7
[2016-11-15 07:44:07.205]  Tuned to 8
[2016-11-15 07:44:07.306]  Tuned to 9
[2016-11-15 07:44:07.407]  Tuned to 10
[2016-11-15 07:44:07.507]  Tuned to 11
[2016-11-15 07:44:07.608]  Tuned to 12
[2016-11-15 07:44:07.709]  Tuned to 13
[2016-11-15 07:44:07.809]  Tuned to 14
[2016-11-15 07:44:07.910]  Tuned to 15
[2016-11-15 07:44:08.010]  Tuned to 16
[2016-11-15 07:44:08.111]  Tuned to 17
[2016-11-15 07:44:08.212]  Tuned to 18
[2016-11-15 07:44:08.312]  Tuned to 19
[2016-11-15 07:44:08.413]  Tuned to 20
[2016-11-15 07:44:08.514]  Tuned to 21
[2016-11-15 07:44:08.616]  Tuned to 22
[2016-11-15 07:44:08.717]  Tuned to 23
[2016-11-15 07:44:08.817]  Tuned to 24
[2016-11-15 07:44:08.918]  Tuned to 25
[2016-11-15 07:44:09.019]  Tuned to 26
[2016-11-15 07:44:09.119]  Tuned to 27
[2016-11-15 07:44:09.220]  Tuned to 28
[2016-11-15 07:44:09.321]  Tuned to 29
[2016-11-15 07:44:09.421]  Tuned to 30
[2016-11-15 07:44:09.522]  Tuned to 31
[2016-11-15 07:44:09.623]  Tuned to 32
[2016-11-15 07:44:09.723]  Tuned to 33
[2016-11-15 07:44:09.824]  Tuned to 34
[2016-11-15 07:44:09.924]  Tuned to 35
[2016-11-15 07:44:10.025]  Tuned to 36
[2016-11-15 07:44:10.126]  Tuned to 37
[2016-11-15 07:44:10.226]  Tuned to 38
[2016-11-15 07:44:10.327]  Tuned to 39
[2016-11-15 07:44:10.428]  Tuned to 40
[2016-11-15 07:44:10.528]  Tuned to 41
[2016-11-15 07:44:10.629]  Tuned to 42
[2016-11-15 07:44:10.730]  Tuned to 43
[2016-11-15 07:44:10.830]  Tuned to 44
[2016-11-15 07:44:10.931]  Tuned to 45
[2016-11-15 07:44:11.032]  Tuned to 46
[2016-11-15 07:44:11.132]  Tuned to 47
[2016-11-15 07:44:11.233]  Tuned to 48
[2016-11-15 07:44:11.334]  Tuned to 49
[2016-11-15 07:44:11.434]  Tuned to 50
[2016-11-15 07:44:11.535]  Tuned to 51
[2016-11-15 07:44:11.636]  Tuned to 52
[2016-11-15 07:44:11.736]  Tuned to 53
[2016-11-15 07:44:11.837]  Tuned to 54
[2016-11-15 07:44:11.938]  Tuned to 55
[2016-11-15 07:44:12.039]  Tuned to 56
[2016-11-15 07:44:12.139]  Tuned to 57
[2016-11-15 07:44:12.240]  Tuned to 58
[2016-11-15 07:44:12.340]  Tuned to 59
[2016-11-15 07:44:12.441]  Tuned to 60
[2016-11-15 07:44:12.542]  Tuned to 61
[2016-11-15 07:44:12.642]  Tuned to 62
[2016-11-15 07:44:12.743]  Tuned to 63
[2016-11-15 07:44:12.844]  Tuned to 64
[2016-11-15 07:44:12.944]  Tuned to 65
[2016-11-15 07:44:13.045]  Tuned to 66
[2016-11-15 07:44:13.147]  Tuned to 67
[2016-11-15 07:44:13.248]  Tuned to 68
[2016-11-15 07:44:13.349]  Tuned to 69
[2016-11-15 07:44:13.449]  Tuned to 70
[2016-11-15 07:44:13.550]  Tuned to 71
[2016-11-15 07:44:13.651]  Tuned to 72
[2016-11-15 07:44:13.751]  Tuned to 73
[2016-11-15 07:44:13.852]  Tuned to 74
[2016-11-15 07:44:13.953]  Tuned to 75
[2016-11-15 07:44:14.053]  Tuned to 76
[2016-11-15 07:44:14.154]  Tuned to 77
[2016-11-15 07:44:14.255]  Tuned to 78
[2016-11-15 07:44:14.355]  Tuned to 79
[2016-11-15 07:44:14.456]  Tuned to 80
[2016-11-15 07:44:14.557]  Tuned to 81
[2016-11-15 07:44:14.657]  Tuned to 82
[2016-11-15 07:44:14.758]  Tuned to 83
[2016-11-15 07:44:14.858]  Tuned to 2
[2016-11-15 07:44:14.959]  Tuned to 3
[2016-11-15 07:44:15.060]  Tuned to 4
[2016-11-15 07:44:15.160]  Tuned to 5
[2016-11-15 07:44:15.261]  Tuned to 6
[2016-11-15 07:44:15.362]  Tuned to 7
[2016-11-15 07:44:15.462]  Tuned to 8
[2016-11-15 07:44:15.563]  Tuned to 9
[2016-11-15 07:44:15.664]  Tuned to 10
[2016-11-15 07:44:15.766]  Tuned to 11
[2016-11-15 07:44:15.867]  Tuned to 12
[2016-11-15 07:44:15.967]  Tuned to 13
[2016-11-15 07:44:16.068]  Tuned to 14
[2016-11-15 07:44:16.169]  Tuned to 15
[2016-11-15 07:44:16.269]  Tuned to 16
[2016-11-15 07:44:16.370]  Tuned to 17
[2016-11-15 07:44:16.470]  Tuned to 18
[2016-11-15 07:44:16.571]  Tuned to 19
[2016-11-15 07:44:16.672]  Tuned to 20
[2016-11-15 07:44:16.773]  Tuned to 21
[2016-11-15 07:44:16.873]  Tuned to 22
[2016-11-15 07:44:16.975]  Tuned to 23
[2016-11-15 07:44:17.076]  Tuned to 24
[2016-11-15 07:44:17.177]  Tuned to 25
[2016-11-15 07:44:17.277]  Tuned to 26
[2016-11-15 07:44:17.378]  Tuned to 27
[2016-11-15 07:44:17.478]  Tuned to 28
[2016-11-15 07:44:17.579]  Tuned to 29
[2016-11-15 07:44:17.680]  Tuned to 30
[2016-11-15 07:44:17.780]  Tuned to 31
[2016-11-15 07:44:17.881]  Tuned to 32
[2016-11-15 07:44:17.981]  Tuned to 33
[2016-11-15 07:44:18.082]  Tuned to 34
[2016-11-15 07:44:18.183]  Tuned to 35
[2016-11-15 07:44:18.283]  Tuned to 36
[2016-11-15 07:44:18.384]  Tuned to 37
[2016-11-15 07:44:18.485]  Tuned to 38
[2016-11-15 07:44:18.585]  Tuned to 39
[2016-11-15 07:44:18.688]  Tuned to 40
[2016-11-15 07:44:18.788]  Tuned to 41
[2016-11-15 07:44:18.889]  Tuned to 42
[2016-11-15 07:44:18.990]  Tuned to 43
[2016-11-15 07:44:19.090]  Tuned to 44
[2016-11-15 07:44:19.191]  Tuned to 45
[2016-11-15 07:44:19.291]  Tuned to 46
[2016-11-15 07:44:19.392]  Tuned to 47
[2016-11-15 07:44:19.492]  Tuned to 48
[2016-11-15 07:44:19.593]  Tuned to 49
[2016-11-15 07:44:19.694]  Tuned to 50
[2016-11-15 07:44:19.794]  Tuned to 51
[2016-11-15 07:44:19.895]  Tuned to 52
[2016-11-15 07:44:19.996]  Tuned to 53
[2016-11-15 07:44:20.096]  Tuned to 54
[2016-11-15 07:44:20.197]  Tuned to 55
[2016-11-15 07:44:20.298]  Tuned to 56
[2016-11-15 07:44:20.398]  Tuned to 57
[2016-11-15 07:44:20.499]  Tuned to 58
[2016-11-15 07:44:20.600]  Tuned to 59
[2016-11-15 07:44:20.701]  Tuned to 60
[2016-11-15 07:44:20.802]  Tuned to 61
[2016-11-15 07:44:20.903]  Tuned to 62
[2016-11-15 07:44:21.003]  Tuned to 63
[2016-11-15 07:44:21.104]  Tuned to 64
[2016-11-15 07:44:21.206]  Tuned to 65
[2016-11-15 07:44:21.307]  Tuned to 66
[2016-11-15 07:44:21.408]  Tuned to 67
[2016-11-15 07:44:21.509]  Tuned to 68
[2016-11-15 07:44:21.609]  Tuned to 69
[2016-11-15 07:44:21.710]  Tuned to 70
[2016-11-15 07:44:21.811]  Tuned to 71
[2016-11-15 07:44:21.911]  Tuned to 72
[2016-11-15 07:44:22.012]  Tuned to 73
[2016-11-15 07:44:22.113]  Tuned to 74
[2016-11-15 07:44:22.214]  Tuned to 75
[2016-11-15 07:44:22.314]  Tuned to 76
[2016-11-15 07:44:22.415]  Tuned to 77
[2016-11-15 07:44:22.516]  Tuned to 78
[2016-11-15 07:44:22.616]  Tuned to 79
[2016-11-15 07:44:22.717]  Tuned to 80
[2016-11-15 07:44:22.818]  Tuned to 81
[2016-11-15 07:44:22.918]  Tuned to 82
[2016-11-15 07:44:23.019]  Tuned to 83
[2016-11-15 07:44:23.120]  Tuned to 2
[2016-11-15 07:44:23.220]  Tuned to 3
[2016-11-15 07:44:23.321]  Tuned to 4
[2016-11-15 07:44:23.421]  Tuned to 5
[2016-11-15 07:44:23.522]  Tuned to 6
[2016-11-15 07:44:23.623]  Tuned to 7
[2016-11-15 07:44:23.723]  Tuned to 8
[2016-11-15 07:44:23.824]  Tuned to 9
[2016-11-15 07:44:23.924]  Tuned to 10
[2016-11-15 07:44:24.025]  Tuned to 11
[2016-11-15 07:44:24.126]  Tuned to 12
[2016-11-15 07:44:24.227]  Tuned to 13
[2016-11-15 07:44:24.327]  Tuned to 14
[2016-11-15 07:44:24.428]  Tuned to 15
[2016-11-15 07:44:24.528]  Tuned to 16
[2016-11-15 07:44:24.629]  Tuned to 17
[2016-11-15 07:44:24.730]  Tuned to 18
[2016-11-15 07:44:24.830]  Tuned to 19
[2016-11-15 07:44:24.931]  Tuned to 20
[2016-11-15 07:44:25.032]  Tuned to 21
[2016-11-15 07:44:25.132]  Tuned to 22
[2016-11-15 07:44:25.233]  Tuned to 23
[2016-11-15 07:44:25.333]  Tuned to 24
[2016-11-15 07:44:25.434]  Tuned to 25
[2016-11-15 07:44:25.535]  Tuned to 26
[2016-11-15 07:44:25.636]  Tuned to 27
[2016-11-15 07:44:25.738]  Tuned to 28
[2016-11-15 07:44:25.839]  Tuned to 29
[2016-11-15 07:44:25.939]  Tuned to 30
[2016-11-15 07:44:26.040]  Tuned to 31
[2016-11-15 07:44:26.140]  Tuned to 32
[2016-11-15 07:44:26.241]  Tuned to 33
[2016-11-15 07:44:26.341]  Tuned to 34
[2016-11-15 07:44:26.442]  Tuned to 35
[2016-11-15 07:44:26.542]  Tuned to 36
[2016-11-15 07:44:26.643]  Tuned to 37
[2016-11-15 07:44:26.744]  Tuned to 38
[2016-11-15 07:44:26.844]  Tuned to 39
[2016-11-15 07:44:26.945]  Tuned to 40
[2016-11-15 07:44:27.047]  Tuned to 41
[2016-11-15 07:44:27.147]  Tuned to 42
[2016-11-15 07:44:27.250]  Tuned to 43
[2016-11-15 07:44:27.350]  Tuned to 44
[2016-11-15 07:44:27.451]  Tuned to 45
[2016-11-15 07:44:27.551]  Tuned to 46
[2016-11-15 07:44:27.652]  Tuned to 47
[2016-11-15 07:44:27.753]  Tuned to 48
[2016-11-15 07:44:27.853]  Tuned to 49
[2016-11-15 07:44:27.954]  Tuned to 50
[2016-11-15 07:44:28.054]  Tuned to 51
[2016-11-15 07:44:28.155]  Tuned to 52
[2016-11-15 07:44:28.255]  Tuned to 53
[2016-11-15 07:44:28.356]  Tuned to 54
[2016-11-15 07:44:28.456]  Tuned to 55
[2016-11-15 07:44:28.557]  Tuned to 56
[2016-11-15 07:44:28.658]  Tuned to 57
[2016-11-15 07:44:28.759]  Tuned to 58
[2016-11-15 07:44:28.859]  Tuned to 59
[2016-11-15 07:44:28.960]  Tuned to 60
[2016-11-15 07:44:29.060]  Tuned to 61
[2016-11-15 07:44:29.161]  Tuned to 62
[2016-11-15 07:44:29.262]  Tuned to 63
[2016-11-15 07:44:29.362]  Tuned to 64
[2016-11-15 07:44:29.463]  Tuned to 65
[2016-11-15 07:44:29.564]  Tuned to 66
[2016-11-15 07:44:29.667]  Tuned to 67
[2016-11-15 07:44:29.768]  Tuned to 68
[2016-11-15 07:44:29.868]  Tuned to 69
[2016-11-15 07:44:29.969]  Tuned to 70
[2016-11-15 07:44:30.070]  Tuned to 71
[2016-11-15 07:44:30.170]  Tuned to 72
[2016-11-15 07:44:30.271]  Tuned to 73
[2016-11-15 07:44:30.371]  Tuned to 74
[2016-11-15 07:44:30.472]  Tuned to 75
[2016-11-15 07:44:30.573]  Tuned to 76
[2016-11-15 07:44:30.673]  Tuned to 77
[2016-11-15 07:44:30.774]  Tuned to 78
[2016-11-15 07:44:30.875]  Tuned to 79
[2016-11-15 07:44:30.976]  Tuned to 80
[2016-11-15 07:44:31.076]  Tuned to 81
[2016-11-15 07:44:31.177]  Tuned to 82
[2016-11-15 07:44:31.277]  Tuned to 83
[2016-11-15 07:44:31.378]  Tuned to 2
[2016-11-15 07:44:31.479]  Tuned to 3
[2016-11-15 07:44:31.579]  Tuned to 4
[2016-11-15 07:44:31.680]  Tuned to 5
[2016-11-15 07:44:31.781]  Tuned to 6
[2016-11-15 07:44:31.882]  Tuned to 7
[2016-11-15 07:44:31.982]  Tuned to 8
[2016-11-15 07:44:32.083]  Tuned to 9
[2016-11-15 07:44:32.184]  Tuned to 10
[2016-11-15 07:44:32.285]  Tuned to 11
[2016-11-15 07:44:32.385]  Tuned to 12
[2016-11-15 07:44:32.486]  Tuned to 13
[2016-11-15 07:44:32.586]  Tuned to 14
[2016-11-15 07:44:32.687]  Tuned to 15
[2016-11-15 07:44:32.788]  Tuned to 16
[2016-11-15 07:44:32.889]  Tuned to 17
[2016-11-15 07:44:32.991]  Tuned to 18
[2016-11-15 07:44:33.091]  Tuned to 19
[2016-11-15 07:44:33.192]  Tuned to 20
[2016-11-15 07:44:33.293]  Tuned to 21
[2016-11-15 07:44:33.394]  Tuned to 22
[2016-11-15 07:44:33.494]  Tuned to 23
[2016-11-15 07:44:33.595]  Tuned to 24
[2016-11-15 07:44:33.696]  Tuned to 25
[2016-11-15 07:44:33.797]  Tuned to 26
[2016-11-15 07:44:33.897]  Tuned to 27
[2016-11-15 07:44:33.998]  Tuned to 28
[2016-11-15 07:44:34.099]  Tuned to 29
[2016-11-15 07:44:34.199]  Tuned to 30
[2016-11-15 07:44:34.300]  Tuned to 31
[2016-11-15 07:44:34.401]  Tuned to 32
[2016-11-15 07:44:34.502]  Tuned to 33
[2016-11-15 07:44:34.602]  Tuned to 34
[2016-11-15 07:44:34.703]  Tuned to 35
[2016-11-15 07:44:34.805]  Tuned to 36
[2016-11-15 07:44:34.906]  Tuned to 37
[2016-11-15 07:44:35.007]  Tuned to 38
[2016-11-15 07:44:35.108]  Tuned to 39
[2016-11-15 07:44:35.209]  Tuned to 40
[2016-11-15 07:44:35.310]  Tuned to 41
[2016-11-15 07:44:35.410]  Tuned to 42
[2016-11-15 07:44:35.511]  Tuned to 43
[2016-11-15 07:44:35.612]  Tuned to 44
[2016-11-15 07:44:35.712]  Tuned to 45
[2016-11-15 07:44:35.813]  Tuned to 46
[2016-11-15 07:44:35.913]  Tuned to 47
[2016-11-15 07:44:36.014]  Tuned to 48
[2016-11-15 07:44:36.115]  Tuned to 49
[2016-11-15 07:44:36.215]  Tuned to 50
[2016-11-15 07:44:36.316]  Tuned to 51
[2016-11-15 07:44:36.417]  Tuned to 52
[2016-11-15 07:44:36.517]  Tuned to 53
[2016-11-15 07:44:36.618]  Tuned to 54
[2016-11-15 07:44:36.719]  Tuned to 55
[2016-11-15 07:44:36.819]  Tuned to 56
[2016-11-15 07:44:36.920]  Tuned to 57
[2016-11-15 07:44:37.021]  Tuned to 58
[2016-11-15 07:44:37.121]  Tuned to 59
[2016-11-15 07:44:37.222]  Tuned to 60
[2016-11-15 07:44:37.325]  Tuned to 61
[2016-11-15 07:44:37.425]  Tuned to 62
[2016-11-15 07:44:37.526]  Tuned to 63
[2016-11-15 07:44:37.627]  Tuned to 64
[2016-11-15 07:44:37.727]  Tuned to 65
[2016-11-15 07:44:37.828]  Tuned to 66
[2016-11-15 07:44:37.928]  Tuned to 67
[2016-11-15 07:44:38.029]  Tuned to 68
[2016-11-15 07:44:38.130]  Tuned to 69
[2016-11-15 07:44:38.230]  Tuned to 70
[2016-11-15 07:44:38.331]  Tuned to 71
[2016-11-15 07:44:38.432]  Tuned to 72
[2016-11-15 07:44:38.532]  Tuned to 73
[2016-11-15 07:44:38.633]  Tuned to 74
[2016-11-15 07:44:38.733]  Tuned to 75
[2016-11-15 07:44:38.835]  Tuned to 76
[2016-11-15 07:44:38.936]  Tuned to 77
[2016-11-15 07:44:39.037]  Tuned to 78
[2016-11-15 07:44:39.138]  Tuned to 79
[2016-11-15 07:44:39.238]  Tuned to 80
[2016-11-15 07:44:39.339]  Tuned to 81
[2016-11-15 07:44:39.439]  Tuned to 82
[2016-11-15 07:44:39.540]  Tuned to 83
[2016-11-15 07:44:39.641]  Tuned to 2
[2016-11-15 07:44:39.741]  Tuned to 3
[2016-11-15 07:44:39.842]  Tuned to 4
[2016-11-15 07:44:39.943]  Tuned to 5
[2016-11-15 07:44:40.043]  Tuned to 6
[2016-11-15 07:44:40.144]  Tuned to 7
[2016-11-15 07:44:40.245]  Tuned to 8
[2016-11-15 07:44:40.345]  Tuned to 9
[2016-11-15 07:44:40.446]  Tuned to 10
[2016-11-15 07:44:40.547]  Tuned to 11
[2016-11-15 07:44:40.648]  Tuned to 12
[2016-11-15 07:44:40.751]  Tuned to 13
[2016-11-15 07:44:40.852]  Tuned to 14
[2016-11-15 07:44:40.952]  Tuned to 15
[2016-11-15 07:44:41.053]  Tuned to 16
[2016-11-15 07:44:41.154]  Tuned to 17
[2016-11-15 07:44:41.255]  Tuned to 18
[2016-11-15 07:44:41.355]  Tuned to 19
[2016-11-15 07:44:41.456]  Tuned to 20
[2016-11-15 07:44:41.556]  Tuned to 21
[2016-11-15 07:44:41.657]  Tuned to 22
[2016-11-15 07:44:41.758]  Tuned to 23
[2016-11-15 07:44:41.858]  Tuned to 24
[2016-11-15 07:44:41.959]  Tuned to 25
[2016-11-15 07:44:42.060]  Tuned to 26
[2016-11-15 07:44:42.161]  Tuned to 27
[2016-11-15 07:44:42.261]  Tuned to 28
[2016-11-15 07:44:42.362]  Tuned to 29
[2016-11-15 07:44:42.463]  Tuned to 30
[2016-11-15 07:44:42.563]  Tuned to 31
[2016-11-15 07:44:42.664]  Tuned to 32
[2016-11-15 07:44:42.765]  Tuned to 33
[2016-11-15 07:44:42.865]  Tuned to 34
[2016-11-15 07:44:42.966]  Tuned to 35
[2016-11-15 07:44:43.066]  Tuned to 36
[2016-11-15 07:44:43.167]  Tuned to 37
[2016-11-15 07:44:43.268]  Tuned to 38
[2016-11-15 07:44:43.368]  Tuned to 39
[2016-11-15 07:44:43.469]  Tuned to 40
[2016-11-15 07:44:43.570]  Tuned to 41
[2016-11-15 07:44:43.670]  Tuned to 42
[2016-11-15 07:44:43.771]  Tuned to 43
[2016-11-15 07:44:43.872]  Tuned to 44
[2016-11-15 07:44:43.973]  Tuned to 45
[2016-11-15 07:44:44.073]  Tuned to 46
[2016-11-15 07:44:44.174]  Tuned to 47
[2016-11-15 07:44:44.275]  Tuned to 48
[2016-11-15 07:44:44.376]  Tuned to 49
[2016-11-15 07:44:44.476]  Tuned to 50
[2016-11-15 07:44:44.577]  Tuned to 51
[2016-11-15 07:44:44.677]  Tuned to 52
[2016-11-15 07:44:44.778]  Tuned to 53
[2016-11-15 07:44:44.879]  Tuned to 54
[2016-11-15 07:44:44.980]  Tuned to 55
[2016-11-15 07:44:45.081]  Tuned to 56
[2016-11-15 07:44:45.181]  Tuned to 57
[2016-11-15 07:44:45.282]  Tuned to 58
[2016-11-15 07:44:45.383]  Tuned to 59
[2016-11-15 07:44:45.484]  Tuned to 60
[2016-11-15 07:44:45.585]  Tuned to 61
[2016-11-15 07:44:45.686]  Tuned to 62
[2016-11-15 07:44:45.786]  Tuned to 63
[2016-11-15 07:44:45.887]  Tuned to 64
[2016-11-15 07:44:45.988]  Tuned to 65
[2016-11-15 07:44:46.088]  Tuned to 66
[2016-11-15 07:44:46.189]  Tuned to 67
[2016-11-15 07:44:46.290]  Tuned to 68
[2016-11-15 07:44:46.390]  Tuned to 69
[2016-11-15 07:44:46.491]  Tuned to 70
[2016-11-15 07:44:46.592]  Tuned to 71
[2016-11-15 07:44:46.692]  Tuned to 72
[2016-11-15 07:44:46.793]  Tuned to 73
[2016-11-15 07:44:46.894]  Tuned to 74
[2016-11-15 07:44:46.994]  Tuned to 75
[2016-11-15 07:44:47.095]  Tuned to 76
[2016-11-15 07:44:47.196]  Tuned to 77
[2016-11-15 07:44:47.296]  Tuned to 78
[2016-11-15 07:44:47.397]  Tuned to 79
[2016-11-15 07:44:47.498]  Tuned to 80
[2016-11-15 07:44:47.598]  Tuned to 81
[2016-11-15 07:44:47.699]  Tuned to 82
[2016-11-15 07:44:47.799]  Tuned to 83
[2016-11-15 07:44:47.901]  Tuned to 2
[2016-11-15 07:44:48.001]  Tuned to 3
[2016-11-15 07:44:48.102]  Tuned to 4
[2016-11-15 07:44:48.205]  Tuned to 5
[2016-11-15 07:44:48.306]  Tuned to 6
[2016-11-15 07:44:48.407]  Tuned to 7
[2016-11-15 07:44:48.507]  Tuned to 8
[2016-11-15 07:44:48.608]  Tuned to 9
[2016-11-15 07:44:48.709]  Tuned to 10
[2016-11-15 07:44:48.809]  Tuned to 11
[2016-11-15 07:44:48.910]  Tuned to 12
[2016-11-15 07:44:49.010]  Tuned to 13
[2016-11-15 07:44:49.111]  Tuned to 14
[2016-11-15 07:44:49.212]  Tuned to 15
[2016-11-15 07:44:49.312]  Tuned to 16
[2016-11-15 07:44:49.413]  Tuned to 17
[2016-11-15 07:44:49.514]  Tuned to 18
[2016-11-15 07:44:49.615]  Tuned to 19
[2016-11-15 07:44:49.715]  Tuned to 20
[2016-11-15 07:44:49.816]  Tuned to 21
[2016-11-15 07:44:49.918]  Tuned to 22
[2016-11-15 07:44:50.018]  Tuned to 23
[2016-11-15 07:44:50.119]  Tuned to 24
[2016-11-15 07:44:50.220]  Tuned to 25
[2016-11-15 07:44:50.320]  Tuned to 26
[2016-11-15 07:44:50.421]  Tuned to 27
[2016-11-15 07:44:50.522]  Tuned to 28
[2016-11-15 07:44:50.622]  Tuned to 29
[2016-11-15 07:44:50.723]  Tuned to 30
[2016-11-15 07:44:50.824]  Tuned to 31
[2016-11-15 07:44:50.925]  Tuned to 32
[2016-11-15 07:44:51.025]  Tuned to 33
[2016-11-15 07:44:51.126]  Tuned to 34
[2016-11-15 07:44:51.228]  Tuned to 35
[2016-11-15 07:44:51.328]  Tuned to 36
[2016-11-15 07:44:51.429]  Tuned to 37
[2016-11-15 07:44:51.530]  Tuned to 38
[2016-11-15 07:44:51.630]  Tuned to 39
[2016-11-15 07:44:51.732]  Tuned to 40
[2016-11-15 07:44:51.833]  Tuned to 41
[2016-11-15 07:44:51.934]  Tuned to 42
[2016-11-15 07:44:52.034]  Tuned to 43
[2016-11-15 07:44:52.135]  Tuned to 44
[2016-11-15 07:44:52.236]  Tuned to 45
[2016-11-15 07:44:52.337]  Tuned to 46
[2016-11-15 07:44:52.437]  Tuned to 47
[2016-11-15 07:44:52.538]  Tuned to 48
[2016-11-15 07:44:52.638]  Tuned to 49
[2016-11-15 07:44:52.739]  Tuned to 50
[2016-11-15 07:44:52.840]  Tuned to 51
[2016-11-15 07:44:52.940]  Tuned to 52
[2016-11-15 07:44:53.041]  Tuned to 53
[2016-11-15 07:44:53.142]  Tuned to 54
[2016-11-15 07:44:53.242]  Tuned to 55
[2016-11-15 07:44:53.343]  Tuned to 56
[2016-11-15 07:44:53.444]  Tuned to 57
[2016-11-15 07:44:53.544]  Tuned to 58
[2016-11-15 07:44:53.645]  Tuned to 59
[2016-11-15 07:44:53.746]  Tuned to 60
[2016-11-15 07:44:53.847]  Tuned to 61
[2016-11-15 07:44:53.947]  Tuned to 62
[2016-11-15 07:44:54.048]  Tuned to 63
[2016-11-15 07:44:54.149]  Tuned to 64
[2016-11-15 07:44:54.249]  Tuned to 65
[2016-11-15 07:44:54.350]  Tuned to 66
[2016-11-15 07:44:54.450]  Tuned to 67
[2016-11-15 07:44:54.551]  Tuned to 68
[2016-11-15 07:44:54.652]  Tuned to 69
[2016-11-15 07:44:54.754]  Tuned to 70
[2016-11-15 07:44:54.855]  Tuned to 71
[2016-11-15 07:44:54.955]  Tuned to 72
[2016-11-15 07:44:55.056]  Tuned to 73
[2016-11-15 07:44:55.156]  Tuned to 74
[2016-11-15 07:44:55.257]  Tuned to 75
[2016-11-15 07:44:55.358]  Tuned to 76
[2016-11-15 07:44:55.460]  Tuned to 77
[2016-11-15 07:44:55.561]  Tuned to 78
[2016-11-15 07:44:55.661]  Tuned to 79
[2016-11-15 07:44:55.762]  Tuned to 80
[2016-11-15 07:44:55.862]  Tuned to 81
[2016-11-15 07:44:55.963]  Tuned to 82
[2016-11-15 07:44:56.064]  Tuned to 83
[2016-11-15 07:44:56.164]  Tuned to 2
[2016-11-15 07:44:56.265]  Tuned to 3
[2016-11-15 07:44:56.366]  Tuned to 4
[2016-11-15 07:44:56.466]  Tuned to 5
[2016-11-15 07:44:56.567]  Tuned to 6
[2016-11-15 07:44:56.667]  Tuned to 7
[2016-11-15 07:44:56.768]  Tuned to 8
[2016-11-15 07:44:56.870]  Tuned to 9
[2016-11-15 07:44:56.971]  Tuned to 10
[2016-11-15 07:44:57.072]  Tuned to 11
[2016-11-15 07:44:57.174]  Tuned to 12
[2016-11-15 07:44:57.275]  Tuned to 13
[2016-11-15 07:44:57.375]  Tuned to 14
[2016-11-15 07:44:57.476]  Tuned to 15
[2016-11-15 07:44:57.577]  Tuned to 16
[2016-11-15 07:44:57.678]  Tuned to 17
[2016-11-15 07:44:57.778]  Tuned to 18
[2016-11-15 07:44:57.879]  Tuned to 19
[2016-11-15 07:44:57.979]  Tuned to 20
[2016-11-15 07:44:58.080]  Tuned to 21
[2016-11-15 07:44:58.181]  Tuned to 22
[2016-11-15 07:44:58.282]  Tuned to 23
[2016-11-15 07:44:58.382]  Tuned to 24
[2016-11-15 07:44:58.483]  Tuned to 25
[2016-11-15 07:44:58.584]  Tuned to 26
[2016-11-15 07:44:58.684]  Tuned to 27
[2016-11-15 07:44:58.785]  Tuned to 28
[2016-11-15 07:44:58.887]  Tuned to 29
[2016-11-15 07:44:58.987]  Tuned to 30
[2016-11-15 07:44:59.088]  Tuned to 31
[2016-11-15 07:44:59.188]  Tuned to 32
[2016-11-15 07:44:59.289]  Tuned to 33
[2016-11-15 07:44:59.390]  Tuned to 34
[2016-11-15 07:44:59.490]  Tuned to 35
[2016-11-15 07:44:59.591]  Tuned to 36
[2016-11-15 07:44:59.691]  Tuned to 37
[2016-11-15 07:44:59.792]  Tuned to 38
[2016-11-15 07:44:59.893]  Tuned to 39
[2016-11-15 07:44:59.993]  Tuned to 40
[2016-11-15 07:45:00.094]  Tuned to 41
[2016-11-15 07:45:00.196]  Tuned to 42
[2016-11-15 07:45:00.296]  Tuned to 43
[2016-11-15 07:45:00.397]  Tuned to 44
[2016-11-15 07:45:00.497]  Tuned to 45
[2016-11-15 07:45:00.598]  Tuned to 46
[2016-11-15 07:45:00.698]  Tuned to 47
[2016-11-15 07:45:00.799]  Tuned to 48
[2016-11-15 07:45:00.900]  Tuned to 49
[2016-11-15 07:45:01.001]  Tuned to 50
[2016-11-15 07:45:01.103]  Tuned to 51
[2016-11-15 07:45:01.205]  Tuned to 52
[2016-11-15 07:45:01.305]  Tuned to 53
[2016-11-15 07:45:01.406]  Tuned to 54
[2016-11-15 07:45:01.507]  Tuned to 55
[2016-11-15 07:45:01.607]  Tuned to 56
[2016-11-15 07:45:01.708]  Tuned to 57
[2016-11-15 07:45:01.809]  Tuned to 58
[2016-11-15 07:45:01.909]  Tuned to 59
[2016-11-15 07:45:02.010]  Tuned to 60
[2016-11-15 07:45:02.111]  Tuned to 61
[2016-11-15 07:45:02.211]  Tuned to 62
[2016-11-15 07:45:02.312]  Tuned to 63
[2016-11-15 07:45:02.413]  Tuned to 64
[2016-11-15 07:45:02.513]  Tuned to 65
[2016-11-15 07:45:02.614]  Tuned to 66
[2016-11-15 07:45:02.715]  Tuned to 67
[2016-11-15 07:45:02.815]  Tuned to 68
[2016-11-15 07:45:02.918]  Tuned to 69
[2016-11-15 07:45:03.019]  Tuned to 70
[2016-11-15 07:45:03.119]  Tuned to 71
[2016-11-15 07:45:03.220]  Tuned to 72
[2016-11-15 07:45:03.321]  Tuned to 73
[2016-11-15 07:45:03.421]  Tuned to 74
[2016-11-15 07:45:03.522]  Tuned to 75
[2016-11-15 07:45:03.622]  Tuned to 76
[2016-11-15 07:45:03.723]  Tuned to 77
[2016-11-15 07:45:03.825]  Tuned to 78
[2016-11-15 07:45:03.925]  Tuned to 79
[2016-11-15 07:45:04.026]  Tuned to 80
[2016-11-15 07:45:04.127]  Tuned to 81
[2016-11-15 07:45:04.227]  Tuned to 82
[2016-11-15 07:45:04.328]  Tuned to 83
[2016-11-15 07:45:04.429]  Tuned to 2
[2016-11-15 07:45:04.529]  Tuned to 3
[2016-11-15 07:45:04.630]  Tuned to 4
[2016-11-15 07:45:04.731]  Tuned to 5
[2016-11-15 07:45:04.831]  Tuned to 6
[2016-11-15 07:45:04.932]  Tuned to 7
[2016-11-15 07:45:05.033]  Tuned to 8
[2016-11-15 07:45:05.133]  Tuned to 9
[2016-11-15 07:45:05.234]  Tuned to 10
[2016-11-15 07:45:05.335]  Tuned to 11
[2016-11-15 07:45:05.435]  Tuned to 12
[2016-11-15 07:45:05.536]  Tuned to 13
[2016-11-15 07:45:05.637]  Tuned to 14
[2016-11-15 07:45:05.737]  Tuned to 15
[2016-11-15 07:45:05.838]  Tuned to 16
[2016-11-15 07:45:05.938]  Tuned to 17
[2016-11-15 07:45:06.039]  Tuned to 18
[2016-11-15 07:45:06.140]  Tuned to 19
[2016-11-15 07:45:06.240]  Tuned to 20
[2016-11-15 07:45:06.341]  Tuned to 21
[2016-11-15 07:45:06.442]  Tuned to 22
[2016-11-15 07:45:06.543]  Tuned to 23
[2016-11-15 07:45:06.645]  Tuned to 24
[2016-11-15 07:45:06.745]  Tuned to 25
[2016-11-15 07:45:06.846]  Tuned to 26
[2016-11-15 07:45:06.946]  Tuned to 27
[2016-11-15 07:45:07.047]  Tuned to 28
[2016-11-15 07:45:07.147]  Tuned to 29
[2016-11-15 07:45:07.248]  Tuned to 30
[2016-11-15 07:45:07.349]  Tuned to 31
[2016-11-15 07:45:07.450]  Tuned to 32
[2016-11-15 07:45:07.550]  Tuned to 33
[2016-11-15 07:45:07.653]  Tuned to 34
[2016-11-15 07:45:07.753]  Tuned to 35
[2016-11-15 07:45:07.854]  Tuned to 36
[2016-11-15 07:45:07.954]  Tuned to 37
[2016-11-15 07:45:08.055]  Tuned to 38
[2016-11-15 07:45:08.156]  Tuned to 39
[2016-11-15 07:45:08.256]  Tuned to 40
[2016-11-15 07:45:08.357]  Tuned to 41
[2016-11-15 07:45:08.458]  Tuned to 42
[2016-11-15 07:45:08.558]  Tuned to 43
[2016-11-15 07:45:08.659]  Tuned to 44
[2016-11-15 07:45:08.760]  Tuned to 45
[2016-11-15 07:45:08.861]  Tuned to 46
[2016-11-15 07:45:08.961]  Tuned to 47
[2016-11-15 07:45:09.062]  Tuned to 48
[2016-11-15 07:45:09.163]  Tuned to 49
[2016-11-15 07:45:09.263]  Tuned to 50
[2016-11-15 07:45:09.364]  Tuned to 51
[2016-11-15 07:45:09.465]  Tuned to 52
[2016-11-15 07:45:09.566]  Tuned to 53
[2016-11-15 07:45:09.666]  Tuned to 54
[2016-11-15 07:45:09.767]  Tuned to 55
[2016-11-15 07:45:09.867]  Tuned to 56
[2016-11-15 07:45:09.968]  Tuned to 57
[2016-11-15 07:45:10.068]  Tuned to 58
[2016-11-15 07:45:10.169]  Tuned to 59
[2016-11-15 07:45:10.270]  Tuned to 60
[2016-11-15 07:45:10.370]  Tuned to 61
[2016-11-15 07:45:10.471]  Tuned to 62
[2016-11-15 07:45:10.572]  Tuned to 63
[2016-11-15 07:45:10.673]  Tuned to 64
[2016-11-15 07:45:10.773]  Tuned to 65
[2016-11-15 07:45:10.874]  Tuned to 66
[2016-11-15 07:45:10.975]  Tuned to 67
[2016-11-15 07:45:11.075]  Tuned to 68
[2016-11-15 07:45:11.176]  Tuned to 69
[2016-11-15 07:45:11.276]  Tuned to 70
[2016-11-15 07:45:11.377]  Tuned to 71
[2016-11-15 07:45:11.477]  Tuned to 72
[2016-11-15 07:45:11.578]  Tuned to 73
[2016-11-15 07:45:11.679]  Tuned to 74
[2016-11-15 07:45:11.779]  Tuned to 75
[2016-11-15 07:45:11.880]  Tuned to 76
[2016-11-15 07:45:11.981]  Tuned to 77
[2016-11-15 07:45:12.081]  Tuned to 78
[2016-11-15 07:45:12.182]  Tuned to 79
[2016-11-15 07:45:12.282]  Tuned to 80
[2016-11-15 07:45:12.383]  Tuned to 81
[2016-11-15 07:45:12.484]  Tuned to 82
[2016-11-15 07:45:12.584]  Tuned to 83
[2016-11-15 07:45:12.685]  Tuned to 2
[2016-11-15 07:45:12.785]  Tuned to 3
[2016-11-15 07:45:12.886]  Tuned to 4
[2016-11-15 07:45:12.987]  Tuned to 5
[2016-11-15 07:45:13.087]  Tuned to 6
[2016-11-15 07:45:13.188]  Tuned to 7
[2016-11-15 07:45:13.288]  Tuned to 8
[2016-11-15 07:45:13.389]  Tuned to 9
[2016-11-15 07:45:13.490]  Tuned to 10
[2016-11-15 07:45:13.591]  Tuned to 11
[2016-11-15 07:45:13.691]  Tuned to 12
[2016-11-15 07:45:13.792]  Tuned to 13
[2016-11-15 07:45:13.894]  Tuned to 14
[2016-11-15 07:45:13.994]  Tuned to 15
[2016-11-15 07:45:14.095]  Tuned to 16
[2016-11-15 07:45:14.196]  Tuned to 17
[2016-11-15 07:45:14.297]  Tuned to 18
[2016-11-15 07:45:14.398]  Tuned to 19
[2016-11-15 07:45:14.498]  Tuned to 20
[2016-11-15 07:45:14.599]  Tuned to 21
[2016-11-15 07:45:14.699]  Tuned to 22
[2016-11-15 07:45:14.800]  Tuned to 23
[2016-11-15 07:45:14.900]  Tuned to 24
[2016-11-15 07:45:15.001]  Tuned to 25
[2016-11-15 07:45:15.102]  Tuned to 26
[2016-11-15 07:45:15.202]  Tuned to 27
[2016-11-15 07:45:15.303]  Tuned to 28
[2016-11-15 07:45:15.404]  Tuned to 29
[2016-11-15 07:45:15.504]  Tuned to 30
[2016-11-15 07:45:15.605]  Tuned to 31
[2016-11-15 07:45:15.706]  Tuned to 32
[2016-11-15 07:45:15.806]  Tuned to 33
[2016-11-15 07:45:15.907]  Tuned to 34
[2016-11-15 07:45:16.008]  Tuned to 35
[2016-11-15 07:45:16.109]  Tuned to 36
[2016-11-15 07:45:16.209]  Tuned to 37
[2016-11-15 07:45:16.310]  Tuned to 38
[2016-11-15 07:45:16.411]  Tuned to 39
[2016-11-15 07:45:16.511]  Tuned to 40
[2016-11-15 07:45:16.612]  Tuned to 41
[2016-11-15 07:45:16.712]  Tuned to 42
[2016-11-15 07:45:16.813]  Tuned to 43
[2016-11-15 07:45:16.914]  Tuned to 44
[2016-11-15 07:45:17.015]  Tuned to 45
[2016-11-15 07:45:17.115]  Tuned to 46
[2016-11-15 07:45:17.216]  Tuned to 47
[2016-11-15 07:45:17.317]  Tuned to 48
[2016-11-15 07:45:17.417]  Tuned to 49
[2016-11-15 07:45:17.518]  Tuned to 50
[2016-11-15 07:45:17.620]  Tuned to 51
[2016-11-15 07:45:17.720]  Tuned to 52
[2016-11-15 07:45:17.821]  Tuned to 53
[2016-11-15 07:45:17.922]  Tuned to 54
[2016-11-15 07:45:18.022]  Tuned to 55
[2016-11-15 07:45:18.123]  Tuned to 56
[2016-11-15 07:45:18.224]  Tuned to 57
[2016-11-15 07:45:18.324]  Tuned to 58
[2016-11-15 07:45:18.425]  Tuned to 59
[2016-11-15 07:45:18.526]  Tuned to 60
[2016-11-15 07:45:18.626]  Tuned to 61
[2016-11-15 07:45:18.727]  Tuned to 62
[2016-11-15 07:45:18.828]  Tuned to 63
[2016-11-15 07:45:18.928]  Tuned to 64
[2016-11-15 07:45:19.029]  Tuned to 65
[2016-11-15 07:45:19.130]  Tuned to 66
[2016-11-15 07:45:19.231]  Tuned to 67
[2016-11-15 07:45:19.332]  Tuned to 68
[2016-11-15 07:45:19.432]  Tuned to 69
[2016-11-15 07:45:19.533]  Tuned to 70
[2016-11-15 07:45:19.633]  Tuned to 71
[2016-11-15 07:45:19.734]  Tuned to 72
[2016-11-15 07:45:19.835]  Tuned to 73
[2016-11-15 07:45:19.935]  Tuned to 74
[2016-11-15 07:45:20.036]  Tuned to 75
[2016-11-15 07:45:20.137]  Tuned to 76
[2016-11-15 07:45:20.237]  Tuned to 77
[2016-11-15 07:45:20.339]  Tuned to 78
[2016-11-15 07:45:20.439]  Tuned to 79
[2016-11-15 07:45:20.540]  Tuned to 80
[2016-11-15 07:45:20.641]  Tuned to 81
[2016-11-15 07:45:20.743]  Tuned to 82
[2016-11-15 07:45:20.844]  Tuned to 83
[2016-11-15 07:45:20.944]  Tuned to 2
[2016-11-15 07:45:21.045]  Tuned to 3
[2016-11-15 07:45:21.146]  Tuned to 4
[2016-11-15 07:45:21.247]  Tuned to 5
[2016-11-15 07:45:21.347]  Tuned to 6
[2016-11-15 07:45:21.448]  Tuned to 7
[2016-11-15 07:45:21.548]  Tuned to 8
[2016-11-15 07:45:21.649]  Tuned to 9
[2016-11-15 07:45:21.750]  Tuned to 10
[2016-11-15 07:45:21.850]  Tuned to 11
[2016-11-15 07:45:21.951]  Tuned to 12
[2016-11-15 07:45:22.052]  Tuned to 13
[2016-11-15 07:45:22.154]  Tuned to 14
[2016-11-15 07:45:22.254]  Tuned to 15
[2016-11-15 07:45:22.355]  Tuned to 16
[2016-11-15 07:45:22.456]  Tuned to 17
[2016-11-15 07:45:22.556]  Tuned to 18
[2016-11-15 07:45:22.657]  Tuned to 19
[2016-11-15 07:45:22.758]  Tuned to 20
[2016-11-15 07:45:22.859]  Tuned to 21
[2016-11-15 07:45:22.960]  Tuned to 22
[2016-11-15 07:45:23.061]  Tuned to 23
[2016-11-15 07:45:23.161]  Tuned to 24
[2016-11-15 07:45:23.262]  Tuned to 25
[2016-11-15 07:45:23.362]  Tuned to 26
[2016-11-15 07:45:23.463]  Tuned to 27
[2016-11-15 07:45:23.563]  Tuned to 28
[2016-11-15 07:45:23.664]  Tuned to 29
[2016-11-15 07:45:23.765]  Tuned to 30
[2016-11-15 07:45:23.865]  Tuned to 31
[2016-11-15 07:45:23.966]  Tuned to 32
[2016-11-15 07:45:24.066]  Tuned to 33
[2016-11-15 07:45:24.167]  Tuned to 34
[2016-11-15 07:45:24.268]  Tuned to 35
[2016-11-15 07:45:24.368]  Tuned to 36
[2016-11-15 07:45:24.469]  Tuned to 37
[2016-11-15 07:45:24.569]  Tuned to 38
[2016-11-15 07:45:24.670]  Tuned to 39
[2016-11-15 07:45:24.771]  Tuned to 40
[2016-11-15 07:45:24.871]  Tuned to 41
[2016-11-15 07:45:24.972]  Tuned to 42
[2016-11-15 07:45:25.073]  Tuned to 43
[2016-11-15 07:45:25.173]  Tuned to 44
[2016-11-15 07:45:25.275]  Tuned to 45
[2016-11-15 07:45:25.376]  Tuned to 46
[2016-11-15 07:45:25.476]  Tuned to 47
[2016-11-15 07:45:25.577]  Tuned to 48
[2016-11-15 07:45:25.678]  Tuned to 49
[2016-11-15 07:45:25.778]  Tuned to 50
[2016-11-15 07:45:25.879]  Tuned to 51
[2016-11-15 07:45:25.980]  Tuned to 52
[2016-11-15 07:45:26.081]  Tuned to 53
[2016-11-15 07:45:26.181]  Tuned to 54
[2016-11-15 07:45:26.282]  Tuned to 55
[2016-11-15 07:45:26.383]  Tuned to 56
[2016-11-15 07:45:26.483]  Tuned to 57
[2016-11-15 07:45:26.584]  Tuned to 58
[2016-11-15 07:45:26.684]  Tuned to 59
[2016-11-15 07:45:26.785]  Tuned to 60
[2016-11-15 07:45:26.885]  Tuned to 61
[2016-11-15 07:45:26.986]  Tuned to 62
[2016-11-15 07:45:27.087]  Tuned to 63
[2016-11-15 07:45:27.187]  Tuned to 64
[2016-11-15 07:45:27.288]  Tuned to 65
[2016-11-15 07:45:27.389]  Tuned to 66
[2016-11-15 07:45:27.489]  Tuned to 67
[2016-11-15 07:45:27.590]  Tuned to 68
[2016-11-15 07:45:27.691]  Tuned to 69
[2016-11-15 07:45:27.792]  Tuned to 70
[2016-11-15 07:45:27.892]  Tuned to 71
[2016-11-15 07:45:27.993]  Tuned to 72
[2016-11-15 07:45:28.095]  Tuned to 73
[2016-11-15 07:45:28.196]  Tuned to 74
[2016-11-15 07:45:28.296]  Tuned to 75
[2016-11-15 07:45:28.397]  Tuned to 76
[2016-11-15 07:45:28.498]  Tuned to 77
[2016-11-15 07:45:28.599]  Tuned to 78
[2016-11-15 07:45:28.699]  Tuned to 79
[2016-11-15 07:45:28.800]  Tuned to 80
[2016-11-15 07:45:28.901]  Tuned to 81
[2016-11-15 07:45:29.001]  Tuned to 82
[2016-11-15 07:45:29.102]  Tuned to 83
[2016-11-15 07:45:29.202]  Tuned to 2
[2016-11-15 07:45:29.303]  Tuned to 3
[2016-11-15 07:45:29.404]  Tuned to 4
[2016-11-15 07:45:29.504]  Tuned to 5
[2016-11-15 07:45:29.605]  Tuned to 6
[2016-11-15 07:45:29.705]  Tuned to 7
[2016-11-15 07:45:29.806]  Tuned to 8
[2016-11-15 07:45:29.907]  Tuned to 9
[2016-11-15 07:45:30.007]  Tuned to 10
[2016-11-15 07:45:30.108]  Tuned to 11
[2016-11-15 07:45:30.209]  Tuned to 12
[2016-11-15 07:45:30.309]  Tuned to 13
[2016-11-15 07:45:30.410]  Tuned to 14
[2016-11-15 07:45:30.511]  Tuned to 15
[2016-11-15 07:45:30.611]  Tuned to 16
[2016-11-15 07:45:30.712]  Tuned to 17
[2016-11-15 07:45:30.813]  Tuned to 18
[2016-11-15 07:45:30.913]  Tuned to 19
[2016-11-15 07:45:31.014]  Tuned to 20
[2016-11-15 07:45:31.114]  Tuned to 21
[2016-11-15 07:45:31.215]  Tuned to 22
[2016-11-15 07:45:31.316]  Tuned to 23
[2016-11-15 07:45:31.416]  Tuned to 24
[2016-11-15 07:45:31.517]  Tuned to 25
[2016-11-15 07:45:31.617]  Tuned to 26
[2016-11-15 07:45:31.718]  Tuned to 27
[2016-11-15 07:45:31.819]  Tuned to 28
[2016-11-15 07:45:31.919]  Tuned to 29
[2016-11-15 07:45:32.020]  Tuned to 30
[2016-11-15 07:45:32.123]  Tuned to 31
[2016-11-15 07:45:32.223]  Tuned to 32
[2016-11-15 07:45:32.324]  Tuned to 33
[2016-11-15 07:45:32.424]  Tuned to 34
[2016-11-15 07:45:32.525]  Tuned to 35
[2016-11-15 07:45:32.626]  Tuned to 36
[2016-11-15 07:45:32.727]  Tuned to 37
[2016-11-15 07:45:32.827]  Tuned to 38
[2016-11-15 07:45:32.928]  Tuned to 39
[2016-11-15 07:45:33.029]  Tuned to 40
[2016-11-15 07:45:33.129]  Tuned to 41
[2016-11-15 07:45:33.230]  Tuned to 42
[2016-11-15 07:45:33.331]  Tuned to 43
[2016-11-15 07:45:33.431]  Tuned to 44
[2016-11-15 07:45:33.532]  Tuned to 45
[2016-11-15 07:45:33.632]  Tuned to 46
[2016-11-15 07:45:33.733]  Tuned to 47
[2016-11-15 07:45:33.833]  Tuned to 48
[2016-11-15 07:45:33.934]  Tuned to 49
[2016-11-15 07:45:34.035]  Tuned to 50
[2016-11-15 07:45:34.135]  Tuned to 51
[2016-11-15 07:45:34.236]  Tuned to 52
[2016-11-15 07:45:34.337]  Tuned to 53
[2016-11-15 07:45:34.437]  Tuned to 54
[2016-11-15 07:45:34.538]  Tuned to 55
[2016-11-15 07:45:34.639]  Tuned to 56
[2016-11-15 07:45:34.739]  Tuned to 57
[2016-11-15 07:45:34.840]  Tuned to 58
[2016-11-15 07:45:34.941]  Tuned to 59
[2016-11-15 07:45:35.041]  Tuned to 60
[2016-11-15 07:45:35.142]  Tuned to 61
[2016-11-15 07:45:35.242]  Tuned to 62
[2016-11-15 07:45:35.343]  Tuned to 63
[2016-11-15 07:45:35.443]  Tuned to 64
[2016-11-15 07:45:35.544]  Tuned to 65
[2016-11-15 07:45:35.645]  Tuned to 66
[2016-11-15 07:45:35.745]  Tuned to 67
[2016-11-15 07:45:35.846]  Tuned to 68
[2016-11-15 07:45:35.946]  Tuned to 69
[2016-11-15 07:45:36.047]  Tuned to 70
[2016-11-15 07:45:36.148]  Tuned to 71
[2016-11-15 07:45:36.248]  Tuned to 72
[2016-11-15 07:45:36.349]  Tuned to 73
[2016-11-15 07:45:36.449]  Tuned to 74
[2016-11-15 07:45:36.550]  Tuned to 75
[2016-11-15 07:45:36.652]  Tuned to 76
[2016-11-15 07:45:36.753]  Tuned to 77
[2016-11-15 07:45:36.853]  Tuned to 78
[2016-11-15 07:45:36.954]  Tuned to 79
[2016-11-15 07:45:37.055]  Tuned to 80
[2016-11-15 07:45:37.156]  Tuned to 81
[2016-11-15 07:45:37.256]  Tuned to 82
[2016-11-15 07:45:37.357]  Tuned to 83
[2016-11-15 07:45:37.457]  Tuned to 2
[2016-11-15 07:45:37.558]  Tuned to 3
[2016-11-15 07:45:37.658]  Tuned to 4
[2016-11-15 07:45:37.759]  Tuned to 5
[2016-11-15 07:45:37.859]  Tuned to 6
[2016-11-15 07:45:37.960]  Tuned to 7
[2016-11-15 07:45:38.060]  Tuned to 8
[2016-11-15 07:45:38.161]  Tuned to 9
[2016-11-15 07:45:38.262]  Tuned to 10
[2016-11-15 07:45:38.362]  Tuned to 11
[2016-11-15 07:45:38.463]  Tuned to 12
[2016-11-15 07:45:38.564]  Tuned to 13
[2016-11-15 07:45:38.664]  Tuned to 14
[2016-11-15 07:45:38.765]  Tuned to 15
[2016-11-15 07:45:38.866]  Tuned to 16
[2016-11-15 07:45:38.966]  Tuned to 17
[2016-11-15 07:45:39.067]  Tuned to 18
[2016-11-15 07:45:39.167]  Tuned to 19
[2016-11-15 07:45:39.270]  Tuned to 20
[2016-11-15 07:45:39.370]  Tuned to 21
[2016-11-15 07:45:39.471]  Tuned to 22
[2016-11-15 07:45:39.571]  Tuned to 23
[2016-11-15 07:45:39.672]  Tuned to 24
[2016-11-15 07:45:39.773]  Tuned to 25
[2016-11-15 07:45:39.873]  Tuned to 26
[2016-11-15 07:45:39.974]  Tuned to 27
[2016-11-15 07:45:40.074]  Tuned to 28
[2016-11-15 07:45:40.175]  Tuned to 29
[2016-11-15 07:45:40.276]  Tuned to 30
[2016-11-15 07:45:40.376]  Tuned to 31
[2016-11-15 07:45:40.477]  Tuned to 32
[2016-11-15 07:45:40.578]  Tuned to 33
[2016-11-15 07:45:40.678]  Tuned to 34
[2016-11-15 07:45:40.779]  Tuned to 35
[2016-11-15 07:45:40.879]  Tuned to 36
[2016-11-15 07:45:40.980]  Tuned to 37
[2016-11-15 07:45:41.081]  Tuned to 38
[2016-11-15 07:45:41.181]  Tuned to 39
[2016-11-15 07:45:41.282]  Tuned to 40
[2016-11-15 07:45:41.382]  Tuned to 41
[2016-11-15 07:45:41.483]  Tuned to 42
[2016-11-15 07:45:41.584]  Tuned to 43
[2016-11-15 07:45:41.685]  Tuned to 44
[2016-11-15 07:45:41.785]  Tuned to 45
[2016-11-15 07:45:41.886]  Tuned to 46
[2016-11-15 07:45:41.986]  Tuned to 47
[2016-11-15 07:45:42.087]  Tuned to 48
[2016-11-15 07:45:42.188]  Tuned to 49
[2016-11-15 07:45:42.288]  Tuned to 50
[2016-11-15 07:45:42.389]  Tuned to 51
[2016-11-15 07:45:42.490]  Tuned to 52
[2016-11-15 07:45:42.590]  Tuned to 53
[2016-11-15 07:45:42.691]  Tuned to 54
[2016-11-15 07:45:42.792]  Tuned to 55
[2016-11-15 07:45:42.892]  Tuned to 56
[2016-11-15 07:45:42.993]  Tuned to 57
[2016-11-15 07:45:43.094]  Tuned to 58
[2016-11-15 07:45:43.194]  Tuned to 59
[2016-11-15 07:45:43.295]  Tuned to 60
[2016-11-15 07:45:43.396]  Tuned to 61
[2016-11-15 07:45:43.496]  Tuned to 62
[2016-11-15 07:45:43.597]  Tuned to 63
[2016-11-15 07:45:43.697]  Tuned to 64
[2016-11-15 07:45:43.798]  Tuned to 65
[2016-11-15 07:45:43.898]  Tuned to 66
[2016-11-15 07:45:43.999]  Tuned to 67
[2016-11-15 07:45:44.099]  Tuned to 68
[2016-11-15 07:45:44.200]  Tuned to 69
[2016-11-15 07:45:44.301]  Tuned to 70
[2016-11-15 07:45:44.401]  Tuned to 71
[2016-11-15 07:45:44.502]  Tuned to 72
[2016-11-15 07:45:44.603]  Tuned to 73
[2016-11-15 07:45:44.703]  Tuned to 74
[2016-11-15 07:45:44.804]  Tuned to 75
[2016-11-15 07:45:44.905]  Tuned to 76
[2016-11-15 07:45:45.006]  Tuned to 77
[2016-11-15 07:45:45.106]  Tuned to 78
[2016-11-15 07:45:45.207]  Tuned to 79
[2016-11-15 07:45:45.307]  Tuned to 80
[2016-11-15 07:45:45.408]  Tuned to 81
[2016-11-15 07:45:45.509]  Tuned to 82
[2016-11-15 07:45:45.610]  Tuned to 83
[2016-11-15 07:45:45.710]  Tuned to 2
[2016-11-15 07:45:45.811]  Tuned to 3
[2016-11-15 07:45:45.912]  Tuned to 4
[2016-11-15 07:45:46.012]  Tuned to 5
[2016-11-15 07:45:46.113]  Tuned to 6
[2016-11-15 07:45:46.214]  Tuned to 7
[2016-11-15 07:45:46.314]  Tuned to 8
[2016-11-15 07:45:46.416]  Tuned to 9
[2016-11-15 07:45:46.517]  Tuned to 10
[2016-11-15 07:45:46.620]  Tuned to 11
[2016-11-15 07:45:46.721]  Tuned to 12
[2016-11-15 07:45:46.822]  Tuned to 13
[2016-11-15 07:45:46.924]  Tuned to 14
[2016-11-15 07:45:47.025]  Tuned to 15
[2016-11-15 07:45:47.125]  Tuned to 16
[2016-11-15 07:45:47.226]  Tuned to 17
[2016-11-15 07:45:47.327]  Tuned to 18
[2016-11-15 07:45:47.427]  Tuned to 19
[2016-11-15 07:45:47.528]  Tuned to 20
[2016-11-15 07:45:47.628]  Tuned to 21
[2016-11-15 07:45:47.729]  Tuned to 22
[2016-11-15 07:45:47.830]  Tuned to 23
[2016-11-15 07:45:47.930]  Tuned to 24
[2016-11-15 07:45:48.031]  Tuned to 25
[2016-11-15 07:45:48.132]  Tuned to 26
[2016-11-15 07:45:48.232]  Tuned to 27
[2016-11-15 07:45:48.333]  Tuned to 28
[2016-11-15 07:45:48.434]  Tuned to 29
[2016-11-15 07:45:48.534]  Tuned to 30
[2016-11-15 07:45:48.635]  Tuned to 31
[2016-11-15 07:45:48.736]  Tuned to 32
[2016-11-15 07:45:48.836]  Tuned to 33
[2016-11-15 07:45:48.937]  Tuned to 34
[2016-11-15 07:45:49.037]  Tuned to 35
[2016-11-15 07:45:49.138]  Tuned to 36
[2016-11-15 07:45:49.239]  Tuned to 37
[2016-11-15 07:45:49.339]  Tuned to 38
[2016-11-15 07:45:49.440]  Tuned to 39
[2016-11-15 07:45:49.542]  Tuned to 40
[2016-11-15 07:45:49.642]  Tuned to 41
[2016-11-15 07:45:49.743]  Tuned to 42
[2016-11-15 07:45:49.843]  Tuned to 43
[2016-11-15 07:45:49.944]  Tuned to 44
[2016-11-15 07:45:50.045]  Tuned to 45
[2016-11-15 07:45:50.145]  Tuned to 46
[2016-11-15 07:45:50.246]  Tuned to 47
[2016-11-15 07:45:50.347]  Tuned to 48
[2016-11-15 07:45:50.447]  Tuned to 49
[2016-11-15 07:45:50.548]  Tuned to 50
[2016-11-15 07:45:50.649]  Tuned to 51
[2016-11-15 07:45:50.750]  Tuned to 52
[2016-11-15 07:45:50.850]  Tuned to 53
[2016-11-15 07:45:50.951]  Tuned to 54
[2016-11-15 07:45:51.051]  Tuned to 55
[2016-11-15 07:45:51.152]  Tuned to 56
[2016-11-15 07:45:51.253]  Tuned to 57
[2016-11-15 07:45:51.354]  Tuned to 58
[2016-11-15 07:45:51.454]  Tuned to 59
[2016-11-15 07:45:51.555]  Tuned to 60
[2016-11-15 07:45:51.655]  Tuned to 61
[2016-11-15 07:45:51.756]  Tuned to 62
[2016-11-15 07:45:51.858]  Tuned to 63
[2016-11-15 07:45:51.959]  Tuned to 64
[2016-11-15 07:45:52.059]  Tuned to 65
[2016-11-15 07:45:52.160]  Tuned to 66
[2016-11-15 07:45:52.261]  Tuned to 67
[2016-11-15 07:45:52.361]  Tuned to 68
[2016-11-15 07:45:52.462]  Tuned to 69
[2016-11-15 07:45:52.562]  Tuned to 70
[2016-11-15 07:45:52.663]  Tuned to 71
[2016-11-15 07:45:52.765]  Tuned to 72
[2016-11-15 07:45:52.865]  Tuned to 73
[2016-11-15 07:45:52.966]  Tuned to 74
[2016-11-15 07:45:53.067]  Tuned to 75
[2016-11-15 07:45:53.168]  Tuned to 76
[2016-11-15 07:45:53.269]  Tuned to 77
[2016-11-15 07:45:53.369]  Tuned to 78
[2016-11-15 07:45:53.470]  Tuned to 79
[2016-11-15 07:45:53.570]  Tuned to 80
[2016-11-15 07:45:53.671]  Tuned to 81
[2016-11-15 07:45:53.771]  Tuned to 82
[2016-11-15 07:45:53.872]  Tuned to 83
[2016-11-15 07:45:53.973]  Tuned to 2
[2016-11-15 07:45:54.073]  Tuned to 3
[2016-11-15 07:45:54.174]  Tuned to 4
[2016-11-15 07:45:54.275]  Tuned to 5
[2016-11-15 07:45:54.375]  Tuned to 6
[2016-11-15 07:45:54.476]  Tuned to 7
[2016-11-15 07:45:54.576]  Tuned to 8
[2016-11-15 07:45:54.677]  Tuned to 9
[2016-11-15 07:45:54.778]  Tuned to 10
[2016-11-15 07:45:54.878]  Tuned to 11
[2016-11-15 07:45:54.979]  Tuned to 12
[2016-11-15 07:45:55.080]  Tuned to 13
[2016-11-15 07:45:55.181]  Tuned to 14
[2016-11-15 07:45:55.282]  Tuned to 15
[2016-11-15 07:45:55.383]  Tuned to 16
[2016-11-15 07:45:55.483]  Tuned to 17
[2016-11-15 07:45:55.584]  Tuned to 18
[2016-11-15 07:45:55.686]  Tuned to 19
[2016-11-15 07:45:55.787]  Tuned to 20
[2016-11-15 07:45:55.887]  Tuned to 21
[2016-11-15 07:45:55.988]  Tuned to 22
[2016-11-15 07:45:56.088]  Tuned to 23
[2016-11-15 07:45:56.189]  Tuned to 24
[2016-11-15 07:45:56.290]  Tuned to 25
[2016-11-15 07:45:56.390]  Tuned to 26
[2016-11-15 07:45:56.491]  Tuned to 27
[2016-11-15 07:45:56.592]  Tuned to 28
[2016-11-15 07:45:56.692]  Tuned to 29
[2016-11-15 07:45:56.793]  Tuned to 30
[2016-11-15 07:45:56.893]  Tuned to 31
[2016-11-15 07:45:56.994]  Tuned to 32
[2016-11-15 07:45:57.094]  Tuned to 33
[2016-11-15 07:45:57.195]  Tuned to 34
[2016-11-15 07:45:57.296]  Tuned to 35
[2016-11-15 07:45:57.397]  Tuned to 36
[2016-11-15 07:45:57.497]  Tuned to 37
[2016-11-15 07:45:57.598]  Tuned to 38
[2016-11-15 07:45:57.699]  Tuned to 39
[2016-11-15 07:45:57.799]  Tuned to 40
[2016-11-15 07:45:57.900]  Tuned to 41
[2016-11-15 07:45:58.001]  Tuned to 42
[2016-11-15 07:45:58.101]  Tuned to 43
[2016-11-15 07:45:58.202]  Tuned to 44
[2016-11-15 07:45:58.303]  Tuned to 45
[2016-11-15 07:45:58.403]  Tuned to 46
[2016-11-15 07:45:58.504]  Tuned to 47
[2016-11-15 07:45:58.605]  Tuned to 48
[2016-11-15 07:45:58.706]  Tuned to 49
[2016-11-15 07:45:58.806]  Tuned to 50
[2016-11-15 07:45:58.907]  Tuned to 51
[2016-11-15 07:45:59.008]  Tuned to 52
[2016-11-15 07:45:59.108]  Tuned to 53
[2016-11-15 07:45:59.209]  Tuned to 54
[2016-11-15 07:45:59.310]  Tuned to 55
[2016-11-15 07:45:59.410]  Tuned to 56
[2016-11-15 07:45:59.511]  Tuned to 57
[2016-11-15 07:45:59.612]  Tuned to 58
[2016-11-15 07:45:59.712]  Tuned to 59
[2016-11-15 07:45:59.813]  Tuned to 60
[2016-11-15 07:45:59.915]  Tuned to 61
[2016-11-15 07:46:00.016]  Tuned to 62
[2016-11-15 07:46:00.116]  Tuned to 63
[2016-11-15 07:46:00.219]  Tuned to 64
[2016-11-15 07:46:00.319]  Tuned to 65
[2016-11-15 07:46:00.420]  Tuned to 66
[2016-11-15 07:46:00.520]  Tuned to 67
[2016-11-15 07:46:00.621]  Tuned to 68
[2016-11-15 07:46:00.722]  Tuned to 69
[2016-11-15 07:46:00.823]  Tuned to 70
[2016-11-15 07:46:00.923]  Tuned to 71
[2016-11-15 07:46:01.024]  Tuned to 72
[2016-11-15 07:46:01.125]  Tuned to 73
[2016-11-15 07:46:01.226]  Tuned to 74
[2016-11-15 07:46:01.326]  Tuned to 75
[2016-11-15 07:46:01.427]  Tuned to 76
[2016-11-15 07:46:01.528]  Tuned to 77
[2016-11-15 07:46:01.628]  Tuned to 78
[2016-11-15 07:46:01.729]  Tuned to 79
[2016-11-15 07:46:01.830]  Tuned to 80
[2016-11-15 07:46:01.931]  Tuned to 81
[2016-11-15 07:46:02.031]  Tuned to 82
[2016-11-15 07:46:02.132]  Tuned to 83
[2016-11-15 07:46:02.232]  Tuned to 2
[2016-11-15 07:46:02.333]  Tuned to 3
[2016-11-15 07:46:02.434]  Tuned to 4
[2016-11-15 07:46:02.534]  Tuned to 5
[2016-11-15 07:46:02.635]  Tuned to 6
[2016-11-15 07:46:02.736]  Tuned to 7
[2016-11-15 07:46:02.836]  Tuned to 8
[2016-11-15 07:46:02.937]  Tuned to 9
[2016-11-15 07:46:03.038]  Tuned to 10
[2016-11-15 07:46:03.139]  Tuned to 11
[2016-11-15 07:46:03.240]  Tuned to 12
[2016-11-15 07:46:03.340]  Tuned to 13
[2016-11-15 07:46:03.441]  Tuned to 14
[2016-11-15 07:46:03.541]  Tuned to 15
[2016-11-15 07:46:03.642]  Tuned to 16
[2016-11-15 07:46:03.743]  Tuned to 17
[2016-11-15 07:46:03.843]  Tuned to 18
[2016-11-15 07:46:03.944]  Tuned to 19
[2016-11-15 07:46:04.044]  Tuned to 20
[2016-11-15 07:46:04.145]  Tuned to 21
[2016-11-15 07:46:04.246]  Tuned to 22
[2016-11-15 07:46:04.346]  Tuned to 23
[2016-11-15 07:46:04.447]  Tuned to 24
[2016-11-15 07:46:04.548]  Tuned to 25
[2016-11-15 07:46:04.648]  Tuned to 26
[2016-11-15 07:46:04.749]  Tuned to 27
[2016-11-15 07:46:04.849]  Tuned to 28
[2016-11-15 07:46:04.950]  Tuned to 29
[2016-11-15 07:46:05.051]  Tuned to 30
[2016-11-15 07:46:05.151]  Tuned to 31
[2016-11-15 07:46:05.252]  Tuned to 32
[2016-11-15 07:46:05.352]  Tuned to 33
[2016-11-15 07:46:05.453]  Tuned to 34
[2016-11-15 07:46:05.554]  Tuned to 35
[2016-11-15 07:46:05.654]  Tuned to 36
[2016-11-15 07:46:05.755]  Tuned to 37
[2016-11-15 07:46:05.855]  Tuned to 38
[2016-11-15 07:46:05.956]  Tuned to 39
[2016-11-15 07:46:06.057]  Tuned to 40
[2016-11-15 07:46:06.157]  Tuned to 41
[2016-11-15 07:46:06.258]  Tuned to 42
[2016-11-15 07:46:06.359]  Tuned to 43
[2016-11-15 07:46:06.459]  Tuned to 44
[2016-11-15 07:46:06.560]  Tuned to 45
[2016-11-15 07:46:06.661]  Tuned to 46
[2016-11-15 07:46:06.762]  Tuned to 47
[2016-11-15 07:46:06.862]  Tuned to 48
[2016-11-15 07:46:06.963]  Tuned to 49
[2016-11-15 07:46:07.063]  Tuned to 50
[2016-11-15 07:46:07.164]  Tuned to 51
[2016-11-15 07:46:07.265]  Tuned to 52
[2016-11-15 07:46:07.365]  Tuned to 53
[2016-11-15 07:46:07.466]  Tuned to 54
[2016-11-15 07:46:07.567]  Tuned to 55
[2016-11-15 07:46:07.667]  Tuned to 56
[2016-11-15 07:46:07.768]  Tuned to 57
[2016-11-15 07:46:07.868]  Tuned to 58
[2016-11-15 07:46:07.969]  Tuned to 59
[2016-11-15 07:46:08.070]  Tuned to 60
[2016-11-15 07:46:08.172]  Tuned to 61
[2016-11-15 07:46:08.273]  Tuned to 62
[2016-11-15 07:46:08.374]  Tuned to 63
[2016-11-15 07:46:08.474]  Tuned to 64
[2016-11-15 07:46:08.575]  Tuned to 65
[2016-11-15 07:46:08.675]  Tuned to 66
[2016-11-15 07:46:08.776]  Tuned to 67
[2016-11-15 07:46:08.876]  Tuned to 68
[2016-11-15 07:46:08.977]  Tuned to 69
[2016-11-15 07:46:09.078]  Tuned to 70
[2016-11-15 07:46:09.179]  Tuned to 71
[2016-11-15 07:46:09.279]  Tuned to 72
[2016-11-15 07:46:09.380]  Tuned to 73
[2016-11-15 07:46:09.481]  Tuned to 74
[2016-11-15 07:46:09.581]  Tuned to 75
[2016-11-15 07:46:09.682]  Tuned to 76
[2016-11-15 07:46:09.782]  Tuned to 77
[2016-11-15 07:46:09.884]  Tuned to 78
[2016-11-15 07:46:09.984]  Tuned to 79
[2016-11-15 07:46:10.085]  Tuned to 80
[2016-11-15 07:46:10.185]  Tuned to 81
[2016-11-15 07:46:10.286]  Tuned to 82
[2016-11-15 07:46:10.387]  Tuned to 83
[2016-11-15 07:46:10.487]  Tuned to 2
[2016-11-15 07:46:10.588]  Tuned to 3
[2016-11-15 07:46:10.688]  Tuned to 4
[2016-11-15 07:46:10.789]  Tuned to 5
[2016-11-15 07:46:10.890]  Tuned to 6
[2016-11-15 07:46:10.990]  Tuned to 7
[2016-11-15 07:46:11.091]  Tuned to 8
[2016-11-15 07:46:11.191]  Tuned to 9
[2016-11-15 07:46:11.292]  Tuned to 10
[2016-11-15 07:46:11.393]  Tuned to 11
[2016-11-15 07:46:11.494]  Tuned to 12
[2016-11-15 07:46:11.594]  Tuned to 13
[2016-11-15 07:46:11.695]  Tuned to 14
[2016-11-15 07:46:11.795]  Tuned to 15
[2016-11-15 07:46:11.896]  Tuned to 16
[2016-11-15 07:46:11.996]  Tuned to 17
[2016-11-15 07:46:12.097]  Tuned to 18
[2016-11-15 07:46:12.198]  Tuned to 19
[2016-11-15 07:46:12.298]  Tuned to 20
[2016-11-15 07:46:12.399]  Tuned to 21
[2016-11-15 07:46:12.499]  Tuned to 22
[2016-11-15 07:46:12.600]  Tuned to 23
[2016-11-15 07:46:12.701]  Tuned to 24
[2016-11-15 07:46:12.802]  Tuned to 25
[2016-11-15 07:46:12.902]  Tuned to 26
[2016-11-15 07:46:13.003]  Tuned to 27
[2016-11-15 07:46:13.103]  Tuned to 28
[2016-11-15 07:46:13.204]  Tuned to 29
[2016-11-15 07:46:13.305]  Tuned to 30
[2016-11-15 07:46:13.405]  Tuned to 31
[2016-11-15 07:46:13.506]  Tuned to 32
[2016-11-15 07:46:13.607]  Tuned to 33
[2016-11-15 07:46:13.708]  Tuned to 34
[2016-11-15 07:46:13.808]  Tuned to 35
[2016-11-15 07:46:13.909]  Tuned to 36
[2016-11-15 07:46:14.009]  Tuned to 37
[2016-11-15 07:46:14.110]  Tuned to 38
[2016-11-15 07:46:14.210]  Tuned to 39
[2016-11-15 07:46:14.311]  Tuned to 40
[2016-11-15 07:46:14.412]  Tuned to 41
[2016-11-15 07:46:14.514]  Tuned to 42
[2016-11-15 07:46:14.614]  Tuned to 43
[2016-11-15 07:46:14.715]  Tuned to 44
[2016-11-15 07:46:14.815]  Tuned to 45
[2016-11-15 07:46:14.916]  Tuned to 46
[2016-11-15 07:46:15.017]  Tuned to 47
[2016-11-15 07:46:15.117]  Tuned to 48
[2016-11-15 07:46:15.218]  Tuned to 49
[2016-11-15 07:46:15.319]  Tuned to 50
[2016-11-15 07:46:15.419]  Tuned to 51
[2016-11-15 07:46:15.520]  Tuned to 52
[2016-11-15 07:46:15.621]  Tuned to 53
[2016-11-15 07:46:15.722]  Tuned to 54
[2016-11-15 07:46:15.822]  Tuned to 55
[2016-11-15 07:46:15.923]  Tuned to 56
[2016-11-15 07:46:16.024]  Tuned to 57
[2016-11-15 07:46:16.124]  Tuned to 58
[2016-11-15 07:46:16.225]  Tuned to 59
[2016-11-15 07:46:16.326]  Tuned to 60
[2016-11-15 07:46:16.426]  Tuned to 61
[2016-11-15 07:46:16.527]  Tuned to 62
[2016-11-15 07:46:16.627]  Tuned to 63
[2016-11-15 07:46:16.728]  Tuned to 64
[2016-11-15 07:46:16.829]  Tuned to 65
[2016-11-15 07:46:16.929]  Tuned to 66
[2016-11-15 07:46:17.030]  Tuned to 67
[2016-11-15 07:46:17.130]  Tuned to 68
[2016-11-15 07:46:17.231]  Tuned to 69
[2016-11-15 07:46:17.332]  Tuned to 70
[2016-11-15 07:46:17.433]  Tuned to 71
[2016-11-15 07:46:17.534]  Tuned to 72
[2016-11-15 07:46:17.635]  Tuned to 73
[2016-11-15 07:46:17.735]  Tuned to 74
[2016-11-15 07:46:17.836]  Tuned to 75
[2016-11-15 07:46:17.937]  Tuned to 76
[2016-11-15 07:46:18.037]  Tuned to 77
[2016-11-15 07:46:18.138]  Tuned to 78
[2016-11-15 07:46:18.238]  Tuned to 79
[2016-11-15 07:46:18.339]  Tuned to 80
[2016-11-15 07:46:18.440]  Tuned to 81
[2016-11-15 07:46:18.540]  Tuned to 82
[2016-11-15 07:46:18.641]  Tuned to 83
[2016-11-15 07:46:18.741]  Tuned to 2
[2016-11-15 07:46:18.842]  Tuned to 3
[2016-11-15 07:46:18.944]  Tuned to 4
[2016-11-15 07:46:19.045]  Tuned to 5
[2016-11-15 07:46:19.146]  Tuned to 6
[2016-11-15 07:46:19.246]  Tuned to 7
[2016-11-15 07:46:19.347]  Tuned to 8
[2016-11-15 07:46:19.448]  Tuned to 9
[2016-11-15 07:46:19.548]  Tuned to 10
[2016-11-15 07:46:19.649]  Tuned to 11
[2016-11-15 07:46:19.750]  Tuned to 12
[2016-11-15 07:46:19.850]  Tuned to 13
[2016-11-15 07:46:19.951]  Tuned to 14
[2016-11-15 07:46:20.052]  Tuned to 15
[2016-11-15 07:46:20.152]  Tuned to 16
[2016-11-15 07:46:20.253]  Tuned to 17
[2016-11-15 07:46:20.354]  Tuned to 18
[2016-11-15 07:46:20.454]  Tuned to 19
[2016-11-15 07:46:20.555]  Tuned to 20
[2016-11-15 07:46:20.656]  Tuned to 21
[2016-11-15 07:46:20.757]  Tuned to 22
[2016-11-15 07:46:20.858]  Tuned to 23
[2016-11-15 07:46:20.959]  Tuned to 24
[2016-11-15 07:46:21.061]  Tuned to 25
[2016-11-15 07:46:21.162]  Tuned to 26
[2016-11-15 07:46:21.262]  Tuned to 27
[2016-11-15 07:46:21.363]  Tuned to 28
[2016-11-15 07:46:21.464]  Tuned to 29
[2016-11-15 07:46:21.564]  Tuned to 30
[2016-11-15 07:46:21.665]  Tuned to 31
[2016-11-15 07:46:21.765]  Tuned to 32
[2016-11-15 07:46:21.866]  Tuned to 33
[2016-11-15 07:46:21.967]  Tuned to 34
[2016-11-15 07:46:22.068]  Tuned to 35
[2016-11-15 07:46:22.169]  Tuned to 36
[2016-11-15 07:46:22.269]  Tuned to 37
[2016-11-15 07:46:22.370]  Tuned to 38
[2016-11-15 07:46:22.471]  Tuned to 39
[2016-11-15 07:46:22.571]  Tuned to 40
[2016-11-15 07:46:22.672]  Tuned to 41
[2016-11-15 07:46:22.773]  Tuned to 42
[2016-11-15 07:46:22.874]  Tuned to 43
[2016-11-15 07:46:22.975]  Tuned to 44
[2016-11-15 07:46:23.075]  Tuned to 45
[2016-11-15 07:46:23.176]  Tuned to 46
[2016-11-15 07:46:23.277]  Tuned to 47
[2016-11-15 07:46:23.377]  Tuned to 48
[2016-11-15 07:46:23.478]  Tuned to 49
[2016-11-15 07:46:23.578]  Tuned to 50
[2016-11-15 07:46:23.679]  Tuned to 51
[2016-11-15 07:46:23.779]  Tuned to 52
[2016-11-15 07:46:23.880]  Tuned to 53
[2016-11-15 07:46:23.981]  Tuned to 54
[2016-11-15 07:46:24.081]  Tuned to 55
[2016-11-15 07:46:24.182]  Tuned to 56
[2016-11-15 07:46:24.284]  Tuned to 57
[2016-11-15 07:46:24.385]  Tuned to 58
[2016-11-15 07:46:24.486]  Tuned to 59
[2016-11-15 07:46:24.586]  Tuned to 60
[2016-11-15 07:46:24.687]  Tuned to 61
[2016-11-15 07:46:24.788]  Tuned to 62
[2016-11-15 07:46:24.888]  Tuned to 63
[2016-11-15 07:46:24.990]  Tuned to 64
[2016-11-15 07:46:25.090]  Tuned to 65
[2016-11-15 07:46:25.191]  Tuned to 66
[2016-11-15 07:46:25.292]  Tuned to 67
[2016-11-15 07:46:25.392]  Tuned to 68
[2016-11-15 07:46:25.493]  Tuned to 69
[2016-11-15 07:46:25.593]  Tuned to 70
[2016-11-15 07:46:25.694]  Tuned to 71
[2016-11-15 07:46:25.795]  Tuned to 72
[2016-11-15 07:46:25.895]  Tuned to 73
[2016-11-15 07:46:25.996]  Tuned to 74
[2016-11-15 07:46:26.097]  Tuned to 75
[2016-11-15 07:46:26.197]  Tuned to 76
[2016-11-15 07:46:26.298]  Tuned to 77
[2016-11-15 07:46:26.399]  Tuned to 78
[2016-11-15 07:46:26.499]  Tuned to 79
[2016-11-15 07:46:26.600]  Tuned to 80
[2016-11-15 07:46:26.700]  Tuned to 81
[2016-11-15 07:46:26.801]  Tuned to 82
[2016-11-15 07:46:26.903]  Tuned to 83
[2016-11-15 07:46:27.003]  Tuned to 2
[2016-11-15 07:46:27.104]  Tuned to 3
[2016-11-15 07:46:27.205]  Tuned to 4
[2016-11-15 07:46:27.305]  Tuned to 5
[2016-11-15 07:46:27.406]  Tuned to 6
[2016-11-15 07:46:27.507]  Tuned to 7
[2016-11-15 07:46:27.607]  Tuned to 8
[2016-11-15 07:46:27.708]  Tuned to 9
[2016-11-15 07:46:27.808]  Tuned to 10
[2016-11-15 07:46:27.909]  Tuned to 11
[2016-11-15 07:46:28.010]  Tuned to 12
[2016-11-15 07:46:28.110]  Tuned to 13
[2016-11-15 07:46:28.211]  Tuned to 14
[2016-11-15 07:46:28.311]  Tuned to 15
[2016-11-15 07:46:28.412]  Tuned to 16
[2016-11-15 07:46:28.513]  Tuned to 17
[2016-11-15 07:46:28.613]  Tuned to 18
[2016-11-15 07:46:28.714]  Tuned to 19
[2016-11-15 07:46:28.814]  Tuned to 20
[2016-11-15 07:46:28.915]  Tuned to 21
[2016-11-15 07:46:29.016]  Tuned to 22
[2016-11-15 07:46:29.116]  Tuned to 23
[2016-11-15 07:46:29.217]  Tuned to 24
[2016-11-15 07:46:29.318]  Tuned to 25
[2016-11-15 07:46:29.420]  Tuned to 26
[2016-11-15 07:46:29.522]  Tuned to 27
[2016-11-15 07:46:29.623]  Tuned to 28
[2016-11-15 07:46:29.723]  Tuned to 29
[2016-11-15 07:46:29.824]  Tuned to 30
[2016-11-15 07:46:29.925]  Tuned to 31
[2016-11-15 07:46:30.025]  Tuned to 32
[2016-11-15 07:46:30.126]  Tuned to 33
[2016-11-15 07:46:30.227]  Tuned to 34
[2016-11-15 07:46:30.327]  Tuned to 35
[2016-11-15 07:46:30.428]  Tuned to 36
[2016-11-15 07:46:30.528]  Tuned to 37
[2016-11-15 07:46:30.629]  Tuned to 38
[2016-11-15 07:46:30.730]  Tuned to 39
[2016-11-15 07:46:30.830]  Tuned to 40
[2016-11-15 07:46:30.931]  Tuned to 41
[2016-11-15 07:46:31.031]  Tuned to 42
[2016-11-15 07:46:31.132]  Tuned to 43
[2016-11-15 07:46:31.233]  Tuned to 44
[2016-11-15 07:46:31.333]  Tuned to 45
[2016-11-15 07:46:31.435]  Tuned to 46
[2016-11-15 07:46:31.536]  Tuned to 47
[2016-11-15 07:46:31.636]  Tuned to 48
[2016-11-15 07:46:31.737]  Tuned to 49
[2016-11-15 07:46:31.838]  Tuned to 50
[2016-11-15 07:46:31.938]  Tuned to 51
[2016-11-15 07:46:32.039]  Tuned to 52
[2016-11-15 07:46:32.140]  Tuned to 53
[2016-11-15 07:46:32.240]  Tuned to 54
[2016-11-15 07:46:32.341]  Tuned to 55
[2016-11-15 07:46:32.442]  Tuned to 56
[2016-11-15 07:46:32.542]  Tuned to 57
[2016-11-15 07:46:32.643]  Tuned to 58
[2016-11-15 07:46:32.743]  Tuned to 59
[2016-11-15 07:46:32.844]  Tuned to 60
[2016-11-15 07:46:32.944]  Tuned to 61
[2016-11-15 07:46:33.045]  Tuned to 62
[2016-11-15 07:46:33.146]  Tuned to 63
[2016-11-15 07:46:33.246]  Tuned to 64
[2016-11-15 07:46:33.347]  Tuned to 65
[2016-11-15 07:46:33.448]  Tuned to 66
[2016-11-15 07:46:33.549]  Tuned to 67
[2016-11-15 07:46:33.649]  Tuned to 68
[2016-11-15 07:46:33.750]  Tuned to 69
[2016-11-15 07:46:33.851]  Tuned to 70
[2016-11-15 07:46:33.951]  Tuned to 71
[2016-11-15 07:46:34.052]  Tuned to 72
[2016-11-15 07:46:34.152]  Tuned to 73
[2016-11-15 07:46:34.253]  Tuned to 74
[2016-11-15 07:46:34.354]  Tuned to 75
[2016-11-15 07:46:34.454]  Tuned to 76
[2016-11-15 07:46:34.555]  Tuned to 77
[2016-11-15 07:46:34.656]  Tuned to 78
[2016-11-15 07:46:34.757]  Tuned to 79
[2016-11-15 07:46:34.857]  Tuned to 80
[2016-11-15 07:46:34.958]  Tuned to 81
[2016-11-15 07:46:35.059]  Tuned to 82
[2016-11-15 07:46:35.159]  Tuned to 83
[2016-11-15 07:46:35.260]  Tuned to 2
[2016-11-15 07:46:35.361]  Tuned to 3
[2016-11-15 07:46:35.463]  Tuned to 4
[2016-11-15 07:46:35.565]  Tuned to 5
[2016-11-15 07:46:35.665]  Tuned to 6
[2016-11-15 07:46:35.766]  Tuned to 7
[2016-11-15 07:46:35.866]  Tuned to 8
[2016-11-15 07:46:35.967]  Tuned to 9
[2016-11-15 07:46:36.068]  Tuned to 10
[2016-11-15 07:46:36.168]  Tuned to 11
[2016-11-15 07:46:36.269]  Tuned to 12
[2016-11-15 07:46:36.370]  Tuned to 13
[2016-11-15 07:46:36.470]  Tuned to 14
[2016-11-15 07:46:36.571]  Tuned to 15
[2016-11-15 07:46:36.672]  Tuned to 16
[2016-11-15 07:46:36.772]  Tuned to 17
[2016-11-15 07:46:36.873]  Tuned to 18
[2016-11-15 07:46:36.973]  Tuned to 19
[2016-11-15 07:46:37.074]  Tuned to 20
[2016-11-15 07:46:37.175]  Tuned to 21
[2016-11-15 07:46:37.275]  Tuned to 22
[2016-11-15 07:46:37.376]  Tuned to 23
[2016-11-15 07:46:37.476]  Tuned to 24
[2016-11-15 07:46:37.577]  Tuned to 25
[2016-11-15 07:46:37.678]  Tuned to 26
[2016-11-15 07:46:37.779]  Tuned to 27
[2016-11-15 07:46:37.881]  Tuned to 28
[2016-11-15 07:46:37.981]  Tuned to 29
[2016-11-15 07:46:38.082]  Tuned to 30
[2016-11-15 07:46:38.183]  Tuned to 31
[2016-11-15 07:46:38.284]  Tuned to 32
[2016-11-15 07:46:38.384]  Tuned to 33
[2016-11-15 07:46:38.486]  Tuned to 34
[2016-11-15 07:46:38.587]  Tuned to 35
[2016-11-15 07:46:38.688]  Tuned to 36
[2016-11-15 07:46:38.788]  Tuned to 37
[2016-11-15 07:46:38.889]  Tuned to 38
[2016-11-15 07:46:38.989]  Tuned to 39
[2016-11-15 07:46:39.090]  Tuned to 40
[2016-11-15 07:46:39.191]  Tuned to 41
[2016-11-15 07:46:39.291]  Tuned to 42
[2016-11-15 07:46:39.394]  Tuned to 43
[2016-11-15 07:46:39.495]  Tuned to 44
[2016-11-15 07:46:39.595]  Tuned to 45
[2016-11-15 07:46:39.696]  Tuned to 46
[2016-11-15 07:46:39.796]  Tuned to 47
[2016-11-15 07:46:39.897]  Tuned to 48
[2016-11-15 07:46:39.998]  Tuned to 49
[2016-11-15 07:46:40.098]  Tuned to 50
[2016-11-15 07:46:40.199]  Tuned to 51
[2016-11-15 07:46:40.299]  Tuned to 52
[2016-11-15 07:46:40.400]  Tuned to 53
[2016-11-15 07:46:40.501]  Tuned to 54
[2016-11-15 07:46:40.601]  Tuned to 55
[2016-11-15 07:46:40.702]  Tuned to 56
[2016-11-15 07:46:40.802]  Tuned to 57
[2016-11-15 07:46:40.903]  Tuned to 58
[2016-11-15 07:46:41.003]  Tuned to 59
[2016-11-15 07:46:41.104]  Tuned to 60
[2016-11-15 07:46:41.205]  Tuned to 61
[2016-11-15 07:46:41.305]  Tuned to 62
[2016-11-15 07:46:41.406]  Tuned to 63
[2016-11-15 07:46:41.507]  Tuned to 64
[2016-11-15 07:46:41.607]  Tuned to 65
[2016-11-15 07:46:41.708]  Tuned to 66
[2016-11-15 07:46:41.809]  Tuned to 67
[2016-11-15 07:46:41.909]  Tuned to 68
[2016-11-15 07:46:42.010]  Tuned to 69
[2016-11-15 07:46:42.111]  Tuned to 70
[2016-11-15 07:46:42.212]  Tuned to 71
[2016-11-15 07:46:42.312]  Tuned to 72
[2016-11-15 07:46:42.413]  Tuned to 73
[2016-11-15 07:46:42.514]  Tuned to 74
[2016-11-15 07:46:42.614]  Tuned to 75
[2016-11-15 07:46:42.715]  Tuned to 76
[2016-11-15 07:46:42.816]  Tuned to 77
[2016-11-15 07:46:42.916]  Tuned to 78
[2016-11-15 07:46:43.017]  Tuned to 79
[2016-11-15 07:46:43.117]  Tuned to 80
[2016-11-15 07:46:43.218]  Tuned to 81
[2016-11-15 07:46:43.319]  Tuned to 82
[2016-11-15 07:46:43.419]  Tuned to 83
[2016-11-15 07:46:43.520]  Tuned to 2
[2016-11-15 07:46:43.620]  Tuned to 3
[2016-11-15 07:46:43.721]  Tuned to 4
[2016-11-15 07:46:43.822]  Tuned to 5
[2016-11-15 07:46:43.922]  Tuned to 6
[2016-11-15 07:46:44.023]  Tuned to 7
[2016-11-15 07:46:44.123]  Tuned to 8
[2016-11-15 07:46:44.224]  Tuned to 9
[2016-11-15 07:46:44.325]  Tuned to 10
[2016-11-15 07:46:44.425]  Tuned to 11
[2016-11-15 07:46:44.526]  Tuned to 12
[2016-11-15 07:46:44.626]  Tuned to 13
[2016-11-15 07:46:44.727]  Tuned to 14
[2016-11-15 07:46:44.828]  Tuned to 15
[2016-11-15 07:46:44.928]  Tuned to 16
[2016-11-15 07:46:45.029]  Tuned to 17
[2016-11-15 07:46:45.130]  Tuned to 18
[2016-11-15 07:46:45.230]  Tuned to 19
[2016-11-15 07:46:45.331]  Tuned to 20
[2016-11-15 07:46:45.432]  Tuned to 21
[2016-11-15 07:46:45.532]  Tuned to 22
[2016-11-15 07:46:45.633]  Tuned to 23
[2016-11-15 07:46:45.733]  Tuned to 24
[2016-11-15 07:46:45.834]  Tuned to 25
[2016-11-15 07:46:45.935]  Tuned to 26
[2016-11-15 07:46:46.035]  Tuned to 27
[2016-11-15 07:46:46.136]  Tuned to 28
[2016-11-15 07:46:46.237]  Tuned to 29
[2016-11-15 07:46:46.337]  Tuned to 30
[2016-11-15 07:46:46.438]  Tuned to 31
[2016-11-15 07:46:46.539]  Tuned to 32
[2016-11-15 07:46:46.639]  Tuned to 33
[2016-11-15 07:46:46.740]  Tuned to 34
[2016-11-15 07:46:46.841]  Tuned to 35
[2016-11-15 07:46:46.941]  Tuned to 36
[2016-11-15 07:46:47.042]  Tuned to 37
[2016-11-15 07:46:47.142]  Tuned to 38
[2016-11-15 07:46:47.243]  Tuned to 39
[2016-11-15 07:46:47.344]  Tuned to 40
[2016-11-15 07:46:47.444]  Tuned to 41
[2016-11-15 07:46:47.545]  Tuned to 42
[2016-11-15 07:46:47.645]  Tuned to 43
[2016-11-15 07:46:47.746]  Tuned to 44
[2016-11-15 07:46:47.847]  Tuned to 45
[2016-11-15 07:46:47.947]  Tuned to 46
[2016-11-15 07:46:48.048]  Tuned to 47
[2016-11-15 07:46:48.148]  Tuned to 48
[2016-11-15 07:46:48.249]  Tuned to 49
[2016-11-15 07:46:48.350]  Tuned to 50
[2016-11-15 07:46:48.450]  Tuned to 51
[2016-11-15 07:46:48.551]  Tuned to 52
[2016-11-15 07:46:48.652]  Tuned to 53
[2016-11-15 07:46:48.753]  Tuned to 54
[2016-11-15 07:46:48.854]  Tuned to 55
[2016-11-15 07:46:48.954]  Tuned to 56
[2016-11-15 07:46:49.055]  Tuned to 57
[2016-11-15 07:46:49.158]  Tuned to 58
[2016-11-15 07:46:49.258]  Tuned to 59
[2016-11-15 07:46:49.359]  Tuned to 60
[2016-11-15 07:46:49.459]  Tuned to 61
[2016-11-15 07:46:49.560]  Tuned to 62
[2016-11-15 07:46:49.661]  Tuned to 63
[2016-11-15 07:46:49.761]  Tuned to 64
[2016-11-15 07:46:49.862]  Tuned to 65
[2016-11-15 07:46:49.962]  Tuned to 66
[2016-11-15 07:46:50.063]  Tuned to 67
[2016-11-15 07:46:50.163]  Tuned to 68
[2016-11-15 07:46:50.264]  Tuned to 69
[2016-11-15 07:46:50.365]  Tuned to 70
[2016-11-15 07:46:50.465]  Tuned to 71
[2016-11-15 07:46:50.566]  Tuned to 72
[2016-11-15 07:46:50.667]  Tuned to 73
[2016-11-15 07:46:50.767]  Tuned to 74
[2016-11-15 07:46:50.868]  Tuned to 75
[2016-11-15 07:46:50.969]  Tuned to 76
[2016-11-15 07:46:51.069]  Tuned to 77
[2016-11-15 07:46:51.170]  Tuned to 78
[2016-11-15 07:46:51.271]  Tuned to 79
[2016-11-15 07:46:51.372]  Tuned to 80
[2016-11-15 07:46:51.473]  Tuned to 81
[2016-11-15 07:46:51.574]  Tuned to 82
[2016-11-15 07:46:51.675]  Tuned to 83
[2016-11-15 07:46:51.775]  Tuned to 2
[2016-11-15 07:46:51.876]  Tuned to 3
[2016-11-15 07:46:51.977]  Tuned to 4
[2016-11-15 07:46:52.077]  Tuned to 5
[2016-11-15 07:46:52.178]  Tuned to 6
[2016-11-15 07:46:52.279]  Tuned to 7
[2016-11-15 07:46:52.379]  Tuned to 8
[2016-11-15 07:46:52.480]  Tuned to 9
[2016-11-15 07:46:52.580]  Tuned to 10
[2016-11-15 07:46:52.681]  Tuned to 11
[2016-11-15 07:46:52.782]  Tuned to 12
[2016-11-15 07:46:52.883]  Tuned to 13
[2016-11-15 07:46:52.983]  Tuned to 14
[2016-11-15 07:46:53.085]  Tuned to 15
[2016-11-15 07:46:53.187]  Tuned to 16
[2016-11-15 07:46:53.288]  Tuned to 17
[2016-11-15 07:46:53.388]  Tuned to 18
[2016-11-15 07:46:53.489]  Tuned to 19
[2016-11-15 07:46:53.590]  Tuned to 20
[2016-11-15 07:46:53.690]  Tuned to 21
[2016-11-15 07:46:53.791]  Tuned to 22
[2016-11-15 07:46:53.891]  Tuned to 23
[2016-11-15 07:46:53.992]  Tuned to 24
[2016-11-15 07:46:54.093]  Tuned to 25
[2016-11-15 07:46:54.193]  Tuned to 26
[2016-11-15 07:46:54.294]  Tuned to 27
[2016-11-15 07:46:54.395]  Tuned to 28
[2016-11-15 07:46:54.496]  Tuned to 29
[2016-11-15 07:46:54.596]  Tuned to 30
[2016-11-15 07:46:54.697]  Tuned to 31
[2016-11-15 07:46:54.798]  Tuned to 32
[2016-11-15 07:46:54.898]  Tuned to 33
[2016-11-15 07:46:54.999]  Tuned to 34
[2016-11-15 07:46:55.100]  Tuned to 35
[2016-11-15 07:46:55.200]  Tuned to 36
[2016-11-15 07:46:55.301]  Tuned to 37
[2016-11-15 07:46:55.402]  Tuned to 38
[2016-11-15 07:46:55.503]  Tuned to 39
[2016-11-15 07:46:55.603]  Tuned to 40
[2016-11-15 07:46:55.704]  Tuned to 41
[2016-11-15 07:46:55.805]  Tuned to 42
[2016-11-15 07:46:55.906]  Tuned to 43
[2016-11-15 07:46:56.006]  Tuned to 44
[2016-11-15 07:46:56.110]  Tuned to 45
[2016-11-15 07:46:56.211]  Tuned to 46
[2016-11-15 07:46:56.312]  Tuned to 47
[2016-11-15 07:46:56.412]  Tuned to 48
[2016-11-15 07:46:56.513]  Tuned to 49
[2016-11-15 07:46:56.613]  Tuned to 50
[2016-11-15 07:46:56.714]  Tuned to 51
[2016-11-15 07:46:56.815]  Tuned to 52
[2016-11-15 07:46:56.915]  Tuned to 53
[2016-11-15 07:46:57.016]  Tuned to 54
[2016-11-15 07:46:57.117]  Tuned to 55
[2016-11-15 07:46:57.218]  Tuned to 56
[2016-11-15 07:46:57.318]  Tuned to 57
[2016-11-15 07:46:57.419]  Tuned to 58
[2016-11-15 07:46:57.520]  Tuned to 59
[2016-11-15 07:46:57.620]  Tuned to 60
[2016-11-15 07:46:57.721]  Tuned to 61
[2016-11-15 07:46:57.822]  Tuned to 62
[2016-11-15 07:46:57.922]  Tuned to 63
[2016-11-15 07:46:58.023]  Tuned to 64
[2016-11-15 07:46:58.124]  Tuned to 65
[2016-11-15 07:46:58.226]  Tuned to 66
[2016-11-15 07:46:58.327]  Tuned to 67
[2016-11-15 07:46:58.428]  Tuned to 68
[2016-11-15 07:46:58.528]  Tuned to 69
[2016-11-15 07:46:58.629]  Tuned to 70
[2016-11-15 07:46:58.730]  Tuned to 71
[2016-11-15 07:46:58.831]  Tuned to 72
[2016-11-15 07:46:58.932]  Tuned to 73
[2016-11-15 07:46:59.033]  Tuned to 74
[2016-11-15 07:46:59.134]  Tuned to 75
[2016-11-15 07:46:59.234]  Tuned to 76
[2016-11-15 07:46:59.335]  Tuned to 77
[2016-11-15 07:46:59.435]  Tuned to 78
[2016-11-15 07:46:59.536]  Tuned to 79
[2016-11-15 07:46:59.636]  Tuned to 80
[2016-11-15 07:46:59.737]  Tuned to 81
[2016-11-15 07:46:59.838]  Tuned to 82
[2016-11-15 07:46:59.938]  Tuned to 83
[2016-11-15 07:47:00.039]  Tuned to 2
[2016-11-15 07:47:00.140]  Tuned to 3
[2016-11-15 07:47:00.240]  Tuned to 4
[2016-11-15 07:47:00.341]  Tuned to 5
[2016-11-15 07:47:00.442]  Tuned to 6
[2016-11-15 07:47:00.542]  Tuned to 7
[2016-11-15 07:47:00.643]  Tuned to 8
[2016-11-15 07:47:00.744]  Tuned to 9
[2016-11-15 07:47:00.844]  Tuned to 10
[2016-11-15 07:47:00.945]  Tuned to 11
[2016-11-15 07:47:01.045]  Tuned to 12
[2016-11-15 07:47:01.146]  Tuned to 13
[2016-11-15 07:47:01.247]  Tuned to 14
[2016-11-15 07:47:01.348]  Tuned to 15
[2016-11-15 07:47:01.448]  Tuned to 16
[2016-11-15 07:47:01.549]  Tuned to 17
[2016-11-15 07:47:01.649]  Tuned to 18
[2016-11-15 07:47:01.750]  Tuned to 19
[2016-11-15 07:47:01.850]  Tuned to 20
[2016-11-15 07:47:01.951]  Tuned to 21
[2016-11-15 07:47:02.052]  Tuned to 22
[2016-11-15 07:47:02.152]  Tuned to 23
[2016-11-15 07:47:02.253]  Tuned to 24
[2016-11-15 07:47:02.354]  Tuned to 25
[2016-11-15 07:47:02.455]  Tuned to 26
[2016-11-15 07:47:02.556]  Tuned to 27
[2016-11-15 07:47:02.656]  Tuned to 28
[2016-11-15 07:47:02.758]  Tuned to 29
[2016-11-15 07:47:02.858]  Tuned to 30
[2016-11-15 07:47:02.959]  Tuned to 31
[2016-11-15 07:47:03.060]  Tuned to 32
[2016-11-15 07:47:03.160]  Tuned to 33
[2016-11-15 07:47:03.261]  Tuned to 34
[2016-11-15 07:47:03.362]  Tuned to 35
[2016-11-15 07:47:03.462]  Tuned to 36
[2016-11-15 07:47:03.563]  Tuned to 37
[2016-11-15 07:47:03.663]  Tuned to 38
[2016-11-15 07:47:03.764]  Tuned to 39
[2016-11-15 07:47:03.865]  Tuned to 40
[2016-11-15 07:47:03.966]  Tuned to 41
[2016-11-15 07:47:04.066]  Tuned to 42
[2016-11-15 07:47:04.167]  Tuned to 43
[2016-11-15 07:47:04.268]  Tuned to 44
[2016-11-15 07:47:04.368]  Tuned to 45
[2016-11-15 07:47:04.469]  Tuned to 46
[2016-11-15 07:47:04.569]  Tuned to 47
[2016-11-15 07:47:04.670]  Tuned to 48
[2016-11-15 07:47:04.771]  Tuned to 49
[2016-11-15 07:47:04.871]  Tuned to 50
[2016-11-15 07:47:04.972]  Tuned to 51
[2016-11-15 07:47:05.074]  Tuned to 52
[2016-11-15 07:47:05.174]  Tuned to 53
[2016-11-15 07:47:05.275]  Tuned to 54
[2016-11-15 07:47:05.376]  Tuned to 55
[2016-11-15 07:47:05.476]  Tuned to 56
[2016-11-15 07:47:05.577]  Tuned to 57
[2016-11-15 07:47:05.678]  Tuned to 58
[2016-11-15 07:47:05.778]  Tuned to 59
[2016-11-15 07:47:05.879]  Tuned to 60
[2016-11-15 07:47:05.980]  Tuned to 61
[2016-11-15 07:47:06.080]  Tuned to 62
[2016-11-15 07:47:06.181]  Tuned to 63
[2016-11-15 07:47:06.281]  Tuned to 64
[2016-11-15 07:47:06.382]  Tuned to 65
[2016-11-15 07:47:06.483]  Tuned to 66
[2016-11-15 07:47:06.583]  Tuned to 67
[2016-11-15 07:47:06.684]  Tuned to 68
[2016-11-15 07:47:06.785]  Tuned to 69
[2016-11-15 07:47:06.887]  Tuned to 70
[2016-11-15 07:47:06.987]  Tuned to 71
[2016-11-15 07:47:07.088]  Tuned to 72
[2016-11-15 07:47:07.188]  Tuned to 73
[2016-11-15 07:47:07.289]  Tuned to 74
[2016-11-15 07:47:07.390]  Tuned to 75
[2016-11-15 07:47:07.490]  Tuned to 76
[2016-11-15 07:47:07.591]  Tuned to 77
[2016-11-15 07:47:07.692]  Tuned to 78
[2016-11-15 07:47:07.793]  Tuned to 79
[2016-11-15 07:47:07.894]  Tuned to 80
[2016-11-15 07:47:07.996]  Tuned to 81
[2016-11-15 07:47:08.096]  Tuned to 82
[2016-11-15 07:47:08.197]  Tuned to 83
[2016-11-15 07:47:08.298]  Tuned to 2
[2016-11-15 07:47:08.398]  Tuned to 3
[2016-11-15 07:47:08.499]  Tuned to 4
[2016-11-15 07:47:08.599]  Tuned to 5
[2016-11-15 07:47:08.700]  Tuned to 6
[2016-11-15 07:47:08.801]  Tuned to 7
[2016-11-15 07:47:08.901]  Tuned to 8
[2016-11-15 07:47:09.002]  Tuned to 9
[2016-11-15 07:47:09.103]  Tuned to 10
[2016-11-15 07:47:09.204]  Tuned to 11
[2016-11-15 07:47:09.306]  Tuned to 12
[2016-11-15 07:47:09.407]  Tuned to 13
[2016-11-15 07:47:09.508]  Tuned to 14
[2016-11-15 07:47:09.608]  Tuned to 15
[2016-11-15 07:47:09.709]  Tuned to 16
[2016-11-15 07:47:09.809]  Tuned to 17
[2016-11-15 07:47:09.910]  Tuned to 18
[2016-11-15 07:47:10.010]  Tuned to 19
[2016-11-15 07:47:10.111]  Tuned to 20
[2016-11-15 07:47:10.212]  Tuned to 21
[2016-11-15 07:47:10.314]  Tuned to 22
[2016-11-15 07:47:10.415]  Tuned to 23
[2016-11-15 07:47:10.515]  Tuned to 24
[2016-11-15 07:47:10.616]  Tuned to 25
[2016-11-15 07:47:10.717]  Tuned to 26
[2016-11-15 07:47:10.817]  Tuned to 27
[2016-11-15 07:47:10.918]  Tuned to 28
[2016-11-15 07:47:11.019]  Tuned to 29
[2016-11-15 07:47:11.120]  Tuned to 30
[2016-11-15 07:47:11.222]  Tuned to 31
[2016-11-15 07:47:11.322]  Tuned to 32
[2016-11-15 07:47:11.423]  Tuned to 33
[2016-11-15 07:47:11.524]  Tuned to 34
[2016-11-15 07:47:11.624]  Tuned to 35
[2016-11-15 07:47:11.725]  Tuned to 36
[2016-11-15 07:47:11.826]  Tuned to 37
[2016-11-15 07:47:11.926]  Tuned to 38
[2016-11-15 07:47:12.027]  Tuned to 39
[2016-11-15 07:47:12.128]  Tuned to 40
[2016-11-15 07:47:12.228]  Tuned to 41
[2016-11-15 07:47:12.329]  Tuned to 42
[2016-11-15 07:47:12.429]  Tuned to 43
[2016-11-15 07:47:12.530]  Tuned to 44
[2016-11-15 07:47:12.631]  Tuned to 45
[2016-11-15 07:47:12.731]  Tuned to 46
[2016-11-15 07:47:12.832]  Tuned to 47
[2016-11-15 07:47:12.932]  Tuned to 48
[2016-11-15 07:47:13.033]  Tuned to 49
[2016-11-15 07:47:13.133]  Tuned to 50
[2016-11-15 07:47:13.234]  Tuned to 51
[2016-11-15 07:47:13.335]  Tuned to 52
[2016-11-15 07:47:13.436]  Tuned to 53
[2016-11-15 07:47:13.536]  Tuned to 54
[2016-11-15 07:47:13.637]  Tuned to 55
[2016-11-15 07:47:13.738]  Tuned to 56
[2016-11-15 07:47:13.838]  Tuned to 57
[2016-11-15 07:47:13.939]  Tuned to 58
[2016-11-15 07:47:14.040]  Tuned to 59
[2016-11-15 07:47:14.140]  Tuned to 60
[2016-11-15 07:47:14.241]  Tuned to 61
[2016-11-15 07:47:14.341]  Tuned to 62
[2016-11-15 07:47:14.442]  Tuned to 63
[2016-11-15 07:47:14.543]  Tuned to 64
[2016-11-15 07:47:14.643]  Tuned to 65
[2016-11-15 07:47:14.746]  Tuned to 66
[2016-11-15 07:47:14.847]  Tuned to 67
[2016-11-15 07:47:14.947]  Tuned to 68
[2016-11-15 07:47:15.048]  Tuned to 69
[2016-11-15 07:47:15.149]  Tuned to 70
[2016-11-15 07:47:15.250]  Tuned to 71
[2016-11-15 07:47:15.350]  Tuned to 72
[2016-11-15 07:47:15.451]  Tuned to 73
[2016-11-15 07:47:15.552]  Tuned to 74
[2016-11-15 07:47:15.652]  Tuned to 75
[2016-11-15 07:47:15.753]  Tuned to 76
[2016-11-15 07:47:15.854]  Tuned to 77
[2016-11-15 07:47:15.954]  Tuned to 78
[2016-11-15 07:47:16.055]  Tuned to 79
[2016-11-15 07:47:16.155]  Tuned to 80
[2016-11-15 07:47:16.256]  Tuned to 81
[2016-11-15 07:47:16.357]  Tuned to 82
[2016-11-15 07:47:16.457]  Tuned to 83
[2016-11-15 07:47:16.558]  Tuned to 2
[2016-11-15 07:47:16.658]  Tuned to 3
[2016-11-15 07:47:16.759]  Tuned to 4
[2016-11-15 07:47:16.860]  Tuned to 5
[2016-11-15 07:47:16.960]  Tuned to 6
[2016-11-15 07:47:17.061]  Tuned to 7
[2016-11-15 07:47:17.162]  Tuned to 8
[2016-11-15 07:47:17.262]  Tuned to 9
[2016-11-15 07:47:17.363]  Tuned to 10
[2016-11-15 07:47:17.466]  Tuned to 11
[2016-11-15 07:47:17.566]  Tuned to 12
[2016-11-15 07:47:17.667]  Tuned to 13
[2016-11-15 07:47:17.768]  Tuned to 14
[2016-11-15 07:47:17.869]  Tuned to 15
[2016-11-15 07:47:17.969]  Tuned to 16
[2016-11-15 07:47:18.070]  Tuned to 17
[2016-11-15 07:47:18.171]  Tuned to 18
[2016-11-15 07:47:18.271]  Tuned to 19
[2016-11-15 07:47:18.372]  Tuned to 20
[2016-11-15 07:47:18.473]  Tuned to 21
[2016-11-15 07:47:18.573]  Tuned to 22
[2016-11-15 07:47:18.674]  Tuned to 23
[2016-11-15 07:47:18.774]  Tuned to 24
[2016-11-15 07:47:18.875]  Tuned to 25
[2016-11-15 07:47:18.976]  Tuned to 26
[2016-11-15 07:47:19.077]  Tuned to 27
[2016-11-15 07:47:19.177]  Tuned to 28
[2016-11-15 07:47:19.278]  Tuned to 29
[2016-11-15 07:47:19.379]  Tuned to 30
[2016-11-15 07:47:19.479]  Tuned to 31
[2016-11-15 07:47:19.581]  Tuned to 32
[2016-11-15 07:47:19.681]  Tuned to 33
[2016-11-15 07:47:19.782]  Tuned to 34
[2016-11-15 07:47:19.882]  Tuned to 35
[2016-11-15 07:47:19.983]  Tuned to 36
[2016-11-15 07:47:20.084]  Tuned to 37
[2016-11-15 07:47:20.184]  Tuned to 38
[2016-11-15 07:47:20.285]  Tuned to 39
[2016-11-15 07:47:20.385]  Tuned to 40
[2016-11-15 07:47:20.486]  Tuned to 41
[2016-11-15 07:47:20.586]  Tuned to 42
[2016-11-15 07:47:20.687]  Tuned to 43
[2016-11-15 07:47:20.788]  Tuned to 44
[2016-11-15 07:47:20.888]  Tuned to 45
[2016-11-15 07:47:20.989]  Tuned to 46
[2016-11-15 07:47:21.091]  Tuned to 47
[2016-11-15 07:47:21.192]  Tuned to 48
[2016-11-15 07:47:21.293]  Tuned to 49
[2016-11-15 07:47:21.400]  Tuned to 50
[2016-11-15 07:47:21.501]  Tuned to 51
[2016-11-15 07:47:21.602]  Tuned to 52
[2016-11-15 07:47:21.702]  Tuned to 53
[2016-11-15 07:47:21.803]  Tuned to 54
[2016-11-15 07:47:21.904]  Tuned to 55
[2016-11-15 07:47:22.005]  Tuned to 56
[2016-11-15 07:47:22.106]  Tuned to 57
[2016-11-15 07:47:22.206]  Tuned to 58
[2016-11-15 07:47:22.307]  Tuned to 59
[2016-11-15 07:47:22.408]  Tuned to 60
[2016-11-15 07:47:22.508]  Tuned to 61
[2016-11-15 07:47:22.609]  Tuned to 62
[2016-11-15 07:47:22.710]  Tuned to 63
[2016-11-15 07:47:22.810]  Tuned to 64
[2016-11-15 07:47:22.911]  Tuned to 65
[2016-11-15 07:47:23.011]  Tuned to 66
[2016-11-15 07:47:23.113]  Tuned to 67
[2016-11-15 07:47:23.214]  Tuned to 68
[2016-11-15 07:47:23.315]  Tuned to 69
[2016-11-15 07:47:23.415]  Tuned to 70
[2016-11-15 07:47:23.516]  Tuned to 71
[2016-11-15 07:47:23.617]  Tuned to 72
[2016-11-15 07:47:23.718]  Tuned to 73
[2016-11-15 07:47:23.818]  Tuned to 74
[2016-11-15 07:47:23.919]  Tuned to 75
[2016-11-15 07:47:24.019]  Tuned to 76
[2016-11-15 07:47:24.120]  Tuned to 77
[2016-11-15 07:47:24.221]  Tuned to 78
[2016-11-15 07:47:24.321]  Tuned to 79
[2016-11-15 07:47:24.422]  Tuned to 80
[2016-11-15 07:47:24.522]  Tuned to 81
[2016-11-15 07:47:24.623]  Tuned to 82
[2016-11-15 07:47:24.725]  Tuned to 83
[2016-11-15 07:47:24.826]  Tuned to 2
[2016-11-15 07:47:24.927]  Tuned to 3
[2016-11-15 07:47:25.027]  Tuned to 4
[2016-11-15 07:47:25.128]  Tuned to 5
[2016-11-15 07:47:25.228]  Tuned to 6
[2016-11-15 07:47:25.329]  Tuned to 7
[2016-11-15 07:47:25.430]  Tuned to 8
[2016-11-15 07:47:25.530]  Tuned to 9
[2016-11-15 07:47:25.631]  Tuned to 10
[2016-11-15 07:47:25.731]  Tuned to 11
[2016-11-15 07:47:25.832]  Tuned to 12
[2016-11-15 07:47:25.933]  Tuned to 13
[2016-11-15 07:47:26.033]  Tuned to 14
[2016-11-15 07:47:26.134]  Tuned to 15
[2016-11-15 07:47:26.235]  Tuned to 16
[2016-11-15 07:47:26.336]  Tuned to 17
[2016-11-15 07:47:26.436]  Tuned to 18
[2016-11-15 07:47:26.537]  Tuned to 19
[2016-11-15 07:47:26.639]  Tuned to 20
[2016-11-15 07:47:26.739]  Tuned to 21
[2016-11-15 07:47:26.840]  Tuned to 22
[2016-11-15 07:47:26.941]  Tuned to 23
[2016-11-15 07:47:27.041]  Tuned to 24
[2016-11-15 07:47:27.142]  Tuned to 25
[2016-11-15 07:47:27.242]  Tuned to 26
[2016-11-15 07:47:27.343]  Tuned to 27
[2016-11-15 07:47:27.444]  Tuned to 28
[2016-11-15 07:47:27.544]  Tuned to 29
[2016-11-15 07:47:27.645]  Tuned to 30
[2016-11-15 07:47:27.746]  Tuned to 31
[2016-11-15 07:47:27.846]  Tuned to 32
[2016-11-15 07:47:27.947]  Tuned to 33
[2016-11-15 07:47:28.047]  Tuned to 34
[2016-11-15 07:47:28.148]  Tuned to 35
[2016-11-15 07:47:28.250]  Tuned to 36
[2016-11-15 07:47:28.351]  Tuned to 37
[2016-11-15 07:47:28.451]  Tuned to 38
[2016-11-15 07:47:28.552]  Tuned to 39
[2016-11-15 07:47:28.653]  Tuned to 40
[2016-11-15 07:47:28.753]  Tuned to 41
[2016-11-15 07:47:28.854]  Tuned to 42
[2016-11-15 07:47:28.955]  Tuned to 43
[2016-11-15 07:47:29.055]  Tuned to 44
[2016-11-15 07:47:29.158]  Tuned to 45
[2016-11-15 07:47:29.258]  Tuned to 46
[2016-11-15 07:47:29.359]  Tuned to 47
[2016-11-15 07:47:29.460]  Tuned to 48
[2016-11-15 07:47:29.560]  Tuned to 49
[2016-11-15 07:47:29.661]  Tuned to 50
[2016-11-15 07:47:29.761]  Tuned to 51
[2016-11-15 07:47:29.862]  Tuned to 52
[2016-11-15 07:47:29.962]  Tuned to 53
[2016-11-15 07:47:30.063]  Tuned to 54
[2016-11-15 07:47:30.164]  Tuned to 55
[2016-11-15 07:47:30.264]  Tuned to 56
[2016-11-15 07:47:30.365]  Tuned to 57
[2016-11-15 07:47:30.466]  Tuned to 58
[2016-11-15 07:47:30.567]  Tuned to 59
[2016-11-15 07:47:30.667]  Tuned to 60
[2016-11-15 07:47:30.768]  Tuned to 61
[2016-11-15 07:47:30.869]  Tuned to 62
[2016-11-15 07:47:30.970]  Tuned to 63
[2016-11-15 07:47:31.071]  Tuned to 64
[2016-11-15 07:47:31.171]  Tuned to 65
[2016-11-15 07:47:31.272]  Tuned to 66
[2016-11-15 07:47:31.373]  Tuned to 67
[2016-11-15 07:47:31.473]  Tuned to 68
[2016-11-15 07:47:31.574]  Tuned to 69
[2016-11-15 07:47:31.674]  Tuned to 70
[2016-11-15 07:47:31.776]  Tuned to 71
[2016-11-15 07:47:31.877]  Tuned to 72
[2016-11-15 07:47:31.978]  Tuned to 73
[2016-11-15 07:47:32.079]  Tuned to 74
[2016-11-15 07:47:32.180]  Tuned to 75
[2016-11-15 07:47:32.280]  Tuned to 76
[2016-11-15 07:47:32.382]  Tuned to 77
[2016-11-15 07:47:32.484]  Tuned to 78
[2016-11-15 07:47:32.584]  Tuned to 79
[2016-11-15 07:47:32.685]  Tuned to 80
[2016-11-15 07:47:32.785]  Tuned to 81
[2016-11-15 07:47:32.886]  Tuned to 82
[2016-11-15 07:47:32.987]  Tuned to 83
[2016-11-15 07:47:33.087]  Tuned to 2
[2016-11-15 07:47:33.188]  Tuned to 3
[2016-11-15 07:47:33.288]  Tuned to 4
[2016-11-15 07:47:33.389]  Tuned to 5
[2016-11-15 07:47:33.490]  Tuned to 6
[2016-11-15 07:47:33.591]  Tuned to 7
[2016-11-15 07:47:33.691]  Tuned to 8
[2016-11-15 07:47:33.794]  Tuned to 9
[2016-11-15 07:47:33.894]  Tuned to 10
[2016-11-15 07:47:33.995]  Tuned to 11
[2016-11-15 07:47:34.096]  Tuned to 12
[2016-11-15 07:47:34.196]  Tuned to 13
[2016-11-15 07:47:34.297]  Tuned to 14
[2016-11-15 07:47:34.398]  Tuned to 15
[2016-11-15 07:47:34.498]  Tuned to 16
[2016-11-15 07:47:34.599]  Tuned to 17
[2016-11-15 07:47:34.699]  Tuned to 18
[2016-11-15 07:47:34.800]  Tuned to 19
[2016-11-15 07:47:34.901]  Tuned to 20
[2016-11-15 07:47:35.001]  Tuned to 21
[2016-11-15 07:47:35.102]  Tuned to 22
[2016-11-15 07:47:35.203]  Tuned to 23
[2016-11-15 07:47:35.303]  Tuned to 24
[2016-11-15 07:47:35.405]  Tuned to 25
[2016-11-15 07:47:35.505]  Tuned to 26
[2016-11-15 07:47:35.606]  Tuned to 27
[2016-11-15 07:47:35.707]  Tuned to 28
[2016-11-15 07:47:35.807]  Tuned to 29
[2016-11-15 07:47:35.908]  Tuned to 30
[2016-11-15 07:47:36.009]  Tuned to 31
[2016-11-15 07:47:36.109]  Tuned to 32
[2016-11-15 07:47:36.210]  Tuned to 33
[2016-11-15 07:47:36.312]  Tuned to 34
[2016-11-15 07:47:36.413]  Tuned to 35
[2016-11-15 07:47:36.514]  Tuned to 36
[2016-11-15 07:47:36.614]  Tuned to 37
[2016-11-15 07:47:36.715]  Tuned to 38
[2016-11-15 07:47:36.815]  Tuned to 39
[2016-11-15 07:47:36.916]  Tuned to 40
[2016-11-15 07:47:37.017]  Tuned to 41
[2016-11-15 07:47:37.118]  Tuned to 42
[2016-11-15 07:47:37.218]  Tuned to 43
[2016-11-15 07:47:37.319]  Tuned to 44
[2016-11-15 07:47:37.420]  Tuned to 45
[2016-11-15 07:47:37.520]  Tuned to 46
[2016-11-15 07:47:37.621]  Tuned to 47
[2016-11-15 07:47:37.721]  Tuned to 48
[2016-11-15 07:47:37.822]  Tuned to 49
[2016-11-15 07:47:37.922]  Tuned to 50
[2016-11-15 07:47:38.023]  Tuned to 51
[2016-11-15 07:47:38.124]  Tuned to 52
[2016-11-15 07:47:38.224]  Tuned to 53
[2016-11-15 07:47:38.325]  Tuned to 54
[2016-11-15 07:47:38.425]  Tuned to 55
[2016-11-15 07:47:38.526]  Tuned to 56
[2016-11-15 07:47:38.626]  Tuned to 57
[2016-11-15 07:47:38.727]  Tuned to 58
[2016-11-15 07:47:38.828]  Tuned to 59
[2016-11-15 07:47:38.928]  Tuned to 60
[2016-11-15 07:47:39.029]  Tuned to 61
[2016-11-15 07:47:39.129]  Tuned to 62
[2016-11-15 07:47:39.230]  Tuned to 63
[2016-11-15 07:47:39.331]  Tuned to 64
[2016-11-15 07:47:39.431]  Tuned to 65
[2016-11-15 07:47:39.532]  Tuned to 66
[2016-11-15 07:47:39.633]  Tuned to 67
[2016-11-15 07:47:39.733]  Tuned to 68
[2016-11-15 07:47:39.834]  Tuned to 69
[2016-11-15 07:47:39.935]  Tuned to 70
[2016-11-15 07:47:40.036]  Tuned to 71
[2016-11-15 07:47:40.137]  Tuned to 72
[2016-11-15 07:47:40.237]  Tuned to 73
[2016-11-15 07:47:40.340]  Tuned to 74
[2016-11-15 07:47:40.441]  Tuned to 75
[2016-11-15 07:47:40.541]  Tuned to 76
[2016-11-15 07:47:40.642]  Tuned to 77
[2016-11-15 07:47:40.743]  Tuned to 78
[2016-11-15 07:47:40.843]  Tuned to 79
[2016-11-15 07:47:40.944]  Tuned to 80
[2016-11-15 07:47:41.045]  Tuned to 81
[2016-11-15 07:47:41.145]  Tuned to 82
[2016-11-15 07:47:41.246]  Tuned to 83
[2016-11-15 07:47:41.347]  Tuned to 2
[2016-11-15 07:47:41.447]  Tuned to 3
[2016-11-15 07:47:41.548]  Tuned to 4
[2016-11-15 07:47:41.649]  Tuned to 5
[2016-11-15 07:47:41.749]  Tuned to 6
[2016-11-15 07:47:41.850]  Tuned to 7
[2016-11-15 07:47:41.951]  Tuned to 8
[2016-11-15 07:47:42.051]  Tuned to 9
[2016-11-15 07:47:42.152]  Tuned to 10
[2016-11-15 07:47:42.253]  Tuned to 11
[2016-11-15 07:47:42.353]  Tuned to 12
[2016-11-15 07:47:42.454]  Tuned to 13
[2016-11-15 07:47:42.557]  Tuned to 14
[2016-11-15 07:47:42.657]  Tuned to 15
[2016-11-15 07:47:42.758]  Tuned to 16
[2016-11-15 07:47:42.859]  Tuned to 17
[2016-11-15 07:47:42.960]  Tuned to 18
[2016-11-15 07:47:43.060]  Tuned to 19
[2016-11-15 07:47:43.161]  Tuned to 20
[2016-11-15 07:47:43.261]  Tuned to 21
[2016-11-15 07:47:43.362]  Tuned to 22
[2016-11-15 07:47:43.462]  Tuned to 23
[2016-11-15 07:47:43.563]  Tuned to 24
[2016-11-15 07:47:43.664]  Tuned to 25
[2016-11-15 07:47:43.765]  Tuned to 26
[2016-11-15 07:47:43.866]  Tuned to 27
[2016-11-15 07:47:43.967]  Tuned to 28
[2016-11-15 07:47:44.067]  Tuned to 29
[2016-11-15 07:47:44.168]  Tuned to 30
[2016-11-15 07:47:44.268]  Tuned to 31
[2016-11-15 07:47:44.369]  Tuned to 32
[2016-11-15 07:47:44.470]  Tuned to 33
[2016-11-15 07:47:44.570]  Tuned to 34
[2016-11-15 07:47:44.671]  Tuned to 35
[2016-11-15 07:47:44.772]  Tuned to 36
[2016-11-15 07:47:44.872]  Tuned to 37
[2016-11-15 07:47:44.973]  Tuned to 38
[2016-11-15 07:47:45.074]  Tuned to 39
[2016-11-15 07:47:45.175]  Tuned to 40
[2016-11-15 07:47:45.276]  Tuned to 41
[2016-11-15 07:47:45.376]  Tuned to 42
[2016-11-15 07:47:45.477]  Tuned to 43
[2016-11-15 07:47:45.577]  Tuned to 44
[2016-11-15 07:47:45.678]  Tuned to 45
[2016-11-15 07:47:45.779]  Tuned to 46
[2016-11-15 07:47:45.880]  Tuned to 47
[2016-11-15 07:47:45.980]  Tuned to 48
[2016-11-15 07:47:46.081]  Tuned to 49
[2016-11-15 07:47:46.181]  Tuned to 50
[2016-11-15 07:47:46.282]  Tuned to 51
[2016-11-15 07:47:46.382]  Tuned to 52
[2016-11-15 07:47:46.483]  Tuned to 53
[2016-11-15 07:47:46.584]  Tuned to 54
[2016-11-15 07:47:46.684]  Tuned to 55
[2016-11-15 07:47:46.785]  Tuned to 56
[2016-11-15 07:47:46.886]  Tuned to 57
[2016-11-15 07:47:46.986]  Tuned to 58
[2016-11-15 07:47:47.087]  Tuned to 59
[2016-11-15 07:47:47.187]  Tuned to 60
[2016-11-15 07:47:47.289]  Tuned to 61
[2016-11-15 07:47:47.389]  Tuned to 62
[2016-11-15 07:47:47.490]  Tuned to 63
[2016-11-15 07:47:47.591]  Tuned to 64
[2016-11-15 07:47:47.691]  Tuned to 65
[2016-11-15 07:47:47.793]  Tuned to 66
[2016-11-15 07:47:47.894]  Tuned to 67
[2016-11-15 07:47:47.994]  Tuned to 68
[2016-11-15 07:47:48.095]  Tuned to 69
[2016-11-15 07:47:48.196]  Tuned to 70
[2016-11-15 07:47:48.296]  Tuned to 71
[2016-11-15 07:47:48.397]  Tuned to 72
[2016-11-15 07:47:48.498]  Tuned to 73
[2016-11-15 07:47:48.599]  Tuned to 74
[2016-11-15 07:47:48.699]  Tuned to 75
[2016-11-15 07:47:48.800]  Tuned to 76
[2016-11-15 07:47:48.901]  Tuned to 77
[2016-11-15 07:47:49.001]  Tuned to 78
[2016-11-15 07:47:49.102]  Tuned to 79
[2016-11-15 07:47:49.203]  Tuned to 80
[2016-11-15 07:47:49.303]  Tuned to 81
[2016-11-15 07:47:49.404]  Tuned to 82
[2016-11-15 07:47:49.505]  Tuned to 83
[2016-11-15 07:47:49.605]  Tuned to 2
[2016-11-15 07:47:49.706]  Tuned to 3
[2016-11-15 07:47:49.807]  Tuned to 4
[2016-11-15 07:47:49.908]  Tuned to 5
[2016-11-15 07:47:50.009]  Tuned to 6
[2016-11-15 07:47:50.110]  Tuned to 7
[2016-11-15 07:47:50.210]  Tuned to 8
[2016-11-15 07:47:50.312]  Tuned to 9
[2016-11-15 07:47:50.413]  Tuned to 10
[2016-11-15 07:47:50.514]  Tuned to 11
[2016-11-15 07:47:50.614]  Tuned to 12
[2016-11-15 07:47:50.715]  Tuned to 13
[2016-11-15 07:47:50.816]  Tuned to 14
[2016-11-15 07:47:50.916]  Tuned to 15
[2016-11-15 07:47:51.017]  Tuned to 16
[2016-11-15 07:47:51.117]  Tuned to 17
[2016-11-15 07:47:51.218]  Tuned to 18
[2016-11-15 07:47:51.319]  Tuned to 19
[2016-11-15 07:47:51.419]  Tuned to 20
[2016-11-15 07:47:51.520]  Tuned to 21
[2016-11-15 07:47:51.621]  Tuned to 22
[2016-11-15 07:47:51.721]  Tuned to 23
[2016-11-15 07:47:51.822]  Tuned to 24
[2016-11-15 07:47:51.922]  Tuned to 25
[2016-11-15 07:47:52.024]  Tuned to 26
[2016-11-15 07:47:52.125]  Tuned to 27
[2016-11-15 07:47:52.225]  Tuned to 28
[2016-11-15 07:47:52.326]  Tuned to 29
[2016-11-15 07:47:52.427]  Tuned to 30
[2016-11-15 07:47:52.528]  Tuned to 31
[2016-11-15 07:47:52.629]  Tuned to 32
[2016-11-15 07:47:52.730]  Tuned to 33
[2016-11-15 07:47:52.830]  Tuned to 34
[2016-11-15 07:47:52.931]  Tuned to 35
[2016-11-15 07:47:53.033]  Tuned to 36
[2016-11-15 07:47:53.133]  Tuned to 37
[2016-11-15 07:47:53.234]  Tuned to 38
[2016-11-15 07:47:53.335]  Tuned to 39
[2016-11-15 07:47:53.435]  Tuned to 40
[2016-11-15 07:47:53.536]  Tuned to 41
[2016-11-15 07:47:53.636]  Tuned to 42
[2016-11-15 07:47:53.737]  Tuned to 43
[2016-11-15 07:47:53.838]  Tuned to 44
[2016-11-15 07:47:53.938]  Tuned to 45
[2016-11-15 07:47:54.039]  Tuned to 46
[2016-11-15 07:47:54.141]  Tuned to 47
[2016-11-15 07:47:54.242]  Tuned to 48
[2016-11-15 07:47:54.343]  Tuned to 49
[2016-11-15 07:47:54.443]  Tuned to 50
[2016-11-15 07:47:54.544]  Tuned to 51
[2016-11-15 07:47:54.644]  Tuned to 52
[2016-11-15 07:47:54.745]  Tuned to 53
[2016-11-15 07:47:54.846]  Tuned to 54
[2016-11-15 07:47:54.946]  Tuned to 55
[2016-11-15 07:47:55.047]  Tuned to 56
[2016-11-15 07:47:55.148]  Tuned to 57
[2016-11-15 07:47:55.249]  Tuned to 58
[2016-11-15 07:47:55.349]  Tuned to 59
[2016-11-15 07:47:55.450]  Tuned to 60
[2016-11-15 07:47:55.550]  Tuned to 61
[2016-11-15 07:47:55.652]  Tuned to 62
[2016-11-15 07:47:55.753]  Tuned to 63
[2016-11-15 07:47:55.854]  Tuned to 64
[2016-11-15 07:47:55.954]  Tuned to 65
[2016-11-15 07:47:56.055]  Tuned to 66
[2016-11-15 07:47:56.156]  Tuned to 67
[2016-11-15 07:47:56.256]  Tuned to 68
[2016-11-15 07:47:56.357]  Tuned to 69
[2016-11-15 07:47:56.458]  Tuned to 70
[2016-11-15 07:47:56.559]  Tuned to 71
[2016-11-15 07:47:56.660]  Tuned to 72
[2016-11-15 07:47:56.761]  Tuned to 73
[2016-11-15 07:47:56.861]  Tuned to 74
[2016-11-15 07:47:56.962]  Tuned to 75
[2016-11-15 07:47:57.063]  Tuned to 76
[2016-11-15 07:47:57.163]  Tuned to 77
[2016-11-15 07:47:57.264]  Tuned to 78
[2016-11-15 07:47:57.366]  Tuned to 79
[2016-11-15 07:47:57.467]  Tuned to 80
[2016-11-15 07:47:57.568]  Tuned to 81
[2016-11-15 07:47:57.668]  Tuned to 82
[2016-11-15 07:47:57.771]  Tuned to 83
[2016-11-15 07:47:57.871]  Tuned to 2
[2016-11-15 07:47:57.972]  Tuned to 3
[2016-11-15 07:47:58.072]  Tuned to 4
[2016-11-15 07:47:58.173]  Tuned to 5
[2016-11-15 07:47:58.274]  Tuned to 6
[2016-11-15 07:47:58.374]  Tuned to 7
[2016-11-15 07:47:58.475]  Tuned to 8
[2016-11-15 07:47:58.576]  Tuned to 9
[2016-11-15 07:47:58.677]  Tuned to 10
[2016-11-15 07:47:58.777]  Tuned to 11
[2016-11-15 07:47:58.878]  Tuned to 12
[2016-11-15 07:47:58.978]  Tuned to 13
[2016-11-15 07:47:59.079]  Tuned to 14
[2016-11-15 07:47:59.180]  Tuned to 15
[2016-11-15 07:47:59.280]  Tuned to 16
[2016-11-15 07:47:59.381]  Tuned to 17
[2016-11-15 07:47:59.481]  Tuned to 18
[2016-11-15 07:47:59.582]  Tuned to 19
[2016-11-15 07:47:59.683]  Tuned to 20
[2016-11-15 07:47:59.783]  Tuned to 21
[2016-11-15 07:47:59.886]  Tuned to 22
[2016-11-15 07:47:59.987]  Tuned to 23
[2016-11-15 07:48:00.088]  Tuned to 24
[2016-11-15 07:48:00.188]  Tuned to 25
[2016-11-15 07:48:00.289]  Tuned to 26
[2016-11-15 07:48:00.389]  Tuned to 27
[2016-11-15 07:48:00.490]  Tuned to 28
[2016-11-15 07:48:00.591]  Tuned to 29
[2016-11-15 07:48:00.691]  Tuned to 30
[2016-11-15 07:48:00.792]  Tuned to 31
[2016-11-15 07:48:00.893]  Tuned to 32
[2016-11-15 07:48:00.993]  Tuned to 33
[2016-11-15 07:48:01.094]  Tuned to 34
[2016-11-15 07:48:01.195]  Tuned to 35
[2016-11-15 07:48:01.296]  Tuned to 36
[2016-11-15 07:48:01.397]  Tuned to 37
[2016-11-15 07:48:01.498]  Tuned to 38
[2016-11-15 07:48:01.598]  Tuned to 39
[2016-11-15 07:48:01.699]  Tuned to 40
[2016-11-15 07:48:01.800]  Tuned to 41
[2016-11-15 07:48:01.900]  Tuned to 42
[2016-11-15 07:48:02.001]  Tuned to 43
[2016-11-15 07:48:02.101]  Tuned to 44
[2016-11-15 07:48:02.202]  Tuned to 45
[2016-11-15 07:48:02.303]  Tuned to 46
[2016-11-15 07:48:02.403]  Tuned to 47
[2016-11-15 07:48:02.504]  Tuned to 48
[2016-11-15 07:48:02.604]  Tuned to 49
[2016-11-15 07:48:02.705]  Tuned to 50
[2016-11-15 07:48:02.806]  Tuned to 51
[2016-11-15 07:48:02.906]  Tuned to 52
[2016-11-15 07:48:03.007]  Tuned to 53
[2016-11-15 07:48:03.108]  Tuned to 54
[2016-11-15 07:48:03.209]  Tuned to 55
[2016-11-15 07:48:03.309]  Tuned to 56
[2016-11-15 07:48:03.410]  Tuned to 57
[2016-11-15 07:48:03.511]  Tuned to 58
[2016-11-15 07:48:03.611]  Tuned to 59
[2016-11-15 07:48:03.712]  Tuned to 60
[2016-11-15 07:48:03.813]  Tuned to 61
[2016-11-15 07:48:03.913]  Tuned to 62
[2016-11-15 07:48:04.014]  Tuned to 63
[2016-11-15 07:48:04.115]  Tuned to 64
[2016-11-15 07:48:04.216]  Tuned to 65
[2016-11-15 07:48:04.316]  Tuned to 66
[2016-11-15 07:48:04.417]  Tuned to 67
[2016-11-15 07:48:04.517]  Tuned to 68
[2016-11-15 07:48:04.618]  Tuned to 69
[2016-11-15 07:48:04.719]  Tuned to 70
[2016-11-15 07:48:04.819]  Tuned to 71
[2016-11-15 07:48:04.920]  Tuned to 72
[2016-11-15 07:48:05.023]  Tuned to 73
[2016-11-15 07:48:05.124]  Tuned to 74
[2016-11-15 07:48:05.225]  Tuned to 75
[2016-11-15 07:48:05.325]  Tuned to 76
[2016-11-15 07:48:05.426]  Tuned to 77
[2016-11-15 07:48:05.527]  Tuned to 78
[2016-11-15 07:48:05.627]  Tuned to 79
[2016-11-15 07:48:05.728]  Tuned to 80
[2016-11-15 07:48:05.829]  Tuned to 81
[2016-11-15 07:48:05.932]  Tuned to 82
[2016-11-15 07:48:06.032]  Tuned to 83
[2016-11-15 07:48:06.133]  Tuned to 2
[2016-11-15 07:48:06.234]  Tuned to 3
[2016-11-15 07:48:06.334]  Tuned to 4
[2016-11-15 07:48:06.435]  Tuned to 5
[2016-11-15 07:48:06.536]  Tuned to 6
[2016-11-15 07:48:06.636]  Tuned to 7
[2016-11-15 07:48:06.737]  Tuned to 8
[2016-11-15 07:48:06.838]  Tuned to 9
[2016-11-15 07:48:06.938]  Tuned to 10
[2016-11-15 07:48:07.039]  Tuned to 11
[2016-11-15 07:48:07.140]  Tuned to 12
[2016-11-15 07:48:07.240]  Tuned to 13
[2016-11-15 07:48:07.341]  Tuned to 14
[2016-11-15 07:48:07.441]  Tuned to 15
[2016-11-15 07:48:07.542]  Tuned to 16
[2016-11-15 07:48:07.643]  Tuned to 17
[2016-11-15 07:48:07.743]  Tuned to 18
[2016-11-15 07:48:07.846]  Tuned to 19
[2016-11-15 07:48:07.946]  Tuned to 20
[2016-11-15 07:48:08.047]  Tuned to 21
[2016-11-15 07:48:08.148]  Tuned to 22
[2016-11-15 07:48:08.249]  Tuned to 23
[2016-11-15 07:48:08.350]  Tuned to 24
[2016-11-15 07:48:08.451]  Tuned to 25
[2016-11-15 07:48:08.551]  Tuned to 26
[2016-11-15 07:48:08.652]  Tuned to 27
[2016-11-15 07:48:08.753]  Tuned to 28
[2016-11-15 07:48:08.853]  Tuned to 29
[2016-11-15 07:48:08.954]  Tuned to 30
[2016-11-15 07:48:09.055]  Tuned to 31
[2016-11-15 07:48:09.155]  Tuned to 32
[2016-11-15 07:48:09.256]  Tuned to 33
[2016-11-15 07:48:09.357]  Tuned to 34
[2016-11-15 07:48:09.457]  Tuned to 35
[2016-11-15 07:48:09.558]  Tuned to 36
[2016-11-15 07:48:09.659]  Tuned to 37
[2016-11-15 07:48:09.760]  Tuned to 38
[2016-11-15 07:48:09.860]  Tuned to 39
[2016-11-15 07:48:09.961]  Tuned to 40
[2016-11-15 07:48:10.061]  Tuned to 41
[2016-11-15 07:48:10.162]  Tuned to 42
[2016-11-15 07:48:10.262]  Tuned to 43
[2016-11-15 07:48:10.363]  Tuned to 44
[2016-11-15 07:48:10.464]  Tuned to 45
[2016-11-15 07:48:10.565]  Tuned to 46
[2016-11-15 07:48:10.666]  Tuned to 47
[2016-11-15 07:48:10.766]  Tuned to 48
[2016-11-15 07:48:10.867]  Tuned to 49
[2016-11-15 07:48:10.968]  Tuned to 50
[2016-11-15 07:48:11.068]  Tuned to 51
[2016-11-15 07:48:11.169]  Tuned to 52
[2016-11-15 07:48:11.270]  Tuned to 53
[2016-11-15 07:48:11.371]  Tuned to 54
[2016-11-15 07:48:11.471]  Tuned to 55
[2016-11-15 07:48:11.572]  Tuned to 56
[2016-11-15 07:48:11.673]  Tuned to 57
[2016-11-15 07:48:11.774]  Tuned to 58
[2016-11-15 07:48:11.874]  Tuned to 59
[2016-11-15 07:48:11.975]  Tuned to 60
[2016-11-15 07:48:12.076]  Tuned to 61
[2016-11-15 07:48:12.177]  Tuned to 62
[2016-11-15 07:48:12.277]  Tuned to 63
[2016-11-15 07:48:12.378]  Tuned to 64
[2016-11-15 07:48:12.479]  Tuned to 65
[2016-11-15 07:48:12.580]  Tuned to 66
[2016-11-15 07:48:12.680]  Tuned to 67
[2016-11-15 07:48:12.781]  Tuned to 68
[2016-11-15 07:48:12.882]  Tuned to 69
[2016-11-15 07:48:12.982]  Tuned to 70
[2016-11-15 07:48:13.083]  Tuned to 71
[2016-11-15 07:48:13.183]  Tuned to 72
[2016-11-15 07:48:13.284]  Tuned to 73
[2016-11-15 07:48:13.386]  Tuned to 74
[2016-11-15 07:48:13.487]  Tuned to 75
[2016-11-15 07:48:13.587]  Tuned to 76
[2016-11-15 07:48:13.689]  Tuned to 77
[2016-11-15 07:48:13.789]  Tuned to 78
[2016-11-15 07:48:13.890]  Tuned to 79
[2016-11-15 07:48:13.990]  Tuned to 80
[2016-11-15 07:48:14.091]  Tuned to 81
[2016-11-15 07:48:14.192]  Tuned to 82
[2016-11-15 07:48:14.293]  Tuned to 83
[2016-11-15 07:48:14.395]  Tuned to 2
[2016-11-15 07:48:14.497]  Tuned to 3
[2016-11-15 07:48:14.598]  Tuned to 4
[2016-11-15 07:48:14.699]  Tuned to 5
[2016-11-15 07:48:14.799]  Tuned to 6
[2016-11-15 07:48:14.900]  Tuned to 7
[2016-11-15 07:48:15.000]  Tuned to 8
[2016-11-15 07:48:15.102]  Tuned to 9
[2016-11-15 07:48:15.202]  Tuned to 10
[2016-11-15 07:48:15.304]  Tuned to 11
[2016-11-15 07:48:15.404]  Tuned to 12
[2016-11-15 07:48:15.505]  Tuned to 13
[2016-11-15 07:48:15.605]  Tuned to 14
[2016-11-15 07:48:15.706]  Tuned to 15
[2016-11-15 07:48:15.807]  Tuned to 16
[2016-11-15 07:48:15.907]  Tuned to 17
[2016-11-15 07:48:16.008]  Tuned to 18
[2016-11-15 07:48:16.108]  Tuned to 19
[2016-11-15 07:48:16.209]  Tuned to 20
[2016-11-15 07:48:16.310]  Tuned to 21
[2016-11-15 07:48:16.411]  Tuned to 22
[2016-11-15 07:48:16.511]  Tuned to 23
[2016-11-15 07:48:16.612]  Tuned to 24
[2016-11-15 07:48:16.712]  Tuned to 25
[2016-11-15 07:48:16.813]  Tuned to 26
[2016-11-15 07:48:16.914]  Tuned to 27
[2016-11-15 07:48:17.015]  Tuned to 28
[2016-11-15 07:48:17.115]  Tuned to 29
[2016-11-15 07:48:17.216]  Tuned to 30
[2016-11-15 07:48:17.316]  Tuned to 31
[2016-11-15 07:48:17.417]  Tuned to 32
[2016-11-15 07:48:17.518]  Tuned to 33
[2016-11-15 07:48:17.618]  Tuned to 34
[2016-11-15 07:48:17.719]  Tuned to 35
[2016-11-15 07:48:17.820]  Tuned to 36
[2016-11-15 07:48:17.920]  Tuned to 37
[2016-11-15 07:48:18.021]  Tuned to 38
[2016-11-15 07:48:18.121]  Tuned to 39
[2016-11-15 07:48:18.222]  Tuned to 40
[2016-11-15 07:48:18.323]  Tuned to 41
[2016-11-15 07:48:18.423]  Tuned to 42
[2016-11-15 07:48:18.524]  Tuned to 43
[2016-11-15 07:48:18.625]  Tuned to 44
[2016-11-15 07:48:18.725]  Tuned to 45
[2016-11-15 07:48:18.826]  Tuned to 46
[2016-11-15 07:48:18.927]  Tuned to 47
[2016-11-15 07:48:19.027]  Tuned to 48
[2016-11-15 07:48:19.128]  Tuned to 49
[2016-11-15 07:48:19.229]  Tuned to 50
[2016-11-15 07:48:19.329]  Tuned to 51
[2016-11-15 07:48:19.430]  Tuned to 52
[2016-11-15 07:48:19.530]  Tuned to 53
[2016-11-15 07:48:19.631]  Tuned to 54
[2016-11-15 07:48:19.732]  Tuned to 55
[2016-11-15 07:48:19.833]  Tuned to 56
[2016-11-15 07:48:19.933]  Tuned to 57
[2016-11-15 07:48:20.034]  Tuned to 58
[2016-11-15 07:48:20.134]  Tuned to 59
[2016-11-15 07:48:20.236]  Tuned to 60
[2016-11-15 07:48:20.337]  Tuned to 61
[2016-11-15 07:48:20.437]  Tuned to 62
[2016-11-15 07:48:20.538]  Tuned to 63
[2016-11-15 07:48:20.639]  Tuned to 64
[2016-11-15 07:48:20.739]  Tuned to 65
[2016-11-15 07:48:20.840]  Tuned to 66
[2016-11-15 07:48:20.941]  Tuned to 67
[2016-11-15 07:48:21.041]  Tuned to 68
[2016-11-15 07:48:21.142]  Tuned to 69
[2016-11-15 07:48:21.242]  Tuned to 70
[2016-11-15 07:48:21.343]  Tuned to 71
[2016-11-15 07:48:21.444]  Tuned to 72
[2016-11-15 07:48:21.544]  Tuned to 73
[2016-11-15 07:48:21.645]  Tuned to 74
[2016-11-15 07:48:21.746]  Tuned to 75
[2016-11-15 07:48:21.847]  Tuned to 76
[2016-11-15 07:48:21.948]  Tuned to 77
[2016-11-15 07:48:22.048]  Tuned to 78
[2016-11-15 07:48:22.149]  Tuned to 79
[2016-11-15 07:48:22.250]  Tuned to 80
[2016-11-15 07:48:22.351]  Tuned to 81
[2016-11-15 07:48:22.453]  Tuned to 82
[2016-11-15 07:48:22.553]  Tuned to 83
[2016-11-15 07:48:22.654]  Tuned to 2
[2016-11-15 07:48:22.755]  Tuned to 3
[2016-11-15 07:48:22.856]  Tuned to 4
[2016-11-15 07:48:22.956]  Tuned to 5
[2016-11-15 07:48:23.057]  Tuned to 6
[2016-11-15 07:48:23.158]  Tuned to 7
[2016-11-15 07:48:23.258]  Tuned to 8
[2016-11-15 07:48:23.359]  Tuned to 9
[2016-11-15 07:48:23.459]  Tuned to 10
[2016-11-15 07:48:23.560]  Tuned to 11
[2016-11-15 07:48:23.661]  Tuned to 12
[2016-11-15 07:48:23.761]  Tuned to 13
[2016-11-15 07:48:23.862]  Tuned to 14
[2016-11-15 07:48:23.963]  Tuned to 15
[2016-11-15 07:48:24.063]  Tuned to 16
[2016-11-15 07:48:24.164]  Tuned to 17
[2016-11-15 07:48:24.265]  Tuned to 18
[2016-11-15 07:48:24.365]  Tuned to 19
[2016-11-15 07:48:24.466]  Tuned to 20
[2016-11-15 07:48:24.567]  Tuned to 21
[2016-11-15 07:48:24.667]  Tuned to 22
[2016-11-15 07:48:24.768]  Tuned to 23
[2016-11-15 07:48:24.870]  Tuned to 24
[2016-11-15 07:48:24.971]  Tuned to 25
[2016-11-15 07:48:25.071]  Tuned to 26
[2016-11-15 07:48:25.172]  Tuned to 27
[2016-11-15 07:48:25.273]  Tuned to 28
[2016-11-15 07:48:25.374]  Tuned to 29
[2016-11-15 07:48:25.475]  Tuned to 30
[2016-11-15 07:48:25.576]  Tuned to 31
[2016-11-15 07:48:25.676]  Tuned to 32
[2016-11-15 07:48:25.777]  Tuned to 33
[2016-11-15 07:48:25.878]  Tuned to 34
[2016-11-15 07:48:25.978]  Tuned to 35
[2016-11-15 07:48:26.079]  Tuned to 36
[2016-11-15 07:48:26.180]  Tuned to 37
[2016-11-15 07:48:26.280]  Tuned to 38
[2016-11-15 07:48:26.381]  Tuned to 39
[2016-11-15 07:48:26.481]  Tuned to 40
[2016-11-15 07:48:26.582]  Tuned to 41
[2016-11-15 07:48:26.683]  Tuned to 42
[2016-11-15 07:48:26.784]  Tuned to 43
[2016-11-15 07:48:26.885]  Tuned to 44
[2016-11-15 07:48:26.985]  Tuned to 45
[2016-11-15 07:48:27.086]  Tuned to 46
[2016-11-15 07:48:27.186]  Tuned to 47
[2016-11-15 07:48:27.287]  Tuned to 48
[2016-11-15 07:48:27.388]  Tuned to 49
[2016-11-15 07:48:27.488]  Tuned to 50
[2016-11-15 07:48:27.589]  Tuned to 51
[2016-11-15 07:48:27.690]  Tuned to 52
[2016-11-15 07:48:27.790]  Tuned to 53
[2016-11-15 07:48:27.891]  Tuned to 54
[2016-11-15 07:48:27.992]  Tuned to 55
[2016-11-15 07:48:28.092]  Tuned to 56
[2016-11-15 07:48:28.193]  Tuned to 57
[2016-11-15 07:48:28.294]  Tuned to 58
[2016-11-15 07:48:28.394]  Tuned to 59
[2016-11-15 07:48:28.495]  Tuned to 60
[2016-11-15 07:48:28.596]  Tuned to 61
[2016-11-15 07:48:28.696]  Tuned to 62
[2016-11-15 07:48:28.797]  Tuned to 63
[2016-11-15 07:48:28.898]  Tuned to 64
[2016-11-15 07:48:28.998]  Tuned to 65
[2016-11-15 07:48:29.099]  Tuned to 66
[2016-11-15 07:48:29.201]  Tuned to 67
[2016-11-15 07:48:29.302]  Tuned to 68
[2016-11-15 07:48:29.403]  Tuned to 69
[2016-11-15 07:48:29.504]  Tuned to 70
[2016-11-15 07:48:29.604]  Tuned to 71
[2016-11-15 07:48:29.705]  Tuned to 72
[2016-11-15 07:48:29.806]  Tuned to 73
[2016-11-15 07:48:29.906]  Tuned to 74
[2016-11-15 07:48:30.007]  Tuned to 75
[2016-11-15 07:48:30.108]  Tuned to 76
[2016-11-15 07:48:30.208]  Tuned to 77
[2016-11-15 07:48:30.309]  Tuned to 78
[2016-11-15 07:48:30.412]  Tuned to 79
[2016-11-15 07:48:30.514]  Tuned to 80
[2016-11-15 07:48:30.614]  Tuned to 81
[2016-11-15 07:48:30.715]  Tuned to 82
[2016-11-15 07:48:30.816]  Tuned to 83
[2016-11-15 07:48:30.916]  Tuned to 2
[2016-11-15 07:48:31.017]  Tuned to 3
[2016-11-15 07:48:31.118]  Tuned to 4
[2016-11-15 07:48:31.218]  Tuned to 5
[2016-11-15 07:48:31.319]  Tuned to 6
[2016-11-15 07:48:31.420]  Tuned to 7
[2016-11-15 07:48:31.520]  Tuned to 8
[2016-11-15 07:48:31.621]  Tuned to 9
[2016-11-15 07:48:31.721]  Tuned to 10
[2016-11-15 07:48:31.822]  Tuned to 11
[2016-11-15 07:48:31.923]  Tuned to 12
[2016-11-15 07:48:32.023]  Tuned to 13
[2016-11-15 07:48:32.124]  Tuned to 14
[2016-11-15 07:48:32.225]  Tuned to 15
[2016-11-15 07:48:32.325]  Tuned to 16
[2016-11-15 07:48:32.426]  Tuned to 17
[2016-11-15 07:48:32.527]  Tuned to 18
[2016-11-15 07:48:32.627]  Tuned to 19
[2016-11-15 07:48:32.728]  Tuned to 20
[2016-11-15 07:48:32.829]  Tuned to 21
[2016-11-15 07:48:32.929]  Tuned to 22
[2016-11-15 07:48:33.030]  Tuned to 23
[2016-11-15 07:48:33.130]  Tuned to 24
[2016-11-15 07:48:33.231]  Tuned to 25
[2016-11-15 07:48:33.331]  Tuned to 26
[2016-11-15 07:48:33.432]  Tuned to 27
[2016-11-15 07:48:33.534]  Tuned to 28
[2016-11-15 07:48:33.634]  Tuned to 29
[2016-11-15 07:48:33.735]  Tuned to 30
[2016-11-15 07:48:33.836]  Tuned to 31
[2016-11-15 07:48:33.937]  Tuned to 32
[2016-11-15 07:48:34.037]  Tuned to 33
[2016-11-15 07:48:34.138]  Tuned to 34
[2016-11-15 07:48:34.238]  Tuned to 35
[2016-11-15 07:48:34.339]  Tuned to 36
[2016-11-15 07:48:34.439]  Tuned to 37
[2016-11-15 07:48:34.540]  Tuned to 38
[2016-11-15 07:48:34.640]  Tuned to 39
[2016-11-15 07:48:34.741]  Tuned to 40
[2016-11-15 07:48:34.845]  Tuned to 41
[2016-11-15 07:48:34.945]  Tuned to 42
[2016-11-15 07:48:35.046]  Tuned to 43
[2016-11-15 07:48:35.147]  Tuned to 44
[2016-11-15 07:48:35.247]  Tuned to 45
[2016-11-15 07:48:35.348]  Tuned to 46
[2016-11-15 07:48:35.448]  Tuned to 47
[2016-11-15 07:48:35.549]  Tuned to 48
[2016-11-15 07:48:35.650]  Tuned to 49
[2016-11-15 07:48:35.750]  Tuned to 50
[2016-11-15 07:48:35.851]  Tuned to 51
[2016-11-15 07:48:35.951]  Tuned to 52
[2016-11-15 07:48:36.052]  Tuned to 53
[2016-11-15 07:48:36.153]  Tuned to 54
[2016-11-15 07:48:36.253]  Tuned to 55
[2016-11-15 07:48:36.354]  Tuned to 56
[2016-11-15 07:48:36.455]  Tuned to 57
[2016-11-15 07:48:36.555]  Tuned to 58
[2016-11-15 07:48:36.656]  Tuned to 59
[2016-11-15 07:48:36.757]  Tuned to 60
[2016-11-15 07:48:36.857]  Tuned to 61
[2016-11-15 07:48:36.958]  Tuned to 62
[2016-11-15 07:48:37.059]  Tuned to 63
[2016-11-15 07:48:37.160]  Tuned to 64
[2016-11-15 07:48:37.260]  Tuned to 65
[2016-11-15 07:48:37.361]  Tuned to 66
[2016-11-15 07:48:37.461]  Tuned to 67
[2016-11-15 07:48:37.562]  Tuned to 68
[2016-11-15 07:48:37.662]  Tuned to 69
[2016-11-15 07:48:37.763]  Tuned to 70
[2016-11-15 07:48:37.864]  Tuned to 71
[2016-11-15 07:48:37.964]  Tuned to 72
[2016-11-15 07:48:38.066]  Tuned to 73
[2016-11-15 07:48:38.167]  Tuned to 74
[2016-11-15 07:48:38.268]  Tuned to 75
[2016-11-15 07:48:38.368]  Tuned to 76
[2016-11-15 07:48:38.469]  Tuned to 77
[2016-11-15 07:48:38.569]  Tuned to 78
[2016-11-15 07:48:38.670]  Tuned to 79
[2016-11-15 07:48:38.771]  Tuned to 80
[2016-11-15 07:48:38.871]  Tuned to 81
[2016-11-15 07:48:38.972]  Tuned to 82
[2016-11-15 07:48:39.073]  Tuned to 83
[2016-11-15 07:48:39.173]  Tuned to 2
[2016-11-15 07:48:39.274]  Tuned to 3
[2016-11-15 07:48:39.374]  Tuned to 4
[2016-11-15 07:48:39.475]  Tuned to 5
[2016-11-15 07:48:39.575]  Tuned to 6
[2016-11-15 07:48:39.676]  Tuned to 7
[2016-11-15 07:48:39.777]  Tuned to 8
[2016-11-15 07:48:39.877]  Tuned to 9
[2016-11-15 07:48:39.978]  Tuned to 10
[2016-11-15 07:48:40.079]  Tuned to 11
[2016-11-15 07:48:40.179]  Tuned to 12
[2016-11-15 07:48:40.280]  Tuned to 13
[2016-11-15 07:48:40.381]  Tuned to 14
[2016-11-15 07:48:40.482]  Tuned to 15
[2016-11-15 07:48:40.582]  Tuned to 16
[2016-11-15 07:48:40.683]  Tuned to 17
[2016-11-15 07:48:40.783]  Tuned to 18
[2016-11-15 07:48:40.884]  Tuned to 19
[2016-11-15 07:48:40.985]  Tuned to 20
[2016-11-15 07:48:41.085]  Tuned to 21
[2016-11-15 07:48:41.186]  Tuned to 22
[2016-11-15 07:48:41.286]  Tuned to 23
[2016-11-15 07:48:41.387]  Tuned to 24
[2016-11-15 07:48:41.488]  Tuned to 25
[2016-11-15 07:48:41.588]  Tuned to 26
[2016-11-15 07:48:41.689]  Tuned to 27
[2016-11-15 07:48:41.789]  Tuned to 28
[2016-11-15 07:48:41.890]  Tuned to 29
[2016-11-15 07:48:41.991]  Tuned to 30
[2016-11-15 07:48:42.091]  Tuned to 31
[2016-11-15 07:48:42.192]  Tuned to 32
[2016-11-15 07:48:42.292]  Tuned to 33
[2016-11-15 07:48:42.393]  Tuned to 34
[2016-11-15 07:48:42.494]  Tuned to 35
[2016-11-15 07:48:42.594]  Tuned to 36
[2016-11-15 07:48:42.695]  Tuned to 37
[2016-11-15 07:48:42.796]  Tuned to 38
[2016-11-15 07:48:42.896]  Tuned to 39
[2016-11-15 07:48:42.997]  Tuned to 40
[2016-11-15 07:48:43.100]  Tuned to 41
[2016-11-15 07:48:43.201]  Tuned to 42
[2016-11-15 07:48:43.302]  Tuned to 43
[2016-11-15 07:48:43.402]  Tuned to 44
[2016-11-15 07:48:43.503]  Tuned to 45
[2016-11-15 07:48:43.604]  Tuned to 46
[2016-11-15 07:48:43.705]  Tuned to 47
[2016-11-15 07:48:43.807]  Tuned to 48
[2016-11-15 07:48:43.908]  Tuned to 49
[2016-11-15 07:48:44.008]  Tuned to 50
[2016-11-15 07:48:44.109]  Tuned to 51
[2016-11-15 07:48:44.209]  Tuned to 52
[2016-11-15 07:48:44.310]  Tuned to 53
[2016-11-15 07:48:44.411]  Tuned to 54
[2016-11-15 07:48:44.511]  Tuned to 55
[2016-11-15 07:48:44.612]  Tuned to 56
[2016-11-15 07:48:44.712]  Tuned to 57
[2016-11-15 07:48:44.813]  Tuned to 58
[2016-11-15 07:48:44.913]  Tuned to 59
[2016-11-15 07:48:45.014]  Tuned to 60
[2016-11-15 07:48:45.114]  Tuned to 61
[2016-11-15 07:48:45.215]  Tuned to 62
[2016-11-15 07:48:45.316]  Tuned to 63
[2016-11-15 07:48:45.416]  Tuned to 64
[2016-11-15 07:48:45.517]  Tuned to 65
[2016-11-15 07:48:45.618]  Tuned to 66
[2016-11-15 07:48:45.719]  Tuned to 67
[2016-11-15 07:48:45.819]  Tuned to 68
[2016-11-15 07:48:45.920]  Tuned to 69
[2016-11-15 07:48:46.021]  Tuned to 70
[2016-11-15 07:48:46.121]  Tuned to 71
[2016-11-15 07:48:46.222]  Tuned to 72
[2016-11-15 07:48:46.323]  Tuned to 73
[2016-11-15 07:48:46.424]  Tuned to 74
[2016-11-15 07:48:46.525]  Tuned to 75
[2016-11-15 07:48:46.626]  Tuned to 76
[2016-11-15 07:48:46.726]  Tuned to 77
[2016-11-15 07:48:46.827]  Tuned to 78
[2016-11-15 07:48:46.928]  Tuned to 79
[2016-11-15 07:48:47.028]  Tuned to 80
[2016-11-15 07:48:47.129]  Tuned to 81
[2016-11-15 07:48:47.230]  Tuned to 82
[2016-11-15 07:48:47.330]  Tuned to 83
[2016-11-15 07:48:47.431]  Tuned to 2
[2016-11-15 07:48:47.531]  Tuned to 3
[2016-11-15 07:48:47.632]  Tuned to 4
[2016-11-15 07:48:47.733]  Tuned to 5
[2016-11-15 07:48:47.833]  Tuned to 6
[2016-11-15 07:48:47.934]  Tuned to 7
[2016-11-15 07:48:48.035]  Tuned to 8
[2016-11-15 07:48:48.135]  Tuned to 9
[2016-11-15 07:48:48.236]  Tuned to 10
[2016-11-15 07:48:48.337]  Tuned to 11
[2016-11-15 07:48:48.438]  Tuned to 12
[2016-11-15 07:48:48.538]  Tuned to 13
[2016-11-15 07:48:48.639]  Tuned to 14
[2016-11-15 07:48:48.740]  Tuned to 15
[2016-11-15 07:48:48.840]  Tuned to 16
[2016-11-15 07:48:48.941]  Tuned to 17
[2016-11-15 07:48:49.042]  Tuned to 18
[2016-11-15 07:48:49.142]  Tuned to 19
[2016-11-15 07:48:49.243]  Tuned to 20
[2016-11-15 07:48:49.344]  Tuned to 21
[2016-11-15 07:48:49.445]  Tuned to 22
[2016-11-15 07:48:49.545]  Tuned to 23
[2016-11-15 07:48:49.646]  Tuned to 24
[2016-11-15 07:48:49.747]  Tuned to 25
[2016-11-15 07:48:49.847]  Tuned to 26
[2016-11-15 07:48:49.948]  Tuned to 27
[2016-11-15 07:48:50.048]  Tuned to 28
[2016-11-15 07:48:50.149]  Tuned to 29
[2016-11-15 07:48:50.249]  Tuned to 30
[2016-11-15 07:48:50.350]  Tuned to 31
[2016-11-15 07:48:50.451]  Tuned to 32
[2016-11-15 07:48:50.551]  Tuned to 33
[2016-11-15 07:48:50.652]  Tuned to 34
[2016-11-15 07:48:50.753]  Tuned to 35
[2016-11-15 07:48:50.853]  Tuned to 36
[2016-11-15 07:48:50.954]  Tuned to 37
[2016-11-15 07:48:51.055]  Tuned to 38
[2016-11-15 07:48:51.155]  Tuned to 39
[2016-11-15 07:48:51.256]  Tuned to 40
[2016-11-15 07:48:51.356]  Tuned to 41
[2016-11-15 07:48:51.457]  Tuned to 42
[2016-11-15 07:48:51.558]  Tuned to 43
[2016-11-15 07:48:51.658]  Tuned to 44
[2016-11-15 07:48:51.759]  Tuned to 45
[2016-11-15 07:48:51.861]  Tuned to 46
[2016-11-15 07:48:51.961]  Tuned to 47
[2016-11-15 07:48:52.062]  Tuned to 48
[2016-11-15 07:48:52.163]  Tuned to 49
[2016-11-15 07:48:52.263]  Tuned to 50
[2016-11-15 07:48:52.364]  Tuned to 51
[2016-11-15 07:48:52.465]  Tuned to 52
[2016-11-15 07:48:52.566]  Tuned to 53
[2016-11-15 07:48:52.666]  Tuned to 54
[2016-11-15 07:48:52.767]  Tuned to 55
[2016-11-15 07:48:52.868]  Tuned to 56
[2016-11-15 07:48:52.968]  Tuned to 57
[2016-11-15 07:48:53.069]  Tuned to 58
[2016-11-15 07:48:53.170]  Tuned to 59
[2016-11-15 07:48:53.270]  Tuned to 60
[2016-11-15 07:48:53.371]  Tuned to 61
[2016-11-15 07:48:53.472]  Tuned to 62
[2016-11-15 07:48:53.572]  Tuned to 63
[2016-11-15 07:48:53.673]  Tuned to 64
[2016-11-15 07:48:53.774]  Tuned to 65
[2016-11-15 07:48:53.874]  Tuned to 66
[2016-11-15 07:48:53.975]  Tuned to 67
[2016-11-15 07:48:54.076]  Tuned to 68
[2016-11-15 07:48:54.176]  Tuned to 69
[2016-11-15 07:48:54.277]  Tuned to 70
[2016-11-15 07:48:54.378]  Tuned to 71
[2016-11-15 07:48:54.478]  Tuned to 72
[2016-11-15 07:48:54.579]  Tuned to 73
[2016-11-15 07:48:54.680]  Tuned to 74
[2016-11-15 07:48:54.780]  Tuned to 75
[2016-11-15 07:48:54.881]  Tuned to 76
[2016-11-15 07:48:54.982]  Tuned to 77
[2016-11-15 07:48:55.082]  Tuned to 78
[2016-11-15 07:48:55.183]  Tuned to 79
[2016-11-15 07:48:55.284]  Tuned to 80
[2016-11-15 07:48:55.385]  Tuned to 81
[2016-11-15 07:48:55.485]  Tuned to 82
[2016-11-15 07:48:55.586]  Tuned to 83
[2016-11-15 07:48:55.686]  Tuned to 2
[2016-11-15 07:48:55.787]  Tuned to 3
[2016-11-15 07:48:55.887]  Tuned to 4
[2016-11-15 07:48:55.988]  Tuned to 5
[2016-11-15 07:48:56.089]  Tuned to 6
[2016-11-15 07:48:56.190]  Tuned to 7
[2016-11-15 07:48:56.290]  Tuned to 8
[2016-11-15 07:48:56.391]  Tuned to 9
[2016-11-15 07:48:56.492]  Tuned to 10
[2016-11-15 07:48:56.592]  Tuned to 11
[2016-11-15 07:48:56.693]  Tuned to 12
[2016-11-15 07:48:56.794]  Tuned to 13
[2016-11-15 07:48:56.894]  Tuned to 14
[2016-11-15 07:48:56.995]  Tuned to 15
[2016-11-15 07:48:57.096]  Tuned to 16
[2016-11-15 07:48:57.196]  Tuned to 17
[2016-11-15 07:48:57.297]  Tuned to 18
[2016-11-15 07:48:57.398]  Tuned to 19
[2016-11-15 07:48:57.498]  Tuned to 20
[2016-11-15 07:48:57.599]  Tuned to 21
[2016-11-15 07:48:57.700]  Tuned to 22
[2016-11-15 07:48:57.800]  Tuned to 23
[2016-11-15 07:48:57.901]  Tuned to 24
[2016-11-15 07:48:58.001]  Tuned to 25
[2016-11-15 07:48:58.102]  Tuned to 26
[2016-11-15 07:48:58.203]  Tuned to 27
[2016-11-15 07:48:58.303]  Tuned to 28
[2016-11-15 07:48:58.404]  Tuned to 29
[2016-11-15 07:48:58.505]  Tuned to 30
[2016-11-15 07:48:58.605]  Tuned to 31
[2016-11-15 07:48:58.706]  Tuned to 32
[2016-11-15 07:48:58.806]  Tuned to 33
[2016-11-15 07:48:58.907]  Tuned to 34
[2016-11-15 07:48:59.008]  Tuned to 35
[2016-11-15 07:48:59.108]  Tuned to 36
[2016-11-15 07:48:59.209]  Tuned to 37
[2016-11-15 07:48:59.310]  Tuned to 38
[2016-11-15 07:48:59.410]  Tuned to 39
[2016-11-15 07:48:59.511]  Tuned to 40
[2016-11-15 07:48:59.611]  Tuned to 41
[2016-11-15 07:48:59.712]  Tuned to 42
[2016-11-15 07:48:59.813]  Tuned to 43
[2016-11-15 07:48:59.913]  Tuned to 44
[2016-11-15 07:49:00.014]  Tuned to 45
[2016-11-15 07:49:00.115]  Tuned to 46
[2016-11-15 07:49:00.215]  Tuned to 47
[2016-11-15 07:49:00.316]  Tuned to 48
[2016-11-15 07:49:00.416]  Tuned to 49
[2016-11-15 07:49:00.517]  Tuned to 50
[2016-11-15 07:49:00.617]  Tuned to 51
[2016-11-15 07:49:00.718]  Tuned to 52
[2016-11-15 07:49:00.819]  Tuned to 53
[2016-11-15 07:49:00.921]  Tuned to 54
[2016-11-15 07:49:01.022]  Tuned to 55
[2016-11-15 07:49:01.122]  Tuned to 56
[2016-11-15 07:49:01.223]  Tuned to 57
[2016-11-15 07:49:01.323]  Tuned to 58
[2016-11-15 07:49:01.424]  Tuned to 59
[2016-11-15 07:49:01.525]  Tuned to 60
[2016-11-15 07:49:01.625]  Tuned to 61
[2016-11-15 07:49:01.726]  Tuned to 62
[2016-11-15 07:49:01.828]  Tuned to 63
[2016-11-15 07:49:01.929]  Tuned to 64
[2016-11-15 07:49:02.030]  Tuned to 65
[2016-11-15 07:49:02.130]  Tuned to 66
[2016-11-15 07:49:02.231]  Tuned to 67
[2016-11-15 07:49:02.331]  Tuned to 68
[2016-11-15 07:49:02.432]  Tuned to 69
[2016-11-15 07:49:02.532]  Tuned to 70
[2016-11-15 07:49:02.633]  Tuned to 71
[2016-11-15 07:49:02.734]  Tuned to 72
[2016-11-15 07:49:02.834]  Tuned to 73
[2016-11-15 07:49:02.935]  Tuned to 74
[2016-11-15 07:49:03.035]  Tuned to 75
[2016-11-15 07:49:03.136]  Tuned to 76
[2016-11-15 07:49:03.236]  Tuned to 77
[2016-11-15 07:49:03.337]  Tuned to 78
[2016-11-15 07:49:03.438]  Tuned to 79
[2016-11-15 07:49:03.538]  Tuned to 80
[2016-11-15 07:49:03.639]  Tuned to 81
[2016-11-15 07:49:03.739]  Tuned to 82
[2016-11-15 07:49:03.840]  Tuned to 83
[2016-11-15 07:49:03.941]  Tuned to 2
[2016-11-15 07:49:04.041]  Tuned to 3
[2016-11-15 07:49:04.142]  Tuned to 4
[2016-11-15 07:49:04.242]  Tuned to 5
[2016-11-15 07:49:04.343]  Tuned to 6
[2016-11-15 07:49:04.444]  Tuned to 7
[2016-11-15 07:49:04.544]  Tuned to 8
[2016-11-15 07:49:04.645]  Tuned to 9
[2016-11-15 07:49:04.745]  Tuned to 10
[2016-11-15 07:49:04.847]  Tuned to 11
[2016-11-15 07:49:04.948]  Tuned to 12
[2016-11-15 07:49:05.049]  Tuned to 13
[2016-11-15 07:49:05.149]  Tuned to 14
[2016-11-15 07:49:05.250]  Tuned to 15
[2016-11-15 07:49:05.350]  Tuned to 16
[2016-11-15 07:49:05.451]  Tuned to 17
[2016-11-15 07:49:05.552]  Tuned to 18
[2016-11-15 07:49:05.652]  Tuned to 19
[2016-11-15 07:49:05.753]  Tuned to 20
[2016-11-15 07:49:05.854]  Tuned to 21
[2016-11-15 07:49:05.955]  Tuned to 22
[2016-11-15 07:49:06.055]  Tuned to 23
[2016-11-15 07:49:06.156]  Tuned to 24
[2016-11-15 07:49:06.257]  Tuned to 25
[2016-11-15 07:49:06.358]  Tuned to 26
[2016-11-15 07:49:06.459]  Tuned to 27
[2016-11-15 07:49:06.560]  Tuned to 28
[2016-11-15 07:49:06.660]  Tuned to 29
[2016-11-15 07:49:06.761]  Tuned to 30
[2016-11-15 07:49:06.862]  Tuned to 31
[2016-11-15 07:49:06.963]  Tuned to 32
[2016-11-15 07:49:07.064]  Tuned to 33
[2016-11-15 07:49:07.164]  Tuned to 34
[2016-11-15 07:49:07.265]  Tuned to 35
[2016-11-15 07:49:07.366]  Tuned to 36
[2016-11-15 07:49:07.466]  Tuned to 37
[2016-11-15 07:49:07.567]  Tuned to 38
[2016-11-15 07:49:07.668]  Tuned to 39
[2016-11-15 07:49:07.768]  Tuned to 40
[2016-11-15 07:49:07.869]  Tuned to 41
[2016-11-15 07:49:07.969]  Tuned to 42
[2016-11-15 07:49:08.070]  Tuned to 43
[2016-11-15 07:49:08.171]  Tuned to 44
[2016-11-15 07:49:08.272]  Tuned to 45
[2016-11-15 07:49:08.373]  Tuned to 46
[2016-11-15 07:49:08.474]  Tuned to 47
[2016-11-15 07:49:08.574]  Tuned to 48
[2016-11-15 07:49:08.675]  Tuned to 49
[2016-11-15 07:49:08.776]  Tuned to 50
[2016-11-15 07:49:08.876]  Tuned to 51
[2016-11-15 07:49:08.977]  Tuned to 52
[2016-11-15 07:49:09.077]  Tuned to 53
[2016-11-15 07:49:09.178]  Tuned to 54
[2016-11-15 07:49:09.278]  Tuned to 55
[2016-11-15 07:49:09.379]  Tuned to 56
[2016-11-15 07:49:09.480]  Tuned to 57
[2016-11-15 07:49:09.580]  Tuned to 58
[2016-11-15 07:49:09.681]  Tuned to 59
[2016-11-15 07:49:09.782]  Tuned to 60
[2016-11-15 07:49:09.882]  Tuned to 61
[2016-11-15 07:49:09.983]  Tuned to 62
[2016-11-15 07:49:10.083]  Tuned to 63
[2016-11-15 07:49:10.184]  Tuned to 64
[2016-11-15 07:49:10.285]  Tuned to 65
[2016-11-15 07:49:10.385]  Tuned to 66
[2016-11-15 07:49:10.486]  Tuned to 67
[2016-11-15 07:49:10.587]  Tuned to 68
[2016-11-15 07:49:10.687]  Tuned to 69
[2016-11-15 07:49:10.788]  Tuned to 70
[2016-11-15 07:49:10.889]  Tuned to 71
[2016-11-15 07:49:10.989]  Tuned to 72
[2016-11-15 07:49:11.090]  Tuned to 73
[2016-11-15 07:49:11.191]  Tuned to 74
[2016-11-15 07:49:11.291]  Tuned to 75
[2016-11-15 07:49:11.394]  Tuned to 76
[2016-11-15 07:49:11.494]  Tuned to 77
[2016-11-15 07:49:11.595]  Tuned to 78
[2016-11-15 07:49:11.696]  Tuned to 79
[2016-11-15 07:49:11.796]  Tuned to 80
[2016-11-15 07:49:11.897]  Tuned to 81
[2016-11-15 07:49:11.998]  Tuned to 82
[2016-11-15 07:49:12.098]  Tuned to 83
[2016-11-15 07:49:12.199]  Tuned to 2
[2016-11-15 07:49:12.300]  Tuned to 3
[2016-11-15 07:49:12.400]  Tuned to 4
[2016-11-15 07:49:12.501]  Tuned to 5
[2016-11-15 07:49:12.602]  Tuned to 6
[2016-11-15 07:49:12.702]  Tuned to 7
[2016-11-15 07:49:12.803]  Tuned to 8
[2016-11-15 07:49:12.903]  Tuned to 9
[2016-11-15 07:49:13.004]  Tuned to 10
[2016-11-15 07:49:13.105]  Tuned to 11
[2016-11-15 07:49:13.205]  Tuned to 12
[2016-11-15 07:49:13.306]  Tuned to 13
[2016-11-15 07:49:13.406]  Tuned to 14
[2016-11-15 07:49:13.507]  Tuned to 15
[2016-11-15 07:49:13.608]  Tuned to 16
[2016-11-15 07:49:13.708]  Tuned to 17
[2016-11-15 07:49:13.809]  Tuned to 18
[2016-11-15 07:49:13.909]  Tuned to 19
[2016-11-15 07:49:14.010]  Tuned to 20
[2016-11-15 07:49:14.111]  Tuned to 21
[2016-11-15 07:49:14.211]  Tuned to 22
[2016-11-15 07:49:14.312]  Tuned to 23
[2016-11-15 07:49:14.412]  Tuned to 24
[2016-11-15 07:49:14.514]  Tuned to 25
[2016-11-15 07:49:14.615]  Tuned to 26
[2016-11-15 07:49:14.715]  Tuned to 27
[2016-11-15 07:49:14.818]  Tuned to 28
[2016-11-15 07:49:14.919]  Tuned to 29
[2016-11-15 07:49:15.019]  Tuned to 30
[2016-11-15 07:49:15.120]  Tuned to 31
[2016-11-15 07:49:15.220]  Tuned to 32
[2016-11-15 07:49:15.321]  Tuned to 33
[2016-11-15 07:49:15.422]  Tuned to 34
[2016-11-15 07:49:15.522]  Tuned to 35
[2016-11-15 07:49:15.623]  Tuned to 36
[2016-11-15 07:49:15.723]  Tuned to 37
[2016-11-15 07:49:15.824]  Tuned to 38
[2016-11-15 07:49:15.925]  Tuned to 39
[2016-11-15 07:49:16.025]  Tuned to 40
[2016-11-15 07:49:16.126]  Tuned to 41
[2016-11-15 07:49:16.226]  Tuned to 42
[2016-11-15 07:49:16.327]  Tuned to 43
[2016-11-15 07:49:16.428]  Tuned to 44
[2016-11-15 07:49:16.528]  Tuned to 45
[2016-11-15 07:49:16.629]  Tuned to 46
[2016-11-15 07:49:16.729]  Tuned to 47
[2016-11-15 07:49:16.831]  Tuned to 48
[2016-11-15 07:49:16.932]  Tuned to 49
[2016-11-15 07:49:17.033]  Tuned to 50
[2016-11-15 07:49:17.133]  Tuned to 51
[2016-11-15 07:49:17.234]  Tuned to 52
[2016-11-15 07:49:17.334]  Tuned to 53
[2016-11-15 07:49:17.435]  Tuned to 54
[2016-11-15 07:49:17.536]  Tuned to 55
[2016-11-15 07:49:17.636]  Tuned to 56
[2016-11-15 07:49:17.737]  Tuned to 57
[2016-11-15 07:49:17.838]  Tuned to 58
[2016-11-15 07:49:17.938]  Tuned to 59
[2016-11-15 07:49:18.039]  Tuned to 60
[2016-11-15 07:49:18.140]  Tuned to 61
[2016-11-15 07:49:18.241]  Tuned to 62
[2016-11-15 07:49:18.342]  Tuned to 63
[2016-11-15 07:49:18.443]  Tuned to 64
[2016-11-15 07:49:18.543]  Tuned to 65
[2016-11-15 07:49:18.644]  Tuned to 66
[2016-11-15 07:49:18.745]  Tuned to 67
[2016-11-15 07:49:18.846]  Tuned to 68
[2016-11-15 07:49:18.946]  Tuned to 69
[2016-11-15 07:49:19.047]  Tuned to 70
[2016-11-15 07:49:19.147]  Tuned to 71
[2016-11-15 07:49:19.248]  Tuned to 72
[2016-11-15 07:49:19.349]  Tuned to 73
[2016-11-15 07:49:19.450]  Tuned to 74
[2016-11-15 07:49:19.550]  Tuned to 75
[2016-11-15 07:49:19.651]  Tuned to 76
[2016-11-15 07:49:19.752]  Tuned to 77
[2016-11-15 07:49:19.852]  Tuned to 78
[2016-11-15 07:49:19.953]  Tuned to 79
[2016-11-15 07:49:20.054]  Tuned to 80
[2016-11-15 07:49:20.154]  Tuned to 81
[2016-11-15 07:49:20.255]  Tuned to 82
[2016-11-15 07:49:20.356]  Tuned to 83
[2016-11-15 07:49:20.456]  Tuned to 2
[2016-11-15 07:49:20.557]  Tuned to 3
[2016-11-15 07:49:20.658]  Tuned to 4
[2016-11-15 07:49:20.759]  Tuned to 5
[2016-11-15 07:49:20.859]  Tuned to 6
[2016-11-15 07:49:20.961]  Tuned to 7
[2016-11-15 07:49:21.061]  Tuned to 8
[2016-11-15 07:49:21.162]  Tuned to 9
[2016-11-15 07:49:21.263]  Tuned to 10
[2016-11-15 07:49:21.363]  Tuned to 11
[2016-11-15 07:49:21.464]  Tuned to 12
[2016-11-15 07:49:21.565]  Tuned to 13
[2016-11-15 07:49:21.666]  Tuned to 14
[2016-11-15 07:49:21.767]  Tuned to 15
[2016-11-15 07:49:21.868]  Tuned to 16
[2016-11-15 07:49:21.968]  Tuned to 17
[2016-11-15 07:49:22.069]  Tuned to 18
[2016-11-15 07:49:22.170]  Tuned to 19
[2016-11-15 07:49:22.270]  Tuned to 20
[2016-11-15 07:49:22.371]  Tuned to 21
[2016-11-15 07:49:22.472]  Tuned to 22
[2016-11-15 07:49:22.573]  Tuned to 23
[2016-11-15 07:49:22.673]  Tuned to 24
[2016-11-15 07:49:22.774]  Tuned to 25
[2016-11-15 07:49:22.875]  Tuned to 26
[2016-11-15 07:49:22.975]  Tuned to 27
[2016-11-15 07:49:23.076]  Tuned to 28
[2016-11-15 07:49:23.177]  Tuned to 29
[2016-11-15 07:49:23.277]  Tuned to 30
[2016-11-15 07:49:23.378]  Tuned to 31
[2016-11-15 07:49:23.478]  Tuned to 32
[2016-11-15 07:49:23.579]  Tuned to 33
[2016-11-15 07:49:23.679]  Tuned to 34
[2016-11-15 07:49:23.780]  Tuned to 35
[2016-11-15 07:49:23.881]  Tuned to 36
[2016-11-15 07:49:23.981]  Tuned to 37
[2016-11-15 07:49:24.082]  Tuned to 38
[2016-11-15 07:49:24.183]  Tuned to 39
[2016-11-15 07:49:24.283]  Tuned to 40
[2016-11-15 07:49:24.384]  Tuned to 41
[2016-11-15 07:49:24.484]  Tuned to 42
[2016-11-15 07:49:24.585]  Tuned to 43
[2016-11-15 07:49:24.686]  Tuned to 44
[2016-11-15 07:49:24.787]  Tuned to 45
[2016-11-15 07:49:24.888]  Tuned to 46
[2016-11-15 07:49:24.989]  Tuned to 47
[2016-11-15 07:49:25.089]  Tuned to 48
[2016-11-15 07:49:25.190]  Tuned to 49
[2016-11-15 07:49:25.290]  Tuned to 50
[2016-11-15 07:49:25.391]  Tuned to 51
[2016-11-15 07:49:25.492]  Tuned to 52
[2016-11-15 07:49:25.592]  Tuned to 53
[2016-11-15 07:49:25.693]  Tuned to 54
[2016-11-15 07:49:25.794]  Tuned to 55
[2016-11-15 07:49:25.894]  Tuned to 56
[2016-11-15 07:49:25.995]  Tuned to 57
[2016-11-15 07:49:26.095]  Tuned to 58
[2016-11-15 07:49:26.196]  Tuned to 59
[2016-11-15 07:49:26.296]  Tuned to 60
[2016-11-15 07:49:26.397]  Tuned to 61
[2016-11-15 07:49:26.498]  Tuned to 62
[2016-11-15 07:49:26.598]  Tuned to 63
[2016-11-15 07:49:26.699]  Tuned to 64
[2016-11-15 07:49:26.800]  Tuned to 65
[2016-11-15 07:49:26.900]  Tuned to 66
[2016-11-15 07:49:27.001]  Tuned to 67
[2016-11-15 07:49:27.101]  Tuned to 68
[2016-11-15 07:49:27.202]  Tuned to 69
[2016-11-15 07:49:27.303]  Tuned to 70
[2016-11-15 07:49:27.403]  Tuned to 71
[2016-11-15 07:49:27.504]  Tuned to 72
[2016-11-15 07:49:27.604]  Tuned to 73
[2016-11-15 07:49:27.705]  Tuned to 74
[2016-11-15 07:49:27.806]  Tuned to 75
[2016-11-15 07:49:27.906]  Tuned to 76
[2016-11-15 07:49:28.007]  Tuned to 77
[2016-11-15 07:49:28.108]  Tuned to 78
[2016-11-15 07:49:28.210]  Tuned to 79
[2016-11-15 07:49:28.311]  Tuned to 80
[2016-11-15 07:49:28.411]  Tuned to 81
[2016-11-15 07:49:28.512]  Tuned to 82
[2016-11-15 07:49:28.612]  Tuned to 83
[2016-11-15 07:49:28.714]  Tuned to 2
[2016-11-15 07:49:28.815]  Tuned to 3
[2016-11-15 07:49:28.916]  Tuned to 4
[2016-11-15 07:49:29.016]  Tuned to 5
[2016-11-15 07:49:29.117]  Tuned to 6
[2016-11-15 07:49:29.218]  Tuned to 7
[2016-11-15 07:49:29.318]  Tuned to 8
[2016-11-15 07:49:29.419]  Tuned to 9
[2016-11-15 07:49:29.519]  Tuned to 10
[2016-11-15 07:49:29.620]  Tuned to 11
[2016-11-15 07:49:29.721]  Tuned to 12
[2016-11-15 07:49:29.821]  Tuned to 13
[2016-11-15 07:49:29.922]  Tuned to 14
[2016-11-15 07:49:30.022]  Tuned to 15
[2016-11-15 07:49:30.123]  Tuned to 16
[2016-11-15 07:49:30.224]  Tuned to 17
[2016-11-15 07:49:30.324]  Tuned to 18
[2016-11-15 07:49:30.426]  Tuned to 19
[2016-11-15 07:49:30.526]  Tuned to 20
[2016-11-15 07:49:30.627]  Tuned to 21
[2016-11-15 07:49:30.728]  Tuned to 22
[2016-11-15 07:49:30.828]  Tuned to 23
[2016-11-15 07:49:30.929]  Tuned to 24
[2016-11-15 07:49:31.029]  Tuned to 25
[2016-11-15 07:49:31.130]  Tuned to 26
[2016-11-15 07:49:31.231]  Tuned to 27
[2016-11-15 07:49:31.331]  Tuned to 28
[2016-11-15 07:49:31.432]  Tuned to 29
[2016-11-15 07:49:31.533]  Tuned to 30
[2016-11-15 07:49:31.633]  Tuned to 31
[2016-11-15 07:49:31.734]  Tuned to 32
[2016-11-15 07:49:31.834]  Tuned to 33
[2016-11-15 07:49:31.935]  Tuned to 34
[2016-11-15 07:49:32.035]  Tuned to 35
[2016-11-15 07:49:32.136]  Tuned to 36
[2016-11-15 07:49:32.237]  Tuned to 37
[2016-11-15 07:49:32.337]  Tuned to 38
[2016-11-15 07:49:32.438]  Tuned to 39
[2016-11-15 07:49:32.539]  Tuned to 40
[2016-11-15 07:49:32.639]  Tuned to 41
[2016-11-15 07:49:32.740]  Tuned to 42
[2016-11-15 07:49:32.841]  Tuned to 43
[2016-11-15 07:49:32.942]  Tuned to 44
[2016-11-15 07:49:33.043]  Tuned to 45
[2016-11-15 07:49:33.144]  Tuned to 46
[2016-11-15 07:49:33.244]  Tuned to 47
[2016-11-15 07:49:33.345]  Tuned to 48
[2016-11-15 07:49:33.446]  Tuned to 49
[2016-11-15 07:49:33.546]  Tuned to 50
[2016-11-15 07:49:33.647]  Tuned to 51
[2016-11-15 07:49:33.748]  Tuned to 52
[2016-11-15 07:49:33.849]  Tuned to 53
[2016-11-15 07:49:33.950]  Tuned to 54
[2016-11-15 07:49:34.051]  Tuned to 55
[2016-11-15 07:49:34.151]  Tuned to 56
[2016-11-15 07:49:34.253]  Tuned to 57
[2016-11-15 07:49:34.355]  Tuned to 58
[2016-11-15 07:49:34.456]  Tuned to 59
[2016-11-15 07:49:34.556]  Tuned to 60
[2016-11-15 07:49:34.657]  Tuned to 61
[2016-11-15 07:49:34.758]  Tuned to 62
[2016-11-15 07:49:34.859]  Tuned to 63
[2016-11-15 07:49:34.959]  Tuned to 64
[2016-11-15 07:49:35.060]  Tuned to 65
[2016-11-15 07:49:35.161]  Tuned to 66
[2016-11-15 07:49:35.261]  Tuned to 67
[2016-11-15 07:49:35.362]  Tuned to 68
[2016-11-15 07:49:35.462]  Tuned to 69
[2016-11-15 07:49:35.563]  Tuned to 70
[2016-11-15 07:49:35.664]  Tuned to 71
[2016-11-15 07:49:35.764]  Tuned to 72
[2016-11-15 07:49:35.865]  Tuned to 73
[2016-11-15 07:49:35.966]  Tuned to 74
[2016-11-15 07:49:36.067]  Tuned to 75
[2016-11-15 07:49:36.167]  Tuned to 76
[2016-11-15 07:49:36.268]  Tuned to 77
[2016-11-15 07:49:36.368]  Tuned to 78
[2016-11-15 07:49:36.470]  Tuned to 79
[2016-11-15 07:49:36.570]  Tuned to 80
[2016-11-15 07:49:36.671]  Tuned to 81
[2016-11-15 07:49:36.771]  Tuned to 82
[2016-11-15 07:49:36.872]  Tuned to 83
[2016-11-15 07:49:36.973]  Tuned to 2
[2016-11-15 07:49:37.074]  Tuned to 3
[2016-11-15 07:49:37.174]  Tuned to 4
[2016-11-15 07:49:37.275]  Tuned to 5
[2016-11-15 07:49:37.376]  Tuned to 6
[2016-11-15 07:49:37.476]  Tuned to 7
[2016-11-15 07:49:37.577]  Tuned to 8
[2016-11-15 07:49:37.678]  Tuned to 9
[2016-11-15 07:49:37.778]  Tuned to 10
[2016-11-15 07:49:37.879]  Tuned to 11
[2016-11-15 07:49:37.980]  Tuned to 12
[2016-11-15 07:49:38.080]  Tuned to 13
[2016-11-15 07:49:38.181]  Tuned to 14
[2016-11-15 07:49:38.282]  Tuned to 15
[2016-11-15 07:49:38.383]  Tuned to 16
[2016-11-15 07:49:38.483]  Tuned to 17
[2016-11-15 07:49:38.584]  Tuned to 18
[2016-11-15 07:49:38.685]  Tuned to 19
[2016-11-15 07:49:38.785]  Tuned to 20
[2016-11-15 07:49:38.886]  Tuned to 21
[2016-11-15 07:49:38.986]  Tuned to 22
[2016-11-15 07:49:39.087]  Tuned to 23
[2016-11-15 07:49:39.188]  Tuned to 24
[2016-11-15 07:49:39.288]  Tuned to 25
[2016-11-15 07:49:39.389]  Tuned to 26
[2016-11-15 07:49:39.490]  Tuned to 27
[2016-11-15 07:49:39.592]  Tuned to 28
[2016-11-15 07:49:39.692]  Tuned to 29
[2016-11-15 07:49:39.793]  Tuned to 30
[2016-11-15 07:49:39.894]  Tuned to 31
[2016-11-15 07:49:39.995]  Tuned to 32
[2016-11-15 07:49:40.095]  Tuned to 33
[2016-11-15 07:49:40.196]  Tuned to 34
[2016-11-15 07:49:40.296]  Tuned to 35
[2016-11-15 07:49:40.397]  Tuned to 36
[2016-11-15 07:49:40.498]  Tuned to 37
[2016-11-15 07:49:40.598]  Tuned to 38
[2016-11-15 07:49:40.699]  Tuned to 39
[2016-11-15 07:49:40.800]  Tuned to 40
[2016-11-15 07:49:40.901]  Tuned to 41
[2016-11-15 07:49:41.002]  Tuned to 42
[2016-11-15 07:49:41.102]  Tuned to 43
[2016-11-15 07:49:41.203]  Tuned to 44
[2016-11-15 07:49:41.304]  Tuned to 45
[2016-11-15 07:49:41.404]  Tuned to 46
[2016-11-15 07:49:41.505]  Tuned to 47
[2016-11-15 07:49:41.605]  Tuned to 48
[2016-11-15 07:49:41.706]  Tuned to 49
[2016-11-15 07:49:41.807]  Tuned to 50
[2016-11-15 07:49:41.908]  Tuned to 51
[2016-11-15 07:49:42.008]  Tuned to 52
[2016-11-15 07:49:42.109]  Tuned to 53
[2016-11-15 07:49:42.209]  Tuned to 54
[2016-11-15 07:49:42.310]  Tuned to 55
[2016-11-15 07:49:42.411]  Tuned to 56
[2016-11-15 07:49:42.511]  Tuned to 57
[2016-11-15 07:49:42.612]  Tuned to 58
[2016-11-15 07:49:42.713]  Tuned to 59
[2016-11-15 07:49:42.813]  Tuned to 60
[2016-11-15 07:49:42.914]  Tuned to 61
[2016-11-15 07:49:43.015]  Tuned to 62
[2016-11-15 07:49:43.115]  Tuned to 63
[2016-11-15 07:49:43.216]  Tuned to 64
[2016-11-15 07:49:43.317]  Tuned to 65
[2016-11-15 07:49:43.417]  Tuned to 66
[2016-11-15 07:49:43.519]  Tuned to 67
[2016-11-15 07:49:43.619]  Tuned to 68
[2016-11-15 07:49:43.720]  Tuned to 69
[2016-11-15 07:49:43.821]  Tuned to 70
[2016-11-15 07:49:43.921]  Tuned to 71
[2016-11-15 07:49:44.022]  Tuned to 72
[2016-11-15 07:49:44.122]  Tuned to 73
[2016-11-15 07:49:44.223]  Tuned to 74
[2016-11-15 07:49:44.324]  Tuned to 75
[2016-11-15 07:49:44.424]  Tuned to 76
[2016-11-15 07:49:44.525]  Tuned to 77
[2016-11-15 07:49:44.625]  Tuned to 78
[2016-11-15 07:49:44.726]  Tuned to 79
[2016-11-15 07:49:44.826]  Tuned to 80
[2016-11-15 07:49:44.927]  Tuned to 81
[2016-11-15 07:49:45.028]  Tuned to 82
[2016-11-15 07:49:45.128]  Tuned to 83
[2016-11-15 07:49:45.229]  Tuned to 2
[2016-11-15 07:49:45.329]  Tuned to 3
[2016-11-15 07:49:45.430]  Tuned to 4
[2016-11-15 07:49:45.531]  Tuned to 5
[2016-11-15 07:49:45.632]  Tuned to 6
[2016-11-15 07:49:45.732]  Tuned to 7
[2016-11-15 07:49:45.833]  Tuned to 8
[2016-11-15 07:49:45.934]  Tuned to 9
[2016-11-15 07:49:46.035]  Tuned to 10
[2016-11-15 07:49:46.135]  Tuned to 11
[2016-11-15 07:49:46.236]  Tuned to 12
[2016-11-15 07:49:46.337]  Tuned to 13
[2016-11-15 07:49:46.438]  Tuned to 14
[2016-11-15 07:49:46.538]  Tuned to 15
[2016-11-15 07:49:46.639]  Tuned to 16
[2016-11-15 07:49:46.740]  Tuned to 17
[2016-11-15 07:49:46.841]  Tuned to 18
[2016-11-15 07:49:46.942]  Tuned to 19
[2016-11-15 07:49:47.042]  Tuned to 20
[2016-11-15 07:49:47.143]  Tuned to 21
[2016-11-15 07:49:47.244]  Tuned to 22
[2016-11-15 07:49:47.344]  Tuned to 23
[2016-11-15 07:49:47.445]  Tuned to 24
[2016-11-15 07:49:47.546]  Tuned to 25
[2016-11-15 07:49:47.647]  Tuned to 26
[2016-11-15 07:49:47.748]  Tuned to 27
[2016-11-15 07:49:47.849]  Tuned to 28
[2016-11-15 07:49:47.950]  Tuned to 29
[2016-11-15 07:49:48.051]  Tuned to 30
[2016-11-15 07:49:48.153]  Tuned to 31
[2016-11-15 07:49:48.254]  Tuned to 32
[2016-11-15 07:49:48.355]  Tuned to 33
[2016-11-15 07:49:48.456]  Tuned to 34
[2016-11-15 07:49:48.557]  Tuned to 35
[2016-11-15 07:49:48.657]  Tuned to 36
[2016-11-15 07:49:48.758]  Tuned to 37
[2016-11-15 07:49:48.859]  Tuned to 38
[2016-11-15 07:49:48.959]  Tuned to 39
[2016-11-15 07:49:49.060]  Tuned to 40
[2016-11-15 07:49:49.161]  Tuned to 41
[2016-11-15 07:49:49.261]  Tuned to 42
[2016-11-15 07:49:49.362]  Tuned to 43
[2016-11-15 07:49:49.462]  Tuned to 44
[2016-11-15 07:49:49.563]  Tuned to 45
[2016-11-15 07:49:49.664]  Tuned to 46
[2016-11-15 07:49:49.764]  Tuned to 47
[2016-11-15 07:49:49.865]  Tuned to 48
[2016-11-15 07:49:49.966]  Tuned to 49
[2016-11-15 07:49:50.066]  Tuned to 50
[2016-11-15 07:49:50.167]  Tuned to 51
[2016-11-15 07:49:50.268]  Tuned to 52
[2016-11-15 07:49:50.368]  Tuned to 53
[2016-11-15 07:49:50.470]  Tuned to 54
[2016-11-15 07:49:50.571]  Tuned to 55
[2016-11-15 07:49:50.671]  Tuned to 56
[2016-11-15 07:49:50.772]  Tuned to 57
[2016-11-15 07:49:50.873]  Tuned to 58
[2016-11-15 07:49:50.973]  Tuned to 59
[2016-11-15 07:49:51.074]  Tuned to 60
[2016-11-15 07:49:51.174]  Tuned to 61
[2016-11-15 07:49:51.275]  Tuned to 62
[2016-11-15 07:49:51.375]  Tuned to 63
[2016-11-15 07:49:51.476]  Tuned to 64
[2016-11-15 07:49:51.577]  Tuned to 65
[2016-11-15 07:49:51.677]  Tuned to 66
[2016-11-15 07:49:51.778]  Tuned to 67
[2016-11-15 07:49:51.878]  Tuned to 68
[2016-11-15 07:49:51.979]  Tuned to 69
[2016-11-15 07:49:52.080]  Tuned to 70
[2016-11-15 07:49:52.180]  Tuned to 71
[2016-11-15 07:49:52.281]  Tuned to 72
[2016-11-15 07:49:52.382]  Tuned to 73
[2016-11-15 07:49:52.482]  Tuned to 74
[2016-11-15 07:49:52.583]  Tuned to 75
[2016-11-15 07:49:52.684]  Tuned to 76
[2016-11-15 07:49:52.784]  Tuned to 77
[2016-11-15 07:49:52.885]  Tuned to 78
[2016-11-15 07:49:52.985]  Tuned to 79
[2016-11-15 07:49:53.086]  Tuned to 80
[2016-11-15 07:49:53.187]  Tuned to 81
[2016-11-15 07:49:53.288]  Tuned to 82
[2016-11-15 07:49:53.388]  Tuned to 83
[2016-11-15 07:49:53.489]  Tuned to 2
[2016-11-15 07:49:53.589]  Tuned to 3
[2016-11-15 07:49:53.690]  Tuned to 4
[2016-11-15 07:49:53.791]  Tuned to 5
[2016-11-15 07:49:53.891]  Tuned to 6
[2016-11-15 07:49:53.992]  Tuned to 7
[2016-11-15 07:49:54.093]  Tuned to 8
[2016-11-15 07:49:54.193]  Tuned to 9
[2016-11-15 07:49:54.294]  Tuned to 10
[2016-11-15 07:49:54.395]  Tuned to 11
[2016-11-15 07:49:54.495]  Tuned to 12
[2016-11-15 07:49:54.596]  Tuned to 13
[2016-11-15 07:49:54.697]  Tuned to 14
[2016-11-15 07:49:54.797]  Tuned to 15
[2016-11-15 07:49:54.898]  Tuned to 16
[2016-11-15 07:49:54.998]  Tuned to 17
[2016-11-15 07:49:55.099]  Tuned to 18
[2016-11-15 07:49:55.200]  Tuned to 19
[2016-11-15 07:49:55.300]  Tuned to 20
[2016-11-15 07:49:55.401]  Tuned to 21
[2016-11-15 07:49:55.501]  Tuned to 22
[2016-11-15 07:49:55.602]  Tuned to 23
[2016-11-15 07:49:55.703]  Tuned to 24
[2016-11-15 07:49:55.803]  Tuned to 25
[2016-11-15 07:49:55.904]  Tuned to 26
[2016-11-15 07:49:56.004]  Tuned to 27
[2016-11-15 07:49:56.105]  Tuned to 28
[2016-11-15 07:49:56.206]  Tuned to 29
[2016-11-15 07:49:56.307]  Tuned to 30
[2016-11-15 07:49:56.408]  Tuned to 31
[2016-11-15 07:49:56.509]  Tuned to 32
[2016-11-15 07:49:56.609]  Tuned to 33
[2016-11-15 07:49:56.710]  Tuned to 34
[2016-11-15 07:49:56.810]  Tuned to 35
[2016-11-15 07:49:56.911]  Tuned to 36
[2016-11-15 07:49:57.011]  Tuned to 37
[2016-11-15 07:49:57.112]  Tuned to 38
[2016-11-15 07:49:57.212]  Tuned to 39
[2016-11-15 07:49:57.313]  Tuned to 40
[2016-11-15 07:49:57.414]  Tuned to 41
[2016-11-15 07:49:57.514]  Tuned to 42
[2016-11-15 07:49:57.615]  Tuned to 43
[2016-11-15 07:49:57.716]  Tuned to 44
[2016-11-15 07:49:57.817]  Tuned to 45
[2016-11-15 07:49:57.917]  Tuned to 46
[2016-11-15 07:49:58.018]  Tuned to 47
[2016-11-15 07:49:58.118]  Tuned to 48
[2016-11-15 07:49:58.219]  Tuned to 49
[2016-11-15 07:49:58.320]  Tuned to 50
[2016-11-15 07:49:58.420]  Tuned to 51
[2016-11-15 07:49:58.521]  Tuned to 52
[2016-11-15 07:49:58.622]  Tuned to 53
[2016-11-15 07:49:58.722]  Tuned to 54
[2016-11-15 07:49:58.823]  Tuned to 55
[2016-11-15 07:49:58.923]  Tuned to 56
[2016-11-15 07:49:59.024]  Tuned to 57
[2016-11-15 07:49:59.125]  Tuned to 58
[2016-11-15 07:49:59.225]  Tuned to 59
[2016-11-15 07:49:59.326]  Tuned to 60
[2016-11-15 07:49:59.427]  Tuned to 61
[2016-11-15 07:49:59.527]  Tuned to 62
[2016-11-15 07:49:59.628]  Tuned to 63
[2016-11-15 07:49:59.730]  Tuned to 64
[2016-11-15 07:49:59.832]  Tuned to 65
[2016-11-15 07:49:59.933]  Tuned to 66
[2016-11-15 07:50:00.035]  Tuned to 67
[2016-11-15 07:50:00.135]  Tuned to 68
[2016-11-15 07:50:00.236]  Tuned to 69
[2016-11-15 07:50:00.336]  Tuned to 70
[2016-11-15 07:50:00.437]  Tuned to 71
[2016-11-15 07:50:00.538]  Tuned to 72
[2016-11-15 07:50:00.638]  Tuned to 73
[2016-11-15 07:50:00.739]  Tuned to 74
[2016-11-15 07:50:00.840]  Tuned to 75
[2016-11-15 07:50:00.940]  Tuned to 76
[2016-11-15 07:50:01.041]  Tuned to 77
[2016-11-15 07:50:01.144]  Tuned to 78
[2016-11-15 07:50:01.244]  Tuned to 79
[2016-11-15 07:50:01.345]  Tuned to 80
[2016-11-15 07:50:01.446]  Tuned to 81
[2016-11-15 07:50:01.546]  Tuned to 82
[2016-11-15 07:50:01.647]  Tuned to 83
[2016-11-15 07:50:01.748]  Tuned to 2
[2016-11-15 07:50:01.848]  Tuned to 3
[2016-11-15 07:50:01.950]  Tuned to 4
[2016-11-15 07:50:02.051]  Tuned to 5
[2016-11-15 07:50:02.151]  Tuned to 6
[2016-11-15 07:50:02.252]  Tuned to 7
[2016-11-15 07:50:02.352]  Tuned to 8
[2016-11-15 07:50:02.453]  Tuned to 9
[2016-11-15 07:50:02.554]  Tuned to 10
[2016-11-15 07:50:02.654]  Tuned to 11
[2016-11-15 07:50:02.755]  Tuned to 12
[2016-11-15 07:50:02.856]  Tuned to 13
[2016-11-15 07:50:02.956]  Tuned to 14
[2016-11-15 07:50:03.057]  Tuned to 15
[2016-11-15 07:50:03.158]  Tuned to 16
[2016-11-15 07:50:03.258]  Tuned to 17
[2016-11-15 07:50:03.359]  Tuned to 18
[2016-11-15 07:50:03.460]  Tuned to 19
[2016-11-15 07:50:03.561]  Tuned to 20
[2016-11-15 07:50:03.661]  Tuned to 21
[2016-11-15 07:50:03.762]  Tuned to 22
[2016-11-15 07:50:03.863]  Tuned to 23
[2016-11-15 07:50:03.963]  Tuned to 24
[2016-11-15 07:50:04.066]  Tuned to 25
[2016-11-15 07:50:04.169]  Tuned to 26
[2016-11-15 07:50:04.269]  Tuned to 27
[2016-11-15 07:50:04.370]  Tuned to 28
[2016-11-15 07:50:04.470]  Tuned to 29
[2016-11-15 07:50:04.571]  Tuned to 30
[2016-11-15 07:50:04.671]  Tuned to 31
[2016-11-15 07:50:04.772]  Tuned to 32
[2016-11-15 07:50:04.873]  Tuned to 33
[2016-11-15 07:50:04.973]  Tuned to 34
[2016-11-15 07:50:05.074]  Tuned to 35
[2016-11-15 07:50:05.174]  Tuned to 36
[2016-11-15 07:50:05.275]  Tuned to 37
[2016-11-15 07:50:05.376]  Tuned to 38
[2016-11-15 07:50:05.477]  Tuned to 39
[2016-11-15 07:50:05.577]  Tuned to 40
[2016-11-15 07:50:05.678]  Tuned to 41
[2016-11-15 07:50:05.779]  Tuned to 42
[2016-11-15 07:50:05.880]  Tuned to 43
[2016-11-15 07:50:05.980]  Tuned to 44
[2016-11-15 07:50:06.081]  Tuned to 45
[2016-11-15 07:50:06.181]  Tuned to 46
[2016-11-15 07:50:06.282]  Tuned to 47
[2016-11-15 07:50:06.383]  Tuned to 48
[2016-11-15 07:50:06.484]  Tuned to 49
[2016-11-15 07:50:06.584]  Tuned to 50
[2016-11-15 07:50:06.685]  Tuned to 51
[2016-11-15 07:50:06.785]  Tuned to 52
[2016-11-15 07:50:06.886]  Tuned to 53
[2016-11-15 07:50:06.987]  Tuned to 54
[2016-11-15 07:50:07.087]  Tuned to 55
[2016-11-15 07:50:07.188]  Tuned to 56
[2016-11-15 07:50:07.289]  Tuned to 57
[2016-11-15 07:50:07.389]  Tuned to 58
[2016-11-15 07:50:07.490]  Tuned to 59
[2016-11-15 07:50:07.590]  Tuned to 60
[2016-11-15 07:50:07.691]  Tuned to 61
[2016-11-15 07:50:07.792]  Tuned to 62
[2016-11-15 07:50:07.892]  Tuned to 63
[2016-11-15 07:50:07.994]  Tuned to 64
[2016-11-15 07:50:08.095]  Tuned to 65
[2016-11-15 07:50:08.195]  Tuned to 66
[2016-11-15 07:50:08.296]  Tuned to 67
[2016-11-15 07:50:08.396]  Tuned to 68
[2016-11-15 07:50:08.497]  Tuned to 69
[2016-11-15 07:50:08.598]  Tuned to 70
[2016-11-15 07:50:08.699]  Tuned to 71
[2016-11-15 07:50:08.799]  Tuned to 72
[2016-11-15 07:50:08.900]  Tuned to 73
[2016-11-15 07:50:09.001]  Tuned to 74
[2016-11-15 07:50:09.101]  Tuned to 75
[2016-11-15 07:50:09.202]  Tuned to 76
[2016-11-15 07:50:09.303]  Tuned to 77
[2016-11-15 07:50:09.403]  Tuned to 78
[2016-11-15 07:50:09.504]  Tuned to 79
[2016-11-15 07:50:09.605]  Tuned to 80
[2016-11-15 07:50:09.705]  Tuned to 81
[2016-11-15 07:50:09.806]  Tuned to 82
[2016-11-15 07:50:09.907]  Tuned to 83
[2016-11-15 07:50:10.007]  Tuned to 2
[2016-11-15 07:50:10.108]  Tuned to 3
[2016-11-15 07:50:10.209]  Tuned to 4
[2016-11-15 07:50:10.309]  Tuned to 5
[2016-11-15 07:50:10.410]  Tuned to 6
[2016-11-15 07:50:10.511]  Tuned to 7
[2016-11-15 07:50:10.612]  Tuned to 8
[2016-11-15 07:50:10.713]  Tuned to 9
[2016-11-15 07:50:10.814]  Tuned to 10
[2016-11-15 07:50:10.915]  Tuned to 11
[2016-11-15 07:50:11.016]  Tuned to 12
[2016-11-15 07:50:11.117]  Tuned to 13
[2016-11-15 07:50:11.218]  Tuned to 14
[2016-11-15 07:50:11.319]  Tuned to 15
[2016-11-15 07:50:11.422]  Tuned to 16
[2016-11-15 07:50:11.523]  Tuned to 17
[2016-11-15 07:50:11.625]  Tuned to 18
[2016-11-15 07:50:11.726]  Tuned to 19
[2016-11-15 07:50:11.826]  Tuned to 20
[2016-11-15 07:50:11.927]  Tuned to 21
[2016-11-15 07:50:12.028]  Tuned to 22
[2016-11-15 07:50:12.128]  Tuned to 23
[2016-11-15 07:50:12.229]  Tuned to 24
[2016-11-15 07:50:12.330]  Tuned to 25
[2016-11-15 07:50:12.431]  Tuned to 26
[2016-11-15 07:50:12.531]  Tuned to 27
[2016-11-15 07:50:12.632]  Tuned to 28
[2016-11-15 07:50:12.734]  Tuned to 29
[2016-11-15 07:50:12.834]  Tuned to 30
[2016-11-15 07:50:12.935]  Tuned to 31
[2016-11-15 07:50:13.036]  Tuned to 32
[2016-11-15 07:50:13.136]  Tuned to 33
[2016-11-15 07:50:13.237]  Tuned to 34
[2016-11-15 07:50:13.338]  Tuned to 35
[2016-11-15 07:50:13.438]  Tuned to 36
[2016-11-15 07:50:13.539]  Tuned to 37
[2016-11-15 07:50:13.640]  Tuned to 38
[2016-11-15 07:50:13.740]  Tuned to 39
[2016-11-15 07:50:13.841]  Tuned to 40
[2016-11-15 07:50:13.941]  Tuned to 41
[2016-11-15 07:50:14.042]  Tuned to 42
[2016-11-15 07:50:14.143]  Tuned to 43
[2016-11-15 07:50:14.243]  Tuned to 44
[2016-11-15 07:50:14.344]  Tuned to 45
[2016-11-15 07:50:14.445]  Tuned to 46
[2016-11-15 07:50:14.545]  Tuned to 47
[2016-11-15 07:50:14.646]  Tuned to 48
[2016-11-15 07:50:14.747]  Tuned to 49
[2016-11-15 07:50:14.847]  Tuned to 50
[2016-11-15 07:50:14.948]  Tuned to 51
[2016-11-15 07:50:15.049]  Tuned to 52
[2016-11-15 07:50:15.149]  Tuned to 53
[2016-11-15 07:50:15.250]  Tuned to 54
[2016-11-15 07:50:15.351]  Tuned to 55
[2016-11-15 07:50:15.451]  Tuned to 56
[2016-11-15 07:50:15.552]  Tuned to 57
[2016-11-15 07:50:15.653]  Tuned to 58
[2016-11-15 07:50:15.754]  Tuned to 59
[2016-11-15 07:50:15.855]  Tuned to 60
[2016-11-15 07:50:15.956]  Tuned to 61
[2016-11-15 07:50:16.056]  Tuned to 62
[2016-11-15 07:50:16.157]  Tuned to 63
[2016-11-15 07:50:16.258]  Tuned to 64
[2016-11-15 07:50:16.358]  Tuned to 65
[2016-11-15 07:50:16.459]  Tuned to 66
[2016-11-15 07:50:16.559]  Tuned to 67
[2016-11-15 07:50:16.660]  Tuned to 68
[2016-11-15 07:50:16.763]  Tuned to 69
[2016-11-15 07:50:16.864]  Tuned to 70
[2016-11-15 07:50:16.965]  Tuned to 71
[2016-11-15 07:50:17.065]  Tuned to 72
[2016-11-15 07:50:17.167]  Tuned to 73
[2016-11-15 07:50:17.267]  Tuned to 74
[2016-11-15 07:50:17.368]  Tuned to 75
[2016-11-15 07:50:17.469]  Tuned to 76
[2016-11-15 07:50:17.569]  Tuned to 77
[2016-11-15 07:50:17.670]  Tuned to 78
[2016-11-15 07:50:17.770]  Tuned to 79
Traceback (most recent call last):
  File "../modules/mousejack/tools/nrf24-scanner.py", line 55, in <module>
    value = common.radio.receive_payload()
  File "/home/lain/Development/seniordesign/mithren/modules/mousejack/tools/lib/nrf24.py", line 109, in receive_payload
    return self.dongle.read(0x81, 64, timeout=nrf24.usb_timeout)
  File "/usr/local/lib/python2.7/dist-packages/usb/core.py", line 988, in read
    self.__get_timeout(timeout))
  File "/usr/local/lib/python2.7/dist-packages/usb/backend/libusb1.py", line 833, in bulk_read
    timeout)
  File "/usr/local/lib/python2.7/dist-packages/usb/backend/libusb1.py", line 933, in __read
    timeout)
KeyboardInterrupt
tail: output.txt: file truncated
[2016-11-16 14:19:21.891]  Using channels 2, 3, 4, 5, 6, 7, 8, 9, 10, 11, 12, 13, 14, 15, 16, 17, 18, 19, 20, 21, 22, 23, 24, 25, 26, 27, 28, 29, 30, 31, 32, 33, 34, 35, 36, 37, 38, 39, 40, 41, 42, 43, 44, 45, 46, 47, 48, 49, 50, 51, 52, 53, 54, 55, 56, 57, 58, 59, 60, 61, 62, 63, 64, 65, 66, 67, 68, 69, 70, 71, 72, 73, 74, 75, 76, 77, 78, 79, 80, 81, 82, 83
[2016-11-16 14:19:21.904]  Entered promiscuous mode
[2016-11-16 14:19:21.905]  Tuned to 2
[2016-11-16 14:19:22.005]  Tuned to 3
[2016-11-16 14:19:22.105]  Tuned to 4
[2016-11-16 14:19:22.205]  Tuned to 5
[2016-11-16 14:19:22.306]  Tuned to 6
[2016-11-16 14:19:22.406]  Tuned to 7
[2016-11-16 14:19:22.506]  Tuned to 8
[2016-11-16 14:19:22.607]  Tuned to 9
[2016-11-16 14:19:22.707]  Tuned to 10
[2016-11-16 14:19:22.807]  Tuned to 11
[2016-11-16 14:19:22.908]  Tuned to 12
[2016-11-16 14:19:23.008]  Tuned to 13
[2016-11-16 14:19:23.108]  Tuned to 14
[2016-11-16 14:19:23.208]  Tuned to 15
[2016-11-16 14:19:23.309]  Tuned to 16
[2016-11-16 14:19:23.409]  Tuned to 17
[2016-11-16 14:19:23.509]  Tuned to 18
[2016-11-16 14:19:23.610]  Tuned to 19
[2016-11-16 14:19:23.710]  Tuned to 20
[2016-11-16 14:19:23.810]  Tuned to 21
[2016-11-16 14:19:23.911]  Tuned to 22
[2016-11-16 14:19:24.011]  Tuned to 23
[2016-11-16 14:19:24.111]  Tuned to 24
[2016-11-16 14:19:24.212]  Tuned to 25
[2016-11-16 14:19:24.312]  Tuned to 26
[2016-11-16 14:19:24.412]  Tuned to 27
[2016-11-16 14:19:24.512]  Tuned to 28
[2016-11-16 14:19:24.613]  Tuned to 29
[2016-11-16 14:19:24.713]  Tuned to 30
[2016-11-16 14:19:24.813]  Tuned to 31
[2016-11-16 14:19:24.913]  Tuned to 32
[2016-11-16 14:19:25.017]  Tuned to 33
[2016-11-16 14:19:25.117]  Tuned to 34
[2016-11-16 14:19:25.217]  Tuned to 35
[2016-11-16 14:19:25.317]  Tuned to 36
[2016-11-16 14:19:25.418]  Tuned to 37
[2016-11-16 14:19:25.518]  Tuned to 38
[2016-11-16 14:19:25.618]  Tuned to 39
[2016-11-16 14:19:25.719]  Tuned to 40
[2016-11-16 14:19:25.819]  Tuned to 41
[2016-11-16 14:19:25.919]  Tuned to 42
[2016-11-16 14:19:26.019]  Tuned to 43
[2016-11-16 14:19:26.120]  Tuned to 44
[2016-11-16 14:19:26.220]  Tuned to 45
[2016-11-16 14:19:26.320]  Tuned to 46
[2016-11-16 14:19:26.421]  Tuned to 47
[2016-11-16 14:19:26.521]  Tuned to 48
[2016-11-16 14:19:26.621]  Tuned to 49
[2016-11-16 14:19:26.722]  Tuned to 50
[2016-11-16 14:19:26.822]  Tuned to 51
[2016-11-16 14:19:26.922]  Tuned to 52
[2016-11-16 14:19:27.022]  Tuned to 53
[2016-11-16 14:19:27.123]  Tuned to 54
[2016-11-16 14:19:27.223]  Tuned to 55
[2016-11-16 14:19:27.323]  Tuned to 56
[2016-11-16 14:19:27.424]  Tuned to 57
[2016-11-16 14:19:27.524]  Tuned to 58
[2016-11-16 14:19:27.624]  Tuned to 59
[2016-11-16 14:19:27.725]  Tuned to 60
[2016-11-16 14:19:27.825]  Tuned to 61
[2016-11-16 14:19:27.925]  Tuned to 62
[2016-11-16 14:19:28.027]  Tuned to 63
[2016-11-16 14:19:28.128]  Tuned to 64
[2016-11-16 14:19:28.228]  Tuned to 65
[2016-11-16 14:19:28.328]  Tuned to 66
[2016-11-16 14:19:28.429]  Tuned to 67
[2016-11-16 14:19:28.529]  Tuned to 68
[2016-11-16 14:19:28.629]  Tuned to 69
[2016-11-16 14:19:28.731]  Tuned to 70
[2016-11-16 14:19:28.831]  Tuned to 71
[2016-11-16 14:19:28.932]  Tuned to 72
[2016-11-16 14:19:29.032]  Tuned to 73
[2016-11-16 14:19:29.132]  Tuned to 74
[2016-11-16 14:19:29.232]  Tuned to 75
[2016-11-16 14:19:29.333]  Tuned to 76
[2016-11-16 14:19:29.433]  Tuned to 77
[2016-11-16 14:19:29.533]  Tuned to 78
[2016-11-16 14:19:29.634]  Tuned to 79
[2016-11-16 14:19:29.734]  Tuned to 80
[2016-11-16 14:19:29.834]  Tuned to 81
[2016-11-16 14:19:29.935]  Tuned to 82
[2016-11-16 14:19:30.035]  Tuned to 83
[2016-11-16 14:19:30.135]  Tuned to 2
[2016-11-16 14:19:30.235]  Tuned to 3
[2016-11-16 14:19:30.336]  Tuned to 4
[2016-11-16 14:19:30.436]  Tuned to 5
[2016-11-16 14:19:30.536]  Tuned to 6
[2016-11-16 14:19:30.637]  Tuned to 7
[2016-11-16 14:19:30.737]  Tuned to 8
[2016-11-16 14:19:30.838]  Tuned to 9
[2016-11-16 14:19:30.938]  Tuned to 10
[2016-11-16 14:19:31.038]  Tuned to 11
[2016-11-16 14:19:31.139]  Tuned to 12
[2016-11-16 14:19:31.239]  Tuned to 13
[2016-11-16 14:19:31.339]  Tuned to 14
[2016-11-16 14:19:31.440]  Tuned to 15
[2016-11-16 14:19:31.540]  Tuned to 16
[2016-11-16 14:19:31.640]  Tuned to 17
[2016-11-16 14:19:31.743]  Tuned to 18
[2016-11-16 14:19:31.843]  Tuned to 19
[2016-11-16 14:19:31.943]  Tuned to 20
[2016-11-16 14:19:32.044]  Tuned to 21
[2016-11-16 14:19:32.144]  Tuned to 22
[2016-11-16 14:19:32.244]  Tuned to 23
[2016-11-16 14:19:32.345]  Tuned to 24
[2016-11-16 14:19:32.445]  Tuned to 25
[2016-11-16 14:19:32.545]  Tuned to 26
[2016-11-16 14:19:32.646]  Tuned to 27
[2016-11-16 14:19:32.746]  Tuned to 28
[2016-11-16 14:19:32.846]  Tuned to 29
[2016-11-16 14:19:32.947]  Tuned to 30
[2016-11-16 14:19:33.047]  Tuned to 31
[2016-11-16 14:19:33.147]  Tuned to 32
[2016-11-16 14:19:33.248]  Tuned to 33
[2016-11-16 14:19:33.348]  Tuned to 34
[2016-11-16 14:19:33.448]  Tuned to 35
[2016-11-16 14:19:33.548]  Tuned to 36
[2016-11-16 14:19:33.649]  Tuned to 37
[2016-11-16 14:19:33.749]  Tuned to 38
[2016-11-16 14:19:33.849]  Tuned to 39
[2016-11-16 14:19:33.950]  Tuned to 40
[2016-11-16 14:19:34.050]  Tuned to 41
[2016-11-16 14:19:34.150]  Tuned to 42
[2016-11-16 14:19:34.250]  Tuned to 43
[2016-11-16 14:19:34.351]  Tuned to 44
[2016-11-16 14:19:34.451]  Tuned to 45
[2016-11-16 14:19:34.551]  Tuned to 46
[2016-11-16 14:19:34.652]  Tuned to 47
[2016-11-16 14:19:34.752]  Tuned to 48
[2016-11-16 14:19:34.852]  Tuned to 49
[2016-11-16 14:19:34.953]  Tuned to 50
[2016-11-16 14:19:35.053]  Tuned to 51
[2016-11-16 14:19:35.153]  Tuned to 52
[2016-11-16 14:19:35.253]  Tuned to 53
[2016-11-16 14:19:35.354]  Tuned to 54
[2016-11-16 14:19:35.454]  Tuned to 55
[2016-11-16 14:19:35.554]  Tuned to 56
[2016-11-16 14:19:35.655]  Tuned to 57
[2016-11-16 14:19:35.755]  Tuned to 58
[2016-11-16 14:19:35.855]  Tuned to 59
[2016-11-16 14:19:35.956]  Tuned to 60
Traceback (most recent call last):
  File "../modules/mousejack/tools/nrf24-scanner.py", line 55, in <module>
    value = common.radio.receive_payload()
  File "/home/lain/Development/seniordesign/mithren/modules/mousejack/tools/lib/nrf24.py", line 109, in receive_payload
    return self.dongle.read(0x81, 64, timeout=nrf24.usb_timeout)
  File "/usr/local/lib/python2.7/dist-packages/usb/core.py", line 988, in read
    self.__get_timeout(timeout))
  File "/usr/local/lib/python2.7/dist-packages/usb/backend/libusb1.py", line 833, in bulk_read
    timeout)
  File "/usr/local/lib/python2.7/dist-packages/usb/backend/libusb1.py", line 933, in __read
    timeout)
KeyboardInterrupt
tail: output.txt: file truncated
[2016-11-16 14:21:24.342]  Using channels 2, 3, 4, 5, 6, 7, 8, 9, 10, 11, 12, 13, 14, 15, 16, 17, 18, 19, 20, 21, 22, 23, 24, 25, 26, 27, 28, 29, 30, 31, 32, 33, 34, 35, 36, 37, 38, 39, 40, 41, 42, 43, 44, 45, 46, 47, 48, 49, 50, 51, 52, 53, 54, 55, 56, 57, 58, 59, 60, 61, 62, 63, 64, 65, 66, 67, 68, 69, 70, 71, 72, 73, 74, 75, 76, 77, 78, 79, 80, 81, 82, 83
[2016-11-16 14:21:24.365]  Entered promiscuous mode
[2016-11-16 14:21:24.365]  Tuned to 2
[2016-11-16 14:21:24.465]  Tuned to 3
[2016-11-16 14:21:24.566]  Tuned to 4
[2016-11-16 14:21:24.666]  Tuned to 5
[2016-11-16 14:21:24.766]  Tuned to 6
[2016-11-16 14:21:24.867]  Tuned to 7
[2016-11-16 14:21:24.969]  Tuned to 8
[2016-11-16 14:21:25.069]  Tuned to 9
[2016-11-16 14:21:25.169]  Tuned to 10
[2016-11-16 14:21:25.271]  Tuned to 11
[2016-11-16 14:21:25.371]  Tuned to 12
[2016-11-16 14:21:25.471]  Tuned to 13
[2016-11-16 14:21:25.572]  Tuned to 14
[2016-11-16 14:21:25.672]  Tuned to 15
[2016-11-16 14:21:25.772]  Tuned to 16
[2016-11-16 14:21:25.873]  Tuned to 17
[2016-11-16 14:21:25.973]  Tuned to 18
[2016-11-16 14:21:26.074]  Tuned to 19
[2016-11-16 14:21:26.174]  Tuned to 20
[2016-11-16 14:21:26.274]  Tuned to 21
[2016-11-16 14:21:26.375]  Tuned to 22
[2016-11-16 14:21:26.475]  Tuned to 23
[2016-11-16 14:21:26.575]  Tuned to 24
[2016-11-16 14:21:26.676]  Tuned to 25
[2016-11-16 14:21:26.776]  Tuned to 26
[2016-11-16 14:21:26.876]  Tuned to 27
[2016-11-16 14:21:26.977]  Tuned to 28
[2016-11-16 14:21:27.077]  Tuned to 29
[2016-11-16 14:21:27.177]  Tuned to 30
[2016-11-16 14:21:27.279]  Tuned to 31
[2016-11-16 14:21:27.380]  Tuned to 32
[2016-11-16 14:21:27.480]  Tuned to 33
[2016-11-16 14:21:27.580]  Tuned to 34
[2016-11-16 14:21:27.682]  Tuned to 35
[2016-11-16 14:21:27.782]  Tuned to 36
[2016-11-16 14:21:27.882]  Tuned to 37
[2016-11-16 14:21:27.982]  Tuned to 38
[2016-11-16 14:21:28.083]  Tuned to 39
[2016-11-16 14:21:28.183]  Tuned to 40
[2016-11-16 14:21:28.283]  Tuned to 41
[2016-11-16 14:21:28.384]  Tuned to 42
[2016-11-16 14:21:28.484]  Tuned to 43
[2016-11-16 14:21:28.584]  Tuned to 44
[2016-11-16 14:21:28.685]  Tuned to 45
[2016-11-16 14:21:28.785]  Tuned to 46
[2016-11-16 14:21:28.885]  Tuned to 47
[2016-11-16 14:21:28.986]  Tuned to 48
[2016-11-16 14:21:29.086]  Tuned to 49
[2016-11-16 14:21:29.186]  Tuned to 50
[2016-11-16 14:21:29.287]  Tuned to 51
[2016-11-16 14:21:29.387]  Tuned to 52
[2016-11-16 14:21:29.488]  Tuned to 53
[2016-11-16 14:21:29.588]  Tuned to 54
[2016-11-16 14:21:29.688]  Tuned to 55
[2016-11-16 14:21:29.789]  Tuned to 56
[2016-11-16 14:21:29.889]  Tuned to 57
[2016-11-16 14:21:29.989]  Tuned to 58
[2016-11-16 14:21:30.090]  Tuned to 59
[2016-11-16 14:21:30.190]  Tuned to 60
[2016-11-16 14:21:30.290]  Tuned to 61
[2016-11-16 14:21:30.391]  Tuned to 62
[2016-11-16 14:21:30.491]  Tuned to 63
[2016-11-16 14:21:30.593]  Tuned to 64
[2016-11-16 14:21:30.695]  Tuned to 65
[2016-11-16 14:21:30.795]  Tuned to 66
[2016-11-16 14:21:30.896]  Tuned to 67
[2016-11-16 14:21:30.996]  Tuned to 68
[2016-11-16 14:21:31.096]  Tuned to 69
[2016-11-16 14:21:31.197]  Tuned to 70
[2016-11-16 14:21:31.297]  Tuned to 71
[2016-11-16 14:21:31.397]  Tuned to 72
[2016-11-16 14:21:31.498]  Tuned to 73
[2016-11-16 14:21:31.598]  Tuned to 74
[2016-11-16 14:21:31.698]  Tuned to 75
[2016-11-16 14:21:31.799]  Tuned to 76
[2016-11-16 14:21:31.899]  Tuned to 77
[2016-11-16 14:21:31.999]  Tuned to 78
[2016-11-16 14:21:32.099]  Tuned to 79
[2016-11-16 14:21:32.200]  Tuned to 80
[2016-11-16 14:21:32.300]  Tuned to 81
[2016-11-16 14:21:32.402]  Tuned to 82
[2016-11-16 14:21:32.503]  Tuned to 83
[2016-11-16 14:21:32.603]  Tuned to 2
[2016-11-16 14:21:32.704]  Tuned to 3
[2016-11-16 14:21:32.804]  Tuned to 4
[2016-11-16 14:21:32.904]  Tuned to 5
[2016-11-16 14:21:33.005]  Tuned to 6
[2016-11-16 14:21:33.105]  Tuned to 7
[2016-11-16 14:21:33.205]  Tuned to 8
[2016-11-16 14:21:33.305]  Tuned to 9
[2016-11-16 14:21:33.406]  Tuned to 10
[2016-11-16 14:21:33.506]  Tuned to 11
[2016-11-16 14:21:33.606]  Tuned to 12
[2016-11-16 14:21:33.707]  Tuned to 13
[2016-11-16 14:21:33.807]  Tuned to 14
[2016-11-16 14:21:33.907]  Tuned to 15
[2016-11-16 14:21:34.008]  Tuned to 16
[2016-11-16 14:21:34.108]  Tuned to 17
[2016-11-16 14:21:34.208]  Tuned to 18
[2016-11-16 14:21:34.309]  Tuned to 19
[2016-11-16 14:21:34.409]  Tuned to 20
[2016-11-16 14:21:34.509]  Tuned to 21
[2016-11-16 14:21:34.609]  Tuned to 22
[2016-11-16 14:21:34.710]  Tuned to 23
[2016-11-16 14:21:34.810]  Tuned to 24
[2016-11-16 14:21:34.911]  Tuned to 25
[2016-11-16 14:21:35.012]  Tuned to 26
[2016-11-16 14:21:35.112]  Tuned to 27
[2016-11-16 14:21:35.212]  Tuned to 28
[2016-11-16 14:21:35.314]  Tuned to 29
[2016-11-16 14:21:35.414]  Tuned to 30
[2016-11-16 14:21:35.514]  Tuned to 31
[2016-11-16 14:21:35.614]  Tuned to 32
[2016-11-16 14:21:35.715]  Tuned to 33
[2016-11-16 14:21:35.815]  Tuned to 34
[2016-11-16 14:21:35.915]  Tuned to 35
[2016-11-16 14:21:36.016]  Tuned to 36
[2016-11-16 14:21:36.116]  Tuned to 37
[2016-11-16 14:21:36.216]  Tuned to 38
[2016-11-16 14:21:36.317]  Tuned to 39
[2016-11-16 14:21:36.417]  Tuned to 40
[2016-11-16 14:21:36.517]  Tuned to 41
[2016-11-16 14:21:36.619]  Tuned to 42
[2016-11-16 14:21:36.720]  Tuned to 43
[2016-11-16 14:21:36.820]  Tuned to 44
[2016-11-16 14:21:36.920]  Tuned to 45
[2016-11-16 14:21:37.021]  Tuned to 46
[2016-11-16 14:21:37.121]  Tuned to 47
[2016-11-16 14:21:37.221]  Tuned to 48
[2016-11-16 14:21:37.322]  Tuned to 49
[2016-11-16 14:21:37.422]  Tuned to 50
[2016-11-16 14:21:37.523]  Tuned to 51
[2016-11-16 14:21:37.623]  Tuned to 52
[2016-11-16 14:21:37.723]  Tuned to 53
[2016-11-16 14:21:37.825]  Tuned to 54
[2016-11-16 14:21:37.925]  Tuned to 55
[2016-11-16 14:21:38.025]  Tuned to 56
[2016-11-16 14:21:38.125]  Tuned to 57
[2016-11-16 14:21:38.229]  Tuned to 58
[2016-11-16 14:21:38.329]  Tuned to 59
[2016-11-16 14:21:38.429]  Tuned to 60
[2016-11-16 14:21:38.530]  Tuned to 61
[2016-11-16 14:21:38.631]  Tuned to 62
[2016-11-16 14:21:38.731]  Tuned to 63
[2016-11-16 14:21:38.831]  Tuned to 64
[2016-11-16 14:21:38.932]  Tuned to 65
[2016-11-16 14:21:39.032]  Tuned to 66
[2016-11-16 14:21:39.132]  Tuned to 67
[2016-11-16 14:21:39.233]  Tuned to 68
[2016-11-16 14:21:39.333]  Tuned to 69
[2016-11-16 14:21:39.433]  Tuned to 70
[2016-11-16 14:21:39.533]  Tuned to 71
[2016-11-16 14:21:39.634]  Tuned to 72
[2016-11-16 14:21:39.734]  Tuned to 73
[2016-11-16 14:21:39.834]  Tuned to 74
[2016-11-16 14:21:39.935]  Tuned to 75
[2016-11-16 14:21:40.035]  Tuned to 76
[2016-11-16 14:21:40.135]  Tuned to 77
[2016-11-16 14:21:40.236]  Tuned to 78
[2016-11-16 14:21:40.336]  Tuned to 79
[2016-11-16 14:21:40.436]  Tuned to 80
[2016-11-16 14:21:40.537]  Tuned to 81
[2016-11-16 14:21:40.637]  Tuned to 82
[2016-11-16 14:21:40.737]  Tuned to 83
[2016-11-16 14:21:40.839]  Tuned to 2
[2016-11-16 14:21:40.939]  Tuned to 3
[2016-11-16 14:21:41.040]  Tuned to 4
[2016-11-16 14:21:41.140]  Tuned to 5
[2016-11-16 14:21:41.240]  Tuned to 6
[2016-11-16 14:21:41.341]  Tuned to 7
[2016-11-16 14:21:41.441]  Tuned to 8
[2016-11-16 14:21:41.541]  Tuned to 9
[2016-11-16 14:21:41.641]  Tuned to 10
[2016-11-16 14:21:41.744]  Tuned to 11
[2016-11-16 14:21:41.844]  Tuned to 12
[2016-11-16 14:21:41.944]  Tuned to 13
[2016-11-16 14:21:42.045]  Tuned to 14
[2016-11-16 14:21:42.145]  Tuned to 15
[2016-11-16 14:21:42.245]  Tuned to 16
[2016-11-16 14:21:42.346]  Tuned to 17
[2016-11-16 14:21:42.446]  Tuned to 18
[2016-11-16 14:21:42.546]  Tuned to 19
[2016-11-16 14:21:42.648]  Tuned to 20
[2016-11-16 14:21:42.748]  Tuned to 21
[2016-11-16 14:21:42.849]  Tuned to 22
[2016-11-16 14:21:42.949]  Tuned to 23
[2016-11-16 14:21:43.051]  Tuned to 24
[2016-11-16 14:21:43.151]  Tuned to 25
[2016-11-16 14:21:43.251]  Tuned to 26
[2016-11-16 14:21:43.352]  Tuned to 27
[2016-11-16 14:21:43.452]  Tuned to 28
[2016-11-16 14:21:43.552]  Tuned to 29
[2016-11-16 14:21:43.653]  Tuned to 30
[2016-11-16 14:21:43.753]  Tuned to 31
[2016-11-16 14:21:43.853]  Tuned to 32
[2016-11-16 14:21:43.954]  Tuned to 33
[2016-11-16 14:21:44.054]  Tuned to 34
[2016-11-16 14:21:44.154]  Tuned to 35
[2016-11-16 14:21:44.255]  Tuned to 36
[2016-11-16 14:21:44.355]  Tuned to 37
[2016-11-16 14:21:44.456]  Tuned to 38
[2016-11-16 14:21:44.556]  Tuned to 39
[2016-11-16 14:21:44.656]  Tuned to 40
[2016-11-16 14:21:44.757]  Tuned to 41
[2016-11-16 14:21:44.858]  Tuned to 42
[2016-11-16 14:21:44.958]  Tuned to 43
[2016-11-16 14:21:45.059]  Tuned to 44
[2016-11-16 14:21:45.160]  Tuned to 45
[2016-11-16 14:21:45.260]  Tuned to 46
[2016-11-16 14:21:45.360]  Tuned to 47
[2016-11-16 14:21:45.461]  Tuned to 48
[2016-11-16 14:21:45.561]  Tuned to 49
[2016-11-16 14:21:45.661]  Tuned to 50
[2016-11-16 14:21:45.762]  Tuned to 51
[2016-11-16 14:21:45.862]  Tuned to 52
[2016-11-16 14:21:45.962]  Tuned to 53
[2016-11-16 14:21:46.064]  Tuned to 54
[2016-11-16 14:21:46.164]  Tuned to 55
[2016-11-16 14:21:46.264]  Tuned to 56
[2016-11-16 14:21:46.365]  Tuned to 57
[2016-11-16 14:21:46.465]  Tuned to 58
[2016-11-16 14:21:46.565]  Tuned to 59
[2016-11-16 14:21:46.666]  Tuned to 60
[2016-11-16 14:21:46.766]  Tuned to 61
[2016-11-16 14:21:46.866]  Tuned to 62
[2016-11-16 14:21:46.967]  Tuned to 63
[2016-11-16 14:21:47.067]  Tuned to 64
[2016-11-16 14:21:47.168]  Tuned to 65
[2016-11-16 14:21:47.268]  Tuned to 66
[2016-11-16 14:21:47.368]  Tuned to 67
[2016-11-16 14:21:47.469]  Tuned to 68
[2016-11-16 14:21:47.569]  Tuned to 69
[2016-11-16 14:21:47.669]  Tuned to 70
[2016-11-16 14:21:47.770]  Tuned to 71
[2016-11-16 14:21:47.870]  Tuned to 72
[2016-11-16 14:21:47.926]  72   0  A8:0A:90:B4:89  
[2016-11-16 14:21:47.970]  Tuned to 73
[2016-11-16 14:21:48.071]  Tuned to 74
[2016-11-16 14:21:48.171]  Tuned to 75
[2016-11-16 14:21:48.271]  Tuned to 76
[2016-11-16 14:21:48.372]  Tuned to 77
[2016-11-16 14:21:48.472]  Tuned to 78
[2016-11-16 14:21:48.572]  Tuned to 79
[2016-11-16 14:21:48.673]  Tuned to 80
[2016-11-16 14:21:48.773]  Tuned to 81
[2016-11-16 14:21:48.873]  Tuned to 82
[2016-11-16 14:21:48.974]  Tuned to 83
[2016-11-16 14:21:49.074]  Tuned to 2
[2016-11-16 14:21:49.174]  Tuned to 3
[2016-11-16 14:21:49.274]  Tuned to 4
[2016-11-16 14:21:49.375]  Tuned to 5
[2016-11-16 14:21:49.475]  Tuned to 6
[2016-11-16 14:21:49.576]  Tuned to 7
[2016-11-16 14:21:49.676]  Tuned to 8
[2016-11-16 14:21:49.778]  Tuned to 9
[2016-11-16 14:21:49.878]  Tuned to 10
[2016-11-16 14:21:49.979]  Tuned to 11
[2016-11-16 14:21:50.079]  Tuned to 12
[2016-11-16 14:21:50.179]  Tuned to 13
[2016-11-16 14:21:50.280]  Tuned to 14
[2016-11-16 14:21:50.380]  Tuned to 15
[2016-11-16 14:21:50.480]  Tuned to 16
[2016-11-16 14:21:50.581]  Tuned to 17
[2016-11-16 14:21:50.681]  Tuned to 18
[2016-11-16 14:21:50.781]  Tuned to 19
[2016-11-16 14:21:50.882]  Tuned to 20
[2016-11-16 14:21:50.984]  Tuned to 21
[2016-11-16 14:21:51.084]  Tuned to 22
[2016-11-16 14:21:51.184]  Tuned to 23
[2016-11-16 14:21:51.284]  Tuned to 24
[2016-11-16 14:21:51.385]  Tuned to 25
[2016-11-16 14:21:51.487]  Tuned to 26
[2016-11-16 14:21:51.587]  Tuned to 27
[2016-11-16 14:21:51.688]  Tuned to 28
[2016-11-16 14:21:51.788]  Tuned to 29
[2016-11-16 14:21:51.888]  Tuned to 30
[2016-11-16 14:21:51.989]  Tuned to 31
[2016-11-16 14:21:52.089]  Tuned to 32
[2016-11-16 14:21:52.189]  Tuned to 33
[2016-11-16 14:21:52.290]  Tuned to 34
[2016-11-16 14:21:52.390]  Tuned to 35
[2016-11-16 14:21:52.490]  Tuned to 36
[2016-11-16 14:21:52.590]  Tuned to 37
[2016-11-16 14:21:52.691]  Tuned to 38
[2016-11-16 14:21:52.791]  Tuned to 39
[2016-11-16 14:21:52.891]  Tuned to 40
[2016-11-16 14:21:52.992]  Tuned to 41
[2016-11-16 14:21:53.092]  Tuned to 42
[2016-11-16 14:21:53.192]  Tuned to 43
[2016-11-16 14:21:53.293]  Tuned to 44
[2016-11-16 14:21:53.393]  Tuned to 45
[2016-11-16 14:21:53.493]  Tuned to 46
[2016-11-16 14:21:53.594]  Tuned to 47
[2016-11-16 14:21:53.696]  Tuned to 48
[2016-11-16 14:21:53.796]  Tuned to 49
[2016-11-16 14:21:53.896]  Tuned to 50
[2016-11-16 14:21:53.997]  Tuned to 51
[2016-11-16 14:21:54.097]  Tuned to 52
[2016-11-16 14:21:54.197]  Tuned to 53
[2016-11-16 14:21:54.297]  Tuned to 54
[2016-11-16 14:21:54.398]  Tuned to 55
[2016-11-16 14:21:54.498]  Tuned to 56
[2016-11-16 14:21:54.598]  Tuned to 57
[2016-11-16 14:21:54.699]  Tuned to 58
[2016-11-16 14:21:54.799]  Tuned to 59
[2016-11-16 14:21:54.899]  Tuned to 60
[2016-11-16 14:21:55.000]  Tuned to 61
[2016-11-16 14:21:55.100]  Tuned to 62
[2016-11-16 14:21:55.201]  Tuned to 63
[2016-11-16 14:21:55.302]  Tuned to 64
[2016-11-16 14:21:55.402]  Tuned to 65
[2016-11-16 14:21:55.503]  Tuned to 66
[2016-11-16 14:21:55.603]  Tuned to 67
[2016-11-16 14:21:55.703]  Tuned to 68
[2016-11-16 14:21:55.804]  Tuned to 69
[2016-11-16 14:21:55.904]  Tuned to 70
[2016-11-16 14:21:56.004]  Tuned to 71
[2016-11-16 14:21:56.104]  Tuned to 72
[2016-11-16 14:21:56.205]  Tuned to 73
[2016-11-16 14:21:56.305]  Tuned to 74
[2016-11-16 14:21:56.405]  Tuned to 75
[2016-11-16 14:21:56.506]  Tuned to 76
[2016-11-16 14:21:56.606]  Tuned to 77
[2016-11-16 14:21:56.706]  Tuned to 78
[2016-11-16 14:21:56.807]  Tuned to 79
[2016-11-16 14:21:56.907]  Tuned to 80
[2016-11-16 14:21:57.008]  Tuned to 81
[2016-11-16 14:21:57.108]  Tuned to 82
[2016-11-16 14:21:57.208]  Tuned to 83
[2016-11-16 14:21:57.309]  Tuned to 2
[2016-11-16 14:21:57.409]  Tuned to 3
[2016-11-16 14:21:57.509]  Tuned to 4
[2016-11-16 14:21:57.610]  Tuned to 5
[2016-11-16 14:21:57.710]  Tuned to 6
[2016-11-16 14:21:57.810]  Tuned to 7
[2016-11-16 14:21:57.911]  Tuned to 8
[2016-11-16 14:21:58.011]  Tuned to 9
[2016-11-16 14:21:58.111]  Tuned to 10
[2016-11-16 14:21:58.212]  Tuned to 11
[2016-11-16 14:21:58.312]  Tuned to 12
[2016-11-16 14:21:58.412]  Tuned to 13
[2016-11-16 14:21:58.512]  Tuned to 14
[2016-11-16 14:21:58.613]  Tuned to 15
[2016-11-16 14:21:58.713]  Tuned to 16
[2016-11-16 14:21:58.814]  Tuned to 17
[2016-11-16 14:21:58.914]  Tuned to 18
[2016-11-16 14:21:59.014]  Tuned to 19
[2016-11-16 14:21:59.115]  Tuned to 20
[2016-11-16 14:21:59.215]  Tuned to 21
[2016-11-16 14:21:59.316]  Tuned to 22
[2016-11-16 14:21:59.416]  Tuned to 23
[2016-11-16 14:21:59.516]  Tuned to 24
[2016-11-16 14:21:59.617]  Tuned to 25
[2016-11-16 14:21:59.717]  Tuned to 26
[2016-11-16 14:21:59.817]  Tuned to 27
[2016-11-16 14:21:59.918]  Tuned to 28
[2016-11-16 14:22:00.018]  Tuned to 29
[2016-11-16 14:22:00.118]  Tuned to 30
[2016-11-16 14:22:00.219]  Tuned to 31
[2016-11-16 14:22:00.319]  Tuned to 32
[2016-11-16 14:22:00.419]  Tuned to 33
[2016-11-16 14:22:00.519]  Tuned to 34
[2016-11-16 14:22:00.620]  Tuned to 35
[2016-11-16 14:22:00.720]  Tuned to 36
[2016-11-16 14:22:00.820]  Tuned to 37
[2016-11-16 14:22:00.920]  Tuned to 38
[2016-11-16 14:22:01.021]  Tuned to 39
[2016-11-16 14:22:01.121]  Tuned to 40
[2016-11-16 14:22:01.223]  Tuned to 41
[2016-11-16 14:22:01.323]  Tuned to 42
[2016-11-16 14:22:01.423]  Tuned to 43
[2016-11-16 14:22:01.523]  Tuned to 44
[2016-11-16 14:22:01.624]  Tuned to 45
[2016-11-16 14:22:01.724]  Tuned to 46
[2016-11-16 14:22:01.824]  Tuned to 47
[2016-11-16 14:22:01.925]  Tuned to 48
[2016-11-16 14:22:02.025]  Tuned to 49
[2016-11-16 14:22:02.125]  Tuned to 50
[2016-11-16 14:22:02.226]  Tuned to 51
[2016-11-16 14:22:02.326]  Tuned to 52
[2016-11-16 14:22:02.426]  Tuned to 53
[2016-11-16 14:22:02.527]  Tuned to 54
[2016-11-16 14:22:02.627]  Tuned to 55
[2016-11-16 14:22:02.727]  Tuned to 56
[2016-11-16 14:22:02.828]  Tuned to 57
[2016-11-16 14:22:02.928]  Tuned to 58
[2016-11-16 14:22:03.028]  Tuned to 59
[2016-11-16 14:22:03.131]  Tuned to 60
[2016-11-16 14:22:03.231]  Tuned to 61
[2016-11-16 14:22:03.331]  Tuned to 62
[2016-11-16 14:22:03.433]  Tuned to 63
[2016-11-16 14:22:03.533]  Tuned to 64
[2016-11-16 14:22:03.633]  Tuned to 65
[2016-11-16 14:22:03.734]  Tuned to 66
[2016-11-16 14:22:03.834]  Tuned to 67
[2016-11-16 14:22:03.934]  Tuned to 68
[2016-11-16 14:22:04.035]  Tuned to 69
[2016-11-16 14:22:04.135]  Tuned to 70
[2016-11-16 14:22:04.235]  Tuned to 71
[2016-11-16 14:22:04.335]  Tuned to 72
[2016-11-16 14:22:04.437]  Tuned to 73
[2016-11-16 14:22:04.537]  Tuned to 74
[2016-11-16 14:22:04.638]  Tuned to 75
[2016-11-16 14:22:04.740]  Tuned to 76
[2016-11-16 14:22:04.840]  Tuned to 77
[2016-11-16 14:22:04.941]  Tuned to 78
[2016-11-16 14:22:05.041]  Tuned to 79
[2016-11-16 14:22:05.141]  Tuned to 80
[2016-11-16 14:22:05.242]  Tuned to 81
[2016-11-16 14:22:05.342]  Tuned to 82
[2016-11-16 14:22:05.442]  Tuned to 83
[2016-11-16 14:22:05.543]  Tuned to 2
[2016-11-16 14:22:05.643]  Tuned to 3
[2016-11-16 14:22:05.743]  Tuned to 4
[2016-11-16 14:22:05.844]  Tuned to 5
[2016-11-16 14:22:05.944]  Tuned to 6
[2016-11-16 14:22:06.044]  Tuned to 7
[2016-11-16 14:22:06.145]  Tuned to 8
[2016-11-16 14:22:06.245]  Tuned to 9
[2016-11-16 14:22:06.345]  Tuned to 10
[2016-11-16 14:22:06.446]  Tuned to 11
[2016-11-16 14:22:06.546]  Tuned to 12
[2016-11-16 14:22:06.647]  Tuned to 13
[2016-11-16 14:22:06.747]  Tuned to 14
[2016-11-16 14:22:06.847]  Tuned to 15
[2016-11-16 14:22:06.948]  Tuned to 16
[2016-11-16 14:22:07.048]  Tuned to 17
[2016-11-16 14:22:07.148]  Tuned to 18
[2016-11-16 14:22:07.248]  Tuned to 19
[2016-11-16 14:22:07.349]  Tuned to 20
[2016-11-16 14:22:07.450]  Tuned to 21
[2016-11-16 14:22:07.550]  Tuned to 22
[2016-11-16 14:22:07.650]  Tuned to 23
[2016-11-16 14:22:07.751]  Tuned to 24
[2016-11-16 14:22:07.851]  Tuned to 25
[2016-11-16 14:22:07.951]  Tuned to 26
[2016-11-16 14:22:08.052]  Tuned to 27
[2016-11-16 14:22:08.153]  Tuned to 28
[2016-11-16 14:22:08.253]  Tuned to 29
[2016-11-16 14:22:08.353]  Tuned to 30
[2016-11-16 14:22:08.454]  Tuned to 31
[2016-11-16 14:22:08.554]  Tuned to 32
[2016-11-16 14:22:08.654]  Tuned to 33
[2016-11-16 14:22:08.755]  Tuned to 34
[2016-11-16 14:22:08.855]  Tuned to 35
[2016-11-16 14:22:08.955]  Tuned to 36
[2016-11-16 14:22:09.056]  Tuned to 37
[2016-11-16 14:22:09.156]  Tuned to 38
[2016-11-16 14:22:09.256]  Tuned to 39
[2016-11-16 14:22:09.356]  Tuned to 40
[2016-11-16 14:22:09.457]  Tuned to 41
[2016-11-16 14:22:09.557]  Tuned to 42
[2016-11-16 14:22:09.657]  Tuned to 43
[2016-11-16 14:22:09.758]  Tuned to 44
[2016-11-16 14:22:09.858]  Tuned to 45
[2016-11-16 14:22:09.958]  Tuned to 46
[2016-11-16 14:22:10.059]  Tuned to 47
[2016-11-16 14:22:10.159]  Tuned to 48
[2016-11-16 14:22:10.259]  Tuned to 49
[2016-11-16 14:22:10.361]  Tuned to 50
[2016-11-16 14:22:10.461]  Tuned to 51
[2016-11-16 14:22:10.561]  Tuned to 52
[2016-11-16 14:22:10.661]  Tuned to 53
[2016-11-16 14:22:10.762]  Tuned to 54
[2016-11-16 14:22:10.862]  Tuned to 55
[2016-11-16 14:22:10.963]  Tuned to 56
[2016-11-16 14:22:11.063]  Tuned to 57
[2016-11-16 14:22:11.163]  Tuned to 58
[2016-11-16 14:22:11.264]  Tuned to 59
[2016-11-16 14:22:11.365]  Tuned to 60
[2016-11-16 14:22:11.465]  Tuned to 61
[2016-11-16 14:22:11.566]  Tuned to 62
[2016-11-16 14:22:11.666]  Tuned to 63
[2016-11-16 14:22:11.766]  Tuned to 64
[2016-11-16 14:22:11.867]  Tuned to 65
[2016-11-16 14:22:11.967]  Tuned to 66
[2016-11-16 14:22:12.068]  Tuned to 67
[2016-11-16 14:22:12.168]  Tuned to 68
[2016-11-16 14:22:12.269]  Tuned to 69
[2016-11-16 14:22:12.369]  Tuned to 70
[2016-11-16 14:22:12.469]  Tuned to 71
[2016-11-16 14:22:12.569]  Tuned to 72
[2016-11-16 14:22:12.670]  Tuned to 73
[2016-11-16 14:22:12.770]  Tuned to 74
[2016-11-16 14:22:12.870]  Tuned to 75
[2016-11-16 14:22:12.971]  Tuned to 76
[2016-11-16 14:22:13.071]  Tuned to 77
[2016-11-16 14:22:13.171]  Tuned to 78
[2016-11-16 14:22:13.272]  Tuned to 79
[2016-11-16 14:22:13.372]  Tuned to 80
[2016-11-16 14:22:13.472]  Tuned to 81
[2016-11-16 14:22:13.573]  Tuned to 82
[2016-11-16 14:22:13.673]  Tuned to 83
[2016-11-16 14:22:13.773]  Tuned to 2
[2016-11-16 14:22:13.873]  Tuned to 3
[2016-11-16 14:22:13.977]  Tuned to 4
[2016-11-16 14:22:14.077]  Tuned to 5
[2016-11-16 14:22:14.177]  Tuned to 6
[2016-11-16 14:22:14.278]  Tuned to 7
[2016-11-16 14:22:14.378]  Tuned to 8
[2016-11-16 14:22:14.478]  Tuned to 9
[2016-11-16 14:22:14.578]  Tuned to 10
[2016-11-16 14:22:14.679]  Tuned to 11
[2016-11-16 14:22:14.779]  Tuned to 12
[2016-11-16 14:22:14.879]  Tuned to 13
[2016-11-16 14:22:14.980]  Tuned to 14
[2016-11-16 14:22:15.080]  Tuned to 15
[2016-11-16 14:22:15.181]  Tuned to 16
[2016-11-16 14:22:15.281]  Tuned to 17
[2016-11-16 14:22:15.381]  Tuned to 18
[2016-11-16 14:22:15.481]  Tuned to 19
[2016-11-16 14:22:15.582]  Tuned to 20
[2016-11-16 14:22:15.682]  Tuned to 21
[2016-11-16 14:22:15.783]  Tuned to 22
[2016-11-16 14:22:15.883]  Tuned to 23
[2016-11-16 14:22:15.983]  Tuned to 24
[2016-11-16 14:22:16.083]  Tuned to 25
[2016-11-16 14:22:16.184]  Tuned to 26
[2016-11-16 14:22:16.284]  Tuned to 27
[2016-11-16 14:22:16.385]  Tuned to 28
[2016-11-16 14:22:16.486]  Tuned to 29
[2016-11-16 14:22:16.586]  Tuned to 30
[2016-11-16 14:22:16.687]  Tuned to 31
[2016-11-16 14:22:16.787]  Tuned to 32
[2016-11-16 14:22:16.887]  Tuned to 33
[2016-11-16 14:22:16.988]  Tuned to 34
[2016-11-16 14:22:17.088]  Tuned to 35
[2016-11-16 14:22:17.188]  Tuned to 36
[2016-11-16 14:22:17.288]  Tuned to 37
[2016-11-16 14:22:17.389]  Tuned to 38
[2016-11-16 14:22:17.489]  Tuned to 39
[2016-11-16 14:22:17.589]  Tuned to 40
[2016-11-16 14:22:17.690]  Tuned to 41
[2016-11-16 14:22:17.790]  Tuned to 42
[2016-11-16 14:22:17.890]  Tuned to 43
[2016-11-16 14:22:17.991]  Tuned to 44
[2016-11-16 14:22:18.091]  Tuned to 45
[2016-11-16 14:22:18.191]  Tuned to 46
[2016-11-16 14:22:18.292]  Tuned to 47
[2016-11-16 14:22:18.392]  Tuned to 48
[2016-11-16 14:22:18.492]  Tuned to 49
[2016-11-16 14:22:18.592]  Tuned to 50
[2016-11-16 14:22:18.693]  Tuned to 51
[2016-11-16 14:22:18.793]  Tuned to 52
[2016-11-16 14:22:18.894]  Tuned to 53
[2016-11-16 14:22:18.994]  Tuned to 54
[2016-11-16 14:22:19.094]  Tuned to 55
[2016-11-16 14:22:19.195]  Tuned to 56
[2016-11-16 14:22:19.295]  Tuned to 57
[2016-11-16 14:22:19.395]  Tuned to 58
[2016-11-16 14:22:19.496]  Tuned to 59
[2016-11-16 14:22:19.596]  Tuned to 60
[2016-11-16 14:22:19.696]  Tuned to 61
[2016-11-16 14:22:19.796]  Tuned to 62
[2016-11-16 14:22:19.897]  Tuned to 63
[2016-11-16 14:22:19.997]  Tuned to 64
[2016-11-16 14:22:20.097]  Tuned to 65
[2016-11-16 14:22:20.198]  Tuned to 66
[2016-11-16 14:22:20.298]  Tuned to 67
[2016-11-16 14:22:20.398]  Tuned to 68
[2016-11-16 14:22:20.499]  Tuned to 69
[2016-11-16 14:22:20.599]  Tuned to 70
[2016-11-16 14:22:20.699]  Tuned to 71
[2016-11-16 14:22:20.800]  Tuned to 72
[2016-11-16 14:22:20.900]  Tuned to 73
[2016-11-16 14:22:21.000]  Tuned to 74
[2016-11-16 14:22:21.101]  Tuned to 75
[2016-11-16 14:22:21.202]  Tuned to 76
[2016-11-16 14:22:21.302]  Tuned to 77
[2016-11-16 14:22:21.403]  Tuned to 78
[2016-11-16 14:22:21.503]  Tuned to 79
[2016-11-16 14:22:21.604]  Tuned to 80
[2016-11-16 14:22:21.704]  Tuned to 81
[2016-11-16 14:22:21.806]  Tuned to 82
[2016-11-16 14:22:21.906]  Tuned to 83
[2016-11-16 14:22:22.006]  Tuned to 2
[2016-11-16 14:22:22.107]  Tuned to 3
[2016-11-16 14:22:22.207]  Tuned to 4
[2016-11-16 14:22:22.307]  Tuned to 5
[2016-11-16 14:22:22.410]  Tuned to 6
[2016-11-16 14:22:22.510]  Tuned to 7
[2016-11-16 14:22:22.611]  Tuned to 8
[2016-11-16 14:22:22.711]  Tuned to 9
[2016-11-16 14:22:22.812]  Tuned to 10
[2016-11-16 14:22:22.912]  Tuned to 11
[2016-11-16 14:22:23.012]  Tuned to 12
[2016-11-16 14:22:23.114]  Tuned to 13
[2016-11-16 14:22:23.214]  Tuned to 14
[2016-11-16 14:22:23.317]  Tuned to 15
[2016-11-16 14:22:23.417]  Tuned to 16
[2016-11-16 14:22:23.518]  Tuned to 17
[2016-11-16 14:22:23.618]  Tuned to 18
[2016-11-16 14:22:23.718]  Tuned to 19
[2016-11-16 14:22:23.819]  Tuned to 20
[2016-11-16 14:22:23.919]  Tuned to 21
[2016-11-16 14:22:24.019]  Tuned to 22
[2016-11-16 14:22:24.119]  Tuned to 23
[2016-11-16 14:22:24.220]  Tuned to 24
[2016-11-16 14:22:24.320]  Tuned to 25
[2016-11-16 14:22:24.420]  Tuned to 26
[2016-11-16 14:22:24.521]  Tuned to 27
[2016-11-16 14:22:24.621]  Tuned to 28
[2016-11-16 14:22:24.722]  Tuned to 29
[2016-11-16 14:22:24.822]  Tuned to 30
[2016-11-16 14:22:24.923]  Tuned to 31
[2016-11-16 14:22:25.023]  Tuned to 32
[2016-11-16 14:22:25.123]  Tuned to 33
[2016-11-16 14:22:25.224]  Tuned to 34
[2016-11-16 14:22:25.324]  Tuned to 35
[2016-11-16 14:22:25.424]  Tuned to 36
[2016-11-16 14:22:25.525]  Tuned to 37
[2016-11-16 14:22:25.625]  Tuned to 38
[2016-11-16 14:22:25.727]  Tuned to 39
[2016-11-16 14:22:25.828]  Tuned to 40
[2016-11-16 14:22:25.928]  Tuned to 41
[2016-11-16 14:22:26.029]  Tuned to 42
[2016-11-16 14:22:26.129]  Tuned to 43
[2016-11-16 14:22:26.229]  Tuned to 44
[2016-11-16 14:22:26.330]  Tuned to 45
[2016-11-16 14:22:26.430]  Tuned to 46
[2016-11-16 14:22:26.530]  Tuned to 47
[2016-11-16 14:22:26.631]  Tuned to 48
[2016-11-16 14:22:26.731]  Tuned to 49
[2016-11-16 14:22:26.831]  Tuned to 50
[2016-11-16 14:22:26.932]  Tuned to 51
[2016-11-16 14:22:27.032]  Tuned to 52
[2016-11-16 14:22:27.132]  Tuned to 53
[2016-11-16 14:22:27.233]  Tuned to 54
[2016-11-16 14:22:27.333]  Tuned to 55
[2016-11-16 14:22:27.433]  Tuned to 56
[2016-11-16 14:22:27.534]  Tuned to 57
[2016-11-16 14:22:27.634]  Tuned to 58
[2016-11-16 14:22:27.734]  Tuned to 59
[2016-11-16 14:22:27.835]  Tuned to 60
[2016-11-16 14:22:27.935]  Tuned to 61
[2016-11-16 14:22:28.035]  Tuned to 62
[2016-11-16 14:22:28.136]  Tuned to 63
[2016-11-16 14:22:28.236]  Tuned to 64
[2016-11-16 14:22:28.336]  Tuned to 65
[2016-11-16 14:22:28.437]  Tuned to 66
[2016-11-16 14:22:28.537]  Tuned to 67
[2016-11-16 14:22:28.637]  Tuned to 68
[2016-11-16 14:22:28.738]  Tuned to 69
[2016-11-16 14:22:28.838]  Tuned to 70
[2016-11-16 14:22:28.938]  Tuned to 71
[2016-11-16 14:22:29.039]  Tuned to 72
[2016-11-16 14:22:29.139]  Tuned to 73
[2016-11-16 14:22:29.239]  Tuned to 74
[2016-11-16 14:22:29.340]  Tuned to 75
[2016-11-16 14:22:29.441]  Tuned to 76
[2016-11-16 14:22:29.541]  Tuned to 77
[2016-11-16 14:22:29.642]  Tuned to 78
[2016-11-16 14:22:29.742]  Tuned to 79
[2016-11-16 14:22:29.842]  Tuned to 80
[2016-11-16 14:22:29.943]  Tuned to 81
[2016-11-16 14:22:30.043]  Tuned to 82
[2016-11-16 14:22:30.143]  Tuned to 83
[2016-11-16 14:22:30.243]  Tuned to 2
[2016-11-16 14:22:30.344]  Tuned to 3
[2016-11-16 14:22:30.444]  Tuned to 4
[2016-11-16 14:22:30.544]  Tuned to 5
[2016-11-16 14:22:30.645]  Tuned to 6
[2016-11-16 14:22:30.745]  Tuned to 7
[2016-11-16 14:22:30.846]  Tuned to 8
[2016-11-16 14:22:30.946]  Tuned to 9
[2016-11-16 14:22:31.046]  Tuned to 10
[2016-11-16 14:22:31.147]  Tuned to 11
[2016-11-16 14:22:31.247]  Tuned to 12
[2016-11-16 14:22:31.347]  Tuned to 13
[2016-11-16 14:22:31.447]  Tuned to 14
[2016-11-16 14:22:31.548]  Tuned to 15
[2016-11-16 14:22:31.648]  Tuned to 16
[2016-11-16 14:22:31.748]  Tuned to 17
[2016-11-16 14:22:31.849]  Tuned to 18
[2016-11-16 14:22:31.949]  Tuned to 19
[2016-11-16 14:22:32.049]  Tuned to 20
[2016-11-16 14:22:32.150]  Tuned to 21
[2016-11-16 14:22:32.250]  Tuned to 22
[2016-11-16 14:22:32.350]  Tuned to 23
[2016-11-16 14:22:32.451]  Tuned to 24
[2016-11-16 14:22:32.551]  Tuned to 25
[2016-11-16 14:22:32.651]  Tuned to 26
[2016-11-16 14:22:32.752]  Tuned to 27
[2016-11-16 14:22:32.852]  Tuned to 28
[2016-11-16 14:22:32.952]  Tuned to 29
[2016-11-16 14:22:33.052]  Tuned to 30
[2016-11-16 14:22:33.153]  Tuned to 31
[2016-11-16 14:22:33.253]  Tuned to 32
[2016-11-16 14:22:33.353]  Tuned to 33
[2016-11-16 14:22:33.454]  Tuned to 34
[2016-11-16 14:22:33.554]  Tuned to 35
[2016-11-16 14:22:33.654]  Tuned to 36
[2016-11-16 14:22:33.755]  Tuned to 37
[2016-11-16 14:22:33.856]  Tuned to 38
[2016-11-16 14:22:33.956]  Tuned to 39
[2016-11-16 14:22:34.056]  Tuned to 40
[2016-11-16 14:22:34.157]  Tuned to 41
[2016-11-16 14:22:34.257]  Tuned to 42
[2016-11-16 14:22:34.357]  Tuned to 43
[2016-11-16 14:22:34.458]  Tuned to 44
[2016-11-16 14:22:34.558]  Tuned to 45
[2016-11-16 14:22:34.658]  Tuned to 46
[2016-11-16 14:22:34.759]  Tuned to 47
[2016-11-16 14:22:34.859]  Tuned to 48
[2016-11-16 14:22:34.959]  Tuned to 49
[2016-11-16 14:22:35.060]  Tuned to 50
[2016-11-16 14:22:35.161]  Tuned to 51
[2016-11-16 14:22:35.261]  Tuned to 52
[2016-11-16 14:22:35.361]  Tuned to 53
[2016-11-16 14:22:35.462]  Tuned to 54
[2016-11-16 14:22:35.562]  Tuned to 55
[2016-11-16 14:22:35.662]  Tuned to 56
[2016-11-16 14:22:35.763]  Tuned to 57
[2016-11-16 14:22:35.863]  Tuned to 58
[2016-11-16 14:22:35.963]  Tuned to 59
[2016-11-16 14:22:36.064]  Tuned to 60
[2016-11-16 14:22:36.164]  Tuned to 61
[2016-11-16 14:22:36.264]  Tuned to 62
[2016-11-16 14:22:36.365]  Tuned to 63
[2016-11-16 14:22:36.465]  Tuned to 64
[2016-11-16 14:22:36.566]  Tuned to 65
[2016-11-16 14:22:36.666]  Tuned to 66
[2016-11-16 14:22:36.766]  Tuned to 67
[2016-11-16 14:22:36.867]  Tuned to 68
[2016-11-16 14:22:36.967]  Tuned to 69
[2016-11-16 14:22:37.067]  Tuned to 70
[2016-11-16 14:22:37.168]  Tuned to 71
[2016-11-16 14:22:37.268]  Tuned to 72
[2016-11-16 14:22:37.368]  Tuned to 73
[2016-11-16 14:22:37.469]  Tuned to 74
[2016-11-16 14:22:37.569]  Tuned to 75
[2016-11-16 14:22:37.669]  Tuned to 76
[2016-11-16 14:22:37.770]  Tuned to 77
[2016-11-16 14:22:37.870]  Tuned to 78
[2016-11-16 14:22:37.970]  Tuned to 79
[2016-11-16 14:22:38.070]  Tuned to 80
[2016-11-16 14:22:38.171]  Tuned to 81
[2016-11-16 14:22:38.271]  Tuned to 82
[2016-11-16 14:22:38.371]  Tuned to 83
[2016-11-16 14:22:38.472]  Tuned to 2
[2016-11-16 14:22:38.572]  Tuned to 3
[2016-11-16 14:22:38.672]  Tuned to 4
[2016-11-16 14:22:38.772]  Tuned to 5
[2016-11-16 14:22:38.873]  Tuned to 6
[2016-11-16 14:22:38.973]  Tuned to 7
[2016-11-16 14:22:39.073]  Tuned to 8
[2016-11-16 14:22:39.174]  Tuned to 9
[2016-11-16 14:22:39.274]  Tuned to 10
[2016-11-16 14:22:39.374]  Tuned to 11
[2016-11-16 14:22:39.475]  Tuned to 12
[2016-11-16 14:22:39.575]  Tuned to 13
[2016-11-16 14:22:39.675]  Tuned to 14
tail: output.txt: file truncated
                                                                                                                                                                                                                                                                                                                                                                                                                                                                                                                                                                                                                                                                                                                                                                                                                                                                                                                                                                                                                                                                                                                                                                                                                                                                                                                                                                                                                                                                                                                                                                                                                                                                                                                                                                                                                                                                                                                                                                                                                                                                                                                                                                                                                                                                                                                                                                                                                                                                                                                                                                                                                                                                                                                                                                                                                                                                                                                                                                                                                                                                                                                                                                                                                                                                                                                                                                                                                                                                                                                                                                                                                                                                                                                                                                                                                                                                                                                                                                                                                                                                                                                                                                                                                                                                                                                                                                                                                                                                                                                                                                                                                                                                                                                                                                                                                                                                                                                                                                                                                                                                                                                                                                                                                                                                                                                                                                                                                                                                                                                                                                                                                                                                                                                                                                                                                                                                                                                                                                                                                                                                                                                                                                                                                                                                                                                                                                                                                                                                                                                                                                                                                                                                                                                                                                                                                                                                                                                                                                                                                                                                                                                                                                                                                                                                                                                                                                                                                                                                                                                                                                                                                                                                                                                                                                                                                                                                                                                                                                                                                                                                                                                                                                                                                                                                                                                                                                                                                                                                                                                                                                                                                                                                                                                                                                                                                                                                                                                                                                                                                                                                                                                                                                                                                                                                                                                                                                                                                                                                                                                                                                                                                                                                                                                                                                                                                                                                                                                                                                                                                                                                                                                                                                                                                                                                                                                                                                                                                                                                                                                                                                                                                                                                                                                                                                                                                                                                                                                                                                                                                                                                                                                                                                                                                                                                                                                                                                                                                                                                                                                                                                                                                                                                                                                                                                                                                                                                                                                                                                                                                                                                                                                                                                                                                                                                                                                                                                                                                                                                                                                                                                                                                                                                                                                                                                                                                                                                                                                                                                                                                                                                                                                                                                                                                                                                                                                                                                                                                                                                                                                                                                                                                                                                                                                                                                                                                                                                                                                                                                                                                                                                                                                                                                                                                                                                                                                                                                                                                                                                                                                                                                                                                                                                                                                                                                                                                                                                                                                                                                                                                                                                                                                                                                                                                                                                                                                                                                                                                                                                                                                                                                                                                                                                                                                                                                                                                                                                                                                                                                                                                                                                                                                                                                                                                                                                                                                                                                                                                                                                                                                                                                                                                                                                                                                                                                                                                                                                                                                                                                                                                                                                                                                                                                                                                                                                                                                                                                                                                                                                                                                                                                                                                                                                                                                                                                                                                                                                                                                                                                                                                                                                                                                                                                                                                                                                                                                                                                                                                                                                                                                                                                                                                                                                                                                                                                                                                                                                                                                                                                                                                                                                                                                                                                                                                                                                                                                                                                                                                                                                                                                                                                                                                                                                                                                                                                                                                                                                                                                                                                                                                                                                                                                                                                                                                                                                                                                                                                                                                                                                                                                                                                                                                                                                                                                                                                                                                                                                                                                                                                                                                                                                                                                                                                                                                                                                                                                                                                                                                                                                                                                                                                                                                                                                                                                                                                                                                                                                                                                                                                                                                                                                                                                                                                                                                                                                                                                                                                                                                                                                                                                                                                                                                                                                                                                                                                                                                                                                                                                                                                                                                                                                                                                                                                                                                                                                                                                                                                                                                                                                                                                                                                                                                                                                                                                                                                                                                                                                                                                                                                                                                                                                                                                                                                                                                                                                                                                                                                                                                                                                                                                                                                                                                                                                                                                                                                                                                                                                                                                                                                                                                                                                                                                                                                                                                                                                                                                                                                                                                                                                                                                                                                                                                                                                                                                                                                                                                                                                                                                                                                                                                                                                                                                                                                                                                                                                                                                                                                                                                                                                                                                                                                                                                                                                                                                                                                                                                                                                                                                                                                                                                                                                                                                                                                                                                                                                                                                                                                                                                                                                                                                                                                                                                                                                                                                                                                                                                                                                                                                                                                                                                                                                                                                                                                                                                                                                                                                                                                                                                                                                                                                                                                                                                                                                                                                                                                                                                                                                                                                                                                                                                                                                                                                                                                                                                                                                                                                                                                                                                                                                                                                                                                                                                                                                                                                                                                                                                                                                                                                                                                                                                                                                                                                                                                                                                                                                                                                                                                                                                                                                                                                                                                                                                                                                                                                                                                                                                                                                                                          [2016-11-16 14:22:39.776]  Tuned to 15
[2016-11-16 14:22:39.876]  Tuned to 16
[2016-11-16 14:22:39.976]  Tuned to 17
[2016-11-16 14:22:40.077]  Tuned to 18
[2016-11-16 14:22:40.177]  Tuned to 19
[2016-11-16 14:22:40.277]  Tuned to 20
[2016-11-16 14:22:40.378]  Tuned to 21
[2016-11-16 14:22:40.478]  Tuned to 22
[2016-11-16 14:22:40.578]  Tuned to 23
[2016-11-16 14:22:40.679]  Tuned to 24
[2016-11-16 14:22:40.779]  Tuned to 25
[2016-11-16 14:22:40.879]  Tuned to 26
[2016-11-16 14:22:40.980]  Tuned to 27
[2016-11-16 14:22:41.080]  Tuned to 28
[2016-11-16 14:22:41.180]  Tuned to 29
[2016-11-16 14:22:41.281]  Tuned to 30
[2016-11-16 14:22:41.381]  Tuned to 31
[2016-11-16 14:22:41.481]  Tuned to 32
[2016-11-16 14:22:41.582]  Tuned to 33
[2016-11-16 14:22:41.682]  Tuned to 34
[2016-11-16 14:22:41.782]  Tuned to 35
[2016-11-16 14:22:41.883]  Tuned to 36
[2016-11-16 14:22:41.983]  Tuned to 37
[2016-11-16 14:22:42.083]  Tuned to 38
[2016-11-16 14:22:42.184]  Tuned to 39
[2016-11-16 14:22:42.284]  Tuned to 40
[2016-11-16 14:22:42.384]  Tuned to 41
[2016-11-16 14:22:42.485]  Tuned to 42
[2016-11-16 14:22:42.585]  Tuned to 43
[2016-11-16 14:22:42.686]  Tuned to 44
[2016-11-16 14:22:42.786]  Tuned to 45
[2016-11-16 14:22:42.887]  Tuned to 46
[2016-11-16 14:22:42.987]  Tuned to 47
[2016-11-16 14:22:43.087]  Tuned to 48
[2016-11-16 14:22:43.188]  Tuned to 49
[2016-11-16 14:22:43.288]  Tuned to 50
[2016-11-16 14:22:43.388]  Tuned to 51
[2016-11-16 14:22:43.489]  Tuned to 52
[2016-11-16 14:22:43.589]  Tuned to 53
[2016-11-16 14:22:43.690]  Tuned to 54
[2016-11-16 14:22:43.791]  Tuned to 55
[2016-11-16 14:22:43.891]  Tuned to 56
[2016-11-16 14:22:43.991]  Tuned to 57
[2016-11-16 14:22:44.092]  Tuned to 58
[2016-11-16 14:22:44.192]  Tuned to 59
[2016-11-16 14:22:44.292]  Tuned to 60
[2016-11-16 14:22:44.393]  Tuned to 61
[2016-11-16 14:22:44.493]  Tuned to 62
[2016-11-16 14:22:44.594]  Tuned to 63
[2016-11-16 14:22:44.696]  Tuned to 64
[2016-11-16 14:22:44.796]  Tuned to 65
[2016-11-16 14:22:44.897]  Tuned to 66
[2016-11-16 14:22:44.997]  Tuned to 67
[2016-11-16 14:22:45.097]  Tuned to 68
[2016-11-16 14:22:45.197]  Tuned to 69
[2016-11-16 14:22:45.298]  Tuned to 70
[2016-11-16 14:22:45.398]  Tuned to 71
[2016-11-16 14:22:45.498]  Tuned to 72
[2016-11-16 14:22:45.599]  Tuned to 73
[2016-11-16 14:22:45.699]  Tuned to 74
[2016-11-16 14:22:45.799]  Tuned to 75
[2016-11-16 14:22:45.900]  Tuned to 76
[2016-11-16 14:22:46.000]  Tuned to 77
[2016-11-16 14:22:46.101]  Tuned to 78
[2016-11-16 14:22:46.201]  Tuned to 79
[2016-11-16 14:22:46.301]  Tuned to 80
[2016-11-16 14:22:46.402]  Tuned to 81
[2016-11-16 14:22:46.502]  Tuned to 82
[2016-11-16 14:22:46.602]  Tuned to 83
[2016-11-16 14:22:46.703]  Tuned to 2
[2016-11-16 14:22:46.803]  Tuned to 3
[2016-11-16 14:22:46.903]  Tuned to 4
[2016-11-16 14:22:47.004]  Tuned to 5
[2016-11-16 14:22:47.104]  Tuned to 6
[2016-11-16 14:22:47.204]  Tuned to 7
[2016-11-16 14:22:47.305]  Tuned to 8
[2016-11-16 14:22:47.405]  Tuned to 9
[2016-11-16 14:22:47.506]  Tuned to 10
[2016-11-16 14:22:47.606]  Tuned to 11
[2016-11-16 14:22:47.707]  Tuned to 12
[2016-11-16 14:22:47.807]  Tuned to 13
[2016-11-16 14:22:47.908]  Tuned to 14
[2016-11-16 14:22:48.008]  Tuned to 15
[2016-11-16 14:22:48.108]  Tuned to 16
[2016-11-16 14:22:48.209]  Tuned to 17
[2016-11-16 14:22:48.309]  Tuned to 18
[2016-11-16 14:22:48.409]  Tuned to 19
[2016-11-16 14:22:48.512]  Tuned to 20
[2016-11-16 14:22:48.613]  Tuned to 21
[2016-11-16 14:22:48.713]  Tuned to 22
[2016-11-16 14:22:48.815]  Tuned to 23
[2016-11-16 14:22:48.915]  Tuned to 24
[2016-11-16 14:22:49.016]  Tuned to 25
[2016-11-16 14:22:49.116]  Tuned to 26
[2016-11-16 14:22:49.216]  Tuned to 27
[2016-11-16 14:22:49.317]  Tuned to 28
[2016-11-16 14:22:49.417]  Tuned to 29
[2016-11-16 14:22:49.517]  Tuned to 30
[2016-11-16 14:22:49.618]  Tuned to 31
[2016-11-16 14:22:49.718]  Tuned to 32
[2016-11-16 14:22:49.818]  Tuned to 33
[2016-11-16 14:22:49.918]  Tuned to 34
[2016-11-16 14:22:50.019]  Tuned to 35
[2016-11-16 14:22:50.119]  Tuned to 36
[2016-11-16 14:22:50.219]  Tuned to 37
[2016-11-16 14:22:50.320]  Tuned to 38
[2016-11-16 14:22:50.423]  Tuned to 39
[2016-11-16 14:22:50.523]  Tuned to 40
[2016-11-16 14:22:50.623]  Tuned to 41
[2016-11-16 14:22:50.726]  Tuned to 42
[2016-11-16 14:22:50.826]  Tuned to 43
[2016-11-16 14:22:50.926]  Tuned to 44
[2016-11-16 14:22:51.027]  Tuned to 45
[2016-11-16 14:22:51.127]  Tuned to 46
[2016-11-16 14:22:51.227]  Tuned to 47
[2016-11-16 14:22:51.327]  Tuned to 48
[2016-11-16 14:22:51.428]  Tuned to 49
[2016-11-16 14:22:51.528]  Tuned to 50
[2016-11-16 14:22:51.628]  Tuned to 51
[2016-11-16 14:22:51.729]  Tuned to 52
[2016-11-16 14:22:51.829]  Tuned to 53
[2016-11-16 14:22:51.929]  Tuned to 54
[2016-11-16 14:22:52.030]  Tuned to 55
[2016-11-16 14:22:52.130]  Tuned to 56
[2016-11-16 14:22:52.231]  Tuned to 57
[2016-11-16 14:22:52.331]  Tuned to 58
[2016-11-16 14:22:52.431]  Tuned to 59
[2016-11-16 14:22:52.532]  Tuned to 60
[2016-11-16 14:22:52.632]  Tuned to 61
[2016-11-16 14:22:52.732]  Tuned to 62
[2016-11-16 14:22:52.833]  Tuned to 63
[2016-11-16 14:22:52.933]  Tuned to 64
[2016-11-16 14:22:53.033]  Tuned to 65
[2016-11-16 14:22:53.134]  Tuned to 66
[2016-11-16 14:22:53.234]  Tuned to 67
[2016-11-16 14:22:53.334]  Tuned to 68
[2016-11-16 14:22:53.435]  Tuned to 69
[2016-11-16 14:22:53.535]  Tuned to 70
[2016-11-16 14:22:53.635]  Tuned to 71
[2016-11-16 14:22:53.735]  Tuned to 72
[2016-11-16 14:22:53.836]  Tuned to 73
[2016-11-16 14:22:53.936]  Tuned to 74
[2016-11-16 14:22:54.036]  Tuned to 75
[2016-11-16 14:22:54.137]  Tuned to 76
[2016-11-16 14:22:54.237]  Tuned to 77
[2016-11-16 14:22:54.337]  Tuned to 78
[2016-11-16 14:22:54.438]  Tuned to 79
[2016-11-16 14:22:54.538]  Tuned to 80
[2016-11-16 14:22:54.638]  Tuned to 81
[2016-11-16 14:22:54.739]  Tuned to 82
[2016-11-16 14:22:54.839]  Tuned to 83
[2016-11-16 14:22:54.939]  Tuned to 2
[2016-11-16 14:22:55.039]  Tuned to 3
[2016-11-16 14:22:55.140]  Tuned to 4
[2016-11-16 14:22:55.240]  Tuned to 5
[2016-11-16 14:22:55.340]  Tuned to 6
[2016-11-16 14:22:55.441]  Tuned to 7
[2016-11-16 14:22:55.541]  Tuned to 8
[2016-11-16 14:22:55.641]  Tuned to 9
[2016-11-16 14:22:55.742]  Tuned to 10
[2016-11-16 14:22:55.842]  Tuned to 11
[2016-11-16 14:22:55.942]  Tuned to 12
[2016-11-16 14:22:56.042]  Tuned to 13
[2016-11-16 14:22:56.143]  Tuned to 14
[2016-11-16 14:22:56.243]  Tuned to 15
[2016-11-16 14:22:56.343]  Tuned to 16
[2016-11-16 14:22:56.444]  Tuned to 17
[2016-11-16 14:22:56.544]  Tuned to 18
[2016-11-16 14:22:56.644]  Tuned to 19
[2016-11-16 14:22:56.745]  Tuned to 20
[2016-11-16 14:22:56.845]  Tuned to 21
[2016-11-16 14:22:56.945]  Tuned to 22
[2016-11-16 14:22:57.046]  Tuned to 23
[2016-11-16 14:22:57.146]  Tuned to 24
[2016-11-16 14:22:57.246]  Tuned to 25
[2016-11-16 14:22:57.346]  Tuned to 26
[2016-11-16 14:22:57.447]  Tuned to 27
[2016-11-16 14:22:57.547]  Tuned to 28
[2016-11-16 14:22:57.647]  Tuned to 29
[2016-11-16 14:22:57.748]  Tuned to 30
[2016-11-16 14:22:57.848]  Tuned to 31
[2016-11-16 14:22:57.949]  Tuned to 32
[2016-11-16 14:22:58.049]  Tuned to 33
[2016-11-16 14:22:58.150]  Tuned to 34
[2016-11-16 14:22:58.250]  Tuned to 35
[2016-11-16 14:22:58.350]  Tuned to 36
[2016-11-16 14:22:58.450]  Tuned to 37
[2016-11-16 14:22:58.551]  Tuned to 38
[2016-11-16 14:22:58.651]  Tuned to 39
[2016-11-16 14:22:58.751]  Tuned to 40
[2016-11-16 14:22:58.852]  Tuned to 41
[2016-11-16 14:22:58.952]  Tuned to 42
[2016-11-16 14:22:59.052]  Tuned to 43
[2016-11-16 14:22:59.153]  Tuned to 44
[2016-11-16 14:22:59.253]  Tuned to 45
[2016-11-16 14:22:59.353]  Tuned to 46
[2016-11-16 14:22:59.454]  Tuned to 47
[2016-11-16 14:22:59.554]  Tuned to 48
[2016-11-16 14:22:59.654]  Tuned to 49
[2016-11-16 14:22:59.755]  Tuned to 50
[2016-11-16 14:22:59.857]  Tuned to 51
[2016-11-16 14:22:59.958]  Tuned to 52
[2016-11-16 14:23:00.058]  Tuned to 53
[2016-11-16 14:23:00.159]  Tuned to 54
[2016-11-16 14:23:00.259]  Tuned to 55
[2016-11-16 14:23:00.359]  Tuned to 56
[2016-11-16 14:23:00.460]  Tuned to 57
[2016-11-16 14:23:00.560]  Tuned to 58
[2016-11-16 14:23:00.660]  Tuned to 59
[2016-11-16 14:23:00.761]  Tuned to 60
[2016-11-16 14:23:00.861]  Tuned to 61
[2016-11-16 14:23:00.961]  Tuned to 62
[2016-11-16 14:23:01.062]  Tuned to 63
[2016-11-16 14:23:01.162]  Tuned to 64
[2016-11-16 14:23:01.262]  Tuned to 65
[2016-11-16 14:23:01.362]  Tuned to 66
[2016-11-16 14:23:01.463]  Tuned to 67
[2016-11-16 14:23:01.563]  Tuned to 68
[2016-11-16 14:23:01.663]  Tuned to 69
[2016-11-16 14:23:01.764]  Tuned to 70
[2016-11-16 14:23:01.864]  Tuned to 71
[2016-11-16 14:23:01.964]  Tuned to 72
[2016-11-16 14:23:02.065]  Tuned to 73
[2016-11-16 14:23:02.165]  Tuned to 74
[2016-11-16 14:23:02.265]  Tuned to 75
[2016-11-16 14:23:02.365]  Tuned to 76
[2016-11-16 14:23:02.466]  Tuned to 77
[2016-11-16 14:23:02.566]  Tuned to 78
[2016-11-16 14:23:02.666]  Tuned to 79
[2016-11-16 14:23:02.767]  Tuned to 80
[2016-11-16 14:23:02.867]  Tuned to 81
[2016-11-16 14:23:02.967]  Tuned to 82
[2016-11-16 14:23:03.068]  Tuned to 83
[2016-11-16 14:23:03.168]  Tuned to 2
[2016-11-16 14:23:03.268]  Tuned to 3
[2016-11-16 14:23:03.368]  Tuned to 4
[2016-11-16 14:23:03.469]  Tuned to 5
[2016-11-16 14:23:03.569]  Tuned to 6
[2016-11-16 14:23:03.669]  Tuned to 7
[2016-11-16 14:23:03.770]  Tuned to 8
[2016-11-16 14:23:03.870]  Tuned to 9
[2016-11-16 14:23:03.970]  Tuned to 10
[2016-11-16 14:23:04.071]  Tuned to 11
[2016-11-16 14:23:04.171]  Tuned to 12
[2016-11-16 14:23:04.271]  Tuned to 13
[2016-11-16 14:23:04.371]  Tuned to 14
[2016-11-16 14:23:04.472]  Tuned to 15
[2016-11-16 14:23:04.572]  Tuned to 16
[2016-11-16 14:23:04.672]  Tuned to 17
[2016-11-16 14:23:04.773]  Tuned to 18
[2016-11-16 14:23:04.873]  Tuned to 19
[2016-11-16 14:23:04.973]  Tuned to 20
[2016-11-16 14:23:05.074]  Tuned to 21
[2016-11-16 14:23:05.176]  Tuned to 22
[2016-11-16 14:23:05.277]  Tuned to 23
[2016-11-16 14:23:05.377]  Tuned to 24
[2016-11-16 14:23:05.477]  Tuned to 25
[2016-11-16 14:23:05.578]  Tuned to 26
[2016-11-16 14:23:05.678]  Tuned to 27
[2016-11-16 14:23:05.779]  Tuned to 28
[2016-11-16 14:23:05.879]  Tuned to 29
[2016-11-16 14:23:05.979]  Tuned to 30
[2016-11-16 14:23:06.080]  Tuned to 31
[2016-11-16 14:23:06.180]  Tuned to 32
[2016-11-16 14:23:06.280]  Tuned to 33
[2016-11-16 14:23:06.380]  Tuned to 34
[2016-11-16 14:23:06.481]  Tuned to 35
[2016-11-16 14:23:06.581]  Tuned to 36
[2016-11-16 14:23:06.681]  Tuned to 37
[2016-11-16 14:23:06.782]  Tuned to 38
[2016-11-16 14:23:06.883]  Tuned to 39
[2016-11-16 14:23:06.983]  Tuned to 40
[2016-11-16 14:23:07.084]  Tuned to 41
[2016-11-16 14:23:07.184]  Tuned to 42
[2016-11-16 14:23:07.284]  Tuned to 43
[2016-11-16 14:23:07.384]  Tuned to 44
[2016-11-16 14:23:07.486]  Tuned to 45
[2016-11-16 14:23:07.586]  Tuned to 46
[2016-11-16 14:23:07.687]  Tuned to 47
[2016-11-16 14:23:07.787]  Tuned to 48
[2016-11-16 14:23:07.887]  Tuned to 49
[2016-11-16 14:23:07.988]  Tuned to 50
[2016-11-16 14:23:08.088]  Tuned to 51
[2016-11-16 14:23:08.188]  Tuned to 52
[2016-11-16 14:23:08.288]  Tuned to 53
[2016-11-16 14:23:08.389]  Tuned to 54
[2016-11-16 14:23:08.489]  Tuned to 55
[2016-11-16 14:23:08.589]  Tuned to 56
[2016-11-16 14:23:08.690]  Tuned to 57
[2016-11-16 14:23:08.790]  Tuned to 58
[2016-11-16 14:23:08.890]  Tuned to 59
[2016-11-16 14:23:08.990]  Tuned to 60
[2016-11-16 14:23:09.091]  Tuned to 61
[2016-11-16 14:23:09.194]  Tuned to 62
[2016-11-16 14:23:09.294]  Tuned to 63
[2016-11-16 14:23:09.394]  Tuned to 64
[2016-11-16 14:23:09.495]  Tuned to 65
[2016-11-16 14:23:09.595]  Tuned to 66
[2016-11-16 14:23:09.695]  Tuned to 67
[2016-11-16 14:23:09.796]  Tuned to 68
[2016-11-16 14:23:09.896]  Tuned to 69
[2016-11-16 14:23:09.998]  Tuned to 70
[2016-11-16 14:23:10.099]  Tuned to 71
[2016-11-16 14:23:10.200]  Tuned to 72
[2016-11-16 14:23:10.301]  Tuned to 73
[2016-11-16 14:23:10.402]  Tuned to 74
[2016-11-16 14:23:10.502]  Tuned to 75
[2016-11-16 14:23:10.602]  Tuned to 76
[2016-11-16 14:23:10.703]  Tuned to 77
[2016-11-16 14:23:10.803]  Tuned to 78
[2016-11-16 14:23:10.903]  Tuned to 79
[2016-11-16 14:23:11.004]  Tuned to 80
[2016-11-16 14:23:11.105]  Tuned to 81
[2016-11-16 14:23:11.205]  Tuned to 82
[2016-11-16 14:23:11.306]  Tuned to 83
[2016-11-16 14:23:11.406]  Tuned to 2
[2016-11-16 14:23:11.506]  Tuned to 3
[2016-11-16 14:23:11.607]  Tuned to 4
[2016-11-16 14:23:11.707]  Tuned to 5
[2016-11-16 14:23:11.807]  Tuned to 6
[2016-11-16 14:23:11.908]  Tuned to 7
[2016-11-16 14:23:12.008]  Tuned to 8
[2016-11-16 14:23:12.108]  Tuned to 9
[2016-11-16 14:23:12.209]  Tuned to 10
[2016-11-16 14:23:12.309]  Tuned to 11
[2016-11-16 14:23:12.410]  Tuned to 12
[2016-11-16 14:23:12.510]  Tuned to 13
[2016-11-16 14:23:12.611]  Tuned to 14
[2016-11-16 14:23:12.711]  Tuned to 15
[2016-11-16 14:23:12.812]  Tuned to 16
[2016-11-16 14:23:12.912]  Tuned to 17
[2016-11-16 14:23:13.012]  Tuned to 18
[2016-11-16 14:23:13.113]  Tuned to 19
[2016-11-16 14:23:13.213]  Tuned to 20
[2016-11-16 14:23:13.313]  Tuned to 21
[2016-11-16 14:23:13.414]  Tuned to 22
[2016-11-16 14:23:13.514]  Tuned to 23
[2016-11-16 14:23:13.614]  Tuned to 24
[2016-11-16 14:23:13.714]  Tuned to 25
[2016-11-16 14:23:13.815]  Tuned to 26
[2016-11-16 14:23:13.915]  Tuned to 27
[2016-11-16 14:23:14.016]  Tuned to 28
[2016-11-16 14:23:14.116]  Tuned to 29
[2016-11-16 14:23:14.216]  Tuned to 30
[2016-11-16 14:23:14.317]  Tuned to 31
[2016-11-16 14:23:14.417]  Tuned to 32
[2016-11-16 14:23:14.517]  Tuned to 33
[2016-11-16 14:23:14.617]  Tuned to 34
[2016-11-16 14:23:14.718]  Tuned to 35
[2016-11-16 14:23:14.818]  Tuned to 36
[2016-11-16 14:23:14.918]  Tuned to 37
[2016-11-16 14:23:15.019]  Tuned to 38
[2016-11-16 14:23:15.119]  Tuned to 39
[2016-11-16 14:23:15.219]  Tuned to 40
[2016-11-16 14:23:15.320]  Tuned to 41
[2016-11-16 14:23:15.422]  Tuned to 42
[2016-11-16 14:23:15.522]  Tuned to 43
[2016-11-16 14:23:15.622]  Tuned to 44
[2016-11-16 14:23:15.723]  Tuned to 45
[2016-11-16 14:23:15.823]  Tuned to 46
[2016-11-16 14:23:15.923]  Tuned to 47
[2016-11-16 14:23:16.024]  Tuned to 48
[2016-11-16 14:23:16.124]  Tuned to 49
[2016-11-16 14:23:16.224]  Tuned to 50
[2016-11-16 14:23:16.325]  Tuned to 51
[2016-11-16 14:23:16.425]  Tuned to 52
[2016-11-16 14:23:16.525]  Tuned to 53
[2016-11-16 14:23:16.625]  Tuned to 54
[2016-11-16 14:23:16.726]  Tuned to 55
[2016-11-16 14:23:16.826]  Tuned to 56
[2016-11-16 14:23:16.926]  Tuned to 57
[2016-11-16 14:23:17.027]  Tuned to 58
[2016-11-16 14:23:17.127]  Tuned to 59
[2016-11-16 14:23:17.227]  Tuned to 60
[2016-11-16 14:23:17.328]  Tuned to 61
[2016-11-16 14:23:17.428]  Tuned to 62
[2016-11-16 14:23:17.528]  Tuned to 63
[2016-11-16 14:23:17.628]  Tuned to 64
[2016-11-16 14:23:17.730]  Tuned to 65
[2016-11-16 14:23:17.830]  Tuned to 66
[2016-11-16 14:23:17.930]  Tuned to 67
[2016-11-16 14:23:18.031]  Tuned to 68
[2016-11-16 14:23:18.131]  Tuned to 69
[2016-11-16 14:23:18.231]  Tuned to 70
[2016-11-16 14:23:18.332]  Tuned to 71
[2016-11-16 14:23:18.432]  Tuned to 72
[2016-11-16 14:23:18.532]  Tuned to 73
[2016-11-16 14:23:18.632]  Tuned to 74
[2016-11-16 14:23:18.733]  Tuned to 75
[2016-11-16 14:23:18.833]  Tuned to 76
[2016-11-16 14:23:18.933]  Tuned to 77
[2016-11-16 14:23:19.034]  Tuned to 78
[2016-11-16 14:23:19.134]  Tuned to 79
[2016-11-16 14:23:19.234]  Tuned to 80
[2016-11-16 14:23:19.335]  Tuned to 81
[2016-11-16 14:23:19.435]  Tuned to 82
[2016-11-16 14:23:19.535]  Tuned to 83
[2016-11-16 14:23:19.636]  Tuned to 2
[2016-11-16 14:23:19.736]  Tuned to 3
[2016-11-16 14:23:19.836]  Tuned to 4
[2016-11-16 14:23:19.936]   4   4  52:10:8D:3A:A8  09:4B:14:B5
[2016-11-16 14:23:19.937]  Tuned to 5
[2016-11-16 14:23:20.038]  Tuned to 6
[2016-11-16 14:23:20.138]  Tuned to 7
[2016-11-16 14:23:20.238]  Tuned to 8
[2016-11-16 14:23:20.339]  Tuned to 9
[2016-11-16 14:23:20.439]  Tuned to 10
[2016-11-16 14:23:20.539]  Tuned to 11
[2016-11-16 14:23:20.640]  Tuned to 12
[2016-11-16 14:23:20.741]  Tuned to 13
[2016-11-16 14:23:20.841]  Tuned to 14
[2016-11-16 14:23:20.942]  Tuned to 15
[2016-11-16 14:23:21.042]  Tuned to 16
[2016-11-16 14:23:21.142]  Tuned to 17
[2016-11-16 14:23:21.243]  Tuned to 18
[2016-11-16 14:23:21.343]  Tuned to 19
[2016-11-16 14:23:21.443]  Tuned to 20
[2016-11-16 14:23:21.544]  Tuned to 21
[2016-11-16 14:23:21.644]  Tuned to 22
[2016-11-16 14:23:21.744]  Tuned to 23
[2016-11-16 14:23:21.844]  Tuned to 24
[2016-11-16 14:23:21.945]  Tuned to 25
[2016-11-16 14:23:22.045]  Tuned to 26
[2016-11-16 14:23:22.145]  Tuned to 27
[2016-11-16 14:23:22.246]  Tuned to 28
[2016-11-16 14:23:22.346]  Tuned to 29
[2016-11-16 14:23:22.446]  Tuned to 30
[2016-11-16 14:23:22.547]  Tuned to 31
[2016-11-16 14:23:22.647]  Tuned to 32
[2016-11-16 14:23:22.747]  Tuned to 33
[2016-11-16 14:23:22.848]  Tuned to 34
[2016-11-16 14:23:22.948]  Tuned to 35
[2016-11-16 14:23:23.048]  Tuned to 36
[2016-11-16 14:23:23.149]  Tuned to 37
[2016-11-16 14:23:23.249]  Tuned to 38
[2016-11-16 14:23:23.350]  Tuned to 39
[2016-11-16 14:23:23.450]  Tuned to 40
[2016-11-16 14:23:23.551]  Tuned to 41
[2016-11-16 14:23:23.651]  Tuned to 42
[2016-11-16 14:23:23.751]  Tuned to 43
[2016-11-16 14:23:23.852]  Tuned to 44
[2016-11-16 14:23:23.952]  Tuned to 45
[2016-11-16 14:23:24.052]  Tuned to 46
[2016-11-16 14:23:24.153]  Tuned to 47
[2016-11-16 14:23:24.253]  Tuned to 48
[2016-11-16 14:23:24.353]  Tuned to 49
[2016-11-16 14:23:24.453]  Tuned to 50
[2016-11-16 14:23:24.554]  Tuned to 51
[2016-11-16 14:23:24.654]  Tuned to 52
[2016-11-16 14:23:24.754]  Tuned to 53
[2016-11-16 14:23:24.855]  Tuned to 54
[2016-11-16 14:23:24.955]  Tuned to 55
[2016-11-16 14:23:25.055]  Tuned to 56
[2016-11-16 14:23:25.156]  Tuned to 57
[2016-11-16 14:23:25.256]  Tuned to 58
[2016-11-16 14:23:25.356]  Tuned to 59
[2016-11-16 14:23:25.457]  Tuned to 60
[2016-11-16 14:23:25.557]  Tuned to 61
[2016-11-16 14:23:25.657]  Tuned to 62
[2016-11-16 14:23:25.757]  Tuned to 63
[2016-11-16 14:23:25.858]  Tuned to 64
[2016-11-16 14:23:25.958]  Tuned to 65
[2016-11-16 14:23:26.058]  Tuned to 66
[2016-11-16 14:23:26.159]  Tuned to 67
[2016-11-16 14:23:26.259]  Tuned to 68
[2016-11-16 14:23:26.359]  Tuned to 69
[2016-11-16 14:23:26.460]  Tuned to 70
[2016-11-16 14:23:26.560]  Tuned to 71
[2016-11-16 14:23:26.660]  Tuned to 72
[2016-11-16 14:23:26.761]  Tuned to 73
[2016-11-16 14:23:26.862]  Tuned to 74
[2016-11-16 14:23:26.964]  Tuned to 75
[2016-11-16 14:23:27.064]  Tuned to 76
[2016-11-16 14:23:27.165]  Tuned to 77
[2016-11-16 14:23:27.267]  Tuned to 78
[2016-11-16 14:23:27.367]  Tuned to 79
[2016-11-16 14:23:27.467]  Tuned to 80
[2016-11-16 14:23:27.568]  Tuned to 81
[2016-11-16 14:23:27.668]  Tuned to 82
[2016-11-16 14:23:27.768]  Tuned to 83
[2016-11-16 14:23:27.869]  Tuned to 2
[2016-11-16 14:23:27.969]  Tuned to 3
[2016-11-16 14:23:28.069]  Tuned to 4
[2016-11-16 14:23:28.171]  Tuned to 5
[2016-11-16 14:23:28.272]  Tuned to 6
[2016-11-16 14:23:28.372]  Tuned to 7
[2016-11-16 14:23:28.472]  Tuned to 8
[2016-11-16 14:23:28.572]  Tuned to 9
[2016-11-16 14:23:28.674]  Tuned to 10
[2016-11-16 14:23:28.774]  Tuned to 11
[2016-11-16 14:23:28.875]  Tuned to 12
[2016-11-16 14:23:28.975]  Tuned to 13
[2016-11-16 14:23:29.075]  Tuned to 14
tail: output.txt: file truncated
[2016-11-16 14:23:29.143]  Using channels 2, 3, 4, 5, 6, 7, 8, 9, 10, 11, 12, 13, 14, 15, 16, 17, 18, 19, 20, 21, 22, 23, 24, 25, 26, 27, 28, 29, 30, 31, 32, 33, 34, 35, 36, 37, 38, 39, 40, 41, 42, 43, 44, 45, 46, 47, 48, 49, 50, 51, 52, 53, 54, 55, 56, 57, 58, 59, 60, 61, 62, 63, 64, 65, 66, 67, 68, 69, 70, 71, 72, 73, 74, 75, 76, 77, 78, 79, 80, 81, 82, 83
Traceback (most recent call last):
  File "../modules/mousejack/tools/nrf24-scanner.py", line 27, in <module>
    common.parse_and_init()
  File "/home/lain/Development/seniordesign/mithren/modules/mousejack/tools/lib/common.py", line 58, in parse_and_init
    radio = nrf24(args.index)
  File "/home/lain/Development/seniordesign/mithren/modules/mousejack/tools/lib/nrf24.py", line 69, in __init__
    raise ex
usb.core.USBError: [Errno 16] Resource busy
                                                                                                                                                                                                                                                                                                                                                                                                                                                                                                                                                                                                                                                                                                                                                                                                                                                                                                                                                                                                                                                                                                                                                                                                                                                                                                                                                                                                                                                                                                                                                                                                                                                                                                                                                                                                                                                                                                                                                                                                                                                                                                                                                                                                                                                                                                                                                                                                                                                                                                                                                                                                                                                                                                                                                                                                                                                                                                                                                                                                                                                                                                                                                                                                                                                                                                                                                                                                                                                                                                                                                                                                                                                                                                                                                                                                                                                                                                                                                                                                                                                                                                                                                                                                                                                                                                                                                                                                                                                                                                                                                                                                                                                                                                                                                                                                                                                                                                                                                                                                                                                                                                                                                                                                                                                                                                                                                                                                                                                                                                                                                                                                                                                                                                                                                                                                                                                                                                                                                                                                                                                                                                                                                                                                                                                                                                                                                                                                                                                                                                                                                                                                                                                                                                                                                                                                                                                                                                                                                                                                                                                                                                                                                                                                                                                                                                                                                                                                                                                                                                                                                                                                                                                                                                                                                                                                                                                                                                                                                                                                                                                                                                                                                                                                                                                                                                                                                                                                                                                                                                                                                                                                                                                                                                                                                                                                                                                                                                                                                                                                                                                                                                                                                                                                                                                                                                                                                                                                                                                                                                                                                                                                                                                                                                                                                                                                                                                                                                                                                                                                                                                                                                                                                                                                                                                                                                                                                                                                                                                                                                                                                                                                                                                                                                                                                                                                                                                                                                                                                                                                                                                                                                                                                                                                                                                                                                                                                                                                                                                                                                                                                                                                                                                                                                                                                                                                                                                                                                                                                                                                                                                                                                                                                                                                                                                                                                                                                                                                                                                                                                                                                                                                                                                                                                                                                                                                                                                                                                                                                                                                                                                                                                                                                                                                                                                                                                                                                                                                                                                                                                                                                                                                                                                                                                                                                                                                                                                                                                                                                                                                                                                                                                                                                                                                                                                                                                                                                                                                                                                                                                                                                                                                                                                                                                                                                                                                                                                                                                                                                                                                                                                                                                                                                                                                                                                                                                                                                                                                                                                                                                                                                                                                                                                                                                                                                                                                                                                                                                                                                                                                                                                                                                                                                                                                                                                                                                                                                                                                                                                                                                                                                                                                                                                                                                                                                                                                                                                                                                                                                                                                                                                                                                                                                                                                                                                                                                                                                                                                                                                                                                                                                                                                                                                                                                                                                                                                                                                                                                                                                                                                                                                                                                                                                                                                                                                                                                                                                                                                                                                                                                                                                                                                                                                                                                                                                                                                                                                                                                                                                                                                                                                                                                                                                                                                                                                                                                                                                                                                                                                                                                                                                                                                                                                                                                                                                                                                                                                                                                                                                                                                                                                                                                                                                                                                                                                                                                                                                                                                                                                                                                                                                                                                                                                                                                                                                                                                                                                                                                                                                                                                                                                                                                                                                                                                                                                                                                                                                                                                                                                                                                                                                                                                                                                                                                                                                                                                                                                                                                                                                                                                                                                                                                                                                                                                                                                                                                                                                                                                                                                                                                                                                                                                                                                                                                                                                                                                                                                                                                                                                                                                                                                                                                                                                                                                                                                                                                                                                                                                                                                                                                                                                                                                                                                                                                                                                                                                                                                                                                                                                                                                                                                                                                                                                                                                                                                                                                                                                                                                                                                                                                                                                                                                                                                                                                                                                                                                                                                                                                                                                                                                                                                                                                                                                                                                                                                                                                                                                                                                                                                                                                                                                                                                                                                                                                                                                                                                                                                                                                                                                                                                                                                                                                                                                                                                                                                                                                                                                                                                                                                                                                                                                                                                                                                                                                                                                                                                                                                                                                                                                                                                                                                                                                                                                                                                                                                                                                                                                                                                                                                                                                                                                                                                                                                                                                                                                                                                                                                                                                                                                                                                                                                                                                                                                                                                                                                                                                                                                                                                                                                                                                                                                                                                                                                                                                                                                                                                                                                                                                                                                                                                                                                                                                                                                                                                                                                                                                                                                                                                                                                                                                                                                                                                                                                                                                                                                                                                                                                                                                                                                                                                                                                                                                                                                                                                                                                                                                                                                                                                                                                                                                                                                                                                                                                                                                                                                                                                                                                                                                                                                                                                                                                                                                                                                                                                                                                                                                                                                                                                                                                                                                                                                                                                                                                                                                                                                                                                                                                                                                                                                                                                                                                                                                                                                                                                                                                                                                                                                                                                                                                                                                                                                                                                                                                                                                                                                                                                                                                                                                                                                                                                                                                                                                                                                                                                                                                                                                                                                                                                                                                                                                                                                                                                                                                                                                                                                                                                                                                                                                                                                                                                                                                                                                                                                                                                                                                                                                                                                                                                                                                                                                                                                                                                                                                                                                                                                                                                                                                                                                                                                                                                                                                                                                                                                                                                                                                                                                                                                                                                                                                                                                                                                                                                                                                                                                                                                                                                                                                                                                                                                                                                                                                                                                                                                                                                                                                                                                                                                                                                                                                                                                                                                                                                                                                                                                                                                                                                                                                                                                                                                                                                                                                                                                                                                                                                                                                                                                                                                                                                                                                                                                                                                                                                                                                                                                                                                                                                                                                                                                                                                                                                                                                                                                                                                                                                                                                                                                                                                                                                                                                                                                                                                                                                                                                                                                                                                                                                                                                                                                                                                                                                                                                                                                                                                                                                                                                                                                                                                                                                                                                                                                                                                                                                                                                                                                                                                                                                                                                                                                                                                                                                                                                                                                                                                                                                                                                                                                                                                                                                                                                                                                                                                                                                                                                                                                                                                                                                                                                                                                                                                                                                                                                                                                                                                                                                                                                                                                                                                                                                                                                                                                                                                                                                                                                                                                                                                                                                                                                                                                                                                                                                                                                                                                                                                                                                                                                                                                                                                                                                                                                                                                                                                                                                                                                                                                                                                                                                                                                                                                                                                                                                                                                                                                                                                                                                                                                                                                                                                                                                                                                                                                                                                                                                                                                                                                                                                                                                                                                                                                                                                                                                                                                                                                                                                                                                                                                                                                                                                                                                                                                                                                                                                                                                                                                                                                                                                                                                                                                                                                                                                                                                                                                                                                                                                                                                                                                                                                                                                                                                                                                                                                                                                                                                                                                                                                                                                                                                                                                                                                                                                                                                                                                                                                                                                                                                                                                                                                                                                                                                                                                                                                                                                                                                                                                                                                                                                                                                                                                                                                                                                                                                                                                                                                                                                                                                                                                                                                                                                                                                                                                                                                                                                                                                                                                                                                                                                                                                                                                                                                                                                                                                                                                                                                                                                                                                                                                                                                                                                                                                                                                                                                                                                                                                                                                                                                                                                                                                                                                                                                                                                                                                                                                                                                                                                                                                                                                                                                                                                                                                                                                                                                                                                                                                                                                                                                                                                                                                                                                                                                                                                                                                                                                                                                   [2016-11-16 14:23:29.276]  Tuned to 16
[2016-11-16 14:23:29.376]  Tuned to 17
[2016-11-16 14:23:29.477]  Tuned to 18
[2016-11-16 14:23:29.577]  Tuned to 19
[2016-11-16 14:23:29.677]  Tuned to 20
[2016-11-16 14:23:29.777]  Tuned to 21
[2016-11-16 14:23:29.878]  Tuned to 22
[2016-11-16 14:23:29.978]  Tuned to 23
[2016-11-16 14:23:30.079]  Tuned to 24
[2016-11-16 14:23:30.180]  Tuned to 25
[2016-11-16 14:23:30.280]  Tuned to 26
[2016-11-16 14:23:30.380]  Tuned to 27
[2016-11-16 14:23:30.481]  Tuned to 28
[2016-11-16 14:23:30.581]  Tuned to 29
[2016-11-16 14:23:30.681]  Tuned to 30
[2016-11-16 14:23:30.782]  Tuned to 31
[2016-11-16 14:23:30.883]  Tuned to 32
[2016-11-16 14:23:30.983]  Tuned to 33
[2016-11-16 14:23:31.085]  Tuned to 34
[2016-11-16 14:23:31.185]  Tuned to 35
[2016-11-16 14:23:31.285]  Tuned to 36
[2016-11-16 14:23:31.386]  Tuned to 37
[2016-11-16 14:23:31.486]  Tuned to 38
[2016-11-16 14:23:31.586]  Tuned to 39
[2016-11-16 14:23:31.687]  Tuned to 40
[2016-11-16 14:23:31.787]  Tuned to 41
[2016-11-16 14:23:31.887]  Tuned to 42
[2016-11-16 14:23:31.987]  Tuned to 43
[2016-11-16 14:23:32.088]  Tuned to 44
[2016-11-16 14:23:32.188]  Tuned to 45
[2016-11-16 14:23:32.288]  Tuned to 46
[2016-11-16 14:23:32.389]  Tuned to 47
[2016-11-16 14:23:32.489]  Tuned to 48
[2016-11-16 14:23:32.589]  Tuned to 49
[2016-11-16 14:23:32.690]  Tuned to 50
[2016-11-16 14:23:32.790]  Tuned to 51
[2016-11-16 14:23:32.890]  Tuned to 52
[2016-11-16 14:23:32.990]  Tuned to 53
[2016-11-16 14:23:33.091]  Tuned to 54
[2016-11-16 14:23:33.191]  Tuned to 55
[2016-11-16 14:23:33.291]  Tuned to 56
[2016-11-16 14:23:33.392]  Tuned to 57
[2016-11-16 14:23:33.492]  Tuned to 58
[2016-11-16 14:23:33.594]  Tuned to 59
[2016-11-16 14:23:33.694]  Tuned to 60
[2016-11-16 14:23:33.794]  Tuned to 61
[2016-11-16 14:23:33.895]  Tuned to 62
[2016-11-16 14:23:33.995]  Tuned to 63
[2016-11-16 14:23:34.095]  Tuned to 64
[2016-11-16 14:23:34.196]  Tuned to 65
[2016-11-16 14:23:34.296]  Tuned to 66
[2016-11-16 14:23:34.396]  Tuned to 67
[2016-11-16 14:23:34.497]  Tuned to 68
[2016-11-16 14:23:34.597]  Tuned to 69
[2016-11-16 14:23:34.697]  Tuned to 70
[2016-11-16 14:23:34.797]  Tuned to 71
[2016-11-16 14:23:34.898]  Tuned to 72
[2016-11-16 14:23:34.998]  Tuned to 73
[2016-11-16 14:23:35.098]  Tuned to 74
[2016-11-16 14:23:35.199]  Tuned to 75
[2016-11-16 14:23:35.299]  Tuned to 76
[2016-11-16 14:23:35.399]  Tuned to 77
[2016-11-16 14:23:35.499]  Tuned to 78
[2016-11-16 14:23:35.600]  Tuned to 79
[2016-11-16 14:23:35.700]  Tuned to 80
[2016-11-16 14:23:35.800]  Tuned to 81
[2016-11-16 14:23:35.901]  Tuned to 82
[2016-11-16 14:23:36.001]  Tuned to 83
[2016-11-16 14:23:36.101]  Tuned to 2
[2016-11-16 14:23:36.202]  Tuned to 3
[2016-11-16 14:23:36.302]  Tuned to 4
[2016-11-16 14:23:36.402]  Tuned to 5
[2016-11-16 14:23:36.503]  Tuned to 6
[2016-11-16 14:23:36.603]  Tuned to 7
[2016-11-16 14:23:36.703]  Tuned to 8
[2016-11-16 14:23:36.804]  Tuned to 9
[2016-11-16 14:23:36.904]  Tuned to 10
[2016-11-16 14:23:37.004]  Tuned to 11
[2016-11-16 14:23:37.105]  Tuned to 12
[2016-11-16 14:23:37.205]  Tuned to 13
[2016-11-16 14:23:37.305]  Tuned to 14
[2016-11-16 14:23:37.406]  Tuned to 15
[2016-11-16 14:23:37.506]  Tuned to 16
Traceback (most recent call last):
  File "../modules/mousejack/tools/nrf24-scanner.py", line 55, in <module>
    value = common.radio.receive_payload()
  File "/home/lain/Development/seniordesign/mithren/modules/mousejack/tools/lib/nrf24.py", line 109, in receive_payload
    return self.dongle.read(0x81, 64, timeout=nrf24.usb_timeout)
  File "/usr/local/lib/python2.7/dist-packages/usb/core.py", line 988, in read
    self.__get_timeout(timeout))
  File "/usr/local/lib/python2.7/dist-packages/usb/backend/libusb1.py", line 833, in bulk_read
    timeout)
  File "/usr/local/lib/python2.7/dist-packages/usb/backend/libusb1.py", line 936, in __read
    _check(retval)
  File "/usr/local/lib/python2.7/dist-packages/usb/backend/libusb1.py", line 595, in _check
    raise USBError(_strerror(ret), ret, _libusb_errno[ret])
usb.core.USBError: [Errno 5] Input/Output Error
tail: output.txt: file truncated
[2016-11-16 14:23:40.581]  Using channels 2, 3, 4, 5, 6, 7, 8, 9, 10, 11, 12, 13, 14, 15, 16, 17, 18, 19, 20, 21, 22, 23, 24, 25, 26, 27, 28, 29, 30, 31, 32, 33, 34, 35, 36, 37, 38, 39, 40, 41, 42, 43, 44, 45, 46, 47, 48, 49, 50, 51, 52, 53, 54, 55, 56, 57, 58, 59, 60, 61, 62, 63, 64, 65, 66, 67, 68, 69, 70, 71, 72, 73, 74, 75, 76, 77, 78, 79, 80, 81, 82, 83
[2016-11-16 14:23:40.597]  Entered promiscuous mode
[2016-11-16 14:23:40.597]  Tuned to 2
[2016-11-16 14:23:40.697]  Tuned to 3
[2016-11-16 14:23:40.798]  Tuned to 4
[2016-11-16 14:23:40.898]  Tuned to 5
[2016-11-16 14:23:40.999]  Tuned to 6
[2016-11-16 14:23:41.099]  Tuned to 7
[2016-11-16 14:23:41.199]  Tuned to 8
[2016-11-16 14:23:41.299]  Tuned to 9
[2016-11-16 14:23:41.400]  Tuned to 10
[2016-11-16 14:23:41.500]  Tuned to 11
[2016-11-16 14:23:41.600]  Tuned to 12
[2016-11-16 14:23:41.701]  Tuned to 13
[2016-11-16 14:23:41.801]  Tuned to 14
[2016-11-16 14:23:41.901]  Tuned to 15
[2016-11-16 14:23:42.002]  Tuned to 16
[2016-11-16 14:23:42.102]  Tuned to 17
[2016-11-16 14:23:42.202]  Tuned to 18
[2016-11-16 14:23:42.302]  Tuned to 19
[2016-11-16 14:23:42.403]  Tuned to 20
[2016-11-16 14:23:42.503]  Tuned to 21
[2016-11-16 14:23:42.604]  Tuned to 22
[2016-11-16 14:23:42.704]  Tuned to 23
[2016-11-16 14:23:42.804]  Tuned to 24
[2016-11-16 14:23:42.905]  Tuned to 25
[2016-11-16 14:23:43.005]  Tuned to 26
[2016-11-16 14:23:43.105]  Tuned to 27
[2016-11-16 14:23:43.206]  Tuned to 28
[2016-11-16 14:23:43.307]  Tuned to 29
[2016-11-16 14:23:43.407]  Tuned to 30
[2016-11-16 14:23:43.507]  Tuned to 31
[2016-11-16 14:23:43.608]  Tuned to 32
[2016-11-16 14:23:43.708]  Tuned to 33
[2016-11-16 14:23:43.808]  Tuned to 34
[2016-11-16 14:23:43.909]  Tuned to 35
[2016-11-16 14:23:44.009]  Tuned to 36
[2016-11-16 14:23:44.110]  Tuned to 37
[2016-11-16 14:23:44.210]  Tuned to 38
[2016-11-16 14:23:44.310]  Tuned to 39
[2016-11-16 14:23:44.410]  Tuned to 40
[2016-11-16 14:23:44.511]  Tuned to 41
[2016-11-16 14:23:44.611]  Tuned to 42
[2016-11-16 14:23:44.711]  Tuned to 43
[2016-11-16 14:23:44.812]  Tuned to 44
[2016-11-16 14:23:44.912]  Tuned to 45
[2016-11-16 14:23:45.012]  Tuned to 46
[2016-11-16 14:23:45.113]  Tuned to 47
[2016-11-16 14:23:45.213]  Tuned to 48
[2016-11-16 14:23:45.313]  Tuned to 49
[2016-11-16 14:23:45.414]  Tuned to 50
[2016-11-16 14:23:45.514]  Tuned to 51
[2016-11-16 14:23:45.614]  Tuned to 52
[2016-11-16 14:23:45.715]  Tuned to 53
[2016-11-16 14:23:45.816]  Tuned to 54
[2016-11-16 14:23:45.916]  Tuned to 55
[2016-11-16 14:23:46.017]  Tuned to 56
[2016-11-16 14:23:46.117]  Tuned to 57
[2016-11-16 14:23:46.217]  Tuned to 58
[2016-11-16 14:23:46.318]  Tuned to 59
[2016-11-16 14:23:46.418]  Tuned to 60
[2016-11-16 14:23:46.518]  Tuned to 61
[2016-11-16 14:23:46.618]  Tuned to 62
[2016-11-16 14:23:46.719]  Tuned to 63
[2016-11-16 14:23:46.819]  Tuned to 64
[2016-11-16 14:23:46.919]  Tuned to 65
[2016-11-16 14:23:47.020]  Tuned to 66
[2016-11-16 14:23:47.120]  Tuned to 67
[2016-11-16 14:23:47.220]  Tuned to 68
[2016-11-16 14:23:47.321]  Tuned to 69
[2016-11-16 14:23:47.421]  Tuned to 70
[2016-11-16 14:23:47.522]  Tuned to 71
[2016-11-16 14:23:47.623]  Tuned to 72
[2016-11-16 14:23:47.723]  Tuned to 73
[2016-11-16 14:23:47.823]  Tuned to 74
[2016-11-16 14:23:47.923]  Tuned to 75
[2016-11-16 14:23:48.024]  Tuned to 76
[2016-11-16 14:23:48.124]  Tuned to 77
[2016-11-16 14:23:48.224]  Tuned to 78
[2016-11-16 14:23:48.325]  Tuned to 79
[2016-11-16 14:23:48.425]  Tuned to 80
[2016-11-16 14:23:48.526]  Tuned to 81
[2016-11-16 14:23:48.626]  Tuned to 82
[2016-11-16 14:23:48.726]  Tuned to 83
[2016-11-16 14:23:48.827]  Tuned to 2
[2016-11-16 14:23:48.927]  Tuned to 3
[2016-11-16 14:23:49.027]  Tuned to 4
[2016-11-16 14:23:49.128]  Tuned to 5
[2016-11-16 14:23:49.228]  Tuned to 6
[2016-11-16 14:23:49.328]  Tuned to 7
[2016-11-16 14:23:49.429]  Tuned to 8
[2016-11-16 14:23:49.529]  Tuned to 9
[2016-11-16 14:23:49.629]  Tuned to 10
[2016-11-16 14:23:49.730]  Tuned to 11
[2016-11-16 14:23:49.830]  Tuned to 12
[2016-11-16 14:23:49.932]  Tuned to 13
[2016-11-16 14:23:50.032]  Tuned to 14
[2016-11-16 14:23:50.132]  Tuned to 15
[2016-11-16 14:23:50.233]  Tuned to 16
[2016-11-16 14:23:50.333]  Tuned to 17
[2016-11-16 14:23:50.433]  Tuned to 18
[2016-11-16 14:23:50.534]  Tuned to 19
[2016-11-16 14:23:50.634]  Tuned to 20
[2016-11-16 14:23:50.734]  Tuned to 21
[2016-11-16 14:23:50.834]  Tuned to 22
[2016-11-16 14:23:50.935]  Tuned to 23
[2016-11-16 14:23:51.035]  Tuned to 24
[2016-11-16 14:23:51.135]  Tuned to 25
[2016-11-16 14:23:51.236]  Tuned to 26
[2016-11-16 14:23:51.336]  Tuned to 27
[2016-11-16 14:23:51.436]  Tuned to 28
[2016-11-16 14:23:51.537]  Tuned to 29
[2016-11-16 14:23:51.637]  Tuned to 30
[2016-11-16 14:23:51.739]  Tuned to 31
[2016-11-16 14:23:51.839]  Tuned to 32
Traceback (most recent call last):
  File "../modules/mousejack/tools/nrf24-scanner.py", line 55, in <module>
    value = common.radio.receive_payload()
  File "/home/lain/Development/seniordesign/mithren/modules/mousejack/tools/lib/nrf24.py", line 109, in receive_payload
    return self.dongle.read(0x81, 64, timeout=nrf24.usb_timeout)
  File "/usr/local/lib/python2.7/dist-packages/usb/core.py", line 975, in read
    intf, ep = self._ctx.setup_request(self, endpoint)
  File "/usr/local/lib/python2.7/dist-packages/usb/core.py", line 102, in wrapper
    return f(self, *args, **kwargs)
  File "/usr/local/lib/python2.7/dist-packages/usb/core.py", line 215, in setup_request
    intf, ep = self.get_interface_and_endpoint(device, endpoint_address)
  File "/usr/local/lib/python2.7/dist-packages/usb/core.py", line 102, in wrapper
    return f(self, *args, **kwargs)
  File "/usr/local/lib/python2.7/dist-packages/usb/core.py", line 223, in get_interface_and_endpoint
    return self._ep_info[endpoint_address]
KeyboardInterrupt
tail: output.txt: file truncated
[2016-11-16 14:24:56.356]  Using channels 2, 3, 4, 5, 6, 7, 8, 9, 10, 11, 12, 13, 14, 15, 16, 17, 18, 19, 20, 21, 22, 23, 24, 25, 26, 27, 28, 29, 30, 31, 32, 33, 34, 35, 36, 37, 38, 39, 40, 41, 42, 43, 44, 45, 46, 47, 48, 49, 50, 51, 52, 53, 54, 55, 56, 57, 58, 59, 60, 61, 62, 63, 64, 65, 66, 67, 68, 69, 70, 71, 72, 73, 74, 75, 76, 77, 78, 79, 80, 81, 82, 83
[2016-11-16 14:24:56.377]  Entered promiscuous mode
[2016-11-16 14:24:56.377]  Tuned to 2
[2016-11-16 14:24:56.478]  Tuned to 3
[2016-11-16 14:24:56.578]  Tuned to 4
[2016-11-16 14:24:56.678]  Tuned to 5
[2016-11-16 14:24:56.781]  Tuned to 6
[2016-11-16 14:24:56.882]  Tuned to 7
[2016-11-16 14:24:56.982]  Tuned to 8
[2016-11-16 14:24:57.083]  Tuned to 9
[2016-11-16 14:24:57.183]  Tuned to 10
[2016-11-16 14:24:57.283]  Tuned to 11
[2016-11-16 14:24:57.383]  Tuned to 12
[2016-11-16 14:24:57.484]  Tuned to 13
[2016-11-16 14:24:57.584]  Tuned to 14
[2016-11-16 14:24:57.684]  Tuned to 15
[2016-11-16 14:24:57.785]  Tuned to 16
[2016-11-16 14:24:57.885]  Tuned to 17
[2016-11-16 14:24:57.985]  Tuned to 18
[2016-11-16 14:24:58.086]  Tuned to 19
[2016-11-16 14:24:58.186]  Tuned to 20
[2016-11-16 14:24:58.287]  Tuned to 21
[2016-11-16 14:24:58.387]  Tuned to 22
[2016-11-16 14:24:58.487]  Tuned to 23
[2016-11-16 14:24:58.588]  Tuned to 24
[2016-11-16 14:24:58.688]  Tuned to 25
[2016-11-16 14:24:58.788]  Tuned to 26
[2016-11-16 14:24:58.889]  Tuned to 27
[2016-11-16 14:24:58.989]  Tuned to 28
[2016-11-16 14:24:59.089]  Tuned to 29
[2016-11-16 14:24:59.190]  Tuned to 30
[2016-11-16 14:24:59.290]  Tuned to 31
[2016-11-16 14:24:59.390]  Tuned to 32
[2016-11-16 14:24:59.490]  Tuned to 33
[2016-11-16 14:24:59.591]  Tuned to 34
[2016-11-16 14:24:59.691]  Tuned to 35
[2016-11-16 14:24:59.791]  Tuned to 36
[2016-11-16 14:24:59.892]  Tuned to 37
[2016-11-16 14:24:59.992]  Tuned to 38
[2016-11-16 14:25:00.092]  Tuned to 39
[2016-11-16 14:25:00.193]  Tuned to 40
[2016-11-16 14:25:00.293]  Tuned to 41
[2016-11-16 14:25:00.393]  Tuned to 42
[2016-11-16 14:25:00.496]  Tuned to 43
[2016-11-16 14:25:00.596]  Tuned to 44
[2016-11-16 14:25:00.696]  Tuned to 45
[2016-11-16 14:25:00.797]  Tuned to 46
[2016-11-16 14:25:00.897]  Tuned to 47
[2016-11-16 14:25:00.997]  Tuned to 48
[2016-11-16 14:25:01.097]  Tuned to 49
[2016-11-16 14:25:01.198]  Tuned to 50
[2016-11-16 14:25:01.298]  Tuned to 51
[2016-11-16 14:25:01.398]  Tuned to 52
[2016-11-16 14:25:01.499]  Tuned to 53
[2016-11-16 14:25:01.599]  Tuned to 54
[2016-11-16 14:25:01.699]  Tuned to 55
[2016-11-16 14:25:01.799]  Tuned to 56
[2016-11-16 14:25:01.900]  Tuned to 57
[2016-11-16 14:25:02.000]  Tuned to 58
[2016-11-16 14:25:02.100]  Tuned to 59
[2016-11-16 14:25:02.201]  Tuned to 60
[2016-11-16 14:25:02.301]  Tuned to 61
[2016-11-16 14:25:02.401]  Tuned to 62
[2016-11-16 14:25:02.503]  Tuned to 63
[2016-11-16 14:25:02.605]  Tuned to 64
[2016-11-16 14:25:02.705]  Tuned to 65
[2016-11-16 14:25:02.806]  Tuned to 66
[2016-11-16 14:25:02.906]  Tuned to 67
[2016-11-16 14:25:03.007]  Tuned to 68
[2016-11-16 14:25:03.107]  Tuned to 69
[2016-11-16 14:25:03.207]  Tuned to 70
[2016-11-16 14:25:03.308]  Tuned to 71
[2016-11-16 14:25:03.408]  Tuned to 72
[2016-11-16 14:25:03.508]  Tuned to 73
[2016-11-16 14:25:03.609]  Tuned to 74
[2016-11-16 14:25:03.709]  Tuned to 75
[2016-11-16 14:25:03.809]  Tuned to 76
[2016-11-16 14:25:03.909]  Tuned to 77
[2016-11-16 14:25:04.010]  Tuned to 78
[2016-11-16 14:25:04.110]  Tuned to 79
[2016-11-16 14:25:04.210]  Tuned to 80
[2016-11-16 14:25:04.311]  Tuned to 81
[2016-11-16 14:25:04.412]  Tuned to 82
[2016-11-16 14:25:04.512]  Tuned to 83
[2016-11-16 14:25:04.612]  Tuned to 2
[2016-11-16 14:25:04.713]  Tuned to 3
[2016-11-16 14:25:04.813]  Tuned to 4
[2016-11-16 14:25:04.913]  Tuned to 5
[2016-11-16 14:25:05.014]  Tuned to 6
[2016-11-16 14:25:05.114]  Tuned to 7
[2016-11-16 14:25:05.214]  Tuned to 8
[2016-11-16 14:25:05.314]  Tuned to 9
[2016-11-16 14:25:05.415]  Tuned to 10
[2016-11-16 14:25:05.515]  Tuned to 11
[2016-11-16 14:25:05.615]  Tuned to 12
[2016-11-16 14:25:05.716]  Tuned to 13
[2016-11-16 14:25:05.816]  Tuned to 14
[2016-11-16 14:25:05.916]  Tuned to 15
[2016-11-16 14:25:06.017]  Tuned to 16
[2016-11-16 14:25:06.117]  Tuned to 17
[2016-11-16 14:25:06.217]  Tuned to 18
[2016-11-16 14:25:06.318]  Tuned to 19
[2016-11-16 14:25:06.418]  Tuned to 20
[2016-11-16 14:25:06.519]  Tuned to 21
[2016-11-16 14:25:06.621]  Tuned to 22
[2016-11-16 14:25:06.721]  Tuned to 23
[2016-11-16 14:25:06.821]  Tuned to 24
[2016-11-16 14:25:06.922]  Tuned to 25
[2016-11-16 14:25:07.022]  Tuned to 26
[2016-11-16 14:25:07.122]  Tuned to 27
[2016-11-16 14:25:07.224]  Tuned to 28
[2016-11-16 14:25:07.324]  Tuned to 29
[2016-11-16 14:25:07.425]  Tuned to 30
[2016-11-16 14:25:07.525]  Tuned to 31
[2016-11-16 14:25:07.625]  Tuned to 32
[2016-11-16 14:25:07.726]  Tuned to 33
[2016-11-16 14:25:07.826]  Tuned to 34
[2016-11-16 14:25:07.926]  Tuned to 35
[2016-11-16 14:25:08.026]  Tuned to 36
[2016-11-16 14:25:08.127]  Tuned to 37
[2016-11-16 14:25:08.227]  Tuned to 38
[2016-11-16 14:25:08.327]  Tuned to 39
[2016-11-16 14:25:08.428]  Tuned to 40
[2016-11-16 14:25:08.528]  Tuned to 41
[2016-11-16 14:25:08.629]  Tuned to 42
[2016-11-16 14:25:08.729]  Tuned to 43
[2016-11-16 14:25:08.830]  Tuned to 44
[2016-11-16 14:25:08.930]  Tuned to 45
[2016-11-16 14:25:09.030]  Tuned to 46
[2016-11-16 14:25:09.131]  Tuned to 47
[2016-11-16 14:25:09.231]  Tuned to 48
[2016-11-16 14:25:09.331]  Tuned to 49
[2016-11-16 14:25:09.432]  Tuned to 50
[2016-11-16 14:25:09.532]  Tuned to 51
[2016-11-16 14:25:09.632]  Tuned to 52
[2016-11-16 14:25:09.733]  Tuned to 53
[2016-11-16 14:25:09.833]  Tuned to 54
[2016-11-16 14:25:09.933]  Tuned to 55
[2016-11-16 14:25:10.034]  Tuned to 56
[2016-11-16 14:25:10.134]  Tuned to 57
[2016-11-16 14:25:10.234]  Tuned to 58
[2016-11-16 14:25:10.335]  Tuned to 59
[2016-11-16 14:25:10.435]  Tuned to 60
[2016-11-16 14:25:10.535]  Tuned to 61
[2016-11-16 14:25:10.636]  Tuned to 62
[2016-11-16 14:25:10.736]  Tuned to 63
[2016-11-16 14:25:10.836]  Tuned to 64
[2016-11-16 14:25:10.937]  Tuned to 65
[2016-11-16 14:25:11.037]  Tuned to 66
[2016-11-16 14:25:11.137]  Tuned to 67
[2016-11-16 14:25:11.238]  Tuned to 68
[2016-11-16 14:25:11.338]  Tuned to 69
[2016-11-16 14:25:11.438]  Tuned to 70
[2016-11-16 14:25:11.539]  Tuned to 71
[2016-11-16 14:25:11.639]  Tuned to 72
[2016-11-16 14:25:11.739]  Tuned to 73
[2016-11-16 14:25:11.840]  Tuned to 74
[2016-11-16 14:25:11.940]  Tuned to 75
[2016-11-16 14:25:12.040]  Tuned to 76
[2016-11-16 14:25:12.141]  Tuned to 77
[2016-11-16 14:25:12.241]  Tuned to 78
[2016-11-16 14:25:12.341]  Tuned to 79
[2016-11-16 14:25:12.442]  Tuned to 80
[2016-11-16 14:25:12.542]  Tuned to 81
[2016-11-16 14:25:12.642]  Tuned to 82
[2016-11-16 14:25:12.743]  Tuned to 83
[2016-11-16 14:25:12.843]  Tuned to 2
[2016-11-16 14:25:12.943]  Tuned to 3
[2016-11-16 14:25:13.043]  Tuned to 4
[2016-11-16 14:25:13.144]  Tuned to 5
[2016-11-16 14:25:13.244]  Tuned to 6
[2016-11-16 14:25:13.344]  Tuned to 7
[2016-11-16 14:25:13.445]  Tuned to 8
[2016-11-16 14:25:13.545]  Tuned to 9
[2016-11-16 14:25:13.645]  Tuned to 10
[2016-11-16 14:25:13.746]  Tuned to 11
[2016-11-16 14:25:13.847]  Tuned to 12
[2016-11-16 14:25:13.947]  Tuned to 13
[2016-11-16 14:25:14.047]  Tuned to 14
[2016-11-16 14:25:14.150]  Tuned to 15
[2016-11-16 14:25:14.250]  Tuned to 16
[2016-11-16 14:25:14.350]  Tuned to 17
[2016-11-16 14:25:14.451]  Tuned to 18
[2016-11-16 14:25:14.551]  Tuned to 19
[2016-11-16 14:25:14.651]  Tuned to 20
[2016-11-16 14:25:14.752]  Tuned to 21
[2016-11-16 14:25:14.852]  Tuned to 22
[2016-11-16 14:25:14.952]  Tuned to 23
[2016-11-16 14:25:15.053]  Tuned to 24
[2016-11-16 14:25:15.153]  Tuned to 25
[2016-11-16 14:25:15.253]  Tuned to 26
[2016-11-16 14:25:15.354]  Tuned to 27
[2016-11-16 14:25:15.454]  Tuned to 28
[2016-11-16 14:25:15.555]  Tuned to 29
[2016-11-16 14:25:15.656]  Tuned to 30
[2016-11-16 14:25:15.756]  Tuned to 31
[2016-11-16 14:25:15.857]  Tuned to 32
[2016-11-16 14:25:15.957]  Tuned to 33
[2016-11-16 14:25:16.057]  Tuned to 34
[2016-11-16 14:25:16.158]  Tuned to 35
[2016-11-16 14:25:16.258]  Tuned to 36
[2016-11-16 14:25:16.358]  Tuned to 37
[2016-11-16 14:25:16.459]  Tuned to 38
[2016-11-16 14:25:16.559]  Tuned to 39
[2016-11-16 14:25:16.659]  Tuned to 40
[2016-11-16 14:25:16.760]  Tuned to 41
[2016-11-16 14:25:16.860]  Tuned to 42
[2016-11-16 14:25:16.960]  Tuned to 43
[2016-11-16 14:25:17.060]  Tuned to 44
[2016-11-16 14:25:17.161]  Tuned to 45
[2016-11-16 14:25:17.261]  Tuned to 46
[2016-11-16 14:25:17.362]  Tuned to 47
[2016-11-16 14:25:17.462]  Tuned to 48
[2016-11-16 14:25:17.562]  Tuned to 49
[2016-11-16 14:25:17.663]  Tuned to 50
[2016-11-16 14:25:17.763]  Tuned to 51
[2016-11-16 14:25:17.863]  Tuned to 52
[2016-11-16 14:25:17.964]  Tuned to 53
[2016-11-16 14:25:18.065]  Tuned to 54
[2016-11-16 14:25:18.165]  Tuned to 55
[2016-11-16 14:25:18.265]  Tuned to 56
[2016-11-16 14:25:18.366]  Tuned to 57
[2016-11-16 14:25:18.466]  Tuned to 58
[2016-11-16 14:25:18.566]  Tuned to 59
[2016-11-16 14:25:18.666]  Tuned to 60
[2016-11-16 14:25:18.767]  Tuned to 61
[2016-11-16 14:25:18.867]  Tuned to 62
[2016-11-16 14:25:18.967]  Tuned to 63
[2016-11-16 14:25:19.068]  Tuned to 64
[2016-11-16 14:25:19.168]  Tuned to 65
[2016-11-16 14:25:19.268]  Tuned to 66
[2016-11-16 14:25:19.369]  Tuned to 67
[2016-11-16 14:25:19.469]  Tuned to 68
[2016-11-16 14:25:19.569]  Tuned to 69
[2016-11-16 14:25:19.670]  Tuned to 70
[2016-11-16 14:25:19.770]  Tuned to 71
[2016-11-16 14:25:19.870]  Tuned to 72
[2016-11-16 14:25:19.971]  Tuned to 73
[2016-11-16 14:25:20.071]  Tuned to 74
[2016-11-16 14:25:20.171]  Tuned to 75
[2016-11-16 14:25:20.272]  Tuned to 76
[2016-11-16 14:25:20.372]  Tuned to 77
[2016-11-16 14:25:20.473]  Tuned to 78
[2016-11-16 14:25:20.573]  Tuned to 79
[2016-11-16 14:25:20.673]  Tuned to 80
[2016-11-16 14:25:20.774]  Tuned to 81
[2016-11-16 14:25:20.874]  Tuned to 82
[2016-11-16 14:25:20.974]  Tuned to 83
[2016-11-16 14:25:21.075]  Tuned to 2
[2016-11-16 14:25:21.175]  Tuned to 3
[2016-11-16 14:25:21.275]  Tuned to 4
[2016-11-16 14:25:21.377]  Tuned to 5
[2016-11-16 14:25:21.477]  Tuned to 6
[2016-11-16 14:25:21.578]  Tuned to 7
[2016-11-16 14:25:21.678]  Tuned to 8
[2016-11-16 14:25:21.778]  Tuned to 9
[2016-11-16 14:25:21.879]  Tuned to 10
[2016-11-16 14:25:21.979]  Tuned to 11
[2016-11-16 14:25:22.079]  Tuned to 12
[2016-11-16 14:25:22.180]  Tuned to 13
[2016-11-16 14:25:22.281]  Tuned to 14
[2016-11-16 14:25:22.381]  Tuned to 15
[2016-11-16 14:25:22.481]  Tuned to 16
[2016-11-16 14:25:22.582]  Tuned to 17
[2016-11-16 14:25:22.682]  Tuned to 18
[2016-11-16 14:25:22.782]  Tuned to 19
[2016-11-16 14:25:22.883]  Tuned to 20
[2016-11-16 14:25:22.984]  Tuned to 21
[2016-11-16 14:25:23.084]  Tuned to 22
[2016-11-16 14:25:23.184]  Tuned to 23
[2016-11-16 14:25:23.285]  Tuned to 24
[2016-11-16 14:25:23.385]  Tuned to 25
[2016-11-16 14:25:23.485]  Tuned to 26
[2016-11-16 14:25:23.586]  Tuned to 27
[2016-11-16 14:25:23.686]  Tuned to 28
[2016-11-16 14:25:23.786]  Tuned to 29
[2016-11-16 14:25:23.887]  Tuned to 30
[2016-11-16 14:25:23.989]  Tuned to 31
[2016-11-16 14:25:24.089]  Tuned to 32
[2016-11-16 14:25:24.189]  Tuned to 33
[2016-11-16 14:25:24.290]  Tuned to 34
[2016-11-16 14:25:24.390]  Tuned to 35
[2016-11-16 14:25:24.490]  Tuned to 36
[2016-11-16 14:25:24.591]  Tuned to 37
[2016-11-16 14:25:24.691]  Tuned to 38
[2016-11-16 14:25:24.791]  Tuned to 39
[2016-11-16 14:25:24.892]  Tuned to 40
[2016-11-16 14:25:24.992]  Tuned to 41
[2016-11-16 14:25:25.092]  Tuned to 42
[2016-11-16 14:25:25.192]  Tuned to 43
[2016-11-16 14:25:25.293]  Tuned to 44
[2016-11-16 14:25:25.396]  Tuned to 45
[2016-11-16 14:25:25.496]  Tuned to 46
[2016-11-16 14:25:25.596]  Tuned to 47
[2016-11-16 14:25:25.697]  Tuned to 48
[2016-11-16 14:25:25.798]  Tuned to 49
[2016-11-16 14:25:25.899]  Tuned to 50
[2016-11-16 14:25:25.999]  Tuned to 51
[2016-11-16 14:25:26.099]  Tuned to 52
[2016-11-16 14:25:26.200]  Tuned to 53
[2016-11-16 14:25:26.300]  Tuned to 54
[2016-11-16 14:25:26.400]  Tuned to 55
[2016-11-16 14:25:26.500]  Tuned to 56
[2016-11-16 14:25:26.601]  Tuned to 57
[2016-11-16 14:25:26.701]  Tuned to 58
[2016-11-16 14:25:26.801]  Tuned to 59
[2016-11-16 14:25:26.902]  Tuned to 60
[2016-11-16 14:25:27.002]  Tuned to 61
[2016-11-16 14:25:27.104]  Tuned to 62
[2016-11-16 14:25:27.204]  Tuned to 63
[2016-11-16 14:25:27.307]  Tuned to 64
[2016-11-16 14:25:27.407]  Tuned to 65
[2016-11-16 14:25:27.507]  Tuned to 66
[2016-11-16 14:25:27.608]  Tuned to 67
[2016-11-16 14:25:27.708]  Tuned to 68
[2016-11-16 14:25:27.808]  Tuned to 69
[2016-11-16 14:25:27.909]  Tuned to 70
[2016-11-16 14:25:28.009]  Tuned to 71
[2016-11-16 14:25:28.109]  Tuned to 72
[2016-11-16 14:25:28.210]  Tuned to 73
[2016-11-16 14:25:28.310]  Tuned to 74
[2016-11-16 14:25:28.410]  Tuned to 75
[2016-11-16 14:25:28.512]  Tuned to 76
[2016-11-16 14:25:28.612]  Tuned to 77
[2016-11-16 14:25:28.713]  Tuned to 78
[2016-11-16 14:25:28.815]  Tuned to 79
[2016-11-16 14:25:28.915]  Tuned to 80
[2016-11-16 14:25:29.015]  Tuned to 81
[2016-11-16 14:25:29.116]  Tuned to 82
[2016-11-16 14:25:29.216]  Tuned to 83
[2016-11-16 14:25:29.316]  Tuned to 2
[2016-11-16 14:25:29.417]  Tuned to 3
[2016-11-16 14:25:29.517]  Tuned to 4
[2016-11-16 14:25:29.617]  Tuned to 5
[2016-11-16 14:25:29.718]  Tuned to 6
[2016-11-16 14:25:29.818]  Tuned to 7
[2016-11-16 14:25:29.918]  Tuned to 8
[2016-11-16 14:25:30.019]  Tuned to 9
[2016-11-16 14:25:30.119]  Tuned to 10
[2016-11-16 14:25:30.220]  Tuned to 11
[2016-11-16 14:25:30.320]  Tuned to 12
[2016-11-16 14:25:30.420]  Tuned to 13
[2016-11-16 14:25:30.520]  Tuned to 14
[2016-11-16 14:25:30.621]  Tuned to 15
[2016-11-16 14:25:30.721]  Tuned to 16
[2016-11-16 14:25:30.822]  Tuned to 17
[2016-11-16 14:25:30.922]  Tuned to 18
[2016-11-16 14:25:31.022]  Tuned to 19
[2016-11-16 14:25:31.123]  Tuned to 20
[2016-11-16 14:25:31.224]  Tuned to 21
[2016-11-16 14:25:31.325]  Tuned to 22
[2016-11-16 14:25:31.425]  Tuned to 23
[2016-11-16 14:25:31.525]  Tuned to 24
[2016-11-16 14:25:31.626]  Tuned to 25
[2016-11-16 14:25:31.726]  Tuned to 26
[2016-11-16 14:25:31.826]  Tuned to 27
[2016-11-16 14:25:31.927]  Tuned to 28
[2016-11-16 14:25:32.027]  Tuned to 29
[2016-11-16 14:25:32.128]  Tuned to 30
[2016-11-16 14:25:32.228]  Tuned to 31
[2016-11-16 14:25:32.328]  Tuned to 32
[2016-11-16 14:25:32.429]  Tuned to 33
[2016-11-16 14:25:32.529]  Tuned to 34
[2016-11-16 14:25:32.630]  Tuned to 35
[2016-11-16 14:25:32.730]  Tuned to 36
[2016-11-16 14:25:32.830]  Tuned to 37
[2016-11-16 14:25:32.931]  Tuned to 38
[2016-11-16 14:25:33.031]  Tuned to 39
[2016-11-16 14:25:33.132]  Tuned to 40
[2016-11-16 14:25:33.232]  Tuned to 41
[2016-11-16 14:25:33.332]  Tuned to 42
[2016-11-16 14:25:33.433]  Tuned to 43
[2016-11-16 14:25:33.533]  Tuned to 44
[2016-11-16 14:25:33.633]  Tuned to 45
[2016-11-16 14:25:33.734]  Tuned to 46
[2016-11-16 14:25:33.834]  Tuned to 47
[2016-11-16 14:25:33.934]  Tuned to 48
[2016-11-16 14:25:34.035]  Tuned to 49
[2016-11-16 14:25:34.137]  Tuned to 50
[2016-11-16 14:25:34.238]  Tuned to 51
[2016-11-16 14:25:34.338]  Tuned to 52
[2016-11-16 14:25:34.438]  Tuned to 53
[2016-11-16 14:25:34.539]  Tuned to 54
[2016-11-16 14:25:34.639]  Tuned to 55
[2016-11-16 14:25:34.739]  Tuned to 56
[2016-11-16 14:25:34.840]  Tuned to 57
[2016-11-16 14:25:34.940]  Tuned to 58
[2016-11-16 14:25:35.041]  Tuned to 59
[2016-11-16 14:25:35.142]  Tuned to 60
[2016-11-16 14:25:35.242]  Tuned to 61
[2016-11-16 14:25:35.342]  Tuned to 62
[2016-11-16 14:25:35.443]  Tuned to 63
[2016-11-16 14:25:35.543]  Tuned to 64
[2016-11-16 14:25:35.643]  Tuned to 65
[2016-11-16 14:25:35.744]  Tuned to 66
[2016-11-16 14:25:35.844]  Tuned to 67
[2016-11-16 14:25:35.944]  Tuned to 68
[2016-11-16 14:25:36.044]  Tuned to 69
[2016-11-16 14:25:36.145]  Tuned to 70
[2016-11-16 14:25:36.245]  Tuned to 71
[2016-11-16 14:25:36.345]  Tuned to 72
Traceback (most recent call last):
  File "../modules/mousejack/tools/nrf24-scanner.py", line 55, in <module>
    value = common.radio.receive_payload()
  File "/home/lain/Development/seniordesign/mithren/modules/mousejack/tools/lib/nrf24.py", line 108, in receive_payload
    self.send_usb_command(RECEIVE_PAYLOAD, ())
  File "/home/lain/Development/seniordesign/mithren/modules/mousejack/tools/lib/nrf24.py", line 149, in send_usb_command
    self.dongle.write(0x01, data, timeout=nrf24.usb_timeout)
  File "/usr/local/lib/python2.7/dist-packages/usb/core.py", line 948, in write
    self.__get_timeout(timeout)
  File "/usr/local/lib/python2.7/dist-packages/usb/backend/libusb1.py", line 824, in bulk_write
    timeout)
  File "/usr/local/lib/python2.7/dist-packages/usb/backend/libusb1.py", line 920, in __write
    _check(retval)
  File "/usr/local/lib/python2.7/dist-packages/usb/backend/libusb1.py", line 588, in _check
    if hasattr(ret, 'value'):
KeyboardInterrupt
tail: output.txt: file truncated
[2016-11-16 14:25:37.283]  Using channels 2, 3, 4, 5, 6, 7, 8, 9, 10, 11, 12, 13, 14, 15, 16, 17, 18, 19, 20, 21, 22, 23, 24, 25, 26, 27, 28, 29, 30, 31, 32, 33, 34, 35, 36, 37, 38, 39, 40, 41, 42, 43, 44, 45, 46, 47, 48, 49, 50, 51, 52, 53, 54, 55, 56, 57, 58, 59, 60, 61, 62, 63, 64, 65, 66, 67, 68, 69, 70, 71, 72, 73, 74, 75, 76, 77, 78, 79, 80, 81, 82, 83
[2016-11-16 14:25:37.301]  Entered promiscuous mode
[2016-11-16 14:25:37.301]  Tuned to 2
[2016-11-16 14:25:37.402]  Tuned to 3
[2016-11-16 14:25:37.502]  Tuned to 4
[2016-11-16 14:25:37.603]  Tuned to 5
[2016-11-16 14:25:37.703]  Tuned to 6
[2016-11-16 14:25:37.803]  Tuned to 7
[2016-11-16 14:25:37.904]  Tuned to 8
[2016-11-16 14:25:38.004]  Tuned to 9
[2016-11-16 14:25:38.105]  Tuned to 10
[2016-11-16 14:25:38.205]  Tuned to 11
[2016-11-16 14:25:38.305]  Tuned to 12
[2016-11-16 14:25:38.406]  Tuned to 13
[2016-11-16 14:25:38.506]  Tuned to 14
[2016-11-16 14:25:38.606]  Tuned to 15
[2016-11-16 14:25:38.707]  Tuned to 16
[2016-11-16 14:25:38.808]  Tuned to 17
[2016-11-16 14:25:38.908]  Tuned to 18
[2016-11-16 14:25:39.008]  Tuned to 19
[2016-11-16 14:25:39.109]  Tuned to 20
[2016-11-16 14:25:39.209]  Tuned to 21
[2016-11-16 14:25:39.309]  Tuned to 22
[2016-11-16 14:25:39.410]  Tuned to 23
[2016-11-16 14:25:39.510]  Tuned to 24
[2016-11-16 14:25:39.610]  Tuned to 25
[2016-11-16 14:25:39.711]  Tuned to 26
[2016-11-16 14:25:39.811]  Tuned to 27
[2016-11-16 14:25:39.911]  Tuned to 28
[2016-11-16 14:25:40.013]  Tuned to 29
[2016-11-16 14:25:40.113]  Tuned to 30
[2016-11-16 14:25:40.213]  Tuned to 31
[2016-11-16 14:25:40.314]  Tuned to 32
[2016-11-16 14:25:40.414]  Tuned to 33
[2016-11-16 14:25:40.515]  Tuned to 34
[2016-11-16 14:25:40.615]  Tuned to 35
[2016-11-16 14:25:40.716]  Tuned to 36
[2016-11-16 14:25:40.818]  Tuned to 37
[2016-11-16 14:25:40.919]  Tuned to 38
[2016-11-16 14:25:41.019]  Tuned to 39
[2016-11-16 14:25:41.119]  Tuned to 40
[2016-11-16 14:25:41.220]  Tuned to 41
[2016-11-16 14:25:41.320]  Tuned to 42
[2016-11-16 14:25:41.420]  Tuned to 43
[2016-11-16 14:25:41.521]  Tuned to 44
[2016-11-16 14:25:41.621]  Tuned to 45
[2016-11-16 14:25:41.721]  Tuned to 46
[2016-11-16 14:25:41.822]  Tuned to 47
[2016-11-16 14:25:41.922]  Tuned to 48
Traceback (most recent call last):
  File "../modules/mousejack/tools/nrf24-scanner.py", line 55, in <module>
    value = common.radio.receive_payload()
  File "/home/lain/Development/seniordesign/mithren/modules/mousejack/tools/lib/nrf24.py", line 109, in receive_payload
    return self.dongle.read(0x81, 64, timeout=nrf24.usb_timeout)
  File "/usr/local/lib/python2.7/dist-packages/usb/core.py", line 988, in read
    self.__get_timeout(timeout))
  File "/usr/local/lib/python2.7/dist-packages/usb/backend/libusb1.py", line 833, in bulk_read
    timeout)
  File "/usr/local/lib/python2.7/dist-packages/usb/backend/libusb1.py", line 933, in __read
    timeout)
KeyboardInterrupt
tail: output.txt: file truncated
[2016-11-16 14:25:42.689]  Using channels 2, 3, 4, 5, 6, 7, 8, 9, 10, 11, 12, 13, 14, 15, 16, 17, 18, 19, 20, 21, 22, 23, 24, 25, 26, 27, 28, 29, 30, 31, 32, 33, 34, 35, 36, 37, 38, 39, 40, 41, 42, 43, 44, 45, 46, 47, 48, 49, 50, 51, 52, 53, 54, 55, 56, 57, 58, 59, 60, 61, 62, 63, 64, 65, 66, 67, 68, 69, 70, 71, 72, 73, 74, 75, 76, 77, 78, 79, 80, 81, 82, 83
[2016-11-16 14:25:42.702]  Entered promiscuous mode
[2016-11-16 14:25:42.703]  Tuned to 2
[2016-11-16 14:25:42.803]  Tuned to 3
[2016-11-16 14:25:42.903]  Tuned to 4
[2016-11-16 14:25:43.004]  Tuned to 5
[2016-11-16 14:25:43.104]  Tuned to 6
[2016-11-16 14:25:43.204]  Tuned to 7
[2016-11-16 14:25:43.305]  Tuned to 8
[2016-11-16 14:25:43.405]  Tuned to 9
[2016-11-16 14:25:43.505]  Tuned to 10
[2016-11-16 14:25:43.606]  Tuned to 11
[2016-11-16 14:25:43.706]  Tuned to 12
[2016-11-16 14:25:43.806]  Tuned to 13
[2016-11-16 14:25:43.907]  Tuned to 14
[2016-11-16 14:25:44.007]  Tuned to 15
[2016-11-16 14:25:44.107]  Tuned to 16
[2016-11-16 14:25:44.207]  Tuned to 17
[2016-11-16 14:25:44.308]  Tuned to 18
[2016-11-16 14:25:44.408]  Tuned to 19
[2016-11-16 14:25:44.508]  Tuned to 20
[2016-11-16 14:25:44.609]  Tuned to 21
[2016-11-16 14:25:44.709]  Tuned to 22
[2016-11-16 14:25:44.809]  Tuned to 23
[2016-11-16 14:25:44.910]  Tuned to 24
[2016-11-16 14:25:45.010]  Tuned to 25
[2016-11-16 14:25:45.110]  Tuned to 26
[2016-11-16 14:25:45.211]  Tuned to 27
[2016-11-16 14:25:45.311]  Tuned to 28
[2016-11-16 14:25:45.411]  Tuned to 29
[2016-11-16 14:25:45.512]  Tuned to 30
[2016-11-16 14:25:45.612]  Tuned to 31
[2016-11-16 14:25:45.712]  Tuned to 32
[2016-11-16 14:25:45.813]  Tuned to 33
[2016-11-16 14:25:45.913]  Tuned to 34
[2016-11-16 14:25:46.014]  Tuned to 35
[2016-11-16 14:25:46.114]  Tuned to 36
[2016-11-16 14:25:46.214]  Tuned to 37
[2016-11-16 14:25:46.315]  Tuned to 38
[2016-11-16 14:25:46.415]  Tuned to 39
[2016-11-16 14:25:46.516]  Tuned to 40
[2016-11-16 14:25:46.617]  Tuned to 41
[2016-11-16 14:25:46.717]  Tuned to 42
[2016-11-16 14:25:46.817]  Tuned to 43
[2016-11-16 14:25:46.918]  Tuned to 44
[2016-11-16 14:25:47.020]  Tuned to 45
[2016-11-16 14:25:47.121]  Tuned to 46
[2016-11-16 14:25:47.221]  Tuned to 47
[2016-11-16 14:25:47.321]  Tuned to 48
[2016-11-16 14:25:47.421]  Tuned to 49
[2016-11-16 14:25:47.522]  Tuned to 50
[2016-11-16 14:25:47.622]  Tuned to 51
[2016-11-16 14:25:47.722]  Tuned to 52
[2016-11-16 14:25:47.822]  Tuned to 53
[2016-11-16 14:25:47.923]  Tuned to 54
[2016-11-16 14:25:48.023]  Tuned to 55
[2016-11-16 14:25:48.123]  Tuned to 56
[2016-11-16 14:25:48.225]  Tuned to 57
[2016-11-16 14:25:48.325]  Tuned to 58
[2016-11-16 14:25:48.425]  Tuned to 59
[2016-11-16 14:25:48.526]  Tuned to 60
[2016-11-16 14:25:48.626]  Tuned to 61
[2016-11-16 14:25:48.726]  Tuned to 62
[2016-11-16 14:25:48.827]  Tuned to 63
[2016-11-16 14:25:48.928]  Tuned to 64
[2016-11-16 14:25:49.028]  Tuned to 65
[2016-11-16 14:25:49.128]  Tuned to 66
[2016-11-16 14:25:49.229]  Tuned to 67
[2016-11-16 14:25:49.329]  Tuned to 68
[2016-11-16 14:25:49.429]  Tuned to 69
[2016-11-16 14:25:49.530]  Tuned to 70
[2016-11-16 14:25:49.630]  Tuned to 71
[2016-11-16 14:25:49.732]  Tuned to 72
[2016-11-16 14:25:49.832]  Tuned to 73
[2016-11-16 14:25:49.933]  Tuned to 74
[2016-11-16 14:25:50.033]  Tuned to 75
[2016-11-16 14:25:50.133]  Tuned to 76
[2016-11-16 14:25:50.233]  Tuned to 77
Traceback (most recent call last):
  File "../modules/mousejack/tools/nrf24-scanner.py", line 55, in <module>
    value = common.radio.receive_payload()
  File "/home/lain/Development/seniordesign/mithren/modules/mousejack/tools/lib/nrf24.py", line 109, in receive_payload
    return self.dongle.read(0x81, 64, timeout=nrf24.usb_timeout)
  File "/usr/local/lib/python2.7/dist-packages/usb/core.py", line 988, in read
    self.__get_timeout(timeout))
  File "/usr/local/lib/python2.7/dist-packages/usb/backend/libusb1.py", line 833, in bulk_read
    timeout)
  File "/usr/local/lib/python2.7/dist-packages/usb/backend/libusb1.py", line 933, in __read
    timeout)
KeyboardInterrupt
tail: output.txt: file truncated
[2016-11-16 14:25:51.428]  Using channels 2, 3, 4, 5, 6, 7, 8, 9, 10, 11, 12, 13, 14, 15, 16, 17, 18, 19, 20, 21, 22, 23, 24, 25, 26, 27, 28, 29, 30, 31, 32, 33, 34, 35, 36, 37, 38, 39, 40, 41, 42, 43, 44, 45, 46, 47, 48, 49, 50, 51, 52, 53, 54, 55, 56, 57, 58, 59, 60, 61, 62, 63, 64, 65, 66, 67, 68, 69, 70, 71, 72, 73, 74, 75, 76, 77, 78, 79, 80, 81, 82, 83
[2016-11-16 14:25:51.450]  Entered promiscuous mode
[2016-11-16 14:25:51.450]  Tuned to 2
[2016-11-16 14:25:51.550]  Tuned to 3
[2016-11-16 14:25:51.651]  Tuned to 4
[2016-11-16 14:25:51.751]  Tuned to 5
[2016-11-16 14:25:51.851]  Tuned to 6
[2016-11-16 14:25:51.952]  Tuned to 7
[2016-11-16 14:25:52.052]  Tuned to 8
[2016-11-16 14:25:52.152]  Tuned to 9
[2016-11-16 14:25:52.253]  Tuned to 10
[2016-11-16 14:25:52.353]  Tuned to 11
[2016-11-16 14:25:52.453]  Tuned to 12
[2016-11-16 14:25:52.554]  Tuned to 13
[2016-11-16 14:25:52.654]  Tuned to 14
[2016-11-16 14:25:52.754]  Tuned to 15
[2016-11-16 14:25:52.855]  Tuned to 16
[2016-11-16 14:25:52.955]  Tuned to 17
[2016-11-16 14:25:53.055]  Tuned to 18
[2016-11-16 14:25:53.156]  Tuned to 19
[2016-11-16 14:25:53.256]  Tuned to 20
[2016-11-16 14:25:53.356]  Tuned to 21
[2016-11-16 14:25:53.457]  Tuned to 22
[2016-11-16 14:25:53.557]  Tuned to 23
[2016-11-16 14:25:53.657]  Tuned to 24
[2016-11-16 14:25:53.758]  Tuned to 25
[2016-11-16 14:25:53.858]  Tuned to 26
[2016-11-16 14:25:53.958]  Tuned to 27
[2016-11-16 14:25:54.059]  Tuned to 28
[2016-11-16 14:25:54.159]  Tuned to 29
[2016-11-16 14:25:54.259]  Tuned to 30
[2016-11-16 14:25:54.360]  Tuned to 31
[2016-11-16 14:25:54.460]  Tuned to 32
[2016-11-16 14:25:54.560]  Tuned to 33
[2016-11-16 14:25:54.661]  Tuned to 34
[2016-11-16 14:25:54.761]  Tuned to 35
[2016-11-16 14:25:54.861]  Tuned to 36
[2016-11-16 14:25:54.962]  Tuned to 37
[2016-11-16 14:25:55.062]  Tuned to 38
[2016-11-16 14:25:55.162]  Tuned to 39
[2016-11-16 14:25:55.262]  Tuned to 40
[2016-11-16 14:25:55.363]  Tuned to 41
[2016-11-16 14:25:55.465]  Tuned to 42
[2016-11-16 14:25:55.565]  Tuned to 43
[2016-11-16 14:25:55.665]  Tuned to 44
[2016-11-16 14:25:55.766]  Tuned to 45
[2016-11-16 14:25:55.866]  Tuned to 46
[2016-11-16 14:25:55.966]  Tuned to 47
[2016-11-16 14:25:56.066]  Tuned to 48
[2016-11-16 14:25:56.167]  Tuned to 49
[2016-11-16 14:25:56.267]  Tuned to 50
[2016-11-16 14:25:56.368]  Tuned to 51
[2016-11-16 14:25:56.468]  Tuned to 52
[2016-11-16 14:25:56.568]  Tuned to 53
[2016-11-16 14:25:56.669]  Tuned to 54
[2016-11-16 14:25:56.769]  Tuned to 55
[2016-11-16 14:25:56.869]  Tuned to 56
[2016-11-16 14:25:56.970]  Tuned to 57
[2016-11-16 14:25:57.071]  Tuned to 58
[2016-11-16 14:25:57.171]  Tuned to 59
[2016-11-16 14:25:57.271]  Tuned to 60
[2016-11-16 14:25:57.372]  Tuned to 61
[2016-11-16 14:25:57.472]  Tuned to 62
[2016-11-16 14:25:57.572]  Tuned to 63
[2016-11-16 14:25:57.673]  Tuned to 64
[2016-11-16 14:25:57.773]  Tuned to 65
[2016-11-16 14:25:57.873]  Tuned to 66
[2016-11-16 14:25:57.973]  Tuned to 67
[2016-11-16 14:25:58.074]  Tuned to 68
[2016-11-16 14:25:58.174]  Tuned to 69
[2016-11-16 14:25:58.274]  Tuned to 70
[2016-11-16 14:25:58.375]  Tuned to 71
[2016-11-16 14:25:58.475]  Tuned to 72
[2016-11-16 14:25:58.576]  Tuned to 73
[2016-11-16 14:25:58.678]  Tuned to 74
[2016-11-16 14:25:58.779]  Tuned to 75
[2016-11-16 14:25:58.879]  Tuned to 76
[2016-11-16 14:25:58.979]  Tuned to 77
[2016-11-16 14:25:59.080]  Tuned to 78
[2016-11-16 14:25:59.180]  Tuned to 79
[2016-11-16 14:25:59.280]  Tuned to 80
[2016-11-16 14:25:59.380]  Tuned to 81
[2016-11-16 14:25:59.481]  Tuned to 82
[2016-11-16 14:25:59.581]  Tuned to 83
[2016-11-16 14:25:59.681]  Tuned to 2
[2016-11-16 14:25:59.782]  Tuned to 3
[2016-11-16 14:25:59.882]  Tuned to 4
[2016-11-16 14:25:59.982]  Tuned to 5
[2016-11-16 14:26:00.083]  Tuned to 6
[2016-11-16 14:26:00.183]  Tuned to 7
[2016-11-16 14:26:00.283]  Tuned to 8
[2016-11-16 14:26:00.384]  Tuned to 9
[2016-11-16 14:26:00.484]  Tuned to 10
[2016-11-16 14:26:00.584]  Tuned to 11
[2016-11-16 14:26:00.684]  Tuned to 12
[2016-11-16 14:26:00.785]  Tuned to 13
[2016-11-16 14:26:00.885]  Tuned to 14
[2016-11-16 14:26:00.985]  Tuned to 15
[2016-11-16 14:26:01.086]  Tuned to 16
[2016-11-16 14:26:01.186]  Tuned to 17
[2016-11-16 14:26:01.286]  Tuned to 18
[2016-11-16 14:26:01.387]  Tuned to 19
[2016-11-16 14:26:01.487]  Tuned to 20
[2016-11-16 14:26:01.587]  Tuned to 21
[2016-11-16 14:26:01.689]  Tuned to 22
[2016-11-16 14:26:01.789]  Tuned to 23
[2016-11-16 14:26:01.889]  Tuned to 24
[2016-11-16 14:26:01.990]  Tuned to 25
[2016-11-16 14:26:02.090]  Tuned to 26
[2016-11-16 14:26:02.190]  Tuned to 27
[2016-11-16 14:26:02.291]  Tuned to 28
[2016-11-16 14:26:02.391]  Tuned to 29
[2016-11-16 14:26:02.491]  Tuned to 30
[2016-11-16 14:26:02.592]  Tuned to 31
[2016-11-16 14:26:02.693]  Tuned to 32
[2016-11-16 14:26:02.793]  Tuned to 33
[2016-11-16 14:26:02.893]  Tuned to 34
[2016-11-16 14:26:02.994]  Tuned to 35
[2016-11-16 14:26:03.094]  Tuned to 36
[2016-11-16 14:26:03.194]  Tuned to 37
[2016-11-16 14:26:03.294]  Tuned to 38
[2016-11-16 14:26:03.395]  Tuned to 39
[2016-11-16 14:26:03.495]  Tuned to 40
[2016-11-16 14:26:03.595]  Tuned to 41
[2016-11-16 14:26:03.696]  Tuned to 42
[2016-11-16 14:26:03.796]  Tuned to 43
[2016-11-16 14:26:03.896]  Tuned to 44
[2016-11-16 14:26:03.997]  Tuned to 45
[2016-11-16 14:26:04.097]  Tuned to 46
[2016-11-16 14:26:04.199]  Tuned to 47
[2016-11-16 14:26:04.299]  Tuned to 48
[2016-11-16 14:26:04.399]  Tuned to 49
[2016-11-16 14:26:04.500]  Tuned to 50
[2016-11-16 14:26:04.600]  Tuned to 51
[2016-11-16 14:26:04.700]  Tuned to 52
[2016-11-16 14:26:04.801]  Tuned to 53
[2016-11-16 14:26:04.901]  Tuned to 54
[2016-11-16 14:26:05.001]  Tuned to 55
[2016-11-16 14:26:05.102]  Tuned to 56
[2016-11-16 14:26:05.202]  Tuned to 57
[2016-11-16 14:26:05.302]  Tuned to 58
[2016-11-16 14:26:05.403]  Tuned to 59
[2016-11-16 14:26:05.503]  Tuned to 60
[2016-11-16 14:26:05.603]  Tuned to 61
[2016-11-16 14:26:05.703]  Tuned to 62
[2016-11-16 14:26:05.804]  Tuned to 63
[2016-11-16 14:26:05.905]  Tuned to 64
[2016-11-16 14:26:06.005]  Tuned to 65
[2016-11-16 14:26:06.106]  Tuned to 66
[2016-11-16 14:26:06.206]  Tuned to 67
[2016-11-16 14:26:06.306]  Tuned to 68
[2016-11-16 14:26:06.407]  Tuned to 69
[2016-11-16 14:26:06.507]  Tuned to 70
[2016-11-16 14:26:06.607]  Tuned to 71
[2016-11-16 14:26:06.708]  Tuned to 72
[2016-11-16 14:26:06.809]  Tuned to 73
[2016-11-16 14:26:06.909]  Tuned to 74
[2016-11-16 14:26:07.009]  Tuned to 75
[2016-11-16 14:26:07.110]  Tuned to 76
[2016-11-16 14:26:07.210]  Tuned to 77
[2016-11-16 14:26:07.310]  Tuned to 78
[2016-11-16 14:26:07.411]  Tuned to 79
[2016-11-16 14:26:07.511]  Tuned to 80
[2016-11-16 14:26:07.611]  Tuned to 81
[2016-11-16 14:26:07.712]  Tuned to 82
[2016-11-16 14:26:07.812]  Tuned to 83
[2016-11-16 14:26:07.912]  Tuned to 2
[2016-11-16 14:26:08.012]  Tuned to 3
[2016-11-16 14:26:08.114]  Tuned to 4
[2016-11-16 14:26:08.215]  Tuned to 5
[2016-11-16 14:26:08.315]  Tuned to 6
[2016-11-16 14:26:08.416]  Tuned to 7
[2016-11-16 14:26:08.519]  Tuned to 8
[2016-11-16 14:26:08.619]  Tuned to 9
[2016-11-16 14:26:08.720]  Tuned to 10
[2016-11-16 14:26:08.820]  Tuned to 11
[2016-11-16 14:26:08.920]  Tuned to 12
[2016-11-16 14:26:09.021]  Tuned to 13
[2016-11-16 14:26:09.121]  Tuned to 14
[2016-11-16 14:26:09.221]  Tuned to 15
[2016-11-16 14:26:09.322]  Tuned to 16
[2016-11-16 14:26:09.422]  Tuned to 17
[2016-11-16 14:26:09.522]  Tuned to 18
[2016-11-16 14:26:09.623]  Tuned to 19
[2016-11-16 14:26:09.723]  Tuned to 20
[2016-11-16 14:26:09.823]  Tuned to 21
[2016-11-16 14:26:09.924]  Tuned to 22
[2016-11-16 14:26:10.024]  Tuned to 23
[2016-11-16 14:26:10.124]  Tuned to 24
[2016-11-16 14:26:10.224]  Tuned to 25
[2016-11-16 14:26:10.325]  Tuned to 26
[2016-11-16 14:26:10.425]  Tuned to 27
[2016-11-16 14:26:10.525]  Tuned to 28
[2016-11-16 14:26:10.626]  Tuned to 29
[2016-11-16 14:26:10.726]  Tuned to 30
[2016-11-16 14:26:10.826]  Tuned to 31
[2016-11-16 14:26:10.927]  Tuned to 32
[2016-11-16 14:26:11.027]  Tuned to 33
[2016-11-16 14:26:11.127]  Tuned to 34
[2016-11-16 14:26:11.228]  Tuned to 35
[2016-11-16 14:26:11.328]  Tuned to 36
[2016-11-16 14:26:11.428]  Tuned to 37
[2016-11-16 14:26:11.529]  Tuned to 38
[2016-11-16 14:26:11.629]  Tuned to 39
[2016-11-16 14:26:11.729]  Tuned to 40
[2016-11-16 14:26:11.829]  Tuned to 41
[2016-11-16 14:26:11.930]  Tuned to 42
[2016-11-16 14:26:12.030]  Tuned to 43
[2016-11-16 14:26:12.130]  Tuned to 44
[2016-11-16 14:26:12.231]  Tuned to 45
[2016-11-16 14:26:12.331]  Tuned to 46
[2016-11-16 14:26:12.431]  Tuned to 47
[2016-11-16 14:26:12.532]  Tuned to 48
[2016-11-16 14:26:12.632]  Tuned to 49
[2016-11-16 14:26:12.732]  Tuned to 50
[2016-11-16 14:26:12.833]  Tuned to 51
[2016-11-16 14:26:12.933]  Tuned to 52
[2016-11-16 14:26:13.033]  Tuned to 53
[2016-11-16 14:26:13.134]  Tuned to 54
[2016-11-16 14:26:13.234]  Tuned to 55
[2016-11-16 14:26:13.334]  Tuned to 56
[2016-11-16 14:26:13.435]  Tuned to 57
[2016-11-16 14:26:13.535]  Tuned to 58
[2016-11-16 14:26:13.635]  Tuned to 59
[2016-11-16 14:26:13.736]  Tuned to 60
[2016-11-16 14:26:13.836]  Tuned to 61
[2016-11-16 14:26:13.936]  Tuned to 62
[2016-11-16 14:26:14.037]  Tuned to 63
[2016-11-16 14:26:14.137]  Tuned to 64
[2016-11-16 14:26:14.237]  Tuned to 65
[2016-11-16 14:26:14.337]  Tuned to 66
[2016-11-16 14:26:14.438]  Tuned to 67
[2016-11-16 14:26:14.538]  Tuned to 68
[2016-11-16 14:26:14.638]  Tuned to 69
[2016-11-16 14:26:14.739]  Tuned to 70
[2016-11-16 14:26:14.839]  Tuned to 71
[2016-11-16 14:26:14.939]  Tuned to 72
[2016-11-16 14:26:15.040]  Tuned to 73
[2016-11-16 14:26:15.140]  Tuned to 74
[2016-11-16 14:26:15.240]  Tuned to 75
[2016-11-16 14:26:15.342]  Tuned to 76
[2016-11-16 14:26:15.442]  Tuned to 77
[2016-11-16 14:26:15.543]  Tuned to 78
[2016-11-16 14:26:15.643]  Tuned to 79
[2016-11-16 14:26:15.743]  Tuned to 80
[2016-11-16 14:26:15.844]  Tuned to 81
[2016-11-16 14:26:15.944]  Tuned to 82
[2016-11-16 14:26:16.044]  Tuned to 83
[2016-11-16 14:26:16.147]  Tuned to 2
[2016-11-16 14:26:16.247]  Tuned to 3
[2016-11-16 14:26:16.348]  Tuned to 4
[2016-11-16 14:26:16.448]  Tuned to 5
[2016-11-16 14:26:16.548]  Tuned to 6
[2016-11-16 14:26:16.649]  Tuned to 7
[2016-11-16 14:26:16.749]  Tuned to 8
[2016-11-16 14:26:16.849]  Tuned to 9
[2016-11-16 14:26:16.950]  Tuned to 10
[2016-11-16 14:26:17.051]  Tuned to 11
[2016-11-16 14:26:17.151]  Tuned to 12
[2016-11-16 14:26:17.252]  Tuned to 13
[2016-11-16 14:26:17.352]  Tuned to 14
[2016-11-16 14:26:17.452]  Tuned to 15
[2016-11-16 14:26:17.553]  Tuned to 16
[2016-11-16 14:26:17.653]  Tuned to 17
[2016-11-16 14:26:17.753]  Tuned to 18
[2016-11-16 14:26:17.853]  Tuned to 19
[2016-11-16 14:26:17.954]  Tuned to 20
[2016-11-16 14:26:18.054]  Tuned to 21
[2016-11-16 14:26:18.154]  Tuned to 22
[2016-11-16 14:26:18.255]  Tuned to 23
[2016-11-16 14:26:18.355]  Tuned to 24
[2016-11-16 14:26:18.455]  Tuned to 25
[2016-11-16 14:26:18.556]  Tuned to 26
[2016-11-16 14:26:18.656]  Tuned to 27
[2016-11-16 14:26:18.756]  Tuned to 28
[2016-11-16 14:26:18.856]  Tuned to 29
[2016-11-16 14:26:18.957]  Tuned to 30
[2016-11-16 14:26:19.057]  Tuned to 31
[2016-11-16 14:26:19.157]  Tuned to 32
[2016-11-16 14:26:19.258]  Tuned to 33
[2016-11-16 14:26:19.358]  Tuned to 34
[2016-11-16 14:26:19.458]  Tuned to 35
[2016-11-16 14:26:19.559]  Tuned to 36
[2016-11-16 14:26:19.659]  Tuned to 37
[2016-11-16 14:26:19.761]  Tuned to 38
[2016-11-16 14:26:19.861]  Tuned to 39
[2016-11-16 14:26:19.961]  Tuned to 40
[2016-11-16 14:26:20.061]  Tuned to 41
[2016-11-16 14:26:20.162]  Tuned to 42
[2016-11-16 14:26:20.262]  Tuned to 43
[2016-11-16 14:26:20.362]  Tuned to 44
[2016-11-16 14:26:20.463]  Tuned to 45
[2016-11-16 14:26:20.563]  Tuned to 46
[2016-11-16 14:26:20.663]  Tuned to 47
[2016-11-16 14:26:20.764]  Tuned to 48
[2016-11-16 14:26:20.866]  Tuned to 49
[2016-11-16 14:26:20.966]  Tuned to 50
[2016-11-16 14:26:21.067]  Tuned to 51
[2016-11-16 14:26:21.167]  Tuned to 52
[2016-11-16 14:26:21.267]  Tuned to 53
[2016-11-16 14:26:21.367]  Tuned to 54
[2016-11-16 14:26:21.468]  Tuned to 55
[2016-11-16 14:26:21.568]  Tuned to 56
[2016-11-16 14:26:21.668]  Tuned to 57
[2016-11-16 14:26:21.769]  Tuned to 58
[2016-11-16 14:26:21.869]  Tuned to 59
[2016-11-16 14:26:21.969]  Tuned to 60
[2016-11-16 14:26:22.070]  Tuned to 61
[2016-11-16 14:26:22.170]  Tuned to 62
[2016-11-16 14:26:22.270]  Tuned to 63
[2016-11-16 14:26:22.371]  Tuned to 64
[2016-11-16 14:26:22.471]  Tuned to 65
[2016-11-16 14:26:22.571]  Tuned to 66
[2016-11-16 14:26:22.672]  Tuned to 67
[2016-11-16 14:26:22.772]  Tuned to 68
[2016-11-16 14:26:22.872]  Tuned to 69
[2016-11-16 14:26:22.973]  Tuned to 70
[2016-11-16 14:26:23.073]  Tuned to 71
[2016-11-16 14:26:23.173]  Tuned to 72
[2016-11-16 14:26:23.276]  Tuned to 73
[2016-11-16 14:26:23.378]  Tuned to 74
[2016-11-16 14:26:23.479]  Tuned to 75
[2016-11-16 14:26:23.580]  Tuned to 76
[2016-11-16 14:26:23.680]  Tuned to 77
[2016-11-16 14:26:23.780]  Tuned to 78
[2016-11-16 14:26:23.881]  Tuned to 79
[2016-11-16 14:26:23.981]  Tuned to 80
[2016-11-16 14:26:24.082]  Tuned to 81
[2016-11-16 14:26:24.182]  Tuned to 82
[2016-11-16 14:26:24.282]  Tuned to 83
[2016-11-16 14:26:24.382]  Tuned to 2
[2016-11-16 14:26:24.483]  Tuned to 3
[2016-11-16 14:26:24.583]  Tuned to 4
[2016-11-16 14:26:24.683]  Tuned to 5
[2016-11-16 14:26:24.784]  Tuned to 6
[2016-11-16 14:26:24.884]  Tuned to 7
[2016-11-16 14:26:24.984]  Tuned to 8
[2016-11-16 14:26:25.085]  Tuned to 9
[2016-11-16 14:26:25.185]  Tuned to 10
[2016-11-16 14:26:25.285]  Tuned to 11
[2016-11-16 14:26:25.385]  Tuned to 12
[2016-11-16 14:26:25.486]  Tuned to 13
[2016-11-16 14:26:25.586]  Tuned to 14
[2016-11-16 14:26:25.686]  Tuned to 15
[2016-11-16 14:26:25.787]  Tuned to 16
[2016-11-16 14:26:25.887]  Tuned to 17
[2016-11-16 14:26:25.989]  Tuned to 18
[2016-11-16 14:26:26.090]  Tuned to 19
[2016-11-16 14:26:26.190]  Tuned to 20
[2016-11-16 14:26:26.290]  Tuned to 21
[2016-11-16 14:26:26.390]  Tuned to 22
[2016-11-16 14:26:26.491]  Tuned to 23
[2016-11-16 14:26:26.593]  Tuned to 24
[2016-11-16 14:26:26.693]  Tuned to 25
[2016-11-16 14:26:26.793]  Tuned to 26
[2016-11-16 14:26:26.895]  Tuned to 27
[2016-11-16 14:26:26.995]  Tuned to 28
[2016-11-16 14:26:27.095]  Tuned to 29
[2016-11-16 14:26:27.196]  Tuned to 30
[2016-11-16 14:26:27.296]  Tuned to 31
[2016-11-16 14:26:27.396]  Tuned to 32
[2016-11-16 14:26:27.497]  Tuned to 33
[2016-11-16 14:26:27.597]  Tuned to 34
[2016-11-16 14:26:27.697]  Tuned to 35
[2016-11-16 14:26:27.797]  Tuned to 36
[2016-11-16 14:26:27.898]  Tuned to 37
[2016-11-16 14:26:27.998]  Tuned to 38
[2016-11-16 14:26:28.098]  Tuned to 39
[2016-11-16 14:26:28.199]  Tuned to 40
[2016-11-16 14:26:28.299]  Tuned to 41
[2016-11-16 14:26:28.399]  Tuned to 42
[2016-11-16 14:26:28.500]  Tuned to 43
[2016-11-16 14:26:28.600]  Tuned to 44
[2016-11-16 14:26:28.700]  Tuned to 45
[2016-11-16 14:26:28.802]  Tuned to 46
[2016-11-16 14:26:28.902]  Tuned to 47
[2016-11-16 14:26:29.002]  Tuned to 48
[2016-11-16 14:26:29.103]  Tuned to 49
[2016-11-16 14:26:29.203]  Tuned to 50
[2016-11-16 14:26:29.303]  Tuned to 51
[2016-11-16 14:26:29.403]  Tuned to 52
[2016-11-16 14:26:29.504]  Tuned to 53
[2016-11-16 14:26:29.604]  Tuned to 54
[2016-11-16 14:26:29.704]  Tuned to 55
[2016-11-16 14:26:29.805]  Tuned to 56
[2016-11-16 14:26:29.905]  Tuned to 57
[2016-11-16 14:26:30.005]  Tuned to 58
[2016-11-16 14:26:30.106]  Tuned to 59
[2016-11-16 14:26:30.206]  Tuned to 60
[2016-11-16 14:26:30.306]  Tuned to 61
[2016-11-16 14:26:30.407]  Tuned to 62
[2016-11-16 14:26:30.507]  Tuned to 63
[2016-11-16 14:26:30.607]  Tuned to 64
[2016-11-16 14:26:30.708]  Tuned to 65
[2016-11-16 14:26:30.808]  Tuned to 66
[2016-11-16 14:26:30.908]  Tuned to 67
[2016-11-16 14:26:31.009]  Tuned to 68
[2016-11-16 14:26:31.111]  Tuned to 69
[2016-11-16 14:26:31.211]  Tuned to 70
[2016-11-16 14:26:31.311]  Tuned to 71
[2016-11-16 14:26:31.412]  Tuned to 72
[2016-11-16 14:26:31.512]  Tuned to 73
[2016-11-16 14:26:31.612]  Tuned to 74
[2016-11-16 14:26:31.713]  Tuned to 75
[2016-11-16 14:26:31.813]  Tuned to 76
[2016-11-16 14:26:31.913]  Tuned to 77
[2016-11-16 14:26:32.014]  Tuned to 78
[2016-11-16 14:26:32.114]  Tuned to 79
[2016-11-16 14:26:32.214]  Tuned to 80
[2016-11-16 14:26:32.315]  Tuned to 81
[2016-11-16 14:26:32.415]  Tuned to 82
[2016-11-16 14:26:32.515]  Tuned to 83
[2016-11-16 14:26:32.616]  Tuned to 2
[2016-11-16 14:26:32.716]  Tuned to 3
[2016-11-16 14:26:32.816]  Tuned to 4
[2016-11-16 14:26:32.917]  Tuned to 5
[2016-11-16 14:26:33.017]  Tuned to 6
[2016-11-16 14:26:33.117]  Tuned to 7
[2016-11-16 14:26:33.218]  Tuned to 8
[2016-11-16 14:26:33.318]  Tuned to 9
[2016-11-16 14:26:33.418]  Tuned to 10
[2016-11-16 14:26:33.519]  Tuned to 11
[2016-11-16 14:26:33.619]  Tuned to 12
[2016-11-16 14:26:33.721]  Tuned to 13
[2016-11-16 14:26:33.821]  Tuned to 14
[2016-11-16 14:26:33.922]  Tuned to 15
[2016-11-16 14:26:34.022]  Tuned to 16
[2016-11-16 14:26:34.122]  Tuned to 17
[2016-11-16 14:26:34.223]  Tuned to 18
[2016-11-16 14:26:34.324]  Tuned to 19
[2016-11-16 14:26:34.425]  Tuned to 20
[2016-11-16 14:26:34.525]  Tuned to 21
[2016-11-16 14:26:34.625]  Tuned to 22
[2016-11-16 14:26:34.726]  Tuned to 23
[2016-11-16 14:26:34.826]  Tuned to 24
[2016-11-16 14:26:34.926]  Tuned to 25
[2016-11-16 14:26:35.027]  Tuned to 26
[2016-11-16 14:26:35.127]  Tuned to 27
[2016-11-16 14:26:35.227]  Tuned to 28
[2016-11-16 14:26:35.328]  Tuned to 29
[2016-11-16 14:26:35.428]  Tuned to 30
[2016-11-16 14:26:35.529]  Tuned to 31
[2016-11-16 14:26:35.629]  Tuned to 32
[2016-11-16 14:26:35.729]  Tuned to 33
[2016-11-16 14:26:35.830]  Tuned to 34
[2016-11-16 14:26:35.930]  Tuned to 35
[2016-11-16 14:26:36.030]  Tuned to 36
[2016-11-16 14:26:36.131]  Tuned to 37
[2016-11-16 14:26:36.231]  Tuned to 38
[2016-11-16 14:26:36.331]  Tuned to 39
[2016-11-16 14:26:36.432]  Tuned to 40
[2016-11-16 14:26:36.532]  Tuned to 41
[2016-11-16 14:26:36.632]  Tuned to 42
[2016-11-16 14:26:36.732]  Tuned to 43
[2016-11-16 14:26:36.833]  Tuned to 44
[2016-11-16 14:26:36.933]  Tuned to 45
[2016-11-16 14:26:37.033]  Tuned to 46
[2016-11-16 14:26:37.134]  Tuned to 47
[2016-11-16 14:26:37.234]  Tuned to 48
[2016-11-16 14:26:37.335]  Tuned to 49
[2016-11-16 14:26:37.435]  Tuned to 50
[2016-11-16 14:26:37.536]  Tuned to 51
[2016-11-16 14:26:37.638]  Tuned to 52
[2016-11-16 14:26:37.738]  Tuned to 53
Traceback (most recent call last):
  File "../modules/mousejack/tools/nrf24-scanner.py", line 55, in <module>
    value = common.radio.receive_payload()
  File "/home/lain/Development/seniordesign/mithren/modules/mousejack/tools/lib/nrf24.py", line 109, in receive_payload
    return self.dongle.read(0x81, 64, timeout=nrf24.usb_timeout)
  File "/usr/local/lib/python2.7/dist-packages/usb/core.py", line 988, in read
    self.__get_timeout(timeout))
  File "/usr/local/lib/python2.7/dist-packages/usb/backend/libusb1.py", line 833, in bulk_read
    timeout)
  File "/usr/local/lib/python2.7/dist-packages/usb/backend/libusb1.py", line 933, in __read
    timeout)
KeyboardInterrupt
tail: output.txt: file truncated
[2016-11-16 14:27:44.287]  Using channels 2, 3, 4, 5, 6, 7, 8, 9, 10, 11, 12, 13, 14, 15, 16, 17, 18, 19, 20, 21, 22, 23, 24, 25, 26, 27, 28, 29, 30, 31, 32, 33, 34, 35, 36, 37, 38, 39, 40, 41, 42, 43, 44, 45, 46, 47, 48, 49, 50, 51, 52, 53, 54, 55, 56, 57, 58, 59, 60, 61, 62, 63, 64, 65, 66, 67, 68, 69, 70, 71, 72, 73, 74, 75, 76, 77, 78, 79, 80, 81, 82, 83
[2016-11-16 14:27:44.308]  Entered promiscuous mode
[2016-11-16 14:27:44.309]  Tuned to 2
[2016-11-16 14:27:44.409]  Tuned to 3
[2016-11-16 14:27:44.509]  Tuned to 4
[2016-11-16 14:27:44.609]  Tuned to 5
[2016-11-16 14:27:44.710]  Tuned to 6
[2016-11-16 14:27:44.810]  Tuned to 7
[2016-11-16 14:27:44.910]  Tuned to 8
[2016-11-16 14:27:45.011]  Tuned to 9
[2016-11-16 14:27:45.111]  Tuned to 10
[2016-11-16 14:27:45.212]  Tuned to 11
[2016-11-16 14:27:45.312]  Tuned to 12
[2016-11-16 14:27:45.412]  Tuned to 13
[2016-11-16 14:27:45.514]  Tuned to 14
[2016-11-16 14:27:45.614]  Tuned to 15
[2016-11-16 14:27:45.714]  Tuned to 16
[2016-11-16 14:27:45.814]  Tuned to 17
[2016-11-16 14:27:45.915]  Tuned to 18
[2016-11-16 14:27:46.015]  Tuned to 19
[2016-11-16 14:27:46.115]  Tuned to 20
[2016-11-16 14:27:46.216]  Tuned to 21
[2016-11-16 14:27:46.316]  Tuned to 22
[2016-11-16 14:27:46.416]  Tuned to 23
[2016-11-16 14:27:46.517]  Tuned to 24
[2016-11-16 14:27:46.617]  Tuned to 25
[2016-11-16 14:27:46.717]  Tuned to 26
[2016-11-16 14:27:46.817]  Tuned to 27
[2016-11-16 14:27:46.918]  Tuned to 28
[2016-11-16 14:27:47.018]  Tuned to 29
[2016-11-16 14:27:47.118]  Tuned to 30
[2016-11-16 14:27:47.219]  Tuned to 31
[2016-11-16 14:27:47.319]  Tuned to 32
[2016-11-16 14:27:47.419]  Tuned to 33
[2016-11-16 14:27:47.520]  Tuned to 34
[2016-11-16 14:27:47.620]  Tuned to 35
[2016-11-16 14:27:47.722]  Tuned to 36
[2016-11-16 14:27:47.822]  Tuned to 37
[2016-11-16 14:27:47.923]  Tuned to 38
[2016-11-16 14:27:48.023]  Tuned to 39
[2016-11-16 14:27:48.123]  Tuned to 40
[2016-11-16 14:27:48.224]  Tuned to 41
[2016-11-16 14:27:48.324]  Tuned to 42
[2016-11-16 14:27:48.424]  Tuned to 43
[2016-11-16 14:27:48.525]  Tuned to 44
[2016-11-16 14:27:48.625]  Tuned to 45
[2016-11-16 14:27:48.725]  Tuned to 46
[2016-11-16 14:27:48.826]  Tuned to 47
[2016-11-16 14:27:48.926]  Tuned to 48
[2016-11-16 14:27:49.026]  Tuned to 49
[2016-11-16 14:27:49.126]  Tuned to 50
[2016-11-16 14:27:49.227]  Tuned to 51
[2016-11-16 14:27:49.327]  Tuned to 52
[2016-11-16 14:27:49.427]  Tuned to 53
[2016-11-16 14:27:49.528]  Tuned to 54
[2016-11-16 14:27:49.628]  Tuned to 55
[2016-11-16 14:27:49.728]  Tuned to 56
[2016-11-16 14:27:49.829]  Tuned to 57
[2016-11-16 14:27:49.929]  Tuned to 58
[2016-11-16 14:27:50.029]  Tuned to 59
[2016-11-16 14:27:50.130]  Tuned to 60
[2016-11-16 14:27:50.230]  Tuned to 61
[2016-11-16 14:27:50.330]  Tuned to 62
[2016-11-16 14:27:50.431]  Tuned to 63
[2016-11-16 14:27:50.531]  Tuned to 64
[2016-11-16 14:27:50.631]  Tuned to 65
[2016-11-16 14:27:50.732]  Tuned to 66
[2016-11-16 14:27:50.832]  Tuned to 67
[2016-11-16 14:27:50.932]  Tuned to 68
[2016-11-16 14:27:51.034]  Tuned to 69
[2016-11-16 14:27:51.134]  Tuned to 70
[2016-11-16 14:27:51.235]  Tuned to 71
[2016-11-16 14:27:51.335]  Tuned to 72
[2016-11-16 14:27:51.435]  Tuned to 73
[2016-11-16 14:27:51.537]  Tuned to 74
[2016-11-16 14:27:51.640]  Tuned to 75
[2016-11-16 14:27:51.741]  Tuned to 76
[2016-11-16 14:27:51.841]  Tuned to 77
[2016-11-16 14:27:51.942]  Tuned to 78
[2016-11-16 14:27:52.042]  Tuned to 79
[2016-11-16 14:27:52.142]  Tuned to 80
[2016-11-16 14:27:52.243]  Tuned to 81
[2016-11-16 14:27:52.343]  Tuned to 82
[2016-11-16 14:27:52.443]  Tuned to 83
[2016-11-16 14:27:52.544]  Tuned to 2
[2016-11-16 14:27:52.644]  Tuned to 3
[2016-11-16 14:27:52.744]  Tuned to 4
[2016-11-16 14:27:52.845]  Tuned to 5
[2016-11-16 14:27:52.945]  Tuned to 6
[2016-11-16 14:27:53.045]  Tuned to 7
[2016-11-16 14:27:53.146]  Tuned to 8
[2016-11-16 14:27:53.246]  Tuned to 9
[2016-11-16 14:27:53.346]  Tuned to 10
[2016-11-16 14:27:53.446]  Tuned to 11
[2016-11-16 14:27:53.547]  Tuned to 12
[2016-11-16 14:27:53.647]  Tuned to 13
[2016-11-16 14:27:53.747]  Tuned to 14
[2016-11-16 14:27:53.848]  Tuned to 15
[2016-11-16 14:27:53.948]  Tuned to 16
[2016-11-16 14:27:54.048]  Tuned to 17
[2016-11-16 14:27:54.149]  Tuned to 18
[2016-11-16 14:27:54.249]  Tuned to 19
[2016-11-16 14:27:54.349]  Tuned to 20
[2016-11-16 14:27:54.449]  Tuned to 21
[2016-11-16 14:27:54.550]  Tuned to 22
[2016-11-16 14:27:54.650]  Tuned to 23
[2016-11-16 14:27:54.751]  Tuned to 24
[2016-11-16 14:27:54.851]  Tuned to 25
[2016-11-16 14:27:54.951]  Tuned to 26
[2016-11-16 14:27:55.052]  Tuned to 27
[2016-11-16 14:27:55.152]  Tuned to 28
[2016-11-16 14:27:55.252]  Tuned to 29
[2016-11-16 14:27:55.353]  Tuned to 30
[2016-11-16 14:27:55.453]  Tuned to 31
[2016-11-16 14:27:55.553]  Tuned to 32
[2016-11-16 14:27:55.653]  Tuned to 33
[2016-11-16 14:27:55.754]  Tuned to 34
[2016-11-16 14:27:55.855]  Tuned to 35
[2016-11-16 14:27:55.955]  Tuned to 36
[2016-11-16 14:27:56.055]  Tuned to 37
[2016-11-16 14:27:56.156]  Tuned to 38
[2016-11-16 14:27:56.256]  Tuned to 39
[2016-11-16 14:27:56.356]  Tuned to 40
[2016-11-16 14:27:56.457]  Tuned to 41
[2016-11-16 14:27:56.557]  Tuned to 42
[2016-11-16 14:27:56.657]  Tuned to 43
[2016-11-16 14:27:56.757]  Tuned to 44
[2016-11-16 14:27:56.858]  Tuned to 45
[2016-11-16 14:27:56.958]  Tuned to 46
[2016-11-16 14:27:57.058]  Tuned to 47
[2016-11-16 14:27:57.159]  Tuned to 48
[2016-11-16 14:27:57.259]  Tuned to 49
[2016-11-16 14:27:57.359]  Tuned to 50
[2016-11-16 14:27:57.460]  Tuned to 51
[2016-11-16 14:27:57.560]  Tuned to 52
[2016-11-16 14:27:57.660]  Tuned to 53
[2016-11-16 14:27:57.761]  Tuned to 54
[2016-11-16 14:27:57.861]  Tuned to 55
[2016-11-16 14:27:57.961]  Tuned to 56
[2016-11-16 14:27:58.061]  Tuned to 57
[2016-11-16 14:27:58.162]  Tuned to 58
[2016-11-16 14:27:58.262]  Tuned to 59
[2016-11-16 14:27:58.362]  Tuned to 60
[2016-11-16 14:27:58.463]  Tuned to 61
[2016-11-16 14:27:58.563]  Tuned to 62
[2016-11-16 14:27:58.663]  Tuned to 63
[2016-11-16 14:27:58.764]  Tuned to 64
[2016-11-16 14:27:58.864]  Tuned to 65
[2016-11-16 14:27:58.964]  Tuned to 66
[2016-11-16 14:27:59.064]  Tuned to 67
[2016-11-16 14:27:59.165]  Tuned to 68
[2016-11-16 14:27:59.265]  Tuned to 69
[2016-11-16 14:27:59.365]  Tuned to 70
[2016-11-16 14:27:59.466]  Tuned to 71
[2016-11-16 14:27:59.566]  Tuned to 72
[2016-11-16 14:27:59.666]  Tuned to 73
[2016-11-16 14:27:59.767]  Tuned to 74
[2016-11-16 14:27:59.867]  Tuned to 75
[2016-11-16 14:27:59.967]  Tuned to 76
[2016-11-16 14:28:00.068]  Tuned to 77
[2016-11-16 14:28:00.168]  Tuned to 78
[2016-11-16 14:28:00.268]  Tuned to 79
[2016-11-16 14:28:00.368]  Tuned to 80
[2016-11-16 14:28:00.469]  Tuned to 81
[2016-11-16 14:28:00.569]  Tuned to 82
[2016-11-16 14:28:00.669]  Tuned to 83
[2016-11-16 14:28:00.770]  Tuned to 2
[2016-11-16 14:28:00.870]  Tuned to 3
[2016-11-16 14:28:00.970]  Tuned to 4
[2016-11-16 14:28:01.071]  Tuned to 5
[2016-11-16 14:28:01.171]  Tuned to 6
tail: output.txt: file truncated
[2016-11-16 14:28:01.201]  Using channels 2, 3, 4, 5, 6, 7, 8, 9, 10, 11, 12, 13, 14, 15, 16, 17, 18, 19, 20, 21, 22, 23, 24, 25, 26, 27, 28, 29, 30, 31, 32, 33, 34, 35, 36, 37, 38, 39, 40, 41, 42, 43, 44, 45, 46, 47, 48, 49, 50, 51, 52, 53, 54, 55, 56, 57, 58, 59, 60, 61, 62, 63, 64, 65, 66, 67, 68, 69, 70, 71, 72, 73, 74, 75, 76, 77, 78, 79, 80, 81, 82, 83
Traceback (most recent call last):
  File "../modules/mousejack/tools/nrf24-scanner.py", line 27, in <module>
    common.parse_and_init()
  File "/home/lain/Development/seniordesign/mithren/modules/mousejack/tools/lib/common.py", line 58, in parse_and_init
    radio = nrf24(args.index)
  File "/home/lain/Development/seniordesign/mithren/modules/mousejack/tools/lib/nrf24.py", line 69, in __init__
    raise ex
usb.core.USBError: [Errno 16] Resource busy
                                                                                                                                                                                                                                                                                                                                                                                                                                                                                                                                                                                                                                                                                                                                                                                                                                                                                                                                                                                                                                                                                                                                                                                                                                                                                                                                                                                                                                                                                                                                                                                                                                                                                                                                                                                                                                                                                                                                                                                                                                                                                                                                                                                                                                                                                                                                                                                                                                                                                                                                                                                                                                                                                                                                                                                                                                                                                                                                                                                                                                                                                                                                                                                                                                                                                                                                                                                                                                                                                                                                                                                                                                                                                                                                                                                                                                                                                                                                                                                                                                                                                                                                                                                                                                                                                                                                                                                                                                                                                                                                                                                                                                                                                                                                                                                                                                                                                                                                                                                                                                                                                                                                                                                                                                                                                                                                                                                                                                                                                                                                                                                                                                                                                                                                                                                                                                                                                                                                                                                                                                                                                                                                                                                                                                                                                                                                                                                                                      [2016-11-16 14:28:01.271]  Tuned to 7
[2016-11-16 14:28:01.373]  Tuned to 8
[2016-11-16 14:28:01.474]  Tuned to 9
[2016-11-16 14:28:01.574]  Tuned to 10
[2016-11-16 14:28:01.674]  Tuned to 11
[2016-11-16 14:28:01.774]  Tuned to 12
[2016-11-16 14:28:01.875]  Tuned to 13
[2016-11-16 14:28:01.975]  Tuned to 14
[2016-11-16 14:28:02.075]  Tuned to 15
[2016-11-16 14:28:02.176]  Tuned to 16
[2016-11-16 14:28:02.276]  Tuned to 17
[2016-11-16 14:28:02.376]  Tuned to 18
[2016-11-16 14:28:02.477]  Tuned to 19
[2016-11-16 14:28:02.577]  Tuned to 20
[2016-11-16 14:28:02.677]  Tuned to 21
[2016-11-16 14:28:02.778]  Tuned to 22
[2016-11-16 14:28:02.878]  Tuned to 23
[2016-11-16 14:28:02.978]  Tuned to 24
[2016-11-16 14:28:03.079]  Tuned to 25
[2016-11-16 14:28:03.179]  Tuned to 26
[2016-11-16 14:28:03.279]  Tuned to 27
[2016-11-16 14:28:03.380]  Tuned to 28
[2016-11-16 14:28:03.480]  Tuned to 29
[2016-11-16 14:28:03.580]  Tuned to 30
[2016-11-16 14:28:03.681]  Tuned to 31
[2016-11-16 14:28:03.781]  Tuned to 32
[2016-11-16 14:28:03.881]  Tuned to 33
[2016-11-16 14:28:03.981]  Tuned to 34
[2016-11-16 14:28:04.082]  Tuned to 35
[2016-11-16 14:28:04.182]  Tuned to 36
[2016-11-16 14:28:04.282]  Tuned to 37
[2016-11-16 14:28:04.383]  Tuned to 38
[2016-11-16 14:28:04.483]  Tuned to 39
[2016-11-16 14:28:04.583]  Tuned to 40
[2016-11-16 14:28:04.684]  Tuned to 41
[2016-11-16 14:28:04.784]  Tuned to 42
[2016-11-16 14:28:04.884]  Tuned to 43
[2016-11-16 14:28:04.986]  Tuned to 44
[2016-11-16 14:28:05.087]  Tuned to 45
[2016-11-16 14:28:05.188]  Tuned to 46
[2016-11-16 14:28:05.288]  Tuned to 47
[2016-11-16 14:28:05.388]  Tuned to 48
[2016-11-16 14:28:05.489]  Tuned to 49
[2016-11-16 14:28:05.589]  Tuned to 50
[2016-11-16 14:28:05.689]  Tuned to 51
[2016-11-16 14:28:05.790]  Tuned to 52
[2016-11-16 14:28:05.890]  Tuned to 53
[2016-11-16 14:28:05.990]  Tuned to 54
[2016-11-16 14:28:06.090]  Tuned to 55
[2016-11-16 14:28:06.193]  Tuned to 56
[2016-11-16 14:28:06.293]  Tuned to 57
[2016-11-16 14:28:06.393]  Tuned to 58
[2016-11-16 14:28:06.494]  Tuned to 59
[2016-11-16 14:28:06.594]  Tuned to 60
[2016-11-16 14:28:06.694]  Tuned to 61
[2016-11-16 14:28:06.795]  Tuned to 62
[2016-11-16 14:28:06.895]  Tuned to 63
[2016-11-16 14:28:06.995]  Tuned to 64
[2016-11-16 14:28:07.096]  Tuned to 65
[2016-11-16 14:28:07.196]  Tuned to 66
[2016-11-16 14:28:07.296]  Tuned to 67
[2016-11-16 14:28:07.396]  Tuned to 68
[2016-11-16 14:28:07.497]  Tuned to 69
[2016-11-16 14:28:07.597]  Tuned to 70
[2016-11-16 14:28:07.697]  Tuned to 71
[2016-11-16 14:28:07.798]  Tuned to 72
[2016-11-16 14:28:07.898]  Tuned to 73
[2016-11-16 14:28:07.998]  Tuned to 74
[2016-11-16 14:28:08.099]  Tuned to 75
[2016-11-16 14:28:08.199]  Tuned to 76
[2016-11-16 14:28:08.299]  Tuned to 77
[2016-11-16 14:28:08.399]  Tuned to 78
[2016-11-16 14:28:08.500]  Tuned to 79
[2016-11-16 14:28:08.600]  Tuned to 80
[2016-11-16 14:28:08.700]  Tuned to 81
[2016-11-16 14:28:08.801]  Tuned to 82
[2016-11-16 14:28:08.902]  Tuned to 83
[2016-11-16 14:28:09.005]  Tuned to 2
[2016-11-16 14:28:09.105]  Tuned to 3
[2016-11-16 14:28:09.205]  Tuned to 4
[2016-11-16 14:28:09.306]  Tuned to 5
[2016-11-16 14:28:09.406]  Tuned to 6
[2016-11-16 14:28:09.506]  Tuned to 7
[2016-11-16 14:28:09.607]  Tuned to 8
[2016-11-16 14:28:09.707]  Tuned to 9
[2016-11-16 14:28:09.807]  Tuned to 10
[2016-11-16 14:28:09.907]  Tuned to 11
[2016-11-16 14:28:10.008]  Tuned to 12
[2016-11-16 14:28:10.109]  Tuned to 13
[2016-11-16 14:28:10.209]  Tuned to 14
[2016-11-16 14:28:10.310]  Tuned to 15
[2016-11-16 14:28:10.410]  Tuned to 16
[2016-11-16 14:28:10.510]  Tuned to 17
[2016-11-16 14:28:10.610]  Tuned to 18
[2016-11-16 14:28:10.711]  Tuned to 19
[2016-11-16 14:28:10.811]  Tuned to 20
[2016-11-16 14:28:10.911]  Tuned to 21
[2016-11-16 14:28:11.013]  Tuned to 22
[2016-11-16 14:28:11.113]  Tuned to 23
[2016-11-16 14:28:11.213]  Tuned to 24
[2016-11-16 14:28:11.314]  Tuned to 25
[2016-11-16 14:28:11.414]  Tuned to 26
[2016-11-16 14:28:11.514]  Tuned to 27
[2016-11-16 14:28:11.615]  Tuned to 28
[2016-11-16 14:28:11.715]  Tuned to 29
[2016-11-16 14:28:11.815]  Tuned to 30
[2016-11-16 14:28:11.916]  Tuned to 31
[2016-11-16 14:28:12.016]  Tuned to 32
[2016-11-16 14:28:12.116]  Tuned to 33
[2016-11-16 14:28:12.217]  Tuned to 34
[2016-11-16 14:28:12.317]  Tuned to 35
[2016-11-16 14:28:12.417]  Tuned to 36
[2016-11-16 14:28:12.518]  Tuned to 37
[2016-11-16 14:28:12.618]  Tuned to 38
[2016-11-16 14:28:12.718]  Tuned to 39
[2016-11-16 14:28:12.819]  Tuned to 40
[2016-11-16 14:28:12.919]  Tuned to 41
[2016-11-16 14:28:13.019]  Tuned to 42
[2016-11-16 14:28:13.121]  Tuned to 43
[2016-11-16 14:28:13.221]  Tuned to 44
[2016-11-16 14:28:13.322]  Tuned to 45
[2016-11-16 14:28:13.422]  Tuned to 46
[2016-11-16 14:28:13.522]  Tuned to 47
[2016-11-16 14:28:13.623]  Tuned to 48
[2016-11-16 14:28:13.723]  Tuned to 49
[2016-11-16 14:28:13.823]  Tuned to 50
[2016-11-16 14:28:13.924]  Tuned to 51
[2016-11-16 14:28:14.024]  Tuned to 52
[2016-11-16 14:28:14.124]  Tuned to 53
[2016-11-16 14:28:14.226]  Tuned to 54
[2016-11-16 14:28:14.327]  Tuned to 55
[2016-11-16 14:28:14.427]  Tuned to 56
[2016-11-16 14:28:14.527]  Tuned to 57
[2016-11-16 14:28:14.628]  Tuned to 58
[2016-11-16 14:28:14.728]  Tuned to 59
[2016-11-16 14:28:14.828]  Tuned to 60
[2016-11-16 14:28:14.929]  Tuned to 61
[2016-11-16 14:28:15.029]  Tuned to 62
[2016-11-16 14:28:15.130]  Tuned to 63
[2016-11-16 14:28:15.230]  Tuned to 64
[2016-11-16 14:28:15.330]  Tuned to 65
[2016-11-16 14:28:15.431]  Tuned to 66
[2016-11-16 14:28:15.531]  Tuned to 67
[2016-11-16 14:28:15.631]  Tuned to 68
[2016-11-16 14:28:15.732]  Tuned to 69
[2016-11-16 14:28:15.832]  Tuned to 70
[2016-11-16 14:28:15.932]  Tuned to 71
[2016-11-16 14:28:16.033]  Tuned to 72
[2016-11-16 14:28:16.133]  Tuned to 73
[2016-11-16 14:28:16.233]  Tuned to 74
[2016-11-16 14:28:16.335]  Tuned to 75
[2016-11-16 14:28:16.435]  Tuned to 76
[2016-11-16 14:28:16.535]  Tuned to 77
[2016-11-16 14:28:16.635]  Tuned to 78
[2016-11-16 14:28:16.736]  Tuned to 79
[2016-11-16 14:28:16.836]  Tuned to 80
[2016-11-16 14:28:16.936]  Tuned to 81
[2016-11-16 14:28:17.037]  Tuned to 82
[2016-11-16 14:28:17.137]  Tuned to 83
[2016-11-16 14:28:17.237]  Tuned to 2
[2016-11-16 14:28:17.338]  Tuned to 3
[2016-11-16 14:28:17.438]  Tuned to 4
[2016-11-16 14:28:17.538]  Tuned to 5
[2016-11-16 14:28:17.638]  Tuned to 6
[2016-11-16 14:28:17.739]  Tuned to 7
[2016-11-16 14:28:17.840]  Tuned to 8
[2016-11-16 14:28:17.940]  Tuned to 9
[2016-11-16 14:28:18.041]  Tuned to 10
[2016-11-16 14:28:18.141]  Tuned to 11
[2016-11-16 14:28:18.241]  Tuned to 12
[2016-11-16 14:28:18.342]  Tuned to 13
[2016-11-16 14:28:18.442]  Tuned to 14
[2016-11-16 14:28:18.542]  Tuned to 15
[2016-11-16 14:28:18.644]  Tuned to 16
[2016-11-16 14:28:18.746]  Tuned to 17
[2016-11-16 14:28:18.846]  Tuned to 18
[2016-11-16 14:28:18.947]  Tuned to 19
[2016-11-16 14:28:19.047]  Tuned to 20
[2016-11-16 14:28:19.147]  Tuned to 21
[2016-11-16 14:28:19.247]  Tuned to 22
[2016-11-16 14:28:19.348]  Tuned to 23
[2016-11-16 14:28:19.448]  Tuned to 24
[2016-11-16 14:28:19.548]  Tuned to 25
[2016-11-16 14:28:19.649]  Tuned to 26
[2016-11-16 14:28:19.749]  Tuned to 27
[2016-11-16 14:28:19.849]  Tuned to 28
[2016-11-16 14:28:19.950]  Tuned to 29
[2016-11-16 14:28:20.050]  Tuned to 30
[2016-11-16 14:28:20.150]  Tuned to 31
[2016-11-16 14:28:20.250]  Tuned to 32
[2016-11-16 14:28:20.351]  Tuned to 33
[2016-11-16 14:28:20.451]  Tuned to 34
[2016-11-16 14:28:20.551]  Tuned to 35
[2016-11-16 14:28:20.652]  Tuned to 36
[2016-11-16 14:28:20.752]  Tuned to 37
[2016-11-16 14:28:20.852]  Tuned to 38
[2016-11-16 14:28:20.953]  Tuned to 39
[2016-11-16 14:28:21.053]  Tuned to 40
[2016-11-16 14:28:21.154]  Tuned to 41
[2016-11-16 14:28:21.254]  Tuned to 42
[2016-11-16 14:28:21.354]  Tuned to 43
[2016-11-16 14:28:21.454]  Tuned to 44
[2016-11-16 14:28:21.555]  Tuned to 45
[2016-11-16 14:28:21.655]  Tuned to 46
[2016-11-16 14:28:21.755]  Tuned to 47
[2016-11-16 14:28:21.856]  Tuned to 48
[2016-11-16 14:28:21.956]  Tuned to 49
[2016-11-16 14:28:22.056]  Tuned to 50
[2016-11-16 14:28:22.157]  Tuned to 51
[2016-11-16 14:28:22.257]  Tuned to 52
[2016-11-16 14:28:22.357]  Tuned to 53
[2016-11-16 14:28:22.457]  Tuned to 54
[2016-11-16 14:28:22.558]  Tuned to 55
[2016-11-16 14:28:22.658]  Tuned to 56
[2016-11-16 14:28:22.758]  Tuned to 57
[2016-11-16 14:28:22.859]  Tuned to 58
[2016-11-16 14:28:22.959]  Tuned to 59
[2016-11-16 14:28:23.059]  Tuned to 60
[2016-11-16 14:28:23.159]  Tuned to 61
[2016-11-16 14:28:23.260]  Tuned to 62
[2016-11-16 14:28:23.360]  Tuned to 63
[2016-11-16 14:28:23.460]  Tuned to 64
[2016-11-16 14:28:23.561]  Tuned to 65
[2016-11-16 14:28:23.661]  Tuned to 66
[2016-11-16 14:28:23.762]  Tuned to 67
[2016-11-16 14:28:23.862]  Tuned to 68
[2016-11-16 14:28:23.962]  Tuned to 69
[2016-11-16 14:28:24.062]  Tuned to 70
[2016-11-16 14:28:24.163]  Tuned to 71
[2016-11-16 14:28:24.263]  Tuned to 72
[2016-11-16 14:28:24.363]  Tuned to 73
[2016-11-16 14:28:24.464]  Tuned to 74
[2016-11-16 14:28:24.564]  Tuned to 75
[2016-11-16 14:28:24.664]  Tuned to 76
[2016-11-16 14:28:24.765]  Tuned to 77
[2016-11-16 14:28:24.865]  Tuned to 78
[2016-11-16 14:28:24.965]  Tuned to 79
[2016-11-16 14:28:25.065]  Tuned to 80
[2016-11-16 14:28:25.166]  Tuned to 81
[2016-11-16 14:28:25.266]  Tuned to 82
[2016-11-16 14:28:25.366]  Tuned to 83
[2016-11-16 14:28:25.467]  Tuned to 2
[2016-11-16 14:28:25.567]  Tuned to 3
[2016-11-16 14:28:25.668]  Tuned to 4
[2016-11-16 14:28:25.768]  Tuned to 5
[2016-11-16 14:28:25.868]  Tuned to 6
[2016-11-16 14:28:25.968]  Tuned to 7
[2016-11-16 14:28:26.069]  Tuned to 8
[2016-11-16 14:28:26.169]  Tuned to 9
[2016-11-16 14:28:26.270]  Tuned to 10
[2016-11-16 14:28:26.370]  Tuned to 11
[2016-11-16 14:28:26.470]  Tuned to 12
[2016-11-16 14:28:26.571]  Tuned to 13
[2016-11-16 14:28:26.671]  Tuned to 14
[2016-11-16 14:28:26.771]  Tuned to 15
[2016-11-16 14:28:26.872]  Tuned to 16
[2016-11-16 14:28:26.972]  Tuned to 17
[2016-11-16 14:28:27.072]  Tuned to 18
[2016-11-16 14:28:27.172]  Tuned to 19
[2016-11-16 14:28:27.273]  Tuned to 20
[2016-11-16 14:28:27.373]  Tuned to 21
[2016-11-16 14:28:27.474]  Tuned to 22
[2016-11-16 14:28:27.575]  Tuned to 23
[2016-11-16 14:28:27.675]  Tuned to 24
[2016-11-16 14:28:27.775]  Tuned to 25
[2016-11-16 14:28:27.875]  Tuned to 26
[2016-11-16 14:28:27.976]  Tuned to 27
[2016-11-16 14:28:28.076]  Tuned to 28
[2016-11-16 14:28:28.176]  Tuned to 29
[2016-11-16 14:28:28.277]  Tuned to 30
[2016-11-16 14:28:28.377]  Tuned to 31
[2016-11-16 14:28:28.477]  Tuned to 32
[2016-11-16 14:28:28.577]  Tuned to 33
[2016-11-16 14:28:28.678]  Tuned to 34
[2016-11-16 14:28:28.778]  Tuned to 35
[2016-11-16 14:28:28.878]  Tuned to 36
[2016-11-16 14:28:28.979]  Tuned to 37
[2016-11-16 14:28:29.079]  Tuned to 38
[2016-11-16 14:28:29.179]  Tuned to 39
[2016-11-16 14:28:29.281]  Tuned to 40
[2016-11-16 14:28:29.381]  Tuned to 41
[2016-11-16 14:28:29.481]  Tuned to 42
[2016-11-16 14:28:29.582]  Tuned to 43
[2016-11-16 14:28:29.684]  Tuned to 44
[2016-11-16 14:28:29.784]  Tuned to 45
[2016-11-16 14:28:29.885]  Tuned to 46
[2016-11-16 14:28:29.985]  Tuned to 47
[2016-11-16 14:28:30.085]  Tuned to 48
[2016-11-16 14:28:30.186]  Tuned to 49
[2016-11-16 14:28:30.286]  Tuned to 50
[2016-11-16 14:28:30.386]  Tuned to 51
[2016-11-16 14:28:30.486]  Tuned to 52
[2016-11-16 14:28:30.587]  Tuned to 53
[2016-11-16 14:28:30.687]  Tuned to 54
[2016-11-16 14:28:30.787]  Tuned to 55
[2016-11-16 14:28:30.888]  Tuned to 56
[2016-11-16 14:28:30.988]  Tuned to 57
[2016-11-16 14:28:31.088]  Tuned to 58
[2016-11-16 14:28:31.189]  Tuned to 59
[2016-11-16 14:28:31.289]  Tuned to 60
[2016-11-16 14:28:31.389]  Tuned to 61
[2016-11-16 14:28:31.490]  Tuned to 62
[2016-11-16 14:28:31.590]  Tuned to 63
[2016-11-16 14:28:31.691]  Tuned to 64
[2016-11-16 14:28:31.791]  Tuned to 65
[2016-11-16 14:28:31.892]  Tuned to 66
[2016-11-16 14:28:31.992]  Tuned to 67
[2016-11-16 14:28:32.092]  Tuned to 68
[2016-11-16 14:28:32.192]  Tuned to 69
[2016-11-16 14:28:32.293]  Tuned to 70
[2016-11-16 14:28:32.393]  Tuned to 71
[2016-11-16 14:28:32.495]  Tuned to 72
[2016-11-16 14:28:32.595]  Tuned to 73
[2016-11-16 14:28:32.696]  Tuned to 74
[2016-11-16 14:28:32.797]  Tuned to 75
[2016-11-16 14:28:32.898]  Tuned to 76
[2016-11-16 14:28:32.998]  Tuned to 77
[2016-11-16 14:28:33.099]  Tuned to 78
[2016-11-16 14:28:33.199]  Tuned to 79
[2016-11-16 14:28:33.301]  Tuned to 80
[2016-11-16 14:28:33.401]  Tuned to 81
[2016-11-16 14:28:33.501]  Tuned to 82
[2016-11-16 14:28:33.602]  Tuned to 83
[2016-11-16 14:28:33.702]  Tuned to 2
[2016-11-16 14:28:33.803]  Tuned to 3
[2016-11-16 14:28:33.905]  Tuned to 4
[2016-11-16 14:28:34.005]  Tuned to 5
[2016-11-16 14:28:34.106]  Tuned to 6
[2016-11-16 14:28:34.206]  Tuned to 7
[2016-11-16 14:28:34.308]  Tuned to 8
[2016-11-16 14:28:34.408]  Tuned to 9
[2016-11-16 14:28:34.509]  Tuned to 10
[2016-11-16 14:28:34.609]  Tuned to 11
[2016-11-16 14:28:34.709]  Tuned to 12
[2016-11-16 14:28:34.810]  Tuned to 13
[2016-11-16 14:28:34.910]  Tuned to 14
[2016-11-16 14:28:35.012]  Tuned to 15
[2016-11-16 14:28:35.112]  Tuned to 16
[2016-11-16 14:28:35.213]  Tuned to 17
[2016-11-16 14:28:35.313]  Tuned to 18
[2016-11-16 14:28:35.413]  Tuned to 19
[2016-11-16 14:28:35.514]  Tuned to 20
[2016-11-16 14:28:35.614]  Tuned to 21
[2016-11-16 14:28:35.714]  Tuned to 22
[2016-11-16 14:28:35.815]  Tuned to 23
[2016-11-16 14:28:35.915]  Tuned to 24
[2016-11-16 14:28:36.015]  Tuned to 25
[2016-11-16 14:28:36.117]  Tuned to 26
tail: output.txt: file truncated
[2016-11-16 14:28:54.757]  Using channels 2, 3, 4, 5, 6, 7, 8, 9, 10, 11, 12, 13, 14, 15, 16, 17, 18, 19, 20, 21, 22, 23, 24, 25, 26, 27, 28, 29, 30, 31, 32, 33, 34, 35, 36, 37, 38, 39, 40, 41, 42, 43, 44, 45, 46, 47, 48, 49, 50, 51, 52, 53, 54, 55, 56, 57, 58, 59, 60, 61, 62, 63, 64, 65, 66, 67, 68, 69, 70, 71, 72, 73, 74, 75, 76, 77, 78, 79, 80, 81, 82, 83
[2016-11-16 14:28:54.777]  Entered promiscuous mode
[2016-11-16 14:28:54.778]  Tuned to 2
[2016-11-16 14:28:54.878]  Tuned to 3
[2016-11-16 14:28:54.978]  Tuned to 4
[2016-11-16 14:28:55.079]  Tuned to 5
[2016-11-16 14:28:55.179]  Tuned to 6
[2016-11-16 14:28:55.279]  Tuned to 7
[2016-11-16 14:28:55.380]  Tuned to 8
[2016-11-16 14:28:55.480]  Tuned to 9
[2016-11-16 14:28:55.580]  Tuned to 10
[2016-11-16 14:28:55.680]  Tuned to 11
[2016-11-16 14:28:55.781]  Tuned to 12
[2016-11-16 14:28:55.881]  Tuned to 13
[2016-11-16 14:28:55.982]  Tuned to 14
[2016-11-16 14:28:56.082]  Tuned to 15
[2016-11-16 14:28:56.182]  Tuned to 16
[2016-11-16 14:28:56.283]  Tuned to 17
[2016-11-16 14:28:56.383]  Tuned to 18
[2016-11-16 14:28:56.483]  Tuned to 19
[2016-11-16 14:28:56.584]  Tuned to 20
[2016-11-16 14:28:56.684]  Tuned to 21
[2016-11-16 14:28:56.786]  Tuned to 22
[2016-11-16 14:28:56.886]  Tuned to 23
[2016-11-16 14:28:56.987]  Tuned to 24
[2016-11-16 14:28:57.089]  Tuned to 25
[2016-11-16 14:28:57.189]  Tuned to 26
[2016-11-16 14:28:57.289]  Tuned to 27
[2016-11-16 14:28:57.390]  Tuned to 28
[2016-11-16 14:28:57.490]  Tuned to 29
[2016-11-16 14:28:57.591]  Tuned to 30
[2016-11-16 14:28:57.691]  Tuned to 31
[2016-11-16 14:28:57.791]  Tuned to 32
[2016-11-16 14:28:57.892]  Tuned to 33
[2016-11-16 14:28:57.992]  Tuned to 34
[2016-11-16 14:28:58.092]  Tuned to 35
[2016-11-16 14:28:58.192]  Tuned to 36
[2016-11-16 14:28:58.293]  Tuned to 37
[2016-11-16 14:28:58.393]  Tuned to 38
[2016-11-16 14:28:58.493]  Tuned to 39
Traceback (most recent call last):
  File "../modules/mousejack/tools/nrf24-scanner.py", line 55, in <module>
    value = common.radio.receive_payload()
  File "/home/lain/Development/seniordesign/mithren/modules/mousejack/tools/lib/nrf24.py", line 109, in receive_payload
    return self.dongle.read(0x81, 64, timeout=nrf24.usb_timeout)
  File "/usr/local/lib/python2.7/dist-packages/usb/core.py", line 988, in read
    self.__get_timeout(timeout))
  File "/usr/local/lib/python2.7/dist-packages/usb/backend/libusb1.py", line 833, in bulk_read
    timeout)
  File "/usr/local/lib/python2.7/dist-packages/usb/backend/libusb1.py", line 933, in __read
    timeout)
KeyboardInterrupt
tail: output.txt: file truncated
[2016-11-16 14:29:58.136]  Using channels 2, 3, 4, 5, 6, 7, 8, 9, 10, 11, 12, 13, 14, 15, 16, 17, 18, 19, 20, 21, 22, 23, 24, 25, 26, 27, 28, 29, 30, 31, 32, 33, 34, 35, 36, 37, 38, 39, 40, 41, 42, 43, 44, 45, 46, 47, 48, 49, 50, 51, 52, 53, 54, 55, 56, 57, 58, 59, 60, 61, 62, 63, 64, 65, 66, 67, 68, 69, 70, 71, 72, 73, 74, 75, 76, 77, 78, 79, 80, 81, 82, 83
[2016-11-16 14:29:58.151]  Entered promiscuous mode
[2016-11-16 14:29:58.151]  Tuned to 2
[2016-11-16 14:29:58.251]  Tuned to 3
[2016-11-16 14:29:58.352]  Tuned to 4
[2016-11-16 14:29:58.452]  Tuned to 5
[2016-11-16 14:29:58.552]  Tuned to 6
[2016-11-16 14:29:58.653]  Tuned to 7
[2016-11-16 14:29:58.753]  Tuned to 8
[2016-11-16 14:29:58.853]  Tuned to 9
[2016-11-16 14:29:58.954]  Tuned to 10
[2016-11-16 14:29:59.054]  Tuned to 11
[2016-11-16 14:29:59.154]  Tuned to 12
[2016-11-16 14:29:59.255]  Tuned to 13
[2016-11-16 14:29:59.355]  Tuned to 14
[2016-11-16 14:29:59.455]  Tuned to 15
[2016-11-16 14:29:59.556]  Tuned to 16
[2016-11-16 14:29:59.656]  Tuned to 17
[2016-11-16 14:29:59.756]  Tuned to 18
[2016-11-16 14:29:59.857]  Tuned to 19
[2016-11-16 14:29:59.957]  Tuned to 20
[2016-11-16 14:30:00.058]  Tuned to 21
[2016-11-16 14:30:00.158]  Tuned to 22
[2016-11-16 14:30:00.258]  Tuned to 23
[2016-11-16 14:30:00.359]  Tuned to 24
[2016-11-16 14:30:00.459]  Tuned to 25
[2016-11-16 14:30:00.561]  Tuned to 26
[2016-11-16 14:30:00.661]  Tuned to 27
[2016-11-16 14:30:00.761]  Tuned to 28
[2016-11-16 14:30:00.862]  Tuned to 29
[2016-11-16 14:30:00.962]  Tuned to 30
[2016-11-16 14:30:01.062]  Tuned to 31
[2016-11-16 14:30:01.163]  Tuned to 32
[2016-11-16 14:30:01.263]  Tuned to 33
[2016-11-16 14:30:01.365]  Tuned to 34
[2016-11-16 14:30:01.465]  Tuned to 35
[2016-11-16 14:30:01.565]  Tuned to 36
[2016-11-16 14:30:01.666]  Tuned to 37
[2016-11-16 14:30:01.766]  Tuned to 38
[2016-11-16 14:30:01.866]  Tuned to 39
[2016-11-16 14:30:01.967]  Tuned to 40
[2016-11-16 14:30:02.067]  Tuned to 41
[2016-11-16 14:30:02.167]  Tuned to 42
[2016-11-16 14:30:02.267]  Tuned to 43
[2016-11-16 14:30:02.368]  Tuned to 44
[2016-11-16 14:30:02.468]  Tuned to 45
[2016-11-16 14:30:02.569]  Tuned to 46
[2016-11-16 14:30:02.669]  Tuned to 47
[2016-11-16 14:30:02.769]  Tuned to 48
[2016-11-16 14:30:02.870]  Tuned to 49
[2016-11-16 14:30:02.970]  Tuned to 50
[2016-11-16 14:30:03.070]  Tuned to 51
[2016-11-16 14:30:03.171]  Tuned to 52
[2016-11-16 14:30:03.271]  Tuned to 53
[2016-11-16 14:30:03.371]  Tuned to 54
[2016-11-16 14:30:03.471]  Tuned to 55
[2016-11-16 14:30:03.572]  Tuned to 56
[2016-11-16 14:30:03.672]  Tuned to 57
[2016-11-16 14:30:03.772]  Tuned to 58
[2016-11-16 14:30:03.873]  Tuned to 59
[2016-11-16 14:30:03.975]  Tuned to 60
[2016-11-16 14:30:04.075]  Tuned to 61
[2016-11-16 14:30:04.176]  Tuned to 62
[2016-11-16 14:30:04.276]  Tuned to 63
[2016-11-16 14:30:04.377]  Tuned to 64
[2016-11-16 14:30:04.477]  Tuned to 65
[2016-11-16 14:30:04.577]  Tuned to 66
[2016-11-16 14:30:04.678]  Tuned to 67
[2016-11-16 14:30:04.778]  Tuned to 68
[2016-11-16 14:30:04.878]  Tuned to 69
[2016-11-16 14:30:04.979]  Tuned to 70
[2016-11-16 14:30:05.079]  Tuned to 71
[2016-11-16 14:30:05.179]  Tuned to 72
[2016-11-16 14:30:05.279]  Tuned to 73
[2016-11-16 14:30:05.380]  Tuned to 74
[2016-11-16 14:30:05.480]  Tuned to 75
[2016-11-16 14:30:05.580]  Tuned to 76
[2016-11-16 14:30:05.681]  Tuned to 77
[2016-11-16 14:30:05.781]  Tuned to 78
[2016-11-16 14:30:05.882]  Tuned to 79
[2016-11-16 14:30:05.982]  Tuned to 80
[2016-11-16 14:30:06.082]  Tuned to 81
[2016-11-16 14:30:06.183]  Tuned to 82
[2016-11-16 14:30:06.283]  Tuned to 83
[2016-11-16 14:30:06.383]  Tuned to 2
[2016-11-16 14:30:06.484]  Tuned to 3
[2016-11-16 14:30:06.584]  Tuned to 4
[2016-11-16 14:30:06.684]  Tuned to 5
[2016-11-16 14:30:06.784]  Tuned to 6
[2016-11-16 14:30:06.885]  Tuned to 7
[2016-11-16 14:30:06.985]  Tuned to 8
[2016-11-16 14:30:07.085]  Tuned to 9
[2016-11-16 14:30:07.186]  Tuned to 10
[2016-11-16 14:30:07.286]  Tuned to 11
[2016-11-16 14:30:07.386]  Tuned to 12
[2016-11-16 14:30:07.487]  Tuned to 13
[2016-11-16 14:30:07.587]  Tuned to 14
[2016-11-16 14:30:07.687]  Tuned to 15
[2016-11-16 14:30:07.787]  Tuned to 16
[2016-11-16 14:30:07.888]  Tuned to 17
[2016-11-16 14:30:07.989]  Tuned to 18
[2016-11-16 14:30:08.091]  Tuned to 19
[2016-11-16 14:30:08.191]  Tuned to 20
[2016-11-16 14:30:08.291]  Tuned to 21
[2016-11-16 14:30:08.392]  Tuned to 22
[2016-11-16 14:30:08.492]  Tuned to 23
[2016-11-16 14:30:08.592]  Tuned to 24
[2016-11-16 14:30:08.694]  Tuned to 25
[2016-11-16 14:30:08.794]  Tuned to 26
[2016-11-16 14:30:08.895]  Tuned to 27
[2016-11-16 14:30:08.995]  Tuned to 28
[2016-11-16 14:30:09.095]  Tuned to 29
[2016-11-16 14:30:09.196]  Tuned to 30
[2016-11-16 14:30:09.296]  Tuned to 31
[2016-11-16 14:30:09.396]  Tuned to 32
[2016-11-16 14:30:09.496]  Tuned to 33
[2016-11-16 14:30:09.597]  Tuned to 34
[2016-11-16 14:30:09.697]  Tuned to 35
[2016-11-16 14:30:09.797]  Tuned to 36
[2016-11-16 14:30:09.898]  Tuned to 37
[2016-11-16 14:30:09.998]  Tuned to 38
[2016-11-16 14:30:10.098]  Tuned to 39
[2016-11-16 14:30:10.199]  Tuned to 40
[2016-11-16 14:30:10.300]  Tuned to 41
[2016-11-16 14:30:10.400]  Tuned to 42
[2016-11-16 14:30:10.500]  Tuned to 43
[2016-11-16 14:30:10.600]  Tuned to 44
[2016-11-16 14:30:10.701]  Tuned to 45
[2016-11-16 14:30:10.801]  Tuned to 46
[2016-11-16 14:30:10.901]  Tuned to 47
[2016-11-16 14:30:11.002]  Tuned to 48
[2016-11-16 14:30:11.102]  Tuned to 49
[2016-11-16 14:30:11.202]  Tuned to 50
[2016-11-16 14:30:11.302]  Tuned to 51
[2016-11-16 14:30:11.405]  Tuned to 52
[2016-11-16 14:30:11.505]  Tuned to 53
[2016-11-16 14:30:11.605]  Tuned to 54
[2016-11-16 14:30:11.706]  Tuned to 55
[2016-11-16 14:30:11.806]  Tuned to 56
[2016-11-16 14:30:11.906]  Tuned to 57
[2016-11-16 14:30:12.007]  Tuned to 58
[2016-11-16 14:30:12.107]  Tuned to 59
[2016-11-16 14:30:12.207]  Tuned to 60
[2016-11-16 14:30:12.308]  Tuned to 61
[2016-11-16 14:30:12.409]  Tuned to 62
[2016-11-16 14:30:12.510]  Tuned to 63
[2016-11-16 14:30:12.610]  Tuned to 64
[2016-11-16 14:30:12.710]  Tuned to 65
[2016-11-16 14:30:12.810]  Tuned to 66
[2016-11-16 14:30:12.911]  Tuned to 67
[2016-11-16 14:30:13.011]  Tuned to 68
[2016-11-16 14:30:13.111]  Tuned to 69
[2016-11-16 14:30:13.212]  Tuned to 70
[2016-11-16 14:30:13.312]  Tuned to 71
[2016-11-16 14:30:13.412]  Tuned to 72
[2016-11-16 14:30:13.513]  Tuned to 73
[2016-11-16 14:30:13.613]  Tuned to 74
[2016-11-16 14:30:13.715]  Tuned to 75
[2016-11-16 14:30:13.817]  Tuned to 76
[2016-11-16 14:30:13.917]  Tuned to 77
[2016-11-16 14:30:14.017]  Tuned to 78
[2016-11-16 14:30:14.118]  Tuned to 79
[2016-11-16 14:30:14.218]  Tuned to 80
[2016-11-16 14:30:14.318]  Tuned to 81
[2016-11-16 14:30:14.419]  Tuned to 82
[2016-11-16 14:30:14.519]  Tuned to 83
[2016-11-16 14:30:14.619]  Tuned to 2
[2016-11-16 14:30:14.720]  Tuned to 3
[2016-11-16 14:30:14.821]  Tuned to 4
[2016-11-16 14:30:14.921]  Tuned to 5
[2016-11-16 14:30:15.021]  Tuned to 6
[2016-11-16 14:30:15.122]  Tuned to 7
[2016-11-16 14:30:15.222]  Tuned to 8
[2016-11-16 14:30:15.322]  Tuned to 9
[2016-11-16 14:30:15.423]  Tuned to 10
[2016-11-16 14:30:15.523]  Tuned to 11
[2016-11-16 14:30:15.623]  Tuned to 12
[2016-11-16 14:30:15.723]  Tuned to 13
[2016-11-16 14:30:15.824]  Tuned to 14
[2016-11-16 14:30:15.925]  Tuned to 15
[2016-11-16 14:30:16.025]  Tuned to 16
[2016-11-16 14:30:16.126]  Tuned to 17
[2016-11-16 14:30:16.226]  Tuned to 18
[2016-11-16 14:30:16.326]  Tuned to 19
[2016-11-16 14:30:16.427]  Tuned to 20
[2016-11-16 14:30:16.527]  Tuned to 21
[2016-11-16 14:30:16.627]  Tuned to 22
[2016-11-16 14:30:16.727]  Tuned to 23
[2016-11-16 14:30:16.828]  Tuned to 24
[2016-11-16 14:30:16.928]  Tuned to 25
[2016-11-16 14:30:17.028]  Tuned to 26
[2016-11-16 14:30:17.129]  Tuned to 27
[2016-11-16 14:30:17.229]  Tuned to 28
[2016-11-16 14:30:17.329]  Tuned to 29
[2016-11-16 14:30:17.430]  Tuned to 30
[2016-11-16 14:30:17.530]  Tuned to 31
[2016-11-16 14:30:17.630]  Tuned to 32
[2016-11-16 14:30:17.731]  Tuned to 33
[2016-11-16 14:30:17.831]  Tuned to 34
[2016-11-16 14:30:17.931]  Tuned to 35
[2016-11-16 14:30:18.032]  Tuned to 36
[2016-11-16 14:30:18.132]  Tuned to 37
[2016-11-16 14:30:18.232]  Tuned to 38
[2016-11-16 14:30:18.332]  Tuned to 39
[2016-11-16 14:30:18.433]  Tuned to 40
[2016-11-16 14:30:18.533]  Tuned to 41
[2016-11-16 14:30:18.633]  Tuned to 42
[2016-11-16 14:30:18.734]  Tuned to 43
[2016-11-16 14:30:18.834]  Tuned to 44
[2016-11-16 14:30:18.934]  Tuned to 45
[2016-11-16 14:30:19.035]  Tuned to 46
[2016-11-16 14:30:19.135]  Tuned to 47
[2016-11-16 14:30:19.235]  Tuned to 48
[2016-11-16 14:30:19.336]  Tuned to 49
[2016-11-16 14:30:19.437]  Tuned to 50
[2016-11-16 14:30:19.538]  Tuned to 51
[2016-11-16 14:30:19.638]  Tuned to 52
[2016-11-16 14:30:19.738]  Tuned to 53
[2016-11-16 14:30:19.839]  Tuned to 54
[2016-11-16 14:30:19.939]  Tuned to 55
[2016-11-16 14:30:20.039]  Tuned to 56
[2016-11-16 14:30:20.139]  Tuned to 57
[2016-11-16 14:30:20.240]  Tuned to 58
[2016-11-16 14:30:20.341]  Tuned to 59
[2016-11-16 14:30:20.441]  Tuned to 60
[2016-11-16 14:30:20.541]  Tuned to 61
[2016-11-16 14:30:20.641]  Tuned to 62
[2016-11-16 14:30:20.742]  Tuned to 63
[2016-11-16 14:30:20.842]  Tuned to 64
[2016-11-16 14:30:20.942]  Tuned to 65
[2016-11-16 14:30:21.043]  Tuned to 66
[2016-11-16 14:30:21.143]  Tuned to 67
[2016-11-16 14:30:21.243]  Tuned to 68
[2016-11-16 14:30:21.344]  Tuned to 69
[2016-11-16 14:30:21.444]  Tuned to 70
[2016-11-16 14:30:21.544]  Tuned to 71
[2016-11-16 14:30:21.645]  Tuned to 72
[2016-11-16 14:30:21.745]  Tuned to 73
[2016-11-16 14:30:21.845]  Tuned to 74
[2016-11-16 14:30:21.946]  Tuned to 75
[2016-11-16 14:30:22.046]  Tuned to 76
[2016-11-16 14:30:22.146]  Tuned to 77
[2016-11-16 14:30:22.247]  Tuned to 78
[2016-11-16 14:30:22.347]  Tuned to 79
[2016-11-16 14:30:22.447]  Tuned to 80
[2016-11-16 14:30:22.548]  Tuned to 81
[2016-11-16 14:30:22.648]  Tuned to 82
[2016-11-16 14:30:22.748]  Tuned to 83
[2016-11-16 14:30:22.849]  Tuned to 2
[2016-11-16 14:30:22.949]  Tuned to 3
[2016-11-16 14:30:23.049]  Tuned to 4
[2016-11-16 14:30:23.150]  Tuned to 5
[2016-11-16 14:30:23.251]  Tuned to 6
[2016-11-16 14:30:23.351]  Tuned to 7
tail: output.txt: file truncated
[2016-11-16 14:30:23.416]  Using channels 2, 3, 4, 5, 6, 7, 8, 9, 10, 11, 12, 13, 14, 15, 16, 17, 18, 19, 20, 21, 22, 23, 24, 25, 26, 27, 28, 29, 30, 31, 32, 33, 34, 35, 36, 37, 38, 39, 40, 41, 42, 43, 44, 45, 46, 47, 48, 49, 50, 51, 52, 53, 54, 55, 56, 57, 58, 59, 60, 61, 62, 63, 64, 65, 66, 67, 68, 69, 70, 71, 72, 73, 74, 75, 76, 77, 78, 79, 80, 81, 82, 83
Traceback (most recent call last):
  File "../modules/mousejack/tools/nrf24-scanner.py", line 27, in <module>
    common.parse_and_init()
  File "/home/lain/Development/seniordesign/mithren/modules/mousejack/tools/lib/common.py", line 58, in parse_and_init
    radio = nrf24(args.index)
  File "/home/lain/Development/seniordesign/mithren/modules/mousejack/tools/lib/nrf24.py", line 69, in __init__
    raise ex
usb.core.USBError: [Errno 16] Resource busy
                                                                                                                                                                                                                                                                                                                                                                                                                                                                                                                                                                                                                                                                                                                                                                                                                                                                                                                                                                                                                                                                                                                                                                                                                                                                                                                                                                                                                                                                                                                                                                                                                                                                                                                                                                                                                                                                                                                                                                                                                                                                                                                                                                                                                                                                                                                                                                                                                                                                                                                                                                                                                                                                                                                                                                                                                                                                                                                                                                                                                                                                                                                                                                                                                                                                                                                                                                                                                                                                                                                                                                                                                                                                                                                                                                                                                                                                                                                                                                                                                                                                                                                                                                                                                                                                                                                                                                                                                                                                                                                                                                                                                                                                                                                                                                                                                                                                                                                                                                                                                                                                                                                                                                                                                                                                                                                                                                                                                                                                                                                                                                                                                                                                                                                                                                                                                                                                                                                                                                                                                                                                                                                                                                                                                                                                                                                                                                                                                                                                                                                                                                                                                                                                                                                                                                                                                                                                                                                                                                                                                                                                                                                                                                                                                                                                                                                                                                                                                                                                                                                                                                                                                                                                                                                                                                                                                                                                                                                                                                                                                                                                                                                                                                                                                                                                                                                                                                                                                                                                                                                                                                                                                                                                                                                                                                                                                                                                                                                                                                                                                                                                                                                                                                                                                                                                                                                                                                                                                                                                                                                                                                                                                                                                                                                                                                                  [2016-11-16 14:30:23.452]  Tuned to 8
[2016-11-16 14:30:23.552]  Tuned to 9
[2016-11-16 14:30:23.652]  Tuned to 10
[2016-11-16 14:30:23.753]  Tuned to 11
[2016-11-16 14:30:23.853]  Tuned to 12
[2016-11-16 14:30:23.955]  Tuned to 13
[2016-11-16 14:30:24.055]  Tuned to 14
[2016-11-16 14:30:24.156]  Tuned to 15
[2016-11-16 14:30:24.256]  Tuned to 16
[2016-11-16 14:30:24.356]  Tuned to 17
[2016-11-16 14:30:24.456]  Tuned to 18
[2016-11-16 14:30:24.557]  Tuned to 19
[2016-11-16 14:30:24.657]  Tuned to 20
[2016-11-16 14:30:24.757]  Tuned to 21
[2016-11-16 14:30:24.859]  Tuned to 22
[2016-11-16 14:30:24.959]  Tuned to 23
[2016-11-16 14:30:25.059]  Tuned to 24
[2016-11-16 14:30:25.160]  Tuned to 25
[2016-11-16 14:30:25.261]  Tuned to 26
[2016-11-16 14:30:25.361]  Tuned to 27
[2016-11-16 14:30:25.461]  Tuned to 28
[2016-11-16 14:30:25.562]  Tuned to 29
[2016-11-16 14:30:25.662]  Tuned to 30
[2016-11-16 14:30:25.762]  Tuned to 31
[2016-11-16 14:30:25.863]  Tuned to 32
[2016-11-16 14:30:25.963]  Tuned to 33
[2016-11-16 14:30:26.063]  Tuned to 34
[2016-11-16 14:30:26.164]  Tuned to 35
[2016-11-16 14:30:26.264]  Tuned to 36
[2016-11-16 14:30:26.364]  Tuned to 37
[2016-11-16 14:30:26.467]  Tuned to 38
[2016-11-16 14:30:26.567]  Tuned to 39
[2016-11-16 14:30:26.667]  Tuned to 40
[2016-11-16 14:30:26.768]  Tuned to 41
[2016-11-16 14:30:26.868]  Tuned to 42
[2016-11-16 14:30:26.968]  Tuned to 43
[2016-11-16 14:30:27.069]  Tuned to 44
[2016-11-16 14:30:27.169]  Tuned to 45
[2016-11-16 14:30:27.269]  Tuned to 46
[2016-11-16 14:30:27.369]  Tuned to 47
[2016-11-16 14:30:27.470]  Tuned to 48
[2016-11-16 14:30:27.570]  Tuned to 49
[2016-11-16 14:30:27.670]  Tuned to 50
[2016-11-16 14:30:27.771]  Tuned to 51
[2016-11-16 14:30:27.871]  Tuned to 52
[2016-11-16 14:30:27.971]  Tuned to 53
[2016-11-16 14:30:28.072]  Tuned to 54
[2016-11-16 14:30:28.172]  Tuned to 55
[2016-11-16 14:30:28.272]  Tuned to 56
[2016-11-16 14:30:28.373]  Tuned to 57
[2016-11-16 14:30:28.473]  Tuned to 58
[2016-11-16 14:30:28.573]  Tuned to 59
[2016-11-16 14:30:28.674]  Tuned to 60
[2016-11-16 14:30:28.774]  Tuned to 61
[2016-11-16 14:30:28.875]  Tuned to 62
[2016-11-16 14:30:28.975]  Tuned to 63
[2016-11-16 14:30:29.075]  Tuned to 64
[2016-11-16 14:30:29.176]  Tuned to 65
[2016-11-16 14:30:29.276]  Tuned to 66
[2016-11-16 14:30:29.376]  Tuned to 67
[2016-11-16 14:30:29.477]  Tuned to 68
[2016-11-16 14:30:29.577]  Tuned to 69
[2016-11-16 14:30:29.677]  Tuned to 70
[2016-11-16 14:30:29.779]  Tuned to 71
[2016-11-16 14:30:29.879]  Tuned to 72
[2016-11-16 14:30:29.979]  Tuned to 73
[2016-11-16 14:30:30.080]  Tuned to 74
[2016-11-16 14:30:30.180]  Tuned to 75
[2016-11-16 14:30:30.280]  Tuned to 76
[2016-11-16 14:30:30.380]  Tuned to 77
[2016-11-16 14:30:30.481]  Tuned to 78
[2016-11-16 14:30:30.581]  Tuned to 79
[2016-11-16 14:30:30.681]  Tuned to 80
[2016-11-16 14:30:30.782]  Tuned to 81
[2016-11-16 14:30:30.882]  Tuned to 82
[2016-11-16 14:30:30.982]  Tuned to 83
[2016-11-16 14:30:31.083]  Tuned to 2
[2016-11-16 14:30:31.184]  Tuned to 3
[2016-11-16 14:30:31.285]  Tuned to 4
[2016-11-16 14:30:31.385]  Tuned to 5
[2016-11-16 14:30:31.485]  Tuned to 6
[2016-11-16 14:30:31.586]  Tuned to 7
[2016-11-16 14:30:31.686]  Tuned to 8
[2016-11-16 14:30:31.786]  Tuned to 9
[2016-11-16 14:30:31.886]  Tuned to 10
[2016-11-16 14:30:31.987]  Tuned to 11
[2016-11-16 14:30:32.087]  Tuned to 12
[2016-11-16 14:30:32.187]  Tuned to 13
[2016-11-16 14:30:32.288]  Tuned to 14
[2016-11-16 14:30:32.389]  Tuned to 15
[2016-11-16 14:30:32.489]  Tuned to 16
[2016-11-16 14:30:32.589]  Tuned to 17
[2016-11-16 14:30:32.690]  Tuned to 18
[2016-11-16 14:30:32.790]  Tuned to 19
[2016-11-16 14:30:32.890]  Tuned to 20
[2016-11-16 14:30:32.991]  Tuned to 21
[2016-11-16 14:30:33.092]  Tuned to 22
[2016-11-16 14:30:33.192]  Tuned to 23
[2016-11-16 14:30:33.293]  Tuned to 24
[2016-11-16 14:30:33.393]  Tuned to 25
[2016-11-16 14:30:33.493]  Tuned to 26
[2016-11-16 14:30:33.594]  Tuned to 27
[2016-11-16 14:30:33.694]  Tuned to 28
[2016-11-16 14:30:33.794]  Tuned to 29
[2016-11-16 14:30:33.895]  Tuned to 30
[2016-11-16 14:30:33.995]  Tuned to 31
[2016-11-16 14:30:34.095]  Tuned to 32
[2016-11-16 14:30:34.195]  Tuned to 33
[2016-11-16 14:30:34.296]  Tuned to 34
[2016-11-16 14:30:34.396]  Tuned to 35
[2016-11-16 14:30:34.497]  Tuned to 36
[2016-11-16 14:30:34.598]  Tuned to 37
[2016-11-16 14:30:34.698]  Tuned to 38
[2016-11-16 14:30:34.798]  Tuned to 39
[2016-11-16 14:30:34.899]  Tuned to 40
[2016-11-16 14:30:34.999]  Tuned to 41
[2016-11-16 14:30:35.099]  Tuned to 42
[2016-11-16 14:30:35.200]  Tuned to 43
[2016-11-16 14:30:35.300]  Tuned to 44
[2016-11-16 14:30:35.401]  Tuned to 45
[2016-11-16 14:30:35.501]  Tuned to 46
[2016-11-16 14:30:35.601]  Tuned to 47
[2016-11-16 14:30:35.702]  Tuned to 48
[2016-11-16 14:30:35.802]  Tuned to 49
[2016-11-16 14:30:35.902]  Tuned to 50
[2016-11-16 14:30:36.003]  Tuned to 51
[2016-11-16 14:30:36.103]  Tuned to 52
[2016-11-16 14:30:36.203]  Tuned to 53
[2016-11-16 14:30:36.303]  Tuned to 54
[2016-11-16 14:30:36.404]  Tuned to 55
[2016-11-16 14:30:36.504]  Tuned to 56
[2016-11-16 14:30:36.604]  Tuned to 57
[2016-11-16 14:30:36.706]  Tuned to 58
[2016-11-16 14:30:36.806]  Tuned to 59
[2016-11-16 14:30:36.907]  Tuned to 60
[2016-11-16 14:30:37.008]  Tuned to 61
[2016-11-16 14:30:37.108]  Tuned to 62
[2016-11-16 14:30:37.209]  Tuned to 63
[2016-11-16 14:30:37.309]  Tuned to 64
[2016-11-16 14:30:37.410]  Tuned to 65
[2016-11-16 14:30:37.510]  Tuned to 66
[2016-11-16 14:30:37.610]  Tuned to 67
[2016-11-16 14:30:37.710]  Tuned to 68
[2016-11-16 14:30:37.811]  Tuned to 69
[2016-11-16 14:30:37.911]  Tuned to 70
[2016-11-16 14:30:38.011]  Tuned to 71
[2016-11-16 14:30:38.112]  Tuned to 72
[2016-11-16 14:30:38.212]  Tuned to 73
[2016-11-16 14:30:38.312]  Tuned to 74
[2016-11-16 14:30:38.413]  Tuned to 75
[2016-11-16 14:30:38.513]  Tuned to 76
[2016-11-16 14:30:38.613]  Tuned to 77
[2016-11-16 14:30:38.714]  Tuned to 78
[2016-11-16 14:30:38.815]  Tuned to 79
[2016-11-16 14:30:38.915]  Tuned to 80
[2016-11-16 14:30:39.015]  Tuned to 81
[2016-11-16 14:30:39.115]  Tuned to 82
[2016-11-16 14:30:39.216]  Tuned to 83
[2016-11-16 14:30:39.316]  Tuned to 2
[2016-11-16 14:30:39.417]  Tuned to 3
[2016-11-16 14:30:39.517]  Tuned to 4
[2016-11-16 14:30:39.617]  Tuned to 5
[2016-11-16 14:30:39.717]  Tuned to 6
[2016-11-16 14:30:39.818]  Tuned to 7
[2016-11-16 14:30:39.918]  Tuned to 8
[2016-11-16 14:30:40.018]  Tuned to 9
[2016-11-16 14:30:40.119]  Tuned to 10
[2016-11-16 14:30:40.220]  Tuned to 11
[2016-11-16 14:30:40.321]  Tuned to 12
[2016-11-16 14:30:40.421]  Tuned to 13
[2016-11-16 14:30:40.521]  Tuned to 14
[2016-11-16 14:30:40.621]  Tuned to 15
[2016-11-16 14:30:40.722]  Tuned to 16
[2016-11-16 14:30:40.822]  Tuned to 17
[2016-11-16 14:30:40.922]  Tuned to 18
[2016-11-16 14:30:41.023]  Tuned to 19
[2016-11-16 14:30:41.123]  Tuned to 20
[2016-11-16 14:30:41.223]  Tuned to 21
[2016-11-16 14:30:41.324]  Tuned to 22
[2016-11-16 14:30:41.424]  Tuned to 23
[2016-11-16 14:30:41.524]  Tuned to 24
[2016-11-16 14:30:41.625]  Tuned to 25
[2016-11-16 14:30:41.725]  Tuned to 26
[2016-11-16 14:30:41.825]  Tuned to 27
[2016-11-16 14:30:41.925]  Tuned to 28
[2016-11-16 14:30:42.027]  Tuned to 29
[2016-11-16 14:30:42.127]  Tuned to 30
[2016-11-16 14:30:42.227]  Tuned to 31
[2016-11-16 14:30:42.329]  Tuned to 32
[2016-11-16 14:30:42.429]  Tuned to 33
[2016-11-16 14:30:42.529]  Tuned to 34
[2016-11-16 14:30:42.630]  Tuned to 35
[2016-11-16 14:30:42.730]  Tuned to 36
[2016-11-16 14:30:42.830]  Tuned to 37
[2016-11-16 14:30:42.931]  Tuned to 38
[2016-11-16 14:30:43.031]  Tuned to 39
[2016-11-16 14:30:43.131]  Tuned to 40
[2016-11-16 14:30:43.232]  Tuned to 41
[2016-11-16 14:30:43.332]  Tuned to 42
[2016-11-16 14:30:43.432]  Tuned to 43
[2016-11-16 14:30:43.532]  Tuned to 44
[2016-11-16 14:30:43.635]  Tuned to 45
[2016-11-16 14:30:43.735]  Tuned to 46
[2016-11-16 14:30:43.835]  Tuned to 47
[2016-11-16 14:30:43.936]  Tuned to 48
[2016-11-16 14:30:44.036]  Tuned to 49
[2016-11-16 14:30:44.136]  Tuned to 50
[2016-11-16 14:30:44.237]  Tuned to 51
[2016-11-16 14:30:44.337]  Tuned to 52
[2016-11-16 14:30:44.437]  Tuned to 53
[2016-11-16 14:30:44.538]  Tuned to 54
[2016-11-16 14:30:44.638]  Tuned to 55
[2016-11-16 14:30:44.738]  Tuned to 56
[2016-11-16 14:30:44.839]  Tuned to 57
[2016-11-16 14:30:44.939]  Tuned to 58
[2016-11-16 14:30:45.039]  Tuned to 59
[2016-11-16 14:30:45.140]  Tuned to 60
[2016-11-16 14:30:45.242]  Tuned to 61
[2016-11-16 14:30:45.343]  Tuned to 62
[2016-11-16 14:30:45.443]  Tuned to 63
[2016-11-16 14:30:45.543]  Tuned to 64
[2016-11-16 14:30:45.643]  Tuned to 65
[2016-11-16 14:30:45.744]  Tuned to 66
[2016-11-16 14:30:45.844]  Tuned to 67
[2016-11-16 14:30:45.944]  Tuned to 68
[2016-11-16 14:30:46.045]  Tuned to 69
[2016-11-16 14:30:46.145]  Tuned to 70
[2016-11-16 14:30:46.245]  Tuned to 71
[2016-11-16 14:30:46.346]  Tuned to 72
[2016-11-16 14:30:46.446]  Tuned to 73
[2016-11-16 14:30:46.546]  Tuned to 74
[2016-11-16 14:30:46.647]  Tuned to 75
[2016-11-16 14:30:46.747]  Tuned to 76
[2016-11-16 14:30:46.847]  Tuned to 77
[2016-11-16 14:30:46.948]  Tuned to 78
[2016-11-16 14:30:47.048]  Tuned to 79
[2016-11-16 14:30:47.148]  Tuned to 80
[2016-11-16 14:30:47.249]  Tuned to 81
[2016-11-16 14:30:47.349]  Tuned to 82
[2016-11-16 14:30:47.450]  Tuned to 83
[2016-11-16 14:30:47.550]  Tuned to 2
[2016-11-16 14:30:47.650]  Tuned to 3
[2016-11-16 14:30:47.751]  Tuned to 4
[2016-11-16 14:30:47.852]  Tuned to 5
[2016-11-16 14:30:47.952]  Tuned to 6
[2016-11-16 14:30:48.053]  Tuned to 7
[2016-11-16 14:30:48.153]  Tuned to 8
[2016-11-16 14:30:48.253]  Tuned to 9
[2016-11-16 14:30:48.354]  Tuned to 10
[2016-11-16 14:30:48.454]  Tuned to 11
[2016-11-16 14:30:48.554]  Tuned to 12
[2016-11-16 14:30:48.655]  Tuned to 13
[2016-11-16 14:30:48.755]  Tuned to 14
[2016-11-16 14:30:48.855]  Tuned to 15
[2016-11-16 14:30:48.956]  Tuned to 16
[2016-11-16 14:30:49.056]  Tuned to 17
[2016-11-16 14:30:49.156]  Tuned to 18
[2016-11-16 14:30:49.257]  Tuned to 19
[2016-11-16 14:30:49.357]  Tuned to 20
[2016-11-16 14:30:49.458]  Tuned to 21
[2016-11-16 14:30:49.558]  Tuned to 22
[2016-11-16 14:30:49.658]  Tuned to 23
[2016-11-16 14:30:49.758]  Tuned to 24
[2016-11-16 14:30:49.859]  Tuned to 25
[2016-11-16 14:30:49.959]  Tuned to 26
[2016-11-16 14:30:50.060]  Tuned to 27
[2016-11-16 14:30:50.161]  Tuned to 28
[2016-11-16 14:30:50.261]  Tuned to 29
[2016-11-16 14:30:50.361]  Tuned to 30
[2016-11-16 14:30:50.462]  Tuned to 31
[2016-11-16 14:30:50.562]  Tuned to 32
[2016-11-16 14:30:50.662]  Tuned to 33
[2016-11-16 14:30:50.762]  Tuned to 34
[2016-11-16 14:30:50.863]  Tuned to 35
[2016-11-16 14:30:50.963]  Tuned to 36
[2016-11-16 14:30:51.063]  Tuned to 37
[2016-11-16 14:30:51.164]  Tuned to 38
[2016-11-16 14:30:51.264]  Tuned to 39
[2016-11-16 14:30:51.364]  Tuned to 40
[2016-11-16 14:30:51.465]  Tuned to 41
[2016-11-16 14:30:51.565]  Tuned to 42
[2016-11-16 14:30:51.665]  Tuned to 43
[2016-11-16 14:30:51.766]  Tuned to 44
[2016-11-16 14:30:51.866]  Tuned to 45
[2016-11-16 14:30:51.966]  Tuned to 46
[2016-11-16 14:30:52.067]  Tuned to 47
[2016-11-16 14:30:52.167]  Tuned to 48
[2016-11-16 14:30:52.267]  Tuned to 49
[2016-11-16 14:30:52.368]  Tuned to 50
[2016-11-16 14:30:52.468]  Tuned to 51
[2016-11-16 14:30:52.568]  Tuned to 52
[2016-11-16 14:30:52.668]  Tuned to 53
[2016-11-16 14:30:52.769]  Tuned to 54
[2016-11-16 14:30:52.869]  Tuned to 55
[2016-11-16 14:30:52.970]  Tuned to 56
[2016-11-16 14:30:53.070]  Tuned to 57
[2016-11-16 14:30:53.170]  Tuned to 58
[2016-11-16 14:30:53.271]  Tuned to 59
[2016-11-16 14:30:53.371]  Tuned to 60
[2016-11-16 14:30:53.471]  Tuned to 61
[2016-11-16 14:30:53.571]  Tuned to 62
[2016-11-16 14:30:53.672]  Tuned to 63
[2016-11-16 14:30:53.772]  Tuned to 64
[2016-11-16 14:30:53.872]  Tuned to 65
[2016-11-16 14:30:53.973]  Tuned to 66
[2016-11-16 14:30:54.073]  Tuned to 67
[2016-11-16 14:30:54.173]  Tuned to 68
[2016-11-16 14:30:54.275]  Tuned to 69
[2016-11-16 14:30:54.375]  Tuned to 70
[2016-11-16 14:30:54.475]  Tuned to 71
[2016-11-16 14:30:54.575]  Tuned to 72
[2016-11-16 14:30:54.676]  Tuned to 73
[2016-11-16 14:30:54.777]  Tuned to 74
[2016-11-16 14:30:54.878]  Tuned to 75
[2016-11-16 14:30:54.978]  Tuned to 76
[2016-11-16 14:30:55.078]  Tuned to 77
[2016-11-16 14:30:55.178]  Tuned to 78
[2016-11-16 14:30:55.280]  Tuned to 79
[2016-11-16 14:30:55.381]  Tuned to 80
[2016-11-16 14:30:55.482]  Tuned to 81
[2016-11-16 14:30:55.582]  Tuned to 82
[2016-11-16 14:30:55.682]  Tuned to 83
[2016-11-16 14:30:55.782]  Tuned to 2
[2016-11-16 14:30:55.883]  Tuned to 3
[2016-11-16 14:30:55.983]  Tuned to 4
[2016-11-16 14:30:56.083]  Tuned to 5
[2016-11-16 14:30:56.184]  Tuned to 6
[2016-11-16 14:30:56.284]  Tuned to 7
[2016-11-16 14:30:56.384]  Tuned to 8
[2016-11-16 14:30:56.484]  Tuned to 9
[2016-11-16 14:30:56.585]  Tuned to 10
[2016-11-16 14:30:56.685]  Tuned to 11
[2016-11-16 14:30:56.787]  Tuned to 12
[2016-11-16 14:30:56.888]  Tuned to 13
[2016-11-16 14:30:56.988]  Tuned to 14
[2016-11-16 14:30:57.088]  Tuned to 15
[2016-11-16 14:30:57.189]  Tuned to 16
[2016-11-16 14:30:57.289]  Tuned to 17
[2016-11-16 14:30:57.389]  Tuned to 18
[2016-11-16 14:30:57.489]  Tuned to 19
[2016-11-16 14:30:57.590]  Tuned to 20
[2016-11-16 14:30:57.690]  Tuned to 21
[2016-11-16 14:30:57.790]  Tuned to 22
[2016-11-16 14:30:57.891]  Tuned to 23
[2016-11-16 14:30:57.991]  Tuned to 24
[2016-11-16 14:30:58.091]  Tuned to 25
[2016-11-16 14:30:58.192]  Tuned to 26
[2016-11-16 14:30:58.292]  Tuned to 27
[2016-11-16 14:30:58.392]  Tuned to 28
[2016-11-16 14:30:58.493]  Tuned to 29
[2016-11-16 14:30:58.593]  Tuned to 30
[2016-11-16 14:30:58.693]  Tuned to 31
[2016-11-16 14:30:58.793]  Tuned to 32
[2016-11-16 14:30:58.894]  Tuned to 33
[2016-11-16 14:30:58.994]  Tuned to 34
[2016-11-16 14:30:59.094]  Tuned to 35
[2016-11-16 14:30:59.195]  Tuned to 36
[2016-11-16 14:30:59.295]  Tuned to 37
[2016-11-16 14:30:59.395]  Tuned to 38
[2016-11-16 14:30:59.496]  Tuned to 39
[2016-11-16 14:30:59.596]  Tuned to 40
[2016-11-16 14:30:59.696]  Tuned to 41
[2016-11-16 14:30:59.796]  Tuned to 42
[2016-11-16 14:30:59.897]  Tuned to 43
[2016-11-16 14:30:59.997]  Tuned to 44
[2016-11-16 14:31:00.097]  Tuned to 45
[2016-11-16 14:31:00.198]  Tuned to 46
[2016-11-16 14:31:00.298]  Tuned to 47
[2016-11-16 14:31:00.398]  Tuned to 48
[2016-11-16 14:31:00.499]  Tuned to 49
[2016-11-16 14:31:00.599]  Tuned to 50
[2016-11-16 14:31:00.699]  Tuned to 51
[2016-11-16 14:31:00.802]  Tuned to 52
[2016-11-16 14:31:00.903]  Tuned to 53
[2016-11-16 14:31:01.003]  Tuned to 54
[2016-11-16 14:31:01.103]  Tuned to 55
[2016-11-16 14:31:01.204]  Tuned to 56
[2016-11-16 14:31:01.304]  Tuned to 57
[2016-11-16 14:31:01.405]  Tuned to 58
[2016-11-16 14:31:01.505]  Tuned to 59
[2016-11-16 14:31:01.605]  Tuned to 60
[2016-11-16 14:31:01.706]  Tuned to 61
[2016-11-16 14:31:01.806]  Tuned to 62
[2016-11-16 14:31:01.906]  Tuned to 63
[2016-11-16 14:31:02.006]  Tuned to 64
[2016-11-16 14:31:02.107]  Tuned to 65
[2016-11-16 14:31:02.207]  Tuned to 66
[2016-11-16 14:31:02.307]  Tuned to 67
[2016-11-16 14:31:02.408]  Tuned to 68
[2016-11-16 14:31:02.508]  Tuned to 69
[2016-11-16 14:31:02.608]  Tuned to 70
[2016-11-16 14:31:02.709]  Tuned to 71
[2016-11-16 14:31:02.809]  Tuned to 72
[2016-11-16 14:31:02.909]  Tuned to 73
[2016-11-16 14:31:03.010]  Tuned to 74
[2016-11-16 14:31:03.110]  Tuned to 75
[2016-11-16 14:31:03.210]  Tuned to 76
[2016-11-16 14:31:03.311]  Tuned to 77
[2016-11-16 14:31:03.411]  Tuned to 78
[2016-11-16 14:31:03.511]  Tuned to 79
[2016-11-16 14:31:03.611]  Tuned to 80
[2016-11-16 14:31:03.712]  Tuned to 81
[2016-11-16 14:31:03.812]  Tuned to 82
[2016-11-16 14:31:03.912]  Tuned to 83
[2016-11-16 14:31:04.013]  Tuned to 2
[2016-11-16 14:31:04.113]  Tuned to 3
[2016-11-16 14:31:04.213]  Tuned to 4
[2016-11-16 14:31:04.314]  Tuned to 5
[2016-11-16 14:31:04.414]  Tuned to 6
[2016-11-16 14:31:04.514]  Tuned to 7
[2016-11-16 14:31:04.615]  Tuned to 8
[2016-11-16 14:31:04.715]  Tuned to 9
[2016-11-16 14:31:04.816]  Tuned to 10
[2016-11-16 14:31:04.916]  Tuned to 11
[2016-11-16 14:31:05.016]  Tuned to 12
[2016-11-16 14:31:05.117]  Tuned to 13
[2016-11-16 14:31:05.217]  Tuned to 14
[2016-11-16 14:31:05.317]  Tuned to 15
[2016-11-16 14:31:05.418]  Tuned to 16
[2016-11-16 14:31:05.518]  Tuned to 17
[2016-11-16 14:31:05.618]  Tuned to 18
[2016-11-16 14:31:05.719]  Tuned to 19
[2016-11-16 14:31:05.819]  Tuned to 20
[2016-11-16 14:31:05.919]  Tuned to 21
[2016-11-16 14:31:06.020]  Tuned to 22
[2016-11-16 14:31:06.120]  Tuned to 23
[2016-11-16 14:31:06.220]  Tuned to 24
[2016-11-16 14:31:06.321]  Tuned to 25
[2016-11-16 14:31:06.421]  Tuned to 26
[2016-11-16 14:31:06.521]  Tuned to 27
[2016-11-16 14:31:06.621]  Tuned to 28
[2016-11-16 14:31:06.722]  Tuned to 29
[2016-11-16 14:31:06.823]  Tuned to 30
[2016-11-16 14:31:06.923]  Tuned to 31
[2016-11-16 14:31:07.023]  Tuned to 32
[2016-11-16 14:31:07.125]  Tuned to 33
[2016-11-16 14:31:07.225]  Tuned to 34
[2016-11-16 14:31:07.325]  Tuned to 35
[2016-11-16 14:31:07.426]  Tuned to 36
[2016-11-16 14:31:07.526]  Tuned to 37
[2016-11-16 14:31:07.626]  Tuned to 38
[2016-11-16 14:31:07.727]  Tuned to 39
[2016-11-16 14:31:07.827]  Tuned to 40
[2016-11-16 14:31:07.927]  Tuned to 41
[2016-11-16 14:31:08.028]  Tuned to 42
[2016-11-16 14:31:08.128]  Tuned to 43
[2016-11-16 14:31:08.228]  Tuned to 44
[2016-11-16 14:31:08.328]  Tuned to 45
[2016-11-16 14:31:08.429]  Tuned to 46
[2016-11-16 14:31:08.529]  Tuned to 47
[2016-11-16 14:31:08.629]  Tuned to 48
[2016-11-16 14:31:08.730]  Tuned to 49
[2016-11-16 14:31:08.830]  Tuned to 50
[2016-11-16 14:31:08.932]  Tuned to 51
[2016-11-16 14:31:09.032]  Tuned to 52
[2016-11-16 14:31:09.133]  Tuned to 53
[2016-11-16 14:31:09.233]  Tuned to 54
[2016-11-16 14:31:09.333]  Tuned to 55
[2016-11-16 14:31:09.433]  Tuned to 56
[2016-11-16 14:31:09.534]  Tuned to 57
[2016-11-16 14:31:09.634]  Tuned to 58
[2016-11-16 14:31:09.734]  Tuned to 59
[2016-11-16 14:31:09.835]  Tuned to 60
[2016-11-16 14:31:09.936]  Tuned to 61
[2016-11-16 14:31:10.036]  Tuned to 62
[2016-11-16 14:31:10.137]  Tuned to 63
[2016-11-16 14:31:10.237]  Tuned to 64
[2016-11-16 14:31:10.337]  Tuned to 65
[2016-11-16 14:31:10.437]  Tuned to 66
[2016-11-16 14:31:10.538]  Tuned to 67
[2016-11-16 14:31:10.638]  Tuned to 68
[2016-11-16 14:31:10.738]  Tuned to 69
[2016-11-16 14:31:10.839]  Tuned to 70
[2016-11-16 14:31:10.939]  Tuned to 71
[2016-11-16 14:31:11.039]  Tuned to 72
[2016-11-16 14:31:11.140]  Tuned to 73
[2016-11-16 14:31:11.240]  Tuned to 74
[2016-11-16 14:31:11.340]  Tuned to 75
[2016-11-16 14:31:11.441]  Tuned to 76
[2016-11-16 14:31:11.541]  Tuned to 77
[2016-11-16 14:31:11.641]  Tuned to 78
[2016-11-16 14:31:11.742]  Tuned to 79
[2016-11-16 14:31:11.845]  Tuned to 80
[2016-11-16 14:31:11.945]  Tuned to 81
[2016-11-16 14:31:12.046]  Tuned to 82
[2016-11-16 14:31:12.146]  Tuned to 83
[2016-11-16 14:31:12.246]  Tuned to 2
[2016-11-16 14:31:12.347]  Tuned to 3
[2016-11-16 14:31:12.447]  Tuned to 4
[2016-11-16 14:31:12.547]  Tuned to 5
[2016-11-16 14:31:12.648]  Tuned to 6
[2016-11-16 14:31:12.748]  Tuned to 7
[2016-11-16 14:31:12.850]  Tuned to 8
[2016-11-16 14:31:12.950]  Tuned to 9
[2016-11-16 14:31:13.051]  Tuned to 10
[2016-11-16 14:31:13.151]  Tuned to 11
[2016-11-16 14:31:13.251]  Tuned to 12
[2016-11-16 14:31:13.351]  Tuned to 13
[2016-11-16 14:31:13.452]  Tuned to 14
[2016-11-16 14:31:13.552]  Tuned to 15
[2016-11-16 14:31:13.652]  Tuned to 16
[2016-11-16 14:31:13.753]  Tuned to 17
[2016-11-16 14:31:13.853]  Tuned to 18
[2016-11-16 14:31:13.953]  Tuned to 19
[2016-11-16 14:31:14.056]  Tuned to 20
[2016-11-16 14:31:14.156]  Tuned to 21
[2016-11-16 14:31:14.256]  Tuned to 22
[2016-11-16 14:31:14.357]  Tuned to 23
[2016-11-16 14:31:14.457]  Tuned to 24
[2016-11-16 14:31:14.557]  Tuned to 25
[2016-11-16 14:31:14.657]  Tuned to 26
[2016-11-16 14:31:14.758]  Tuned to 27
[2016-11-16 14:31:14.858]  Tuned to 28
[2016-11-16 14:31:14.958]  Tuned to 29
[2016-11-16 14:31:15.059]  Tuned to 30
[2016-11-16 14:31:15.159]  Tuned to 31
[2016-11-16 14:31:15.259]  Tuned to 32
[2016-11-16 14:31:15.360]  Tuned to 33
[2016-11-16 14:31:15.460]  Tuned to 34
[2016-11-16 14:31:15.560]  Tuned to 35
[2016-11-16 14:31:15.663]  Tuned to 36
[2016-11-16 14:31:15.763]  Tuned to 37
[2016-11-16 14:31:15.863]  Tuned to 38
[2016-11-16 14:31:15.963]  Tuned to 39
[2016-11-16 14:31:16.064]  Tuned to 40
[2016-11-16 14:31:16.164]  Tuned to 41
[2016-11-16 14:31:16.265]  Tuned to 42
[2016-11-16 14:31:16.365]  Tuned to 43
[2016-11-16 14:31:16.466]  Tuned to 44
[2016-11-16 14:31:16.566]  Tuned to 45
[2016-11-16 14:31:16.666]  Tuned to 46
[2016-11-16 14:31:16.767]  Tuned to 47
[2016-11-16 14:31:16.867]  Tuned to 48
[2016-11-16 14:31:16.967]  Tuned to 49
[2016-11-16 14:31:17.068]  Tuned to 50
[2016-11-16 14:31:17.168]  Tuned to 51
[2016-11-16 14:31:17.268]  Tuned to 52
[2016-11-16 14:31:17.369]  Tuned to 53
[2016-11-16 14:31:17.470]  Tuned to 54
[2016-11-16 14:31:17.570]  Tuned to 55
[2016-11-16 14:31:17.671]  Tuned to 56
[2016-11-16 14:31:17.771]  Tuned to 57
[2016-11-16 14:31:17.872]  Tuned to 58
[2016-11-16 14:31:17.972]  Tuned to 59
[2016-11-16 14:31:18.072]  Tuned to 60
[2016-11-16 14:31:18.172]  Tuned to 61
[2016-11-16 14:31:18.273]  Tuned to 62
[2016-11-16 14:31:18.373]  Tuned to 63
[2016-11-16 14:31:18.473]  Tuned to 64
[2016-11-16 14:31:18.574]  Tuned to 65
[2016-11-16 14:31:18.674]  Tuned to 66
[2016-11-16 14:31:18.774]  Tuned to 67
[2016-11-16 14:31:18.875]  Tuned to 68
[2016-11-16 14:31:18.975]  Tuned to 69
[2016-11-16 14:31:19.075]  Tuned to 70
[2016-11-16 14:31:19.175]  Tuned to 71
[2016-11-16 14:31:19.276]  Tuned to 72
[2016-11-16 14:31:19.376]  Tuned to 73
[2016-11-16 14:31:19.477]  Tuned to 74
[2016-11-16 14:31:19.577]  Tuned to 75
[2016-11-16 14:31:19.677]  Tuned to 76
[2016-11-16 14:31:19.778]  Tuned to 77
[2016-11-16 14:31:19.878]  Tuned to 78
[2016-11-16 14:31:19.978]  Tuned to 79
[2016-11-16 14:31:20.080]  Tuned to 80
[2016-11-16 14:31:20.180]  Tuned to 81
[2016-11-16 14:31:20.280]  Tuned to 82
[2016-11-16 14:31:20.381]  Tuned to 83
[2016-11-16 14:31:20.481]  Tuned to 2
[2016-11-16 14:31:20.581]  Tuned to 3
[2016-11-16 14:31:20.682]  Tuned to 4
[2016-11-16 14:31:20.782]  Tuned to 5
[2016-11-16 14:31:20.882]  Tuned to 6
[2016-11-16 14:31:20.983]  Tuned to 7
[2016-11-16 14:31:21.083]  Tuned to 8
[2016-11-16 14:31:21.184]  Tuned to 9
[2016-11-16 14:31:21.287]  Tuned to 10
[2016-11-16 14:31:21.387]  Tuned to 11
[2016-11-16 14:31:21.487]  Tuned to 12
[2016-11-16 14:31:21.587]  Tuned to 13
[2016-11-16 14:31:21.688]  Tuned to 14
[2016-11-16 14:31:21.788]  Tuned to 15
[2016-11-16 14:31:21.888]  Tuned to 16
[2016-11-16 14:31:21.989]  Tuned to 17
[2016-11-16 14:31:22.090]  Tuned to 18
[2016-11-16 14:31:22.190]  Tuned to 19
[2016-11-16 14:31:22.290]  Tuned to 20
[2016-11-16 14:31:22.391]  Tuned to 21
[2016-11-16 14:31:22.491]  Tuned to 22
[2016-11-16 14:31:22.591]  Tuned to 23
[2016-11-16 14:31:22.692]  Tuned to 24
[2016-11-16 14:31:22.792]  Tuned to 25
[2016-11-16 14:31:22.893]  Tuned to 26
[2016-11-16 14:31:22.993]  Tuned to 27
[2016-11-16 14:31:23.094]  Tuned to 28
[2016-11-16 14:31:23.194]  Tuned to 29
[2016-11-16 14:31:23.294]  Tuned to 30
[2016-11-16 14:31:23.395]  Tuned to 31
[2016-11-16 14:31:23.495]  Tuned to 32
[2016-11-16 14:31:23.595]  Tuned to 33
[2016-11-16 14:31:23.696]  Tuned to 34
[2016-11-16 14:31:23.796]  Tuned to 35
[2016-11-16 14:31:23.896]  Tuned to 36
[2016-11-16 14:31:23.996]  Tuned to 37
[2016-11-16 14:31:24.097]  Tuned to 38
[2016-11-16 14:31:24.197]  Tuned to 39
[2016-11-16 14:31:24.297]  Tuned to 40
[2016-11-16 14:31:24.398]  Tuned to 41
[2016-11-16 14:31:24.498]  Tuned to 42
[2016-11-16 14:31:24.598]  Tuned to 43
[2016-11-16 14:31:24.699]  Tuned to 44
[2016-11-16 14:31:24.799]  Tuned to 45
[2016-11-16 14:31:24.899]  Tuned to 46
[2016-11-16 14:31:25.000]  Tuned to 47
[2016-11-16 14:31:25.100]  Tuned to 48
[2016-11-16 14:31:25.200]  Tuned to 49
[2016-11-16 14:31:25.300]  Tuned to 50
[2016-11-16 14:31:25.401]  Tuned to 51
[2016-11-16 14:31:25.501]  Tuned to 52
[2016-11-16 14:31:25.601]  Tuned to 53
[2016-11-16 14:31:25.702]  Tuned to 54
[2016-11-16 14:31:25.802]  Tuned to 55
[2016-11-16 14:31:25.902]  Tuned to 56
[2016-11-16 14:31:26.003]  Tuned to 57
[2016-11-16 14:31:26.103]  Tuned to 58
[2016-11-16 14:31:26.203]  Tuned to 59
[2016-11-16 14:31:26.303]  Tuned to 60
[2016-11-16 14:31:26.404]  Tuned to 61
[2016-11-16 14:31:26.504]  Tuned to 62
[2016-11-16 14:31:26.606]  Tuned to 63
[2016-11-16 14:31:26.707]  Tuned to 64
[2016-11-16 14:31:26.807]  Tuned to 65
[2016-11-16 14:31:26.907]  Tuned to 66
[2016-11-16 14:31:27.007]  Tuned to 67
[2016-11-16 14:31:27.108]  Tuned to 68
[2016-11-16 14:31:27.208]  Tuned to 69
[2016-11-16 14:31:27.308]  Tuned to 70
[2016-11-16 14:31:27.409]  Tuned to 71
[2016-11-16 14:31:27.509]  Tuned to 72
[2016-11-16 14:31:27.609]  Tuned to 73
[2016-11-16 14:31:27.710]  Tuned to 74
[2016-11-16 14:31:27.810]  Tuned to 75
[2016-11-16 14:31:27.910]  Tuned to 76
[2016-11-16 14:31:28.011]  Tuned to 77
[2016-11-16 14:31:28.111]  Tuned to 78
[2016-11-16 14:31:28.212]  Tuned to 79
[2016-11-16 14:31:28.312]  Tuned to 80
[2016-11-16 14:31:28.412]  Tuned to 81
[2016-11-16 14:31:28.512]  Tuned to 82
[2016-11-16 14:31:28.613]  Tuned to 83
[2016-11-16 14:31:28.713]  Tuned to 2
[2016-11-16 14:31:28.813]  Tuned to 3
[2016-11-16 14:31:28.914]  Tuned to 4
[2016-11-16 14:31:29.014]  Tuned to 5
[2016-11-16 14:31:29.114]  Tuned to 6
[2016-11-16 14:31:29.215]  Tuned to 7
[2016-11-16 14:31:29.315]  Tuned to 8
[2016-11-16 14:31:29.415]  Tuned to 9
[2016-11-16 14:31:29.516]  Tuned to 10
[2016-11-16 14:31:29.616]  Tuned to 11
[2016-11-16 14:31:29.717]  Tuned to 12
[2016-11-16 14:31:29.817]  Tuned to 13
[2016-11-16 14:31:29.917]  Tuned to 14
[2016-11-16 14:31:30.018]  Tuned to 15
[2016-11-16 14:31:30.118]  Tuned to 16
[2016-11-16 14:31:30.218]  Tuned to 17
[2016-11-16 14:31:30.318]  Tuned to 18
[2016-11-16 14:31:30.419]  Tuned to 19
[2016-11-16 14:31:30.519]  Tuned to 20
[2016-11-16 14:31:30.619]  Tuned to 21
[2016-11-16 14:31:30.720]  Tuned to 22
[2016-11-16 14:31:30.820]  Tuned to 23
[2016-11-16 14:31:30.920]  Tuned to 24
[2016-11-16 14:31:31.021]  Tuned to 25
[2016-11-16 14:31:31.122]  Tuned to 26
[2016-11-16 14:31:31.222]  Tuned to 27
[2016-11-16 14:31:31.322]  Tuned to 28
[2016-11-16 14:31:31.423]  Tuned to 29
[2016-11-16 14:31:31.523]  Tuned to 30
[2016-11-16 14:31:31.623]  Tuned to 31
[2016-11-16 14:31:31.724]  Tuned to 32
[2016-11-16 14:31:31.824]  Tuned to 33
[2016-11-16 14:31:31.924]  Tuned to 34
[2016-11-16 14:31:32.025]  Tuned to 35
[2016-11-16 14:31:32.125]  Tuned to 36
[2016-11-16 14:31:32.225]  Tuned to 37
[2016-11-16 14:31:32.325]  Tuned to 38
[2016-11-16 14:31:32.426]  Tuned to 39
[2016-11-16 14:31:32.526]  Tuned to 40
[2016-11-16 14:31:32.626]  Tuned to 41
[2016-11-16 14:31:32.727]  Tuned to 42
[2016-11-16 14:31:32.827]  Tuned to 43
[2016-11-16 14:31:32.927]  Tuned to 44
[2016-11-16 14:31:33.028]  Tuned to 45
[2016-11-16 14:31:33.128]  Tuned to 46
[2016-11-16 14:31:33.228]  Tuned to 47
[2016-11-16 14:31:33.329]  Tuned to 48
[2016-11-16 14:31:33.429]  Tuned to 49
[2016-11-16 14:31:33.530]  Tuned to 50
[2016-11-16 14:31:33.630]  Tuned to 51
[2016-11-16 14:31:33.730]  Tuned to 52
[2016-11-16 14:31:33.831]  Tuned to 53
[2016-11-16 14:31:33.931]  Tuned to 54
[2016-11-16 14:31:34.031]  Tuned to 55
[2016-11-16 14:31:34.131]  Tuned to 56
[2016-11-16 14:31:34.232]  Tuned to 57
[2016-11-16 14:31:34.332]  Tuned to 58
[2016-11-16 14:31:34.432]  Tuned to 59
[2016-11-16 14:31:34.533]  Tuned to 60
[2016-11-16 14:31:34.633]  Tuned to 61
[2016-11-16 14:31:34.733]  Tuned to 62
[2016-11-16 14:31:34.834]  Tuned to 63
[2016-11-16 14:31:34.934]  Tuned to 64
[2016-11-16 14:31:35.034]  Tuned to 65
[2016-11-16 14:31:35.134]  Tuned to 66
[2016-11-16 14:31:35.235]  Tuned to 67
[2016-11-16 14:31:35.335]  Tuned to 68
[2016-11-16 14:31:35.435]  Tuned to 69
[2016-11-16 14:31:35.537]  Tuned to 70
[2016-11-16 14:31:35.637]  Tuned to 71
[2016-11-16 14:31:35.738]  Tuned to 72
[2016-11-16 14:31:35.838]  Tuned to 73
[2016-11-16 14:31:35.938]  Tuned to 74
[2016-11-16 14:31:36.040]  Tuned to 75
[2016-11-16 14:31:36.140]  Tuned to 76
[2016-11-16 14:31:36.241]  Tuned to 77
[2016-11-16 14:31:36.341]  Tuned to 78
[2016-11-16 14:31:36.441]  Tuned to 79
[2016-11-16 14:31:36.542]  Tuned to 80
[2016-11-16 14:31:36.642]  Tuned to 81
[2016-11-16 14:31:36.742]  Tuned to 82
[2016-11-16 14:31:36.843]  Tuned to 83
[2016-11-16 14:31:36.943]  Tuned to 2
[2016-11-16 14:31:37.043]  Tuned to 3
[2016-11-16 14:31:37.144]  Tuned to 4
[2016-11-16 14:31:37.244]  Tuned to 5
[2016-11-16 14:31:37.344]  Tuned to 6
[2016-11-16 14:31:37.445]  Tuned to 7
[2016-11-16 14:31:37.545]  Tuned to 8
[2016-11-16 14:31:37.645]  Tuned to 9
[2016-11-16 14:31:37.746]  Tuned to 10
[2016-11-16 14:31:37.846]  Tuned to 11
[2016-11-16 14:31:37.946]  Tuned to 12
[2016-11-16 14:31:38.046]  Tuned to 13
[2016-11-16 14:31:38.147]  Tuned to 14
[2016-11-16 14:31:38.248]  Tuned to 15
[2016-11-16 14:31:38.348]  Tuned to 16
[2016-11-16 14:31:38.448]  Tuned to 17
[2016-11-16 14:31:38.549]  Tuned to 18
[2016-11-16 14:31:38.649]  Tuned to 19
[2016-11-16 14:31:38.750]  Tuned to 20
[2016-11-16 14:31:38.850]  Tuned to 21
[2016-11-16 14:31:38.951]  Tuned to 22
[2016-11-16 14:31:39.051]  Tuned to 23
[2016-11-16 14:31:39.151]  Tuned to 24
[2016-11-16 14:31:39.255]  Tuned to 25
[2016-11-16 14:31:39.355]  Tuned to 26
[2016-11-16 14:31:39.456]  Tuned to 27
[2016-11-16 14:31:39.556]  Tuned to 28
[2016-11-16 14:31:39.656]  Tuned to 29
[2016-11-16 14:31:39.756]  Tuned to 30
[2016-11-16 14:31:39.857]  Tuned to 31
[2016-11-16 14:31:39.957]  Tuned to 32
[2016-11-16 14:31:40.057]  Tuned to 33
[2016-11-16 14:31:40.158]  Tuned to 34
[2016-11-16 14:31:40.258]  Tuned to 35
[2016-11-16 14:31:40.359]  Tuned to 36
[2016-11-16 14:31:40.459]  Tuned to 37
[2016-11-16 14:31:40.559]  Tuned to 38
[2016-11-16 14:31:40.660]  Tuned to 39
[2016-11-16 14:31:40.760]  Tuned to 40
[2016-11-16 14:31:40.860]  Tuned to 41
[2016-11-16 14:31:40.960]  Tuned to 42
[2016-11-16 14:31:41.061]  Tuned to 43
[2016-11-16 14:31:41.161]  Tuned to 44
[2016-11-16 14:31:41.261]  Tuned to 45
[2016-11-16 14:31:41.361]  Tuned to 46
[2016-11-16 14:31:41.462]  Tuned to 47
[2016-11-16 14:31:41.562]  Tuned to 48
[2016-11-16 14:31:41.662]  Tuned to 49
[2016-11-16 14:31:41.763]  Tuned to 50
[2016-11-16 14:31:41.863]  Tuned to 51
[2016-11-16 14:31:41.963]  Tuned to 52
[2016-11-16 14:31:42.064]  Tuned to 53
[2016-11-16 14:31:42.164]  Tuned to 54
[2016-11-16 14:31:42.264]  Tuned to 55
[2016-11-16 14:31:42.364]  Tuned to 56
[2016-11-16 14:31:42.465]  Tuned to 57
[2016-11-16 14:31:42.565]  Tuned to 58
[2016-11-16 14:31:42.665]  Tuned to 59
[2016-11-16 14:31:42.766]  Tuned to 60
[2016-11-16 14:31:42.869]  Tuned to 61
[2016-11-16 14:31:42.969]  Tuned to 62
[2016-11-16 14:31:43.069]  Tuned to 63
[2016-11-16 14:31:43.170]  Tuned to 64
[2016-11-16 14:31:43.270]  Tuned to 65
[2016-11-16 14:31:43.370]  Tuned to 66
[2016-11-16 14:31:43.470]  Tuned to 67
[2016-11-16 14:31:43.571]  Tuned to 68
[2016-11-16 14:31:43.671]  Tuned to 69
[2016-11-16 14:31:43.773]  Tuned to 70
[2016-11-16 14:31:43.873]  Tuned to 71
[2016-11-16 14:31:43.974]  Tuned to 72
[2016-11-16 14:31:44.074]  Tuned to 73
[2016-11-16 14:31:44.175]  Tuned to 74
[2016-11-16 14:31:44.275]  Tuned to 75
[2016-11-16 14:31:44.375]  Tuned to 76
[2016-11-16 14:31:44.476]  Tuned to 77
[2016-11-16 14:31:44.576]  Tuned to 78
[2016-11-16 14:31:44.676]  Tuned to 79
[2016-11-16 14:31:44.776]  Tuned to 80
[2016-11-16 14:31:44.877]  Tuned to 81
[2016-11-16 14:31:44.978]  Tuned to 82
[2016-11-16 14:31:45.078]  Tuned to 83
[2016-11-16 14:31:45.179]  Tuned to 2
[2016-11-16 14:31:45.279]  Tuned to 3
[2016-11-16 14:31:45.379]  Tuned to 4
[2016-11-16 14:31:45.480]  Tuned to 5
[2016-11-16 14:31:45.580]  Tuned to 6
[2016-11-16 14:31:45.680]  Tuned to 7
[2016-11-16 14:31:45.781]  Tuned to 8
[2016-11-16 14:31:45.881]  Tuned to 9
[2016-11-16 14:31:45.982]  Tuned to 10
[2016-11-16 14:31:46.082]  Tuned to 11
[2016-11-16 14:31:46.182]  Tuned to 12
[2016-11-16 14:31:46.283]  Tuned to 13
[2016-11-16 14:31:46.383]  Tuned to 14
[2016-11-16 14:31:46.483]  Tuned to 15
[2016-11-16 14:31:46.584]  Tuned to 16
[2016-11-16 14:31:46.684]  Tuned to 17
[2016-11-16 14:31:46.784]  Tuned to 18
[2016-11-16 14:31:46.885]  Tuned to 19
[2016-11-16 14:31:46.985]  Tuned to 20
[2016-11-16 14:31:47.085]  Tuned to 21
[2016-11-16 14:31:47.185]  Tuned to 22
[2016-11-16 14:31:47.286]  Tuned to 23
[2016-11-16 14:31:47.386]  Tuned to 24
[2016-11-16 14:31:47.486]  Tuned to 25
[2016-11-16 14:31:47.587]  Tuned to 26
[2016-11-16 14:31:47.687]  Tuned to 27
[2016-11-16 14:31:47.787]  Tuned to 28
[2016-11-16 14:31:47.888]  Tuned to 29
[2016-11-16 14:31:47.988]  Tuned to 30
[2016-11-16 14:31:48.088]  Tuned to 31
[2016-11-16 14:31:48.188]  Tuned to 32
[2016-11-16 14:31:48.290]  Tuned to 33
[2016-11-16 14:31:48.390]  Tuned to 34
[2016-11-16 14:31:48.490]  Tuned to 35
[2016-11-16 14:31:48.591]  Tuned to 36
[2016-11-16 14:31:48.691]  Tuned to 37
[2016-11-16 14:31:48.791]  Tuned to 38
[2016-11-16 14:31:48.892]  Tuned to 39
[2016-11-16 14:31:48.992]  Tuned to 40
tail: output.txt: file truncated
[2016-11-16 14:31:52.748]  Using channels 2, 3, 4, 5, 6, 7, 8, 9, 10, 11, 12, 13, 14, 15, 16, 17, 18, 19, 20, 21, 22, 23, 24, 25, 26, 27, 28, 29, 30, 31, 32, 33, 34, 35, 36, 37, 38, 39, 40, 41, 42, 43, 44, 45, 46, 47, 48, 49, 50, 51, 52, 53, 54, 55, 56, 57, 58, 59, 60, 61, 62, 63, 64, 65, 66, 67, 68, 69, 70, 71, 72, 73, 74, 75, 76, 77, 78, 79, 80, 81, 82, 83
[2016-11-16 14:31:52.764]  Entered promiscuous mode
[2016-11-16 14:31:52.764]  Tuned to 2
[2016-11-16 14:31:52.864]  Tuned to 3
[2016-11-16 14:31:52.965]  Tuned to 4
[2016-11-16 14:31:53.065]  Tuned to 5
[2016-11-16 14:31:53.165]  Tuned to 6
[2016-11-16 14:31:53.266]  Tuned to 7
[2016-11-16 14:31:53.366]  Tuned to 8
[2016-11-16 14:31:53.467]  Tuned to 9
[2016-11-16 14:31:53.567]  Tuned to 10
[2016-11-16 14:31:53.667]  Tuned to 11
[2016-11-16 14:31:53.770]  Tuned to 12
[2016-11-16 14:31:53.871]  Tuned to 13
[2016-11-16 14:31:53.971]  Tuned to 14
[2016-11-16 14:31:54.072]  Tuned to 15
[2016-11-16 14:31:54.172]  Tuned to 16
[2016-11-16 14:31:54.272]  Tuned to 17
[2016-11-16 14:31:54.372]  Tuned to 18
[2016-11-16 14:31:54.473]  Tuned to 19
[2016-11-16 14:31:54.573]  Tuned to 20
[2016-11-16 14:31:54.673]  Tuned to 21
[2016-11-16 14:31:54.774]  Tuned to 22
[2016-11-16 14:31:54.874]  Tuned to 23
[2016-11-16 14:31:54.974]  Tuned to 24
[2016-11-16 14:31:55.075]  Tuned to 25
[2016-11-16 14:31:55.175]  Tuned to 26
[2016-11-16 14:31:55.275]  Tuned to 27
[2016-11-16 14:31:55.376]  Tuned to 28
[2016-11-16 14:31:55.476]  Tuned to 29
[2016-11-16 14:31:55.576]  Tuned to 30
[2016-11-16 14:31:55.677]  Tuned to 31
[2016-11-16 14:31:55.777]  Tuned to 32
[2016-11-16 14:31:55.877]  Tuned to 33
[2016-11-16 14:31:55.978]  Tuned to 34
[2016-11-16 14:31:56.078]  Tuned to 35
[2016-11-16 14:31:56.179]  Tuned to 36
[2016-11-16 14:31:56.279]  Tuned to 37
[2016-11-16 14:31:56.379]  Tuned to 38
[2016-11-16 14:31:56.480]  Tuned to 39
[2016-11-16 14:31:56.580]  Tuned to 40
[2016-11-16 14:31:56.680]  Tuned to 41
[2016-11-16 14:31:56.780]  Tuned to 42
[2016-11-16 14:31:56.881]  Tuned to 43
[2016-11-16 14:31:56.981]  Tuned to 44
[2016-11-16 14:31:57.083]  Tuned to 45
[2016-11-16 14:31:57.183]  Tuned to 46
[2016-11-16 14:31:57.283]  Tuned to 47
[2016-11-16 14:31:57.383]  Tuned to 48
[2016-11-16 14:31:57.484]  Tuned to 49
[2016-11-16 14:31:57.584]  Tuned to 50
[2016-11-16 14:31:57.685]  Tuned to 51
[2016-11-16 14:31:57.785]  Tuned to 52
[2016-11-16 14:31:57.885]  Tuned to 53
[2016-11-16 14:31:57.986]  Tuned to 54
[2016-11-16 14:31:58.086]  Tuned to 55
[2016-11-16 14:31:58.186]  Tuned to 56
[2016-11-16 14:31:58.287]  Tuned to 57
[2016-11-16 14:31:58.387]  Tuned to 58
[2016-11-16 14:31:58.487]  Tuned to 59
[2016-11-16 14:31:58.589]  Tuned to 60
[2016-11-16 14:31:58.690]  Tuned to 61
[2016-11-16 14:31:58.790]  Tuned to 62
[2016-11-16 14:31:58.891]  Tuned to 63
[2016-11-16 14:31:58.991]  Tuned to 64
[2016-11-16 14:31:59.093]  Tuned to 65
[2016-11-16 14:31:59.193]  Tuned to 66
[2016-11-16 14:31:59.294]  Tuned to 67
[2016-11-16 14:31:59.394]  Tuned to 68
[2016-11-16 14:31:59.494]  Tuned to 69
[2016-11-16 14:31:59.595]  Tuned to 70
[2016-11-16 14:31:59.695]  Tuned to 71
[2016-11-16 14:31:59.795]  Tuned to 72
[2016-11-16 14:31:59.895]  Tuned to 73
[2016-11-16 14:31:59.998]  Tuned to 74
[2016-11-16 14:32:00.098]  Tuned to 75
[2016-11-16 14:32:00.198]  Tuned to 76
[2016-11-16 14:32:00.299]  Tuned to 77
[2016-11-16 14:32:00.399]  Tuned to 78
[2016-11-16 14:32:00.499]  Tuned to 79
[2016-11-16 14:32:00.599]  Tuned to 80
[2016-11-16 14:32:00.700]  Tuned to 81
[2016-11-16 14:32:00.800]  Tuned to 82
[2016-11-16 14:32:00.900]  Tuned to 83
[2016-11-16 14:32:01.001]  Tuned to 2
[2016-11-16 14:32:01.101]  Tuned to 3
[2016-11-16 14:32:01.201]  Tuned to 4
[2016-11-16 14:32:01.302]  Tuned to 5
[2016-11-16 14:32:01.402]  Tuned to 6
[2016-11-16 14:32:01.502]  Tuned to 7
[2016-11-16 14:32:01.603]  Tuned to 8
[2016-11-16 14:32:01.703]  Tuned to 9
[2016-11-16 14:32:01.803]  Tuned to 10
[2016-11-16 14:32:01.904]  Tuned to 11
[2016-11-16 14:32:02.004]  Tuned to 12
[2016-11-16 14:32:02.104]  Tuned to 13
[2016-11-16 14:32:02.205]  Tuned to 14
[2016-11-16 14:32:02.305]  Tuned to 15
[2016-11-16 14:32:02.405]  Tuned to 16
[2016-11-16 14:32:02.505]  Tuned to 17
[2016-11-16 14:32:02.606]  Tuned to 18
[2016-11-16 14:32:02.706]  Tuned to 19
[2016-11-16 14:32:02.806]  Tuned to 20
[2016-11-16 14:32:02.907]  Tuned to 21
[2016-11-16 14:32:03.007]  Tuned to 22
[2016-11-16 14:32:03.107]  Tuned to 23
[2016-11-16 14:32:03.208]  Tuned to 24
[2016-11-16 14:32:03.308]  Tuned to 25
[2016-11-16 14:32:03.408]  Tuned to 26
[2016-11-16 14:32:03.508]  Tuned to 27
[2016-11-16 14:32:03.609]  Tuned to 28
[2016-11-16 14:32:03.709]  Tuned to 29
[2016-11-16 14:32:03.809]  Tuned to 30
[2016-11-16 14:32:03.910]  Tuned to 31
[2016-11-16 14:32:04.010]  Tuned to 32
[2016-11-16 14:32:04.110]  Tuned to 33
[2016-11-16 14:32:04.210]  Tuned to 34
[2016-11-16 14:32:04.311]  Tuned to 35
[2016-11-16 14:32:04.411]  Tuned to 36
[2016-11-16 14:32:04.511]  Tuned to 37
[2016-11-16 14:32:04.612]  Tuned to 38
[2016-11-16 14:32:04.712]  Tuned to 39
[2016-11-16 14:32:04.812]  Tuned to 40
[2016-11-16 14:32:04.913]  Tuned to 41
[2016-11-16 14:32:05.013]  Tuned to 42
[2016-11-16 14:32:05.113]  Tuned to 43
[2016-11-16 14:32:05.213]  Tuned to 44
[2016-11-16 14:32:05.314]  Tuned to 45
[2016-11-16 14:32:05.415]  Tuned to 46
[2016-11-16 14:32:05.515]  Tuned to 47
[2016-11-16 14:32:05.615]  Tuned to 48
[2016-11-16 14:32:05.716]  Tuned to 49
[2016-11-16 14:32:05.816]  Tuned to 50
[2016-11-16 14:32:05.916]  Tuned to 51
Traceback (most recent call last):
  File "../modules/mousejack/tools/nrf24-scanner.py", line 55, in <module>
    value = common.radio.receive_payload()
  File "/home/lain/Development/seniordesign/mithren/modules/mousejack/tools/lib/nrf24.py", line 108, in receive_payload
    self.send_usb_command(RECEIVE_PAYLOAD, ())
  File "/home/lain/Development/seniordesign/mithren/modules/mousejack/tools/lib/nrf24.py", line 149, in send_usb_command
    self.dongle.write(0x01, data, timeout=nrf24.usb_timeout)
  File "/usr/local/lib/python2.7/dist-packages/usb/core.py", line 948, in write
    self.__get_timeout(timeout)
  File "/usr/local/lib/python2.7/dist-packages/usb/backend/libusb1.py", line 824, in bulk_write
    timeout)
  File "/usr/local/lib/python2.7/dist-packages/usb/backend/libusb1.py", line 917, in __write
    timeout)
KeyboardInterrupt
tail: output.txt: file truncated
[2016-11-16 14:42:26.467]  Using channels 2, 3, 4, 5, 6, 7, 8, 9, 10, 11, 12, 13, 14, 15, 16, 17, 18, 19, 20, 21, 22, 23, 24, 25, 26, 27, 28, 29, 30, 31, 32, 33, 34, 35, 36, 37, 38, 39, 40, 41, 42, 43, 44, 45, 46, 47, 48, 49, 50, 51, 52, 53, 54, 55, 56, 57, 58, 59, 60, 61, 62, 63, 64, 65, 66, 67, 68, 69, 70, 71, 72, 73, 74, 75, 76, 77, 78, 79, 80, 81, 82, 83
[2016-11-16 14:42:26.489]  Entered promiscuous mode
[2016-11-16 14:42:26.490]  Tuned to 2
[2016-11-16 14:42:26.590]  Tuned to 3
[2016-11-16 14:42:26.690]  Tuned to 4
[2016-11-16 14:42:26.790]  Tuned to 5
[2016-11-16 14:42:26.891]  Tuned to 6
[2016-11-16 14:42:26.991]  Tuned to 7
[2016-11-16 14:42:27.091]  Tuned to 8
[2016-11-16 14:42:27.192]  Tuned to 9
[2016-11-16 14:42:27.292]  Tuned to 10
[2016-11-16 14:42:27.392]  Tuned to 11
[2016-11-16 14:42:27.494]  Tuned to 12
[2016-11-16 14:42:27.594]  Tuned to 13
[2016-11-16 14:42:27.694]  Tuned to 14
[2016-11-16 14:42:27.794]  Tuned to 15
[2016-11-16 14:42:27.895]  Tuned to 16
[2016-11-16 14:42:27.995]  Tuned to 17
[2016-11-16 14:42:28.095]  Tuned to 18
[2016-11-16 14:42:28.195]  Tuned to 19
[2016-11-16 14:42:28.296]  Tuned to 20
[2016-11-16 14:42:28.396]  Tuned to 21
[2016-11-16 14:42:28.497]  Tuned to 22
[2016-11-16 14:42:28.598]  Tuned to 23
[2016-11-16 14:42:28.698]  Tuned to 24
[2016-11-16 14:42:28.798]  Tuned to 25
[2016-11-16 14:42:28.899]  Tuned to 26
[2016-11-16 14:42:28.999]  Tuned to 27
[2016-11-16 14:42:29.099]  Tuned to 28
[2016-11-16 14:42:29.200]  Tuned to 29
[2016-11-16 14:42:29.300]  Tuned to 30
[2016-11-16 14:42:29.400]  Tuned to 31
[2016-11-16 14:42:29.501]  Tuned to 32
[2016-11-16 14:42:29.601]  Tuned to 33
[2016-11-16 14:42:29.702]  Tuned to 34
[2016-11-16 14:42:29.802]  Tuned to 35
[2016-11-16 14:42:29.902]  Tuned to 36
[2016-11-16 14:42:30.005]  Tuned to 37
[2016-11-16 14:42:30.106]  Tuned to 38
[2016-11-16 14:42:30.207]  Tuned to 39
[2016-11-16 14:42:30.307]  Tuned to 40
[2016-11-16 14:42:30.408]  Tuned to 41
[2016-11-16 14:42:30.508]  Tuned to 42
Traceback (most recent call last):
  File "../modules/mousejack/tools/nrf24-scanner.py", line 55, in <module>
    value = common.radio.receive_payload()
  File "/home/lain/Development/seniordesign/mithren/modules/mousejack/tools/lib/nrf24.py", line 109, in receive_payload
    return self.dongle.read(0x81, 64, timeout=nrf24.usb_timeout)
  File "/usr/local/lib/python2.7/dist-packages/usb/core.py", line 988, in read
    self.__get_timeout(timeout))
  File "/usr/local/lib/python2.7/dist-packages/usb/backend/libusb1.py", line 833, in bulk_read
    timeout)
  File "/usr/local/lib/python2.7/dist-packages/usb/backend/libusb1.py", line 933, in __read
    timeout)
KeyboardInterrupt
tail: output.txt: file truncated
[2016-11-16 14:42:43.268]  Using channels 2, 3, 4, 5, 6, 7, 8, 9, 10, 11, 12, 13, 14, 15, 16, 17, 18, 19, 20, 21, 22, 23, 24, 25, 26, 27, 28, 29, 30, 31, 32, 33, 34, 35, 36, 37, 38, 39, 40, 41, 42, 43, 44, 45, 46, 47, 48, 49, 50, 51, 52, 53, 54, 55, 56, 57, 58, 59, 60, 61, 62, 63, 64, 65, 66, 67, 68, 69, 70, 71, 72, 73, 74, 75, 76, 77, 78, 79, 80, 81, 82, 83
[2016-11-16 14:42:43.282]  Entered promiscuous mode
[2016-11-16 14:42:43.282]  Tuned to 2
[2016-11-16 14:42:43.383]  Tuned to 3
[2016-11-16 14:42:43.484]  Tuned to 4
[2016-11-16 14:42:43.584]  Tuned to 5
[2016-11-16 14:42:43.684]  Tuned to 6
[2016-11-16 14:42:43.785]  Tuned to 7
[2016-11-16 14:42:43.885]  Tuned to 8
[2016-11-16 14:42:43.985]  Tuned to 9
[2016-11-16 14:42:44.088]  Tuned to 10
[2016-11-16 14:42:44.189]  Tuned to 11
[2016-11-16 14:42:44.289]  Tuned to 12
[2016-11-16 14:42:44.390]  Tuned to 13
[2016-11-16 14:42:44.490]  Tuned to 14
[2016-11-16 14:42:44.590]  Tuned to 15
[2016-11-16 14:42:44.691]  Tuned to 16
[2016-11-16 14:42:44.791]  Tuned to 17
[2016-11-16 14:42:44.891]  Tuned to 18
[2016-11-16 14:42:44.992]  Tuned to 19
[2016-11-16 14:42:45.092]  Tuned to 20
[2016-11-16 14:42:45.193]  Tuned to 21
[2016-11-16 14:42:45.293]  Tuned to 22
[2016-11-16 14:42:45.395]  Tuned to 23
[2016-11-16 14:42:45.495]  Tuned to 24
[2016-11-16 14:42:45.596]  Tuned to 25
[2016-11-16 14:42:45.696]  Tuned to 26
[2016-11-16 14:42:45.796]  Tuned to 27
[2016-11-16 14:42:45.897]  Tuned to 28
[2016-11-16 14:42:45.997]  Tuned to 29
[2016-11-16 14:42:46.097]  Tuned to 30
[2016-11-16 14:42:46.198]  Tuned to 31
[2016-11-16 14:42:46.298]  Tuned to 32
[2016-11-16 14:42:46.398]  Tuned to 33
[2016-11-16 14:42:46.498]  Tuned to 34
[2016-11-16 14:42:46.599]  Tuned to 35
[2016-11-16 14:42:46.699]  Tuned to 36
[2016-11-16 14:42:46.800]  Tuned to 37
[2016-11-16 14:42:46.901]  Tuned to 38
[2016-11-16 14:42:47.003]  Tuned to 39
[2016-11-16 14:42:47.103]  Tuned to 40
[2016-11-16 14:42:47.204]  Tuned to 41
[2016-11-16 14:42:47.304]  Tuned to 42
[2016-11-16 14:42:47.404]  Tuned to 43
[2016-11-16 14:42:47.505]  Tuned to 44
[2016-11-16 14:42:47.605]  Tuned to 45
[2016-11-16 14:42:47.705]  Tuned to 46
[2016-11-16 14:42:47.806]  Tuned to 47
[2016-11-16 14:42:47.906]  Tuned to 48
[2016-11-16 14:42:48.006]  Tuned to 49
[2016-11-16 14:42:48.107]  Tuned to 50
[2016-11-16 14:42:48.207]  Tuned to 51
[2016-11-16 14:42:48.308]  Tuned to 52
[2016-11-16 14:42:48.408]  Tuned to 53
[2016-11-16 14:42:48.508]  Tuned to 54
[2016-11-16 14:42:48.608]  Tuned to 55
[2016-11-16 14:42:48.709]  Tuned to 56
[2016-11-16 14:42:48.809]  Tuned to 57
[2016-11-16 14:42:48.909]  Tuned to 58
[2016-11-16 14:42:49.011]  Tuned to 59
[2016-11-16 14:42:49.112]  Tuned to 60
[2016-11-16 14:42:49.212]  Tuned to 61
[2016-11-16 14:42:49.314]  Tuned to 62
[2016-11-16 14:42:49.414]  Tuned to 63
[2016-11-16 14:42:49.515]  Tuned to 64
[2016-11-16 14:42:49.615]  Tuned to 65
[2016-11-16 14:42:49.715]  Tuned to 66
[2016-11-16 14:42:49.815]  Tuned to 67
[2016-11-16 14:42:49.916]  Tuned to 68
[2016-11-16 14:42:50.016]  Tuned to 69
[2016-11-16 14:42:50.116]  Tuned to 70
[2016-11-16 14:42:50.217]  Tuned to 71
[2016-11-16 14:42:50.317]  Tuned to 72
[2016-11-16 14:42:50.417]  Tuned to 73
[2016-11-16 14:42:50.518]  Tuned to 74
[2016-11-16 14:42:50.618]  Tuned to 75
[2016-11-16 14:42:50.718]  Tuned to 76
[2016-11-16 14:42:50.819]  Tuned to 77
[2016-11-16 14:42:50.919]  Tuned to 78
[2016-11-16 14:42:51.020]  Tuned to 79
[2016-11-16 14:42:51.120]  Tuned to 80
[2016-11-16 14:42:51.220]  Tuned to 81
[2016-11-16 14:42:51.321]  Tuned to 82
[2016-11-16 14:42:51.421]  Tuned to 83
[2016-11-16 14:42:51.521]  Tuned to 2
[2016-11-16 14:42:51.622]  Tuned to 3
[2016-11-16 14:42:51.722]  Tuned to 4
[2016-11-16 14:42:51.822]  Tuned to 5
[2016-11-16 14:42:51.923]  Tuned to 6
[2016-11-16 14:42:52.023]  Tuned to 7
[2016-11-16 14:42:52.123]  Tuned to 8
[2016-11-16 14:42:52.224]  Tuned to 9
[2016-11-16 14:42:52.324]  Tuned to 10
[2016-11-16 14:42:52.424]  Tuned to 11
[2016-11-16 14:42:52.525]  Tuned to 12
[2016-11-16 14:42:52.625]  Tuned to 13
[2016-11-16 14:42:52.725]  Tuned to 14
[2016-11-16 14:42:52.826]  Tuned to 15
[2016-11-16 14:42:52.926]  Tuned to 16
[2016-11-16 14:42:53.026]  Tuned to 17
[2016-11-16 14:42:53.127]  Tuned to 18
[2016-11-16 14:42:53.227]  Tuned to 19
[2016-11-16 14:42:53.327]  Tuned to 20
[2016-11-16 14:42:53.428]  Tuned to 21
[2016-11-16 14:42:53.528]  Tuned to 22
[2016-11-16 14:42:53.628]  Tuned to 23
[2016-11-16 14:42:53.729]  Tuned to 24
[2016-11-16 14:42:53.829]  Tuned to 25
[2016-11-16 14:42:53.931]  Tuned to 26
[2016-11-16 14:42:54.031]  Tuned to 27
[2016-11-16 14:42:54.131]  Tuned to 28
[2016-11-16 14:42:54.232]  Tuned to 29
[2016-11-16 14:42:54.332]  Tuned to 30
[2016-11-16 14:42:54.432]  Tuned to 31
[2016-11-16 14:42:54.532]  Tuned to 32
[2016-11-16 14:42:54.633]  Tuned to 33
[2016-11-16 14:42:54.733]  Tuned to 34
[2016-11-16 14:42:54.833]  Tuned to 35
[2016-11-16 14:42:54.934]  Tuned to 36
[2016-11-16 14:42:55.034]  Tuned to 37
[2016-11-16 14:42:55.134]  Tuned to 38
[2016-11-16 14:42:55.234]  Tuned to 39
[2016-11-16 14:42:55.335]  Tuned to 40
[2016-11-16 14:42:55.435]  Tuned to 41
[2016-11-16 14:42:55.537]  Tuned to 42
[2016-11-16 14:42:55.637]  Tuned to 43
[2016-11-16 14:42:55.738]  Tuned to 44
[2016-11-16 14:42:55.838]  Tuned to 45
[2016-11-16 14:42:55.938]  Tuned to 46
[2016-11-16 14:42:56.038]  Tuned to 47
[2016-11-16 14:42:56.139]  Tuned to 48
[2016-11-16 14:42:56.239]  Tuned to 49
[2016-11-16 14:42:56.339]  Tuned to 50
[2016-11-16 14:42:56.440]  Tuned to 51
[2016-11-16 14:42:56.540]  Tuned to 52
[2016-11-16 14:42:56.640]  Tuned to 53
[2016-11-16 14:42:56.741]  Tuned to 54
[2016-11-16 14:42:56.841]  Tuned to 55
[2016-11-16 14:42:56.941]  Tuned to 56
[2016-11-16 14:42:57.042]  Tuned to 57
[2016-11-16 14:42:57.142]  Tuned to 58
[2016-11-16 14:42:57.242]  Tuned to 59
[2016-11-16 14:42:57.343]  Tuned to 60
[2016-11-16 14:42:57.443]  Tuned to 61
[2016-11-16 14:42:57.543]  Tuned to 62
[2016-11-16 14:42:57.644]  Tuned to 63
[2016-11-16 14:42:57.744]  Tuned to 64
[2016-11-16 14:42:57.844]  Tuned to 65
[2016-11-16 14:42:57.944]  Tuned to 66
[2016-11-16 14:42:58.045]  Tuned to 67
[2016-11-16 14:42:58.145]  Tuned to 68
[2016-11-16 14:42:58.245]  Tuned to 69
[2016-11-16 14:42:58.346]  Tuned to 70
[2016-11-16 14:42:58.446]  Tuned to 71
[2016-11-16 14:42:58.546]  Tuned to 72
[2016-11-16 14:42:58.647]  Tuned to 73
[2016-11-16 14:42:58.747]  Tuned to 74
[2016-11-16 14:42:58.847]  Tuned to 75
[2016-11-16 14:42:58.948]  Tuned to 76
[2016-11-16 14:42:59.048]  Tuned to 77
[2016-11-16 14:42:59.148]  Tuned to 78
[2016-11-16 14:42:59.248]  Tuned to 79
[2016-11-16 14:42:59.349]  Tuned to 80
[2016-11-16 14:42:59.449]  Tuned to 81
[2016-11-16 14:42:59.549]  Tuned to 82
[2016-11-16 14:42:59.650]  Tuned to 83
[2016-11-16 14:42:59.750]  Tuned to 2
[2016-11-16 14:42:59.850]  Tuned to 3
[2016-11-16 14:42:59.951]  Tuned to 4
[2016-11-16 14:43:00.051]  Tuned to 5
[2016-11-16 14:43:00.151]  Tuned to 6
[2016-11-16 14:43:00.251]  Tuned to 7
[2016-11-16 14:43:00.352]  Tuned to 8
[2016-11-16 14:43:00.454]  Tuned to 9
[2016-11-16 14:43:00.554]  Tuned to 10
[2016-11-16 14:43:00.654]  Tuned to 11
[2016-11-16 14:43:00.755]  Tuned to 12
[2016-11-16 14:43:00.855]  Tuned to 13
[2016-11-16 14:43:00.955]  Tuned to 14
[2016-11-16 14:43:01.056]  Tuned to 15
[2016-11-16 14:43:01.156]  Tuned to 16
[2016-11-16 14:43:01.256]  Tuned to 17
[2016-11-16 14:43:01.357]  Tuned to 18
[2016-11-16 14:43:01.457]  Tuned to 19
[2016-11-16 14:43:01.557]  Tuned to 20
[2016-11-16 14:43:01.658]  Tuned to 21
[2016-11-16 14:43:01.758]  Tuned to 22
[2016-11-16 14:43:01.858]  Tuned to 23
[2016-11-16 14:43:01.959]  Tuned to 24
[2016-11-16 14:43:02.059]  Tuned to 25
[2016-11-16 14:43:02.159]  Tuned to 26
[2016-11-16 14:43:02.260]  Tuned to 27
[2016-11-16 14:43:02.360]  Tuned to 28
[2016-11-16 14:43:02.460]  Tuned to 29
[2016-11-16 14:43:02.561]  Tuned to 30
[2016-11-16 14:43:02.661]  Tuned to 31
[2016-11-16 14:43:02.761]  Tuned to 32
[2016-11-16 14:43:02.861]  Tuned to 33
[2016-11-16 14:43:02.962]  Tuned to 34
[2016-11-16 14:43:03.062]  Tuned to 35
[2016-11-16 14:43:03.162]  Tuned to 36
[2016-11-16 14:43:03.263]  Tuned to 37
[2016-11-16 14:43:03.363]  Tuned to 38
[2016-11-16 14:43:03.464]  Tuned to 39
[2016-11-16 14:43:03.564]  Tuned to 40
[2016-11-16 14:43:03.664]  Tuned to 41
[2016-11-16 14:43:03.765]  Tuned to 42
[2016-11-16 14:43:03.865]  Tuned to 43
[2016-11-16 14:43:03.967]  Tuned to 44
[2016-11-16 14:43:04.067]  Tuned to 45
[2016-11-16 14:43:04.167]  Tuned to 46
[2016-11-16 14:43:04.268]  Tuned to 47
[2016-11-16 14:43:04.368]  Tuned to 48
[2016-11-16 14:43:04.468]  Tuned to 49
[2016-11-16 14:43:04.568]  Tuned to 50
[2016-11-16 14:43:04.669]  Tuned to 51
[2016-11-16 14:43:04.769]  Tuned to 52
[2016-11-16 14:43:04.872]  Tuned to 53
[2016-11-16 14:43:04.972]  Tuned to 54
[2016-11-16 14:43:05.073]  Tuned to 55
[2016-11-16 14:43:05.173]  Tuned to 56
[2016-11-16 14:43:05.274]  Tuned to 57
[2016-11-16 14:43:05.374]  Tuned to 58
[2016-11-16 14:43:05.474]  Tuned to 59
[2016-11-16 14:43:05.575]  Tuned to 60
[2016-11-16 14:43:05.675]  Tuned to 61
[2016-11-16 14:43:05.775]  Tuned to 62
[2016-11-16 14:43:05.875]  Tuned to 63
[2016-11-16 14:43:05.976]  Tuned to 64
[2016-11-16 14:43:06.076]  Tuned to 65
[2016-11-16 14:43:06.176]  Tuned to 66
[2016-11-16 14:43:06.277]  Tuned to 67
[2016-11-16 14:43:06.377]  Tuned to 68
[2016-11-16 14:43:06.477]  Tuned to 69
[2016-11-16 14:43:06.578]  Tuned to 70
[2016-11-16 14:43:06.678]  Tuned to 71
[2016-11-16 14:43:06.778]  Tuned to 72
[2016-11-16 14:43:06.879]  Tuned to 73
[2016-11-16 14:43:06.980]  Tuned to 74
[2016-11-16 14:43:07.080]  Tuned to 75
[2016-11-16 14:43:07.180]  Tuned to 76
[2016-11-16 14:43:07.280]  Tuned to 77
[2016-11-16 14:43:07.381]  Tuned to 78
[2016-11-16 14:43:07.481]  Tuned to 79
[2016-11-16 14:43:07.581]  Tuned to 80
[2016-11-16 14:43:07.682]  Tuned to 81
[2016-11-16 14:43:07.782]  Tuned to 82
[2016-11-16 14:43:07.882]  Tuned to 83
[2016-11-16 14:43:07.983]  Tuned to 2
[2016-11-16 14:43:08.083]  Tuned to 3
[2016-11-16 14:43:08.183]  Tuned to 4
[2016-11-16 14:43:08.283]  Tuned to 5
[2016-11-16 14:43:08.384]  Tuned to 6
[2016-11-16 14:43:08.484]  Tuned to 7
[2016-11-16 14:43:08.584]  Tuned to 8
[2016-11-16 14:43:08.685]  Tuned to 9
[2016-11-16 14:43:08.785]  Tuned to 10
[2016-11-16 14:43:08.885]  Tuned to 11
[2016-11-16 14:43:08.986]  Tuned to 12
[2016-11-16 14:43:09.086]  Tuned to 13
[2016-11-16 14:43:09.186]  Tuned to 14
[2016-11-16 14:43:09.287]  Tuned to 15
[2016-11-16 14:43:09.387]  Tuned to 16
[2016-11-16 14:43:09.487]  Tuned to 17
[2016-11-16 14:43:09.588]  Tuned to 18
[2016-11-16 14:43:09.688]  Tuned to 19
[2016-11-16 14:43:09.788]  Tuned to 20
[2016-11-16 14:43:09.888]  Tuned to 21
[2016-11-16 14:43:09.989]  Tuned to 22
[2016-11-16 14:43:10.089]  Tuned to 23
[2016-11-16 14:43:10.190]  Tuned to 24
[2016-11-16 14:43:10.290]  Tuned to 25
[2016-11-16 14:43:10.391]  Tuned to 26
[2016-11-16 14:43:10.491]  Tuned to 27
[2016-11-16 14:43:10.591]  Tuned to 28
[2016-11-16 14:43:10.692]  Tuned to 29
[2016-11-16 14:43:10.792]  Tuned to 30
[2016-11-16 14:43:10.892]  Tuned to 31
[2016-11-16 14:43:10.993]  Tuned to 32
[2016-11-16 14:43:11.093]  Tuned to 33
[2016-11-16 14:43:11.193]  Tuned to 34
[2016-11-16 14:43:11.293]  Tuned to 35
[2016-11-16 14:43:11.394]  Tuned to 36
[2016-11-16 14:43:11.494]  Tuned to 37
[2016-11-16 14:43:11.595]  Tuned to 38
[2016-11-16 14:43:11.696]  Tuned to 39
[2016-11-16 14:43:11.796]  Tuned to 40
[2016-11-16 14:43:11.896]  Tuned to 41
[2016-11-16 14:43:11.997]  Tuned to 42
[2016-11-16 14:43:12.097]  Tuned to 43
[2016-11-16 14:43:12.197]  Tuned to 44
[2016-11-16 14:43:12.298]  Tuned to 45
[2016-11-16 14:43:12.398]  Tuned to 46
[2016-11-16 14:43:12.498]  Tuned to 47
[2016-11-16 14:43:12.598]  Tuned to 48
[2016-11-16 14:43:12.699]  Tuned to 49
[2016-11-16 14:43:12.799]  Tuned to 50
[2016-11-16 14:43:12.899]  Tuned to 51
[2016-11-16 14:43:13.000]  Tuned to 52
[2016-11-16 14:43:13.100]  Tuned to 53
[2016-11-16 14:43:13.200]  Tuned to 54
[2016-11-16 14:43:13.301]  Tuned to 55
[2016-11-16 14:43:13.401]  Tuned to 56
[2016-11-16 14:43:13.501]  Tuned to 57
[2016-11-16 14:43:13.601]  Tuned to 58
[2016-11-16 14:43:13.703]  Tuned to 59
[2016-11-16 14:43:13.803]  Tuned to 60
[2016-11-16 14:43:13.904]  Tuned to 61
[2016-11-16 14:43:14.004]  Tuned to 62
[2016-11-16 14:43:14.104]  Tuned to 63
[2016-11-16 14:43:14.205]  Tuned to 64
[2016-11-16 14:43:14.305]  Tuned to 65
[2016-11-16 14:43:14.405]  Tuned to 66
[2016-11-16 14:43:14.506]  Tuned to 67
[2016-11-16 14:43:14.607]  Tuned to 68
[2016-11-16 14:43:14.707]  Tuned to 69
[2016-11-16 14:43:14.807]  Tuned to 70
[2016-11-16 14:43:14.908]  Tuned to 71
[2016-11-16 14:43:15.008]  Tuned to 72
[2016-11-16 14:43:15.108]  Tuned to 73
[2016-11-16 14:43:15.208]  Tuned to 74
[2016-11-16 14:43:15.309]  Tuned to 75
[2016-11-16 14:43:15.409]  Tuned to 76
[2016-11-16 14:43:15.510]  Tuned to 77
[2016-11-16 14:43:15.610]  Tuned to 78
[2016-11-16 14:43:15.710]  Tuned to 79
[2016-11-16 14:43:15.811]  Tuned to 80
[2016-11-16 14:43:15.911]  Tuned to 81
[2016-11-16 14:43:16.011]  Tuned to 82
[2016-11-16 14:43:16.112]  Tuned to 83
[2016-11-16 14:43:16.212]  Tuned to 2
[2016-11-16 14:43:16.312]  Tuned to 3
[2016-11-16 14:43:16.412]  Tuned to 4
[2016-11-16 14:43:16.513]  Tuned to 5
[2016-11-16 14:43:16.613]  Tuned to 6
[2016-11-16 14:43:16.713]  Tuned to 7
[2016-11-16 14:43:16.814]  Tuned to 8
[2016-11-16 14:43:16.914]  Tuned to 9
[2016-11-16 14:43:17.014]  Tuned to 10
[2016-11-16 14:43:17.115]  Tuned to 11
[2016-11-16 14:43:17.215]  Tuned to 12
[2016-11-16 14:43:17.315]  Tuned to 13
[2016-11-16 14:43:17.416]  Tuned to 14
[2016-11-16 14:43:17.516]  Tuned to 15
[2016-11-16 14:43:17.616]  Tuned to 16
[2016-11-16 14:43:17.716]  Tuned to 17
[2016-11-16 14:43:17.817]  Tuned to 18
[2016-11-16 14:43:17.917]  Tuned to 19
[2016-11-16 14:43:18.018]  Tuned to 20
[2016-11-16 14:43:18.118]  Tuned to 21
[2016-11-16 14:43:18.218]  Tuned to 22
[2016-11-16 14:43:18.318]  Tuned to 23
[2016-11-16 14:43:18.421]  Tuned to 24
[2016-11-16 14:43:18.522]  Tuned to 25
[2016-11-16 14:43:18.622]  Tuned to 26
[2016-11-16 14:43:18.722]  Tuned to 27
[2016-11-16 14:43:18.823]  Tuned to 28
[2016-11-16 14:43:18.923]  Tuned to 29
[2016-11-16 14:43:19.023]  Tuned to 30
[2016-11-16 14:43:19.123]  Tuned to 31
[2016-11-16 14:43:19.224]  Tuned to 32
[2016-11-16 14:43:19.325]  Tuned to 33
[2016-11-16 14:43:19.425]  Tuned to 34
[2016-11-16 14:43:19.526]  Tuned to 35
[2016-11-16 14:43:19.626]  Tuned to 36
[2016-11-16 14:43:19.726]  Tuned to 37
[2016-11-16 14:43:19.826]  Tuned to 38
[2016-11-16 14:43:19.927]  Tuned to 39
[2016-11-16 14:43:20.027]  Tuned to 40
[2016-11-16 14:43:20.127]  Tuned to 41
[2016-11-16 14:43:20.228]  Tuned to 42
[2016-11-16 14:43:20.328]  Tuned to 43
[2016-11-16 14:43:20.428]  Tuned to 44
[2016-11-16 14:43:20.529]  Tuned to 45
[2016-11-16 14:43:20.629]  Tuned to 46
[2016-11-16 14:43:20.729]  Tuned to 47
[2016-11-16 14:43:20.830]  Tuned to 48
[2016-11-16 14:43:20.930]  Tuned to 49
[2016-11-16 14:43:21.030]  Tuned to 50
[2016-11-16 14:43:21.132]  Tuned to 51
[2016-11-16 14:43:21.232]  Tuned to 52
[2016-11-16 14:43:21.332]  Tuned to 53
[2016-11-16 14:43:21.433]  Tuned to 54
[2016-11-16 14:43:21.533]  Tuned to 55
[2016-11-16 14:43:21.633]  Tuned to 56
[2016-11-16 14:43:21.734]  Tuned to 57
[2016-11-16 14:43:21.834]  Tuned to 58
[2016-11-16 14:43:21.934]  Tuned to 59
[2016-11-16 14:43:22.034]  Tuned to 60
[2016-11-16 14:43:22.136]  Tuned to 61
[2016-11-16 14:43:22.236]  Tuned to 62
[2016-11-16 14:43:22.337]  Tuned to 63
[2016-11-16 14:43:22.437]  Tuned to 64
[2016-11-16 14:43:22.537]  Tuned to 65
[2016-11-16 14:43:22.637]  Tuned to 66
[2016-11-16 14:43:22.738]  Tuned to 67
[2016-11-16 14:43:22.838]  Tuned to 68
[2016-11-16 14:43:22.938]  Tuned to 69
[2016-11-16 14:43:23.039]  Tuned to 70
[2016-11-16 14:43:23.139]  Tuned to 71
[2016-11-16 14:43:23.239]  Tuned to 72
[2016-11-16 14:43:23.340]  Tuned to 73
[2016-11-16 14:43:23.440]  Tuned to 74
[2016-11-16 14:43:23.540]  Tuned to 75
[2016-11-16 14:43:23.641]  Tuned to 76
[2016-11-16 14:43:23.742]  Tuned to 77
[2016-11-16 14:43:23.842]  Tuned to 78
[2016-11-16 14:43:23.942]  Tuned to 79
[2016-11-16 14:43:24.042]  Tuned to 80
[2016-11-16 14:43:24.143]  Tuned to 81
[2016-11-16 14:43:24.243]  Tuned to 82
[2016-11-16 14:43:24.343]  Tuned to 83
[2016-11-16 14:43:24.444]  Tuned to 2
[2016-11-16 14:43:24.544]  Tuned to 3
[2016-11-16 14:43:24.644]  Tuned to 4
[2016-11-16 14:43:24.745]  Tuned to 5
[2016-11-16 14:43:24.845]  Tuned to 6
[2016-11-16 14:43:24.945]  Tuned to 7
[2016-11-16 14:43:25.046]  Tuned to 8
[2016-11-16 14:43:25.146]  Tuned to 9
[2016-11-16 14:43:25.246]  Tuned to 10
[2016-11-16 14:43:25.347]  Tuned to 11
[2016-11-16 14:43:25.448]  Tuned to 12
[2016-11-16 14:43:25.548]  Tuned to 13
[2016-11-16 14:43:25.648]  Tuned to 14
[2016-11-16 14:43:25.748]  Tuned to 15
[2016-11-16 14:43:25.849]  Tuned to 16
[2016-11-16 14:43:25.949]  Tuned to 17
[2016-11-16 14:43:26.049]  Tuned to 18
[2016-11-16 14:43:26.150]  Tuned to 19
[2016-11-16 14:43:26.250]  Tuned to 20
[2016-11-16 14:43:26.351]  Tuned to 21
[2016-11-16 14:43:26.451]  Tuned to 22
[2016-11-16 14:43:26.551]  Tuned to 23
[2016-11-16 14:43:26.652]  Tuned to 24
[2016-11-16 14:43:26.752]  Tuned to 25
[2016-11-16 14:43:26.853]  Tuned to 26
[2016-11-16 14:43:26.953]  Tuned to 27
[2016-11-16 14:43:27.053]  Tuned to 28
[2016-11-16 14:43:27.153]  Tuned to 29
[2016-11-16 14:43:27.254]  Tuned to 30
[2016-11-16 14:43:27.354]  Tuned to 31
[2016-11-16 14:43:27.454]  Tuned to 32
[2016-11-16 14:43:27.555]  Tuned to 33
[2016-11-16 14:43:27.655]  Tuned to 34
[2016-11-16 14:43:27.755]  Tuned to 35
[2016-11-16 14:43:27.857]  Tuned to 36
[2016-11-16 14:43:27.957]  Tuned to 37
[2016-11-16 14:43:28.058]  Tuned to 38
[2016-11-16 14:43:28.159]  Tuned to 39
[2016-11-16 14:43:28.260]  Tuned to 40
[2016-11-16 14:43:28.361]  Tuned to 41
[2016-11-16 14:43:28.462]  Tuned to 42
[2016-11-16 14:43:28.562]  Tuned to 43
[2016-11-16 14:43:28.662]  Tuned to 44
[2016-11-16 14:43:28.763]  Tuned to 45
[2016-11-16 14:43:28.863]  Tuned to 46
[2016-11-16 14:43:28.963]  Tuned to 47
[2016-11-16 14:43:29.063]  Tuned to 48
[2016-11-16 14:43:29.164]  Tuned to 49
[2016-11-16 14:43:29.264]  Tuned to 50
[2016-11-16 14:43:29.364]  Tuned to 51
[2016-11-16 14:43:29.465]  Tuned to 52
[2016-11-16 14:43:29.565]  Tuned to 53
[2016-11-16 14:43:29.666]  Tuned to 54
[2016-11-16 14:43:29.766]  Tuned to 55
[2016-11-16 14:43:29.866]  Tuned to 56
[2016-11-16 14:43:29.967]  Tuned to 57
[2016-11-16 14:43:30.067]  Tuned to 58
[2016-11-16 14:43:30.167]  Tuned to 59
[2016-11-16 14:43:30.268]  Tuned to 60
[2016-11-16 14:43:30.368]  Tuned to 61
[2016-11-16 14:43:30.468]  Tuned to 62
[2016-11-16 14:43:30.569]  Tuned to 63
[2016-11-16 14:43:30.669]  Tuned to 64
[2016-11-16 14:43:30.769]  Tuned to 65
[2016-11-16 14:43:30.870]  Tuned to 66
[2016-11-16 14:43:30.970]  Tuned to 67
[2016-11-16 14:43:31.070]  Tuned to 68
[2016-11-16 14:43:31.171]  Tuned to 69
[2016-11-16 14:43:31.271]  Tuned to 70
[2016-11-16 14:43:31.371]  Tuned to 71
[2016-11-16 14:43:31.472]  Tuned to 72
[2016-11-16 14:43:31.572]  Tuned to 73
[2016-11-16 14:43:31.672]  Tuned to 74
[2016-11-16 14:43:31.772]  Tuned to 75
[2016-11-16 14:43:31.873]  Tuned to 76
[2016-11-16 14:43:31.973]  Tuned to 77
[2016-11-16 14:43:32.073]  Tuned to 78
[2016-11-16 14:43:32.174]  Tuned to 79
[2016-11-16 14:43:32.274]  Tuned to 80
[2016-11-16 14:43:32.374]  Tuned to 81
[2016-11-16 14:43:32.477]  Tuned to 82
[2016-11-16 14:43:32.577]  Tuned to 83
[2016-11-16 14:43:32.677]  Tuned to 2
[2016-11-16 14:43:32.778]  Tuned to 3
[2016-11-16 14:43:32.878]  Tuned to 4
[2016-11-16 14:43:32.978]  Tuned to 5
[2016-11-16 14:43:33.078]  Tuned to 6
[2016-11-16 14:43:33.179]  Tuned to 7
[2016-11-16 14:43:33.279]  Tuned to 8
[2016-11-16 14:43:33.379]  Tuned to 9
[2016-11-16 14:43:33.480]  Tuned to 10
[2016-11-16 14:43:33.580]  Tuned to 11
[2016-11-16 14:43:33.680]  Tuned to 12
[2016-11-16 14:43:33.782]  Tuned to 13
[2016-11-16 14:43:33.883]  Tuned to 14
[2016-11-16 14:43:33.983]  Tuned to 15
[2016-11-16 14:43:34.084]  Tuned to 16
[2016-11-16 14:43:34.184]  Tuned to 17
[2016-11-16 14:43:34.284]  Tuned to 18
[2016-11-16 14:43:34.385]  Tuned to 19
[2016-11-16 14:43:34.485]  Tuned to 20
[2016-11-16 14:43:34.586]  Tuned to 21
[2016-11-16 14:43:34.686]  Tuned to 22
[2016-11-16 14:43:34.786]  Tuned to 23
[2016-11-16 14:43:34.886]  Tuned to 24
[2016-11-16 14:43:34.987]  Tuned to 25
[2016-11-16 14:43:35.087]  Tuned to 26
[2016-11-16 14:43:35.187]  Tuned to 27
[2016-11-16 14:43:35.288]  Tuned to 28
[2016-11-16 14:43:35.388]  Tuned to 29
[2016-11-16 14:43:35.490]  Tuned to 30
[2016-11-16 14:43:35.590]  Tuned to 31
[2016-11-16 14:43:35.690]  Tuned to 32
[2016-11-16 14:43:35.791]  Tuned to 33
[2016-11-16 14:43:35.891]  Tuned to 34
[2016-11-16 14:43:35.991]  Tuned to 35
[2016-11-16 14:43:36.092]  Tuned to 36
[2016-11-16 14:43:36.192]  Tuned to 37
[2016-11-16 14:43:36.292]  Tuned to 38
[2016-11-16 14:43:36.393]  Tuned to 39
[2016-11-16 14:43:36.493]  Tuned to 40
[2016-11-16 14:43:36.593]  Tuned to 41
[2016-11-16 14:43:36.694]  Tuned to 42
[2016-11-16 14:43:36.794]  Tuned to 43
[2016-11-16 14:43:36.894]  Tuned to 44
[2016-11-16 14:43:36.994]  Tuned to 45
[2016-11-16 14:43:37.095]  Tuned to 46
[2016-11-16 14:43:37.195]  Tuned to 47
[2016-11-16 14:43:37.295]  Tuned to 48
[2016-11-16 14:43:37.396]  Tuned to 49
[2016-11-16 14:43:37.496]  Tuned to 50
[2016-11-16 14:43:37.596]  Tuned to 51
[2016-11-16 14:43:37.697]  Tuned to 52
[2016-11-16 14:43:37.797]  Tuned to 53
[2016-11-16 14:43:37.897]  Tuned to 54
[2016-11-16 14:43:37.997]  Tuned to 55
[2016-11-16 14:43:38.098]  Tuned to 56
[2016-11-16 14:43:38.198]  Tuned to 57
[2016-11-16 14:43:38.298]  Tuned to 58
[2016-11-16 14:43:38.399]  Tuned to 59
[2016-11-16 14:43:38.499]  Tuned to 60
[2016-11-16 14:43:38.599]  Tuned to 61
[2016-11-16 14:43:38.700]  Tuned to 62
[2016-11-16 14:43:38.800]  Tuned to 63
[2016-11-16 14:43:38.900]  Tuned to 64
[2016-11-16 14:43:39.001]  Tuned to 65
[2016-11-16 14:43:39.101]  Tuned to 66
[2016-11-16 14:43:39.201]  Tuned to 67
[2016-11-16 14:43:39.302]  Tuned to 68
[2016-11-16 14:43:39.402]  Tuned to 69
[2016-11-16 14:43:39.503]  Tuned to 70
[2016-11-16 14:43:39.603]  Tuned to 71
[2016-11-16 14:43:39.703]  Tuned to 72
[2016-11-16 14:43:39.804]  Tuned to 73
[2016-11-16 14:43:39.904]  Tuned to 74
[2016-11-16 14:43:40.004]  Tuned to 75
[2016-11-16 14:43:40.104]  Tuned to 76
[2016-11-16 14:43:40.206]  Tuned to 77
[2016-11-16 14:43:40.307]  Tuned to 78
[2016-11-16 14:43:40.407]  Tuned to 79
[2016-11-16 14:43:40.507]  Tuned to 80
[2016-11-16 14:43:40.607]  Tuned to 81
[2016-11-16 14:43:40.708]  Tuned to 82
[2016-11-16 14:43:40.808]  Tuned to 83
[2016-11-16 14:43:40.908]  Tuned to 2
[2016-11-16 14:43:41.009]  Tuned to 3
[2016-11-16 14:43:41.109]  Tuned to 4
[2016-11-16 14:43:41.209]  Tuned to 5
[2016-11-16 14:43:41.310]  Tuned to 6
[2016-11-16 14:43:41.410]  Tuned to 7
[2016-11-16 14:43:41.510]  Tuned to 8
[2016-11-16 14:43:41.611]  Tuned to 9
[2016-11-16 14:43:41.711]  Tuned to 10
[2016-11-16 14:43:41.811]  Tuned to 11
[2016-11-16 14:43:41.912]  Tuned to 12
[2016-11-16 14:43:42.012]  Tuned to 13
[2016-11-16 14:43:42.112]  Tuned to 14
[2016-11-16 14:43:42.213]  Tuned to 15
[2016-11-16 14:43:42.313]  Tuned to 16
[2016-11-16 14:43:42.413]  Tuned to 17
[2016-11-16 14:43:42.513]  Tuned to 18
[2016-11-16 14:43:42.614]  Tuned to 19
[2016-11-16 14:43:42.714]  Tuned to 20
[2016-11-16 14:43:42.814]  Tuned to 21
[2016-11-16 14:43:42.915]  Tuned to 22
[2016-11-16 14:43:43.015]  Tuned to 23
[2016-11-16 14:43:43.115]  Tuned to 24
[2016-11-16 14:43:43.216]  Tuned to 25
[2016-11-16 14:43:43.316]  Tuned to 26
[2016-11-16 14:43:43.416]  Tuned to 27
[2016-11-16 14:43:43.517]  Tuned to 28
[2016-11-16 14:43:43.617]  Tuned to 29
[2016-11-16 14:43:43.717]  Tuned to 30
[2016-11-16 14:43:43.818]  Tuned to 31
[2016-11-16 14:43:43.918]  Tuned to 32
[2016-11-16 14:43:44.018]  Tuned to 33
[2016-11-16 14:43:44.119]  Tuned to 34
[2016-11-16 14:43:44.219]  Tuned to 35
[2016-11-16 14:43:44.319]  Tuned to 36
[2016-11-16 14:43:44.419]  Tuned to 37
[2016-11-16 14:43:44.520]  Tuned to 38
[2016-11-16 14:43:44.622]  Tuned to 39
[2016-11-16 14:43:44.722]  Tuned to 40
[2016-11-16 14:43:44.823]  Tuned to 41
[2016-11-16 14:43:44.923]  Tuned to 42
[2016-11-16 14:43:45.023]  Tuned to 43
[2016-11-16 14:43:45.125]  Tuned to 44
[2016-11-16 14:43:45.225]  Tuned to 45
[2016-11-16 14:43:45.326]  Tuned to 46
[2016-11-16 14:43:45.426]  Tuned to 47
[2016-11-16 14:43:45.526]  Tuned to 48
[2016-11-16 14:43:45.627]  Tuned to 49
[2016-11-16 14:43:45.727]  Tuned to 50
[2016-11-16 14:43:45.827]  Tuned to 51
[2016-11-16 14:43:45.928]  Tuned to 52
[2016-11-16 14:43:46.028]  Tuned to 53
[2016-11-16 14:43:46.128]  Tuned to 54
[2016-11-16 14:43:46.229]  Tuned to 55
[2016-11-16 14:43:46.329]  Tuned to 56
[2016-11-16 14:43:46.429]  Tuned to 57
[2016-11-16 14:43:46.530]  Tuned to 58
[2016-11-16 14:43:46.630]  Tuned to 59
[2016-11-16 14:43:46.730]  Tuned to 60
[2016-11-16 14:43:46.832]  Tuned to 61
[2016-11-16 14:43:46.933]  Tuned to 62
[2016-11-16 14:43:47.033]  Tuned to 63
[2016-11-16 14:43:47.133]  Tuned to 64
[2016-11-16 14:43:47.234]  Tuned to 65
[2016-11-16 14:43:47.334]  Tuned to 66
[2016-11-16 14:43:47.437]  Tuned to 67
[2016-11-16 14:43:47.537]  Tuned to 68
[2016-11-16 14:43:47.637]  Tuned to 69
[2016-11-16 14:43:47.738]  Tuned to 70
[2016-11-16 14:43:47.838]  Tuned to 71
[2016-11-16 14:43:47.938]  Tuned to 72
[2016-11-16 14:43:48.039]  Tuned to 73
[2016-11-16 14:43:48.139]  Tuned to 74
[2016-11-16 14:43:48.239]  Tuned to 75
[2016-11-16 14:43:48.339]  Tuned to 76
[2016-11-16 14:43:48.440]  Tuned to 77
[2016-11-16 14:43:48.540]  Tuned to 78
[2016-11-16 14:43:48.640]  Tuned to 79
[2016-11-16 14:43:48.741]  Tuned to 80
[2016-11-16 14:43:48.841]  Tuned to 81
[2016-11-16 14:43:48.941]  Tuned to 82
[2016-11-16 14:43:49.042]  Tuned to 83
[2016-11-16 14:43:49.142]  Tuned to 2
[2016-11-16 14:43:49.243]  Tuned to 3
[2016-11-16 14:43:49.343]  Tuned to 4
[2016-11-16 14:43:49.443]  Tuned to 5
[2016-11-16 14:43:49.544]  Tuned to 6
[2016-11-16 14:43:49.644]  Tuned to 7
[2016-11-16 14:43:49.744]  Tuned to 8
[2016-11-16 14:43:49.845]  Tuned to 9
[2016-11-16 14:43:49.945]  Tuned to 10
[2016-11-16 14:43:50.045]  Tuned to 11
[2016-11-16 14:43:50.145]  Tuned to 12
[2016-11-16 14:43:50.246]  Tuned to 13
[2016-11-16 14:43:50.348]  Tuned to 14
[2016-11-16 14:43:50.448]  Tuned to 15
[2016-11-16 14:43:50.548]  Tuned to 16
[2016-11-16 14:43:50.649]  Tuned to 17
[2016-11-16 14:43:50.749]  Tuned to 18
[2016-11-16 14:43:50.849]  Tuned to 19
[2016-11-16 14:43:50.949]  Tuned to 20
[2016-11-16 14:43:51.050]  Tuned to 21
[2016-11-16 14:43:51.150]  Tuned to 22
[2016-11-16 14:43:51.251]  Tuned to 23
[2016-11-16 14:43:51.351]  Tuned to 24
[2016-11-16 14:43:51.451]  Tuned to 25
[2016-11-16 14:43:51.552]  Tuned to 26
[2016-11-16 14:43:51.652]  Tuned to 27
[2016-11-16 14:43:51.752]  Tuned to 28
[2016-11-16 14:43:51.854]  Tuned to 29
[2016-11-16 14:43:51.955]  Tuned to 30
[2016-11-16 14:43:52.055]  Tuned to 31
[2016-11-16 14:43:52.155]  Tuned to 32
[2016-11-16 14:43:52.256]  Tuned to 33
[2016-11-16 14:43:52.356]  Tuned to 34
[2016-11-16 14:43:52.457]  Tuned to 35
[2016-11-16 14:43:52.557]  Tuned to 36
[2016-11-16 14:43:52.657]  Tuned to 37
[2016-11-16 14:43:52.760]  Tuned to 38
[2016-11-16 14:43:52.860]  Tuned to 39
[2016-11-16 14:43:52.960]  Tuned to 40
[2016-11-16 14:43:53.061]  Tuned to 41
[2016-11-16 14:43:53.161]  Tuned to 42
[2016-11-16 14:43:53.261]  Tuned to 43
[2016-11-16 14:43:53.363]  Tuned to 44
[2016-11-16 14:43:53.464]  Tuned to 45
[2016-11-16 14:43:53.564]  Tuned to 46
[2016-11-16 14:43:53.664]  Tuned to 47
[2016-11-16 14:43:53.764]  Tuned to 48
[2016-11-16 14:43:53.865]  Tuned to 49
[2016-11-16 14:43:53.965]  Tuned to 50
[2016-11-16 14:43:54.065]  Tuned to 51
[2016-11-16 14:43:54.166]  Tuned to 52
[2016-11-16 14:43:54.266]  Tuned to 53
[2016-11-16 14:43:54.366]  Tuned to 54
[2016-11-16 14:43:54.467]  Tuned to 55
[2016-11-16 14:43:54.567]  Tuned to 56
[2016-11-16 14:43:54.667]  Tuned to 57
[2016-11-16 14:43:54.768]  Tuned to 58
Traceback (most recent call last):
  File "../modules/mousejack/tools/nrf24-scanner.py", line 55, in <module>
    value = common.radio.receive_payload()
  File "/home/lain/Development/seniordesign/mithren/modules/mousejack/tools/lib/nrf24.py", line 109, in receive_payload
    return self.dongle.read(0x81, 64, timeout=nrf24.usb_timeout)
  File "/usr/local/lib/python2.7/dist-packages/usb/core.py", line 988, in read
    self.__get_timeout(timeout))
  File "/usr/local/lib/python2.7/dist-packages/usb/backend/libusb1.py", line 833, in bulk_read
    timeout)
  File "/usr/local/lib/python2.7/dist-packages/usb/backend/libusb1.py", line 933, in __read
    timeout)
KeyboardInterrupt
tail: output.txt: file truncated
[2016-11-16 14:43:57.746]  Using channels 2, 3, 4, 5, 6, 7, 8, 9, 10, 11, 12, 13, 14, 15, 16, 17, 18, 19, 20, 21, 22, 23, 24, 25, 26, 27, 28, 29, 30, 31, 32, 33, 34, 35, 36, 37, 38, 39, 40, 41, 42, 43, 44, 45, 46, 47, 48, 49, 50, 51, 52, 53, 54, 55, 56, 57, 58, 59, 60, 61, 62, 63, 64, 65, 66, 67, 68, 69, 70, 71, 72, 73, 74, 75, 76, 77, 78, 79, 80, 81, 82, 83
[2016-11-16 14:43:57.759]  Entered promiscuous mode
[2016-11-16 14:43:57.759]  Tuned to 2
[2016-11-16 14:43:57.860]  Tuned to 3
[2016-11-16 14:43:57.960]  Tuned to 4
[2016-11-16 14:43:58.060]  Tuned to 5
[2016-11-16 14:43:58.160]  Tuned to 6
[2016-11-16 14:43:58.261]  Tuned to 7
[2016-11-16 14:43:58.361]  Tuned to 8
[2016-11-16 14:43:58.461]  Tuned to 9
[2016-11-16 14:43:58.562]  Tuned to 10
[2016-11-16 14:43:58.662]  Tuned to 11
[2016-11-16 14:43:58.762]  Tuned to 12
[2016-11-16 14:43:58.862]  Tuned to 13
[2016-11-16 14:43:58.963]  Tuned to 14
[2016-11-16 14:43:59.063]  Tuned to 15
[2016-11-16 14:43:59.163]  Tuned to 16
[2016-11-16 14:43:59.264]  Tuned to 17
[2016-11-16 14:43:59.364]  Tuned to 18
[2016-11-16 14:43:59.464]  Tuned to 19
[2016-11-16 14:43:59.565]  Tuned to 20
[2016-11-16 14:43:59.665]  Tuned to 21
[2016-11-16 14:43:59.765]  Tuned to 22
[2016-11-16 14:43:59.865]  Tuned to 23
[2016-11-16 14:43:59.966]  Tuned to 24
[2016-11-16 14:44:00.066]  Tuned to 25
[2016-11-16 14:44:00.166]  Tuned to 26
[2016-11-16 14:44:00.269]  Tuned to 27
[2016-11-16 14:44:00.369]  Tuned to 28
[2016-11-16 14:44:00.470]  Tuned to 29
[2016-11-16 14:44:00.570]  Tuned to 30
[2016-11-16 14:44:00.670]  Tuned to 31
[2016-11-16 14:44:00.771]  Tuned to 32
[2016-11-16 14:44:00.871]  Tuned to 33
[2016-11-16 14:44:00.971]  Tuned to 34
[2016-11-16 14:44:01.071]  Tuned to 35
[2016-11-16 14:44:01.172]  Tuned to 36
[2016-11-16 14:44:01.272]  Tuned to 37
[2016-11-16 14:44:01.373]  Tuned to 38
[2016-11-16 14:44:01.473]  Tuned to 39
[2016-11-16 14:44:01.573]  Tuned to 40
[2016-11-16 14:44:01.674]  Tuned to 41
[2016-11-16 14:44:01.774]  Tuned to 42
[2016-11-16 14:44:01.874]  Tuned to 43
[2016-11-16 14:44:01.975]  Tuned to 44
[2016-11-16 14:44:02.075]  Tuned to 45
[2016-11-16 14:44:02.175]  Tuned to 46
[2016-11-16 14:44:02.276]  Tuned to 47
[2016-11-16 14:44:02.376]  Tuned to 48
[2016-11-16 14:44:02.476]  Tuned to 49
[2016-11-16 14:44:02.576]  Tuned to 50
[2016-11-16 14:44:02.678]  Tuned to 51
[2016-11-16 14:44:02.779]  Tuned to 52
[2016-11-16 14:44:02.879]  Tuned to 53
[2016-11-16 14:44:02.979]  Tuned to 54
[2016-11-16 14:44:03.080]  Tuned to 55
[2016-11-16 14:44:03.180]  Tuned to 56
[2016-11-16 14:44:03.280]  Tuned to 57
[2016-11-16 14:44:03.380]  Tuned to 58
[2016-11-16 14:44:03.481]  Tuned to 59
[2016-11-16 14:44:03.581]  Tuned to 60
[2016-11-16 14:44:03.681]  Tuned to 61
[2016-11-16 14:44:03.782]  Tuned to 62
[2016-11-16 14:44:03.882]  Tuned to 63
[2016-11-16 14:44:03.982]  Tuned to 64
[2016-11-16 14:44:04.083]  Tuned to 65
[2016-11-16 14:44:04.183]  Tuned to 66
[2016-11-16 14:44:04.283]  Tuned to 67
[2016-11-16 14:44:04.384]  Tuned to 68
[2016-11-16 14:44:04.484]  Tuned to 69
[2016-11-16 14:44:04.585]  Tuned to 70
[2016-11-16 14:44:04.685]  Tuned to 71
[2016-11-16 14:44:04.785]  Tuned to 72
[2016-11-16 14:44:04.886]  Tuned to 73
[2016-11-16 14:44:04.986]  Tuned to 74
[2016-11-16 14:44:05.086]  Tuned to 75
[2016-11-16 14:44:05.186]  Tuned to 76
[2016-11-16 14:44:05.287]  Tuned to 77
[2016-11-16 14:44:05.387]  Tuned to 78
[2016-11-16 14:44:05.487]  Tuned to 79
[2016-11-16 14:44:05.588]  Tuned to 80
[2016-11-16 14:44:05.688]  Tuned to 81
[2016-11-16 14:44:05.788]  Tuned to 82
[2016-11-16 14:44:05.889]  Tuned to 83
[2016-11-16 14:44:05.989]  Tuned to 2
[2016-11-16 14:44:06.089]  Tuned to 3
[2016-11-16 14:44:06.190]  Tuned to 4
[2016-11-16 14:44:06.290]  Tuned to 5
[2016-11-16 14:44:06.390]  Tuned to 6
[2016-11-16 14:44:06.491]  Tuned to 7
[2016-11-16 14:44:06.591]  Tuned to 8
[2016-11-16 14:44:06.693]  Tuned to 9
[2016-11-16 14:44:06.793]  Tuned to 10
[2016-11-16 14:44:06.893]  Tuned to 11
[2016-11-16 14:44:06.995]  Tuned to 12
[2016-11-16 14:44:07.096]  Tuned to 13
[2016-11-16 14:44:07.196]  Tuned to 14
[2016-11-16 14:44:07.296]  Tuned to 15
[2016-11-16 14:44:07.397]  Tuned to 16
[2016-11-16 14:44:07.497]  Tuned to 17
[2016-11-16 14:44:07.597]  Tuned to 18
[2016-11-16 14:44:07.698]  Tuned to 19
[2016-11-16 14:44:07.798]  Tuned to 20
[2016-11-16 14:44:07.898]  Tuned to 21
[2016-11-16 14:44:07.998]  Tuned to 22
[2016-11-16 14:44:08.099]  Tuned to 23
[2016-11-16 14:44:08.199]  Tuned to 24
[2016-11-16 14:44:08.299]  Tuned to 25
[2016-11-16 14:44:08.400]  Tuned to 26
[2016-11-16 14:44:08.500]  Tuned to 27
[2016-11-16 14:44:08.600]  Tuned to 28
[2016-11-16 14:44:08.701]  Tuned to 29
[2016-11-16 14:44:08.801]  Tuned to 30
[2016-11-16 14:44:08.901]  Tuned to 31
[2016-11-16 14:44:09.001]  Tuned to 32
[2016-11-16 14:44:09.102]  Tuned to 33
[2016-11-16 14:44:09.202]  Tuned to 34
[2016-11-16 14:44:09.302]  Tuned to 35
[2016-11-16 14:44:09.403]  Tuned to 36
[2016-11-16 14:44:09.503]  Tuned to 37
[2016-11-16 14:44:09.603]  Tuned to 38
[2016-11-16 14:44:09.704]  Tuned to 39
[2016-11-16 14:44:09.804]  Tuned to 40
[2016-11-16 14:44:09.906]  Tuned to 41
[2016-11-16 14:44:10.006]  Tuned to 42
[2016-11-16 14:44:10.107]  Tuned to 43
[2016-11-16 14:44:10.207]  Tuned to 44
[2016-11-16 14:44:10.307]  Tuned to 45
[2016-11-16 14:44:10.408]  Tuned to 46
[2016-11-16 14:44:10.508]  Tuned to 47
[2016-11-16 14:44:10.608]  Tuned to 48
[2016-11-16 14:44:10.709]  Tuned to 49
[2016-11-16 14:44:10.809]  Tuned to 50
[2016-11-16 14:44:10.909]  Tuned to 51
[2016-11-16 14:44:11.009]  Tuned to 52
[2016-11-16 14:44:11.110]  Tuned to 53
[2016-11-16 14:44:11.210]  Tuned to 54
[2016-11-16 14:44:11.310]  Tuned to 55
[2016-11-16 14:44:11.411]  Tuned to 56
[2016-11-16 14:44:11.512]  Tuned to 57
[2016-11-16 14:44:11.612]  Tuned to 58
[2016-11-16 14:44:11.713]  Tuned to 59
[2016-11-16 14:44:11.813]  Tuned to 60
[2016-11-16 14:44:11.913]  Tuned to 61
[2016-11-16 14:44:12.014]  Tuned to 62
[2016-11-16 14:44:12.114]  Tuned to 63
[2016-11-16 14:44:12.214]  Tuned to 64
[2016-11-16 14:44:12.314]  Tuned to 65
[2016-11-16 14:44:12.415]  Tuned to 66
[2016-11-16 14:44:12.515]  Tuned to 67
[2016-11-16 14:44:12.615]  Tuned to 68
[2016-11-16 14:44:12.716]  Tuned to 69
[2016-11-16 14:44:12.816]  Tuned to 70
[2016-11-16 14:44:12.916]  Tuned to 71
[2016-11-16 14:44:13.017]  Tuned to 72
[2016-11-16 14:44:13.117]  Tuned to 73
[2016-11-16 14:44:13.217]  Tuned to 74
[2016-11-16 14:44:13.320]  Tuned to 75
[2016-11-16 14:44:13.420]  Tuned to 76
[2016-11-16 14:44:13.520]  Tuned to 77
[2016-11-16 14:44:13.621]  Tuned to 78
[2016-11-16 14:44:13.721]  Tuned to 79
[2016-11-16 14:44:13.821]  Tuned to 80
[2016-11-16 14:44:13.922]  Tuned to 81
[2016-11-16 14:44:14.022]  Tuned to 82
[2016-11-16 14:44:14.122]  Tuned to 83
[2016-11-16 14:44:14.223]  Tuned to 2
[2016-11-16 14:44:14.323]  Tuned to 3
[2016-11-16 14:44:14.423]  Tuned to 4
[2016-11-16 14:44:14.524]  Tuned to 5
[2016-11-16 14:44:14.624]  Tuned to 6
[2016-11-16 14:44:14.724]  Tuned to 7
[2016-11-16 14:44:14.824]  Tuned to 8
[2016-11-16 14:44:14.927]  Tuned to 9
[2016-11-16 14:44:15.027]  Tuned to 10
[2016-11-16 14:44:15.128]  Tuned to 11
[2016-11-16 14:44:15.228]  Tuned to 12
[2016-11-16 14:44:15.329]  Tuned to 13
[2016-11-16 14:44:15.430]  Tuned to 14
[2016-11-16 14:44:15.530]  Tuned to 15
[2016-11-16 14:44:15.631]  Tuned to 16
[2016-11-16 14:44:15.731]  Tuned to 17
[2016-11-16 14:44:15.831]  Tuned to 18
[2016-11-16 14:44:15.932]  Tuned to 19
[2016-11-16 14:44:16.032]  Tuned to 20
[2016-11-16 14:44:16.132]  Tuned to 21
[2016-11-16 14:44:16.232]  Tuned to 22
[2016-11-16 14:44:16.333]  Tuned to 23
[2016-11-16 14:44:16.433]  Tuned to 24
[2016-11-16 14:44:16.533]  Tuned to 25
[2016-11-16 14:44:16.634]  Tuned to 26
[2016-11-16 14:44:16.735]  Tuned to 27
[2016-11-16 14:44:16.835]  Tuned to 28
[2016-11-16 14:44:16.935]  Tuned to 29
[2016-11-16 14:44:17.036]  Tuned to 30
[2016-11-16 14:44:17.136]  Tuned to 31
[2016-11-16 14:44:17.237]  Tuned to 32
[2016-11-16 14:44:17.337]  Tuned to 33
[2016-11-16 14:44:17.437]  Tuned to 34
[2016-11-16 14:44:17.538]  Tuned to 35
[2016-11-16 14:44:17.638]  Tuned to 36
[2016-11-16 14:44:17.738]  Tuned to 37
[2016-11-16 14:44:17.839]  Tuned to 38
[2016-11-16 14:44:17.939]  Tuned to 39
[2016-11-16 14:44:18.039]  Tuned to 40
[2016-11-16 14:44:18.139]  Tuned to 41
[2016-11-16 14:44:18.240]  Tuned to 42
[2016-11-16 14:44:18.340]  Tuned to 43
[2016-11-16 14:44:18.440]  Tuned to 44
[2016-11-16 14:44:18.541]  Tuned to 45
[2016-11-16 14:44:18.641]  Tuned to 46
[2016-11-16 14:44:18.741]  Tuned to 47
[2016-11-16 14:44:18.842]  Tuned to 48
[2016-11-16 14:44:18.942]  Tuned to 49
[2016-11-16 14:44:19.042]  Tuned to 50
[2016-11-16 14:44:19.143]  Tuned to 51
[2016-11-16 14:44:19.243]  Tuned to 52
[2016-11-16 14:44:19.343]  Tuned to 53
[2016-11-16 14:44:19.444]  Tuned to 54
[2016-11-16 14:44:19.544]  Tuned to 55
[2016-11-16 14:44:19.644]  Tuned to 56
[2016-11-16 14:44:19.744]  Tuned to 57
[2016-11-16 14:44:19.845]  Tuned to 58
[2016-11-16 14:44:19.945]  Tuned to 59
[2016-11-16 14:44:20.045]  Tuned to 60
[2016-11-16 14:44:20.146]  Tuned to 61
[2016-11-16 14:44:20.246]  Tuned to 62
[2016-11-16 14:44:20.347]  Tuned to 63
[2016-11-16 14:44:20.447]  Tuned to 64
[2016-11-16 14:44:20.548]  Tuned to 65
[2016-11-16 14:44:20.648]  Tuned to 66
[2016-11-16 14:44:20.749]  Tuned to 67
[2016-11-16 14:44:20.849]  Tuned to 68
[2016-11-16 14:44:20.950]  Tuned to 69
[2016-11-16 14:44:21.050]  Tuned to 70
[2016-11-16 14:44:21.151]  Tuned to 71
[2016-11-16 14:44:21.251]  Tuned to 72
[2016-11-16 14:44:21.351]  Tuned to 73
[2016-11-16 14:44:21.452]  Tuned to 74
[2016-11-16 14:44:21.552]  Tuned to 75
[2016-11-16 14:44:21.652]  Tuned to 76
[2016-11-16 14:44:21.753]  Tuned to 77
[2016-11-16 14:44:21.853]  Tuned to 78
[2016-11-16 14:44:21.953]  Tuned to 79
[2016-11-16 14:44:22.054]  Tuned to 80
[2016-11-16 14:44:22.154]  Tuned to 81
[2016-11-16 14:44:22.254]  Tuned to 82
[2016-11-16 14:44:22.355]  Tuned to 83
[2016-11-16 14:44:22.455]  Tuned to 2
[2016-11-16 14:44:22.555]  Tuned to 3
[2016-11-16 14:44:22.655]  Tuned to 4
[2016-11-16 14:44:22.756]  Tuned to 5
[2016-11-16 14:44:22.856]  Tuned to 6
[2016-11-16 14:44:22.957]  Tuned to 7
[2016-11-16 14:44:23.057]  Tuned to 8
[2016-11-16 14:44:23.157]  Tuned to 9
[2016-11-16 14:44:23.258]  Tuned to 10
[2016-11-16 14:44:23.358]  Tuned to 11
[2016-11-16 14:44:23.458]  Tuned to 12
[2016-11-16 14:44:23.558]  Tuned to 13
[2016-11-16 14:44:23.659]  Tuned to 14
[2016-11-16 14:44:23.759]  Tuned to 15
[2016-11-16 14:44:23.859]  Tuned to 16
[2016-11-16 14:44:23.960]  Tuned to 17
[2016-11-16 14:44:24.060]  Tuned to 18
[2016-11-16 14:44:24.160]  Tuned to 19
[2016-11-16 14:44:24.261]  Tuned to 20
[2016-11-16 14:44:24.361]  Tuned to 21
[2016-11-16 14:44:24.461]  Tuned to 22
[2016-11-16 14:44:24.561]  Tuned to 23
[2016-11-16 14:44:24.662]  Tuned to 24
[2016-11-16 14:44:24.762]  Tuned to 25
[2016-11-16 14:44:24.863]  Tuned to 26
[2016-11-16 14:44:24.963]  Tuned to 27
[2016-11-16 14:44:25.063]  Tuned to 28
[2016-11-16 14:44:25.164]  Tuned to 29
[2016-11-16 14:44:25.265]  Tuned to 30
[2016-11-16 14:44:25.365]  Tuned to 31
[2016-11-16 14:44:25.466]  Tuned to 32
[2016-11-16 14:44:25.567]  Tuned to 33
[2016-11-16 14:44:25.668]  Tuned to 34
[2016-11-16 14:44:25.769]  Tuned to 35
[2016-11-16 14:44:25.870]  Tuned to 36
[2016-11-16 14:44:25.970]  Tuned to 37
[2016-11-16 14:44:26.070]  Tuned to 38
[2016-11-16 14:44:26.171]  Tuned to 39
[2016-11-16 14:44:26.271]  Tuned to 40
[2016-11-16 14:44:26.371]  Tuned to 41
[2016-11-16 14:44:26.472]  Tuned to 42
[2016-11-16 14:44:26.572]  Tuned to 43
[2016-11-16 14:44:26.672]  Tuned to 44
[2016-11-16 14:44:26.773]  Tuned to 45
[2016-11-16 14:44:26.873]  Tuned to 46
[2016-11-16 14:44:26.973]  Tuned to 47
[2016-11-16 14:44:27.074]  Tuned to 48
[2016-11-16 14:44:27.174]  Tuned to 49
[2016-11-16 14:44:27.274]  Tuned to 50
[2016-11-16 14:44:27.375]  Tuned to 51
[2016-11-16 14:44:27.475]  Tuned to 52
[2016-11-16 14:44:27.575]  Tuned to 53
[2016-11-16 14:44:27.676]  Tuned to 54
[2016-11-16 14:44:27.776]  Tuned to 55
[2016-11-16 14:44:27.877]  Tuned to 56
[2016-11-16 14:44:27.978]  Tuned to 57
[2016-11-16 14:44:28.078]  Tuned to 58
[2016-11-16 14:44:28.178]  Tuned to 59
[2016-11-16 14:44:28.278]  Tuned to 60
[2016-11-16 14:44:28.379]  Tuned to 61
[2016-11-16 14:44:28.479]  Tuned to 62
[2016-11-16 14:44:28.579]  Tuned to 63
[2016-11-16 14:44:28.680]  Tuned to 64
[2016-11-16 14:44:28.780]  Tuned to 65
[2016-11-16 14:44:28.880]  Tuned to 66
[2016-11-16 14:44:28.981]  Tuned to 67
[2016-11-16 14:44:29.081]  Tuned to 68
[2016-11-16 14:44:29.181]  Tuned to 69
[2016-11-16 14:44:29.282]  Tuned to 70
[2016-11-16 14:44:29.382]  Tuned to 71
[2016-11-16 14:44:29.482]  Tuned to 72
[2016-11-16 14:44:29.582]  Tuned to 73
[2016-11-16 14:44:29.683]  Tuned to 74
[2016-11-16 14:44:29.783]  Tuned to 75
[2016-11-16 14:44:29.883]  Tuned to 76
[2016-11-16 14:44:29.984]  Tuned to 77
[2016-11-16 14:44:30.084]  Tuned to 78
[2016-11-16 14:44:30.184]  Tuned to 79
[2016-11-16 14:44:30.285]  Tuned to 80
[2016-11-16 14:44:30.385]  Tuned to 81
[2016-11-16 14:44:30.485]  Tuned to 82
[2016-11-16 14:44:30.585]  Tuned to 83
[2016-11-16 14:44:30.686]  Tuned to 2
[2016-11-16 14:44:30.786]  Tuned to 3
[2016-11-16 14:44:30.886]  Tuned to 4
[2016-11-16 14:44:30.986]  Tuned to 5
[2016-11-16 14:44:31.087]  Tuned to 6
[2016-11-16 14:44:31.187]  Tuned to 7
[2016-11-16 14:44:31.287]  Tuned to 8
[2016-11-16 14:44:31.388]  Tuned to 9
[2016-11-16 14:44:31.488]  Tuned to 10
[2016-11-16 14:44:31.588]  Tuned to 11
[2016-11-16 14:44:31.689]  Tuned to 12
[2016-11-16 14:44:31.789]  Tuned to 13
[2016-11-16 14:44:31.889]  Tuned to 14
[2016-11-16 14:44:31.989]  Tuned to 15
[2016-11-16 14:44:32.090]  Tuned to 16
[2016-11-16 14:44:32.190]  Tuned to 17
[2016-11-16 14:44:32.290]  Tuned to 18
[2016-11-16 14:44:32.391]  Tuned to 19
[2016-11-16 14:44:32.491]  Tuned to 20
[2016-11-16 14:44:32.591]  Tuned to 21
[2016-11-16 14:44:32.691]  Tuned to 22
[2016-11-16 14:44:32.792]  Tuned to 23
[2016-11-16 14:44:32.892]  Tuned to 24
[2016-11-16 14:44:32.993]  Tuned to 25
[2016-11-16 14:44:33.093]  Tuned to 26
[2016-11-16 14:44:33.193]  Tuned to 27
[2016-11-16 14:44:33.294]  Tuned to 28
[2016-11-16 14:44:33.394]  Tuned to 29
[2016-11-16 14:44:33.494]  Tuned to 30
[2016-11-16 14:44:33.594]  Tuned to 31
[2016-11-16 14:44:33.695]  Tuned to 32
[2016-11-16 14:44:33.795]  Tuned to 33
[2016-11-16 14:44:33.895]  Tuned to 34
[2016-11-16 14:44:33.996]  Tuned to 35
[2016-11-16 14:44:34.096]  Tuned to 36
[2016-11-16 14:44:34.196]  Tuned to 37
[2016-11-16 14:44:34.297]  Tuned to 38
[2016-11-16 14:44:34.397]  Tuned to 39
[2016-11-16 14:44:34.497]  Tuned to 40
[2016-11-16 14:44:34.598]  Tuned to 41
[2016-11-16 14:44:34.698]  Tuned to 42
[2016-11-16 14:44:34.798]  Tuned to 43
[2016-11-16 14:44:34.899]  Tuned to 44
[2016-11-16 14:44:35.000]  Tuned to 45
[2016-11-16 14:44:35.101]  Tuned to 46
[2016-11-16 14:44:35.201]  Tuned to 47
[2016-11-16 14:44:35.301]  Tuned to 48
[2016-11-16 14:44:35.401]  Tuned to 49
[2016-11-16 14:44:35.502]  Tuned to 50
[2016-11-16 14:44:35.602]  Tuned to 51
[2016-11-16 14:44:35.702]  Tuned to 52
[2016-11-16 14:44:35.803]  Tuned to 53
[2016-11-16 14:44:35.903]  Tuned to 54
[2016-11-16 14:44:36.003]  Tuned to 55
[2016-11-16 14:44:36.104]  Tuned to 56
[2016-11-16 14:44:36.204]  Tuned to 57
[2016-11-16 14:44:36.304]  Tuned to 58
[2016-11-16 14:44:36.405]  Tuned to 59
[2016-11-16 14:44:36.505]  Tuned to 60
[2016-11-16 14:44:36.605]  Tuned to 61
[2016-11-16 14:44:36.706]  Tuned to 62
[2016-11-16 14:44:36.806]  Tuned to 63
[2016-11-16 14:44:36.906]  Tuned to 64
[2016-11-16 14:44:37.007]  Tuned to 65
[2016-11-16 14:44:37.107]  Tuned to 66
[2016-11-16 14:44:37.207]  Tuned to 67
[2016-11-16 14:44:37.308]  Tuned to 68
[2016-11-16 14:44:37.408]  Tuned to 69
[2016-11-16 14:44:37.508]  Tuned to 70
[2016-11-16 14:44:37.608]  Tuned to 71
[2016-11-16 14:44:37.709]  Tuned to 72
[2016-11-16 14:44:37.809]  Tuned to 73
[2016-11-16 14:44:37.910]  Tuned to 74
[2016-11-16 14:44:38.010]  Tuned to 75
[2016-11-16 14:44:38.110]  Tuned to 76
[2016-11-16 14:44:38.211]  Tuned to 77
[2016-11-16 14:44:38.311]  Tuned to 78
[2016-11-16 14:44:38.411]  Tuned to 79
[2016-11-16 14:44:38.512]  Tuned to 80
[2016-11-16 14:44:38.612]  Tuned to 81
[2016-11-16 14:44:38.712]  Tuned to 82
[2016-11-16 14:44:38.813]  Tuned to 83
[2016-11-16 14:44:38.913]  Tuned to 2
[2016-11-16 14:44:39.013]  Tuned to 3
[2016-11-16 14:44:39.114]  Tuned to 4
[2016-11-16 14:44:39.214]  Tuned to 5
[2016-11-16 14:44:39.315]  Tuned to 6
[2016-11-16 14:44:39.415]  Tuned to 7
[2016-11-16 14:44:39.517]  Tuned to 8
[2016-11-16 14:44:39.617]  Tuned to 9
[2016-11-16 14:44:39.718]  Tuned to 10
[2016-11-16 14:44:39.818]  Tuned to 11
[2016-11-16 14:44:39.919]  Tuned to 12
[2016-11-16 14:44:40.019]  Tuned to 13
[2016-11-16 14:44:40.119]  Tuned to 14
[2016-11-16 14:44:40.221]  Tuned to 15
[2016-11-16 14:44:40.321]  Tuned to 16
[2016-11-16 14:44:40.422]  Tuned to 17
[2016-11-16 14:44:40.522]  Tuned to 18
[2016-11-16 14:44:40.622]  Tuned to 19
[2016-11-16 14:44:40.723]  Tuned to 20
[2016-11-16 14:44:40.823]  Tuned to 21
[2016-11-16 14:44:40.923]  Tuned to 22
[2016-11-16 14:44:41.023]  Tuned to 23
[2016-11-16 14:44:41.124]  Tuned to 24
[2016-11-16 14:44:41.224]  Tuned to 25
[2016-11-16 14:44:41.324]  Tuned to 26
[2016-11-16 14:44:41.427]  Tuned to 27
[2016-11-16 14:44:41.528]  Tuned to 28
[2016-11-16 14:44:41.628]  Tuned to 29
[2016-11-16 14:44:41.728]  Tuned to 30
[2016-11-16 14:44:41.829]  Tuned to 31
[2016-11-16 14:44:41.929]  Tuned to 32
[2016-11-16 14:44:42.029]  Tuned to 33
[2016-11-16 14:44:42.130]  Tuned to 34
[2016-11-16 14:44:42.230]  Tuned to 35
[2016-11-16 14:44:42.330]  Tuned to 36
[2016-11-16 14:44:42.431]  Tuned to 37
[2016-11-16 14:44:42.531]  Tuned to 38
[2016-11-16 14:44:42.631]  Tuned to 39
[2016-11-16 14:44:42.732]  Tuned to 40
[2016-11-16 14:44:42.832]  Tuned to 41
[2016-11-16 14:44:42.932]  Tuned to 42
[2016-11-16 14:44:43.033]  Tuned to 43
[2016-11-16 14:44:43.133]  Tuned to 44
[2016-11-16 14:44:43.233]  Tuned to 45
[2016-11-16 14:44:43.334]  Tuned to 46
[2016-11-16 14:44:43.434]  Tuned to 47
[2016-11-16 14:44:43.535]  Tuned to 48
[2016-11-16 14:44:43.635]  Tuned to 49
[2016-11-16 14:44:43.735]  Tuned to 50
[2016-11-16 14:44:43.836]  Tuned to 51
[2016-11-16 14:44:43.936]  Tuned to 52
[2016-11-16 14:44:44.037]  Tuned to 53
[2016-11-16 14:44:44.138]  Tuned to 54
[2016-11-16 14:44:44.239]  Tuned to 55
[2016-11-16 14:44:44.340]  Tuned to 56
[2016-11-16 14:44:44.440]  Tuned to 57
[2016-11-16 14:44:44.540]  Tuned to 58
[2016-11-16 14:44:44.641]  Tuned to 59
[2016-11-16 14:44:44.741]  Tuned to 60
[2016-11-16 14:44:44.841]  Tuned to 61
[2016-11-16 14:44:44.942]  Tuned to 62
[2016-11-16 14:44:45.042]  Tuned to 63
[2016-11-16 14:44:45.143]  Tuned to 64
[2016-11-16 14:44:45.245]  Tuned to 65
[2016-11-16 14:44:45.346]  Tuned to 66
[2016-11-16 14:44:45.447]  Tuned to 67
[2016-11-16 14:44:45.547]  Tuned to 68
[2016-11-16 14:44:45.648]  Tuned to 69
[2016-11-16 14:44:45.748]  Tuned to 70
[2016-11-16 14:44:45.848]  Tuned to 71
[2016-11-16 14:44:45.949]  Tuned to 72
[2016-11-16 14:44:46.049]  Tuned to 73
[2016-11-16 14:44:46.149]  Tuned to 74
[2016-11-16 14:44:46.250]  Tuned to 75
[2016-11-16 14:44:46.350]  Tuned to 76
[2016-11-16 14:44:46.450]  Tuned to 77
[2016-11-16 14:44:46.551]  Tuned to 78
[2016-11-16 14:44:46.651]  Tuned to 79
[2016-11-16 14:44:46.751]  Tuned to 80
[2016-11-16 14:44:46.852]  Tuned to 81
[2016-11-16 14:44:46.952]  Tuned to 82
[2016-11-16 14:44:47.052]  Tuned to 83
[2016-11-16 14:44:47.153]  Tuned to 2
[2016-11-16 14:44:47.253]  Tuned to 3
[2016-11-16 14:44:47.353]  Tuned to 4
[2016-11-16 14:44:47.454]  Tuned to 5
[2016-11-16 14:44:47.554]  Tuned to 6
[2016-11-16 14:44:47.654]  Tuned to 7
[2016-11-16 14:44:47.754]  Tuned to 8
[2016-11-16 14:44:47.855]  Tuned to 9
[2016-11-16 14:44:47.955]  Tuned to 10
[2016-11-16 14:44:48.055]  Tuned to 11
[2016-11-16 14:44:48.156]  Tuned to 12
[2016-11-16 14:44:48.256]  Tuned to 13
[2016-11-16 14:44:48.356]  Tuned to 14
[2016-11-16 14:44:48.457]  Tuned to 15
[2016-11-16 14:44:48.557]  Tuned to 16
[2016-11-16 14:44:48.657]  Tuned to 17
[2016-11-16 14:44:48.758]  Tuned to 18
[2016-11-16 14:44:48.858]  Tuned to 19
[2016-11-16 14:44:48.958]  Tuned to 20
[2016-11-16 14:44:49.058]  Tuned to 21
[2016-11-16 14:44:49.160]  Tuned to 22
[2016-11-16 14:44:49.260]  Tuned to 23
[2016-11-16 14:44:49.361]  Tuned to 24
[2016-11-16 14:44:49.461]  Tuned to 25
[2016-11-16 14:44:49.561]  Tuned to 26
[2016-11-16 14:44:49.662]  Tuned to 27
[2016-11-16 14:44:49.762]  Tuned to 28
[2016-11-16 14:44:49.862]  Tuned to 29
[2016-11-16 14:44:49.962]  Tuned to 30
[2016-11-16 14:44:50.063]  Tuned to 31
[2016-11-16 14:44:50.163]  Tuned to 32
[2016-11-16 14:44:50.263]  Tuned to 33
[2016-11-16 14:44:50.364]  Tuned to 34
[2016-11-16 14:44:50.464]  Tuned to 35
[2016-11-16 14:44:50.564]  Tuned to 36
[2016-11-16 14:44:50.665]  Tuned to 37
[2016-11-16 14:44:50.765]  Tuned to 38
[2016-11-16 14:44:50.865]  Tuned to 39
[2016-11-16 14:44:50.966]  Tuned to 40
[2016-11-16 14:44:51.066]  Tuned to 41
[2016-11-16 14:44:51.166]  Tuned to 42
[2016-11-16 14:44:51.267]  Tuned to 43
[2016-11-16 14:44:51.367]  Tuned to 44
[2016-11-16 14:44:51.468]  Tuned to 45
[2016-11-16 14:44:51.568]  Tuned to 46
[2016-11-16 14:44:51.669]  Tuned to 47
[2016-11-16 14:44:51.769]  Tuned to 48
[2016-11-16 14:44:51.869]  Tuned to 49
[2016-11-16 14:44:51.971]  Tuned to 50
[2016-11-16 14:44:52.071]  Tuned to 51
[2016-11-16 14:44:52.171]  Tuned to 52
[2016-11-16 14:44:52.272]  Tuned to 53
[2016-11-16 14:44:52.372]  Tuned to 54
[2016-11-16 14:44:52.472]  Tuned to 55
[2016-11-16 14:44:52.572]  Tuned to 56
[2016-11-16 14:44:52.673]  Tuned to 57
[2016-11-16 14:44:52.775]  Tuned to 58
[2016-11-16 14:44:52.875]  Tuned to 59
[2016-11-16 14:44:52.976]  Tuned to 60
[2016-11-16 14:44:53.076]  Tuned to 61
[2016-11-16 14:44:53.176]  Tuned to 62
[2016-11-16 14:44:53.277]  Tuned to 63
[2016-11-16 14:44:53.377]  Tuned to 64
[2016-11-16 14:44:53.477]  Tuned to 65
[2016-11-16 14:44:53.578]  Tuned to 66
[2016-11-16 14:44:53.678]  Tuned to 67
[2016-11-16 14:44:53.778]  Tuned to 68
[2016-11-16 14:44:53.879]  Tuned to 69
[2016-11-16 14:44:53.979]  Tuned to 70
[2016-11-16 14:44:54.079]  Tuned to 71
[2016-11-16 14:44:54.180]  Tuned to 72
[2016-11-16 14:44:54.280]  Tuned to 73
[2016-11-16 14:44:54.381]  Tuned to 74
[2016-11-16 14:44:54.481]  Tuned to 75
[2016-11-16 14:44:54.581]  Tuned to 76
[2016-11-16 14:44:54.682]  Tuned to 77
[2016-11-16 14:44:54.782]  Tuned to 78
[2016-11-16 14:44:54.882]  Tuned to 79
[2016-11-16 14:44:54.983]  Tuned to 80
[2016-11-16 14:44:55.084]  Tuned to 81
[2016-11-16 14:44:55.185]  Tuned to 82
[2016-11-16 14:44:55.285]  Tuned to 83
[2016-11-16 14:44:55.385]  Tuned to 2
[2016-11-16 14:44:55.486]  Tuned to 3
[2016-11-16 14:44:55.586]  Tuned to 4
[2016-11-16 14:44:55.686]  Tuned to 5
[2016-11-16 14:44:55.786]  Tuned to 6
[2016-11-16 14:44:55.887]  Tuned to 7
[2016-11-16 14:44:55.987]  Tuned to 8
[2016-11-16 14:44:56.087]  Tuned to 9
[2016-11-16 14:44:56.188]  Tuned to 10
[2016-11-16 14:44:56.288]  Tuned to 11
[2016-11-16 14:44:56.390]  Tuned to 12
[2016-11-16 14:44:56.490]  Tuned to 13
[2016-11-16 14:44:56.590]  Tuned to 14
[2016-11-16 14:44:56.691]  Tuned to 15
[2016-11-16 14:44:56.791]  Tuned to 16
[2016-11-16 14:44:56.891]  Tuned to 17
[2016-11-16 14:44:56.992]  Tuned to 18
[2016-11-16 14:44:57.092]  Tuned to 19
[2016-11-16 14:44:57.192]  Tuned to 20
[2016-11-16 14:44:57.293]  Tuned to 21
[2016-11-16 14:44:57.393]  Tuned to 22
[2016-11-16 14:44:57.493]  Tuned to 23
[2016-11-16 14:44:57.594]  Tuned to 24
[2016-11-16 14:44:57.695]  Tuned to 25
[2016-11-16 14:44:57.795]  Tuned to 26
[2016-11-16 14:44:57.895]  Tuned to 27
[2016-11-16 14:44:57.996]  Tuned to 28
[2016-11-16 14:44:58.096]  Tuned to 29
[2016-11-16 14:44:58.196]  Tuned to 30
[2016-11-16 14:44:58.297]  Tuned to 31
[2016-11-16 14:44:58.397]  Tuned to 32
[2016-11-16 14:44:58.497]  Tuned to 33
[2016-11-16 14:44:58.599]  Tuned to 34
[2016-11-16 14:44:58.699]  Tuned to 35
[2016-11-16 14:44:58.799]  Tuned to 36
[2016-11-16 14:44:58.900]  Tuned to 37
[2016-11-16 14:44:59.000]  Tuned to 38
[2016-11-16 14:44:59.100]  Tuned to 39
[2016-11-16 14:44:59.200]  Tuned to 40
[2016-11-16 14:44:59.301]  Tuned to 41
[2016-11-16 14:44:59.401]  Tuned to 42
[2016-11-16 14:44:59.504]  Tuned to 43
[2016-11-16 14:44:59.605]  Tuned to 44
[2016-11-16 14:44:59.706]  Tuned to 45
[2016-11-16 14:44:59.806]  Tuned to 46
[2016-11-16 14:44:59.907]  Tuned to 47
[2016-11-16 14:45:00.007]  Tuned to 48
[2016-11-16 14:45:00.107]  Tuned to 49
[2016-11-16 14:45:00.208]  Tuned to 50
[2016-11-16 14:45:00.308]  Tuned to 51
[2016-11-16 14:45:00.408]  Tuned to 52
[2016-11-16 14:45:00.509]  Tuned to 53
[2016-11-16 14:45:00.609]  Tuned to 54
[2016-11-16 14:45:00.709]  Tuned to 55
[2016-11-16 14:45:00.809]  Tuned to 56
[2016-11-16 14:45:00.910]  Tuned to 57
[2016-11-16 14:45:01.010]  Tuned to 58
[2016-11-16 14:45:01.110]  Tuned to 59
[2016-11-16 14:45:01.211]  Tuned to 60
[2016-11-16 14:45:01.311]  Tuned to 61
[2016-11-16 14:45:01.411]  Tuned to 62
[2016-11-16 14:45:01.512]  Tuned to 63
[2016-11-16 14:45:01.612]  Tuned to 64
[2016-11-16 14:45:01.712]  Tuned to 65
[2016-11-16 14:45:01.813]  Tuned to 66
[2016-11-16 14:45:01.913]  Tuned to 67
[2016-11-16 14:45:02.013]  Tuned to 68
[2016-11-16 14:45:02.114]  Tuned to 69
[2016-11-16 14:45:02.214]  Tuned to 70
[2016-11-16 14:45:02.314]  Tuned to 71
[2016-11-16 14:45:02.415]  Tuned to 72
[2016-11-16 14:45:02.515]  Tuned to 73
[2016-11-16 14:45:02.615]  Tuned to 74
[2016-11-16 14:45:02.716]  Tuned to 75
[2016-11-16 14:45:02.816]  Tuned to 76
[2016-11-16 14:45:02.916]  Tuned to 77
[2016-11-16 14:45:03.016]  Tuned to 78
[2016-11-16 14:45:03.117]  Tuned to 79
[2016-11-16 14:45:03.217]  Tuned to 80
[2016-11-16 14:45:03.317]  Tuned to 81
[2016-11-16 14:45:03.418]  Tuned to 82
[2016-11-16 14:45:03.518]  Tuned to 83
[2016-11-16 14:45:03.618]  Tuned to 2
[2016-11-16 14:45:03.719]  Tuned to 3
[2016-11-16 14:45:03.819]  Tuned to 4
[2016-11-16 14:45:03.919]  Tuned to 5
[2016-11-16 14:45:04.020]  Tuned to 6
[2016-11-16 14:45:04.120]  Tuned to 7
[2016-11-16 14:45:04.220]  Tuned to 8
[2016-11-16 14:45:04.320]  Tuned to 9
[2016-11-16 14:45:04.421]  Tuned to 10
[2016-11-16 14:45:04.521]  Tuned to 11
[2016-11-16 14:45:04.621]  Tuned to 12
[2016-11-16 14:45:04.723]  Tuned to 13
[2016-11-16 14:45:04.823]  Tuned to 14
[2016-11-16 14:45:04.924]  Tuned to 15
[2016-11-16 14:45:05.024]  Tuned to 16
[2016-11-16 14:45:05.124]  Tuned to 17
[2016-11-16 14:45:05.224]  Tuned to 18
[2016-11-16 14:45:05.325]  Tuned to 19
[2016-11-16 14:45:05.425]  Tuned to 20
[2016-11-16 14:45:05.525]  Tuned to 21
[2016-11-16 14:45:05.626]  Tuned to 22
[2016-11-16 14:45:05.726]  Tuned to 23
[2016-11-16 14:45:05.826]  Tuned to 24
[2016-11-16 14:45:05.927]  Tuned to 25
[2016-11-16 14:45:06.027]  Tuned to 26
[2016-11-16 14:45:06.127]  Tuned to 27
[2016-11-16 14:45:06.228]  Tuned to 28
[2016-11-16 14:45:06.328]  Tuned to 29
[2016-11-16 14:45:06.428]  Tuned to 30
[2016-11-16 14:45:06.529]  Tuned to 31
[2016-11-16 14:45:06.629]  Tuned to 32
[2016-11-16 14:45:06.729]  Tuned to 33
[2016-11-16 14:45:06.829]  Tuned to 34
[2016-11-16 14:45:06.930]  Tuned to 35
[2016-11-16 14:45:07.030]  Tuned to 36
[2016-11-16 14:45:07.130]  Tuned to 37
[2016-11-16 14:45:07.231]  Tuned to 38
[2016-11-16 14:45:07.331]  Tuned to 39
[2016-11-16 14:45:07.431]  Tuned to 40
[2016-11-16 14:45:07.532]  Tuned to 41
[2016-11-16 14:45:07.632]  Tuned to 42
[2016-11-16 14:45:07.733]  Tuned to 43
[2016-11-16 14:45:07.833]  Tuned to 44
[2016-11-16 14:45:07.934]  Tuned to 45
[2016-11-16 14:45:08.034]  Tuned to 46
[2016-11-16 14:45:08.134]  Tuned to 47
[2016-11-16 14:45:08.234]  Tuned to 48
[2016-11-16 14:45:08.335]  Tuned to 49
[2016-11-16 14:45:08.435]  Tuned to 50
[2016-11-16 14:45:08.535]  Tuned to 51
[2016-11-16 14:45:08.636]  Tuned to 52
[2016-11-16 14:45:08.736]  Tuned to 53
[2016-11-16 14:45:08.836]  Tuned to 54
[2016-11-16 14:45:08.937]  Tuned to 55
[2016-11-16 14:45:09.037]  Tuned to 56
[2016-11-16 14:45:09.137]  Tuned to 57
[2016-11-16 14:45:09.238]  Tuned to 58
[2016-11-16 14:45:09.339]  Tuned to 59
[2016-11-16 14:45:09.440]  Tuned to 60
[2016-11-16 14:45:09.540]  Tuned to 61
[2016-11-16 14:45:09.640]  Tuned to 62
[2016-11-16 14:45:09.740]  Tuned to 63
[2016-11-16 14:45:09.841]  Tuned to 64
[2016-11-16 14:45:09.941]  Tuned to 65
[2016-11-16 14:45:10.041]  Tuned to 66
[2016-11-16 14:45:10.142]  Tuned to 67
[2016-11-16 14:45:10.242]  Tuned to 68
[2016-11-16 14:45:10.342]  Tuned to 69
[2016-11-16 14:45:10.443]  Tuned to 70
[2016-11-16 14:45:10.543]  Tuned to 71
[2016-11-16 14:45:10.643]  Tuned to 72
[2016-11-16 14:45:10.743]  Tuned to 73
[2016-11-16 14:45:10.844]  Tuned to 74
[2016-11-16 14:45:10.944]  Tuned to 75
[2016-11-16 14:45:11.044]  Tuned to 76
[2016-11-16 14:45:11.145]  Tuned to 77
[2016-11-16 14:45:11.245]  Tuned to 78
[2016-11-16 14:45:11.345]  Tuned to 79
[2016-11-16 14:45:11.446]  Tuned to 80
[2016-11-16 14:45:11.546]  Tuned to 81
[2016-11-16 14:45:11.646]  Tuned to 82
[2016-11-16 14:45:11.748]  Tuned to 83
[2016-11-16 14:45:11.848]  Tuned to 2
[2016-11-16 14:45:11.949]  Tuned to 3
[2016-11-16 14:45:12.049]  Tuned to 4
[2016-11-16 14:45:12.150]  Tuned to 5
[2016-11-16 14:45:12.250]  Tuned to 6
[2016-11-16 14:45:12.351]  Tuned to 7
[2016-11-16 14:45:12.451]  Tuned to 8
[2016-11-16 14:45:12.551]  Tuned to 9
[2016-11-16 14:45:12.652]  Tuned to 10
[2016-11-16 14:45:12.752]  Tuned to 11
[2016-11-16 14:45:12.852]  Tuned to 12
[2016-11-16 14:45:12.953]  Tuned to 13
[2016-11-16 14:45:13.053]  Tuned to 14
[2016-11-16 14:45:13.153]  Tuned to 15
[2016-11-16 14:45:13.254]  Tuned to 16
[2016-11-16 14:45:13.354]  Tuned to 17
[2016-11-16 14:45:13.454]  Tuned to 18
[2016-11-16 14:45:13.554]  Tuned to 19
[2016-11-16 14:45:13.655]  Tuned to 20
[2016-11-16 14:45:13.755]  Tuned to 21
[2016-11-16 14:45:13.855]  Tuned to 22
[2016-11-16 14:45:13.956]  Tuned to 23
[2016-11-16 14:45:14.056]  Tuned to 24
[2016-11-16 14:45:14.156]  Tuned to 25
[2016-11-16 14:45:14.257]  Tuned to 26
[2016-11-16 14:45:14.357]  Tuned to 27
[2016-11-16 14:45:14.457]  Tuned to 28
[2016-11-16 14:45:14.557]  Tuned to 29
[2016-11-16 14:45:14.658]  Tuned to 30
[2016-11-16 14:45:14.758]  Tuned to 31
[2016-11-16 14:45:14.858]  Tuned to 32
[2016-11-16 14:45:14.958]  Tuned to 33
[2016-11-16 14:45:15.059]  Tuned to 34
[2016-11-16 14:45:15.159]  Tuned to 35
[2016-11-16 14:45:15.259]  Tuned to 36
[2016-11-16 14:45:15.360]  Tuned to 37
[2016-11-16 14:45:15.460]  Tuned to 38
[2016-11-16 14:45:15.560]  Tuned to 39
[2016-11-16 14:45:15.661]  Tuned to 40
[2016-11-16 14:45:15.761]  Tuned to 41
[2016-11-16 14:45:15.861]  Tuned to 42
[2016-11-16 14:45:15.962]  Tuned to 43
[2016-11-16 14:45:16.062]  Tuned to 44
[2016-11-16 14:45:16.162]  Tuned to 45
[2016-11-16 14:45:16.263]  Tuned to 46
[2016-11-16 14:45:16.363]  Tuned to 47
[2016-11-16 14:45:16.463]  Tuned to 48
[2016-11-16 14:45:16.564]  Tuned to 49
[2016-11-16 14:45:16.664]  Tuned to 50
[2016-11-16 14:45:16.764]  Tuned to 51
[2016-11-16 14:45:16.865]  Tuned to 52
[2016-11-16 14:45:16.965]  Tuned to 53
[2016-11-16 14:45:17.065]  Tuned to 54
[2016-11-16 14:45:17.168]  Tuned to 55
[2016-11-16 14:45:17.268]  Tuned to 56
[2016-11-16 14:45:17.368]  Tuned to 57
[2016-11-16 14:45:17.469]  Tuned to 58
[2016-11-16 14:45:17.569]  Tuned to 59
[2016-11-16 14:45:17.669]  Tuned to 60
[2016-11-16 14:45:17.770]  Tuned to 61
[2016-11-16 14:45:17.870]  Tuned to 62
[2016-11-16 14:45:17.970]  Tuned to 63
[2016-11-16 14:45:18.071]  Tuned to 64
[2016-11-16 14:45:18.171]  Tuned to 65
[2016-11-16 14:45:18.271]  Tuned to 66
[2016-11-16 14:45:18.371]  Tuned to 67
[2016-11-16 14:45:18.472]  Tuned to 68
[2016-11-16 14:45:18.572]  Tuned to 69
[2016-11-16 14:45:18.672]  Tuned to 70
[2016-11-16 14:45:18.773]  Tuned to 71
[2016-11-16 14:45:18.874]  Tuned to 72
[2016-11-16 14:45:18.974]  Tuned to 73
[2016-11-16 14:45:19.075]  Tuned to 74
[2016-11-16 14:45:19.175]  Tuned to 75
[2016-11-16 14:45:19.275]  Tuned to 76
[2016-11-16 14:45:19.376]  Tuned to 77
[2016-11-16 14:45:19.476]  Tuned to 78
[2016-11-16 14:45:19.576]  Tuned to 79
[2016-11-16 14:45:19.678]  Tuned to 80
[2016-11-16 14:45:19.779]  Tuned to 81
[2016-11-16 14:45:19.880]  Tuned to 82
[2016-11-16 14:45:19.980]  Tuned to 83
[2016-11-16 14:45:20.080]  Tuned to 2
[2016-11-16 14:45:20.181]  Tuned to 3
[2016-11-16 14:45:20.281]  Tuned to 4
[2016-11-16 14:45:20.381]  Tuned to 5
[2016-11-16 14:45:20.482]  Tuned to 6
[2016-11-16 14:45:20.582]  Tuned to 7
[2016-11-16 14:45:20.682]  Tuned to 8
[2016-11-16 14:45:20.783]  Tuned to 9
[2016-11-16 14:45:20.883]  Tuned to 10
[2016-11-16 14:45:20.983]  Tuned to 11
[2016-11-16 14:45:21.084]  Tuned to 12
[2016-11-16 14:45:21.184]  Tuned to 13
[2016-11-16 14:45:21.284]  Tuned to 14
[2016-11-16 14:45:21.384]  Tuned to 15
[2016-11-16 14:45:21.485]  Tuned to 16
[2016-11-16 14:45:21.585]  Tuned to 17
[2016-11-16 14:45:21.685]  Tuned to 18
[2016-11-16 14:45:21.786]  Tuned to 19
[2016-11-16 14:45:21.886]  Tuned to 20
[2016-11-16 14:45:21.986]  Tuned to 21
[2016-11-16 14:45:22.087]  Tuned to 22
[2016-11-16 14:45:22.187]  Tuned to 23
[2016-11-16 14:45:22.287]  Tuned to 24
[2016-11-16 14:45:22.387]  Tuned to 25
[2016-11-16 14:45:22.490]  Tuned to 26
[2016-11-16 14:45:22.590]  Tuned to 27
[2016-11-16 14:45:22.691]  Tuned to 28
[2016-11-16 14:45:22.791]  Tuned to 29
[2016-11-16 14:45:22.891]  Tuned to 30
[2016-11-16 14:45:22.992]  Tuned to 31
[2016-11-16 14:45:23.092]  Tuned to 32
[2016-11-16 14:45:23.192]  Tuned to 33
[2016-11-16 14:45:23.293]  Tuned to 34
[2016-11-16 14:45:23.393]  Tuned to 35
[2016-11-16 14:45:23.493]  Tuned to 36
[2016-11-16 14:45:23.593]  Tuned to 37
[2016-11-16 14:45:23.695]  Tuned to 38
[2016-11-16 14:45:23.795]  Tuned to 39
[2016-11-16 14:45:23.896]  Tuned to 40
[2016-11-16 14:45:23.996]  Tuned to 41
[2016-11-16 14:45:24.096]  Tuned to 42
[2016-11-16 14:45:24.196]  Tuned to 43
[2016-11-16 14:45:24.297]  Tuned to 44
[2016-11-16 14:45:24.397]  Tuned to 45
[2016-11-16 14:45:24.497]  Tuned to 46
[2016-11-16 14:45:24.598]  Tuned to 47
[2016-11-16 14:45:24.698]  Tuned to 48
[2016-11-16 14:45:24.798]  Tuned to 49
[2016-11-16 14:45:24.899]  Tuned to 50
[2016-11-16 14:45:25.000]  Tuned to 51
[2016-11-16 14:45:25.101]  Tuned to 52
[2016-11-16 14:45:25.201]  Tuned to 53
[2016-11-16 14:45:25.301]  Tuned to 54
[2016-11-16 14:45:25.401]  Tuned to 55
[2016-11-16 14:45:25.502]  Tuned to 56
[2016-11-16 14:45:25.602]  Tuned to 57
[2016-11-16 14:45:25.703]  Tuned to 58
[2016-11-16 14:45:25.803]  Tuned to 59
[2016-11-16 14:45:25.903]  Tuned to 60
[2016-11-16 14:45:26.004]  Tuned to 61
[2016-11-16 14:45:26.104]  Tuned to 62
[2016-11-16 14:45:26.204]  Tuned to 63
[2016-11-16 14:45:26.305]  Tuned to 64
[2016-11-16 14:45:26.408]  Tuned to 65
[2016-11-16 14:45:26.508]  Tuned to 66
[2016-11-16 14:45:26.609]  Tuned to 67
[2016-11-16 14:45:26.709]  Tuned to 68
[2016-11-16 14:45:26.809]  Tuned to 69
[2016-11-16 14:45:26.910]  Tuned to 70
[2016-11-16 14:45:27.010]  Tuned to 71
[2016-11-16 14:45:27.110]  Tuned to 72
[2016-11-16 14:45:27.210]  Tuned to 73
[2016-11-16 14:45:27.311]  Tuned to 74
[2016-11-16 14:45:27.411]  Tuned to 75
[2016-11-16 14:45:27.511]  Tuned to 76
[2016-11-16 14:45:27.612]  Tuned to 77
[2016-11-16 14:45:27.712]  Tuned to 78
[2016-11-16 14:45:27.812]  Tuned to 79
[2016-11-16 14:45:27.913]  Tuned to 80
[2016-11-16 14:45:28.014]  Tuned to 81
[2016-11-16 14:45:28.115]  Tuned to 82
[2016-11-16 14:45:28.216]  Tuned to 83
[2016-11-16 14:45:28.316]  Tuned to 2
[2016-11-16 14:45:28.416]  Tuned to 3
[2016-11-16 14:45:28.517]  Tuned to 4
[2016-11-16 14:45:28.617]  Tuned to 5
[2016-11-16 14:45:28.717]  Tuned to 6
[2016-11-16 14:45:28.818]  Tuned to 7
[2016-11-16 14:45:28.918]  Tuned to 8
[2016-11-16 14:45:29.018]  Tuned to 9
[2016-11-16 14:45:29.119]  Tuned to 10
[2016-11-16 14:45:29.219]  Tuned to 11
[2016-11-16 14:45:29.319]  Tuned to 12
[2016-11-16 14:45:29.420]  Tuned to 13
[2016-11-16 14:45:29.520]  Tuned to 14
[2016-11-16 14:45:29.620]  Tuned to 15
[2016-11-16 14:45:29.721]  Tuned to 16
[2016-11-16 14:45:29.821]  Tuned to 17
[2016-11-16 14:45:29.921]  Tuned to 18
[2016-11-16 14:45:30.022]  Tuned to 19
[2016-11-16 14:45:30.122]  Tuned to 20
[2016-11-16 14:45:30.222]  Tuned to 21
[2016-11-16 14:45:30.323]  Tuned to 22
[2016-11-16 14:45:30.423]  Tuned to 23
[2016-11-16 14:45:30.523]  Tuned to 24
[2016-11-16 14:45:30.623]  Tuned to 25
[2016-11-16 14:45:30.724]  Tuned to 26
[2016-11-16 14:45:30.824]  Tuned to 27
[2016-11-16 14:45:30.924]  Tuned to 28
[2016-11-16 14:45:31.025]  Tuned to 29
[2016-11-16 14:45:31.125]  Tuned to 30
[2016-11-16 14:45:31.225]  Tuned to 31
[2016-11-16 14:45:31.326]  Tuned to 32
[2016-11-16 14:45:31.426]  Tuned to 33
[2016-11-16 14:45:31.526]  Tuned to 34
[2016-11-16 14:45:31.628]  Tuned to 35
[2016-11-16 14:45:31.729]  Tuned to 36
[2016-11-16 14:45:31.830]  Tuned to 37
[2016-11-16 14:45:31.930]  Tuned to 38
[2016-11-16 14:45:32.030]  Tuned to 39
[2016-11-16 14:45:32.131]  Tuned to 40
[2016-11-16 14:45:32.231]  Tuned to 41
[2016-11-16 14:45:32.331]  Tuned to 42
[2016-11-16 14:45:32.431]  Tuned to 43
[2016-11-16 14:45:32.532]  Tuned to 44
[2016-11-16 14:45:32.632]  Tuned to 45
[2016-11-16 14:45:32.732]  Tuned to 46
[2016-11-16 14:45:32.833]  Tuned to 47
[2016-11-16 14:45:32.933]  Tuned to 48
[2016-11-16 14:45:33.033]  Tuned to 49
[2016-11-16 14:45:33.134]  Tuned to 50
[2016-11-16 14:45:33.234]  Tuned to 51
[2016-11-16 14:45:33.334]  Tuned to 52
[2016-11-16 14:45:33.435]  Tuned to 53
[2016-11-16 14:45:33.535]  Tuned to 54
[2016-11-16 14:45:33.635]  Tuned to 55
[2016-11-16 14:45:33.736]  Tuned to 56
[2016-11-16 14:45:33.836]  Tuned to 57
[2016-11-16 14:45:33.936]  Tuned to 58
[2016-11-16 14:45:34.037]  Tuned to 59
[2016-11-16 14:45:34.138]  Tuned to 60
[2016-11-16 14:45:34.238]  Tuned to 61
[2016-11-16 14:45:34.338]  Tuned to 62
[2016-11-16 14:45:34.439]  Tuned to 63
[2016-11-16 14:45:34.539]  Tuned to 64
[2016-11-16 14:45:34.639]  Tuned to 65
[2016-11-16 14:45:34.740]  Tuned to 66
[2016-11-16 14:45:34.840]  Tuned to 67
[2016-11-16 14:45:34.940]  Tuned to 68
[2016-11-16 14:45:35.041]  Tuned to 69
[2016-11-16 14:45:35.142]  Tuned to 70
[2016-11-16 14:45:35.242]  Tuned to 71
[2016-11-16 14:45:35.342]  Tuned to 72
[2016-11-16 14:45:35.443]  Tuned to 73
[2016-11-16 14:45:35.543]  Tuned to 74
[2016-11-16 14:45:35.643]  Tuned to 75
[2016-11-16 14:45:35.744]  Tuned to 76
[2016-11-16 14:45:35.844]  Tuned to 77
[2016-11-16 14:45:35.944]  Tuned to 78
[2016-11-16 14:45:36.044]  Tuned to 79
[2016-11-16 14:45:36.145]  Tuned to 80
[2016-11-16 14:45:36.245]  Tuned to 81
[2016-11-16 14:45:36.345]  Tuned to 82
[2016-11-16 14:45:36.446]  Tuned to 83
[2016-11-16 14:45:36.546]  Tuned to 2
[2016-11-16 14:45:36.646]  Tuned to 3
[2016-11-16 14:45:36.747]  Tuned to 4
[2016-11-16 14:45:36.847]  Tuned to 5
[2016-11-16 14:45:36.947]  Tuned to 6
[2016-11-16 14:45:37.048]  Tuned to 7
[2016-11-16 14:45:37.148]  Tuned to 8
[2016-11-16 14:45:37.248]  Tuned to 9
[2016-11-16 14:45:37.349]  Tuned to 10
[2016-11-16 14:45:37.449]  Tuned to 11
[2016-11-16 14:45:37.549]  Tuned to 12
[2016-11-16 14:45:37.650]  Tuned to 13
[2016-11-16 14:45:37.750]  Tuned to 14
[2016-11-16 14:45:37.850]  Tuned to 15
[2016-11-16 14:45:37.950]  Tuned to 16
[2016-11-16 14:45:38.051]  Tuned to 17
[2016-11-16 14:45:38.151]  Tuned to 18
[2016-11-16 14:45:38.251]  Tuned to 19
[2016-11-16 14:45:38.352]  Tuned to 20
[2016-11-16 14:45:38.452]  Tuned to 21
[2016-11-16 14:45:38.552]  Tuned to 22
[2016-11-16 14:45:38.654]  Tuned to 23
[2016-11-16 14:45:38.754]  Tuned to 24
[2016-11-16 14:45:38.854]  Tuned to 25
[2016-11-16 14:45:38.954]  Tuned to 26
[2016-11-16 14:45:39.055]  Tuned to 27
[2016-11-16 14:45:39.155]  Tuned to 28
[2016-11-16 14:45:39.255]  Tuned to 29
[2016-11-16 14:45:39.356]  Tuned to 30
[2016-11-16 14:45:39.456]  Tuned to 31
[2016-11-16 14:45:39.556]  Tuned to 32
[2016-11-16 14:45:39.656]  Tuned to 33
[2016-11-16 14:45:39.757]  Tuned to 34
[2016-11-16 14:45:39.857]  Tuned to 35
[2016-11-16 14:45:39.957]  Tuned to 36
[2016-11-16 14:45:40.058]  Tuned to 37
[2016-11-16 14:45:40.158]  Tuned to 38
[2016-11-16 14:45:40.258]  Tuned to 39
[2016-11-16 14:45:40.358]  Tuned to 40
[2016-11-16 14:45:40.459]  Tuned to 41
[2016-11-16 14:45:40.559]  Tuned to 42
[2016-11-16 14:45:40.659]  Tuned to 43
[2016-11-16 14:45:40.760]  Tuned to 44
[2016-11-16 14:45:40.860]  Tuned to 45
[2016-11-16 14:45:40.960]  Tuned to 46
[2016-11-16 14:45:41.061]  Tuned to 47
[2016-11-16 14:45:41.161]  Tuned to 48
[2016-11-16 14:45:41.261]  Tuned to 49
[2016-11-16 14:45:41.362]  Tuned to 50
[2016-11-16 14:45:41.462]  Tuned to 51
[2016-11-16 14:45:41.562]  Tuned to 52
[2016-11-16 14:45:41.662]  Tuned to 53
[2016-11-16 14:45:41.763]  Tuned to 54
[2016-11-16 14:45:41.863]  Tuned to 55
[2016-11-16 14:45:41.963]  Tuned to 56
[2016-11-16 14:45:42.064]  Tuned to 57
[2016-11-16 14:45:42.164]  Tuned to 58
[2016-11-16 14:45:42.266]  Tuned to 59
[2016-11-16 14:45:42.366]  Tuned to 60
[2016-11-16 14:45:42.467]  Tuned to 61
[2016-11-16 14:45:42.567]  Tuned to 62
[2016-11-16 14:45:42.667]  Tuned to 63
[2016-11-16 14:45:42.768]  Tuned to 64
[2016-11-16 14:45:42.868]  Tuned to 65
[2016-11-16 14:45:42.968]  Tuned to 66
[2016-11-16 14:45:43.068]  Tuned to 67
[2016-11-16 14:45:43.169]  Tuned to 68
[2016-11-16 14:45:43.269]  Tuned to 69
[2016-11-16 14:45:43.369]  Tuned to 70
[2016-11-16 14:45:43.470]  Tuned to 71
[2016-11-16 14:45:43.570]  Tuned to 72
[2016-11-16 14:45:43.670]  Tuned to 73
[2016-11-16 14:45:43.770]  Tuned to 74
[2016-11-16 14:45:43.871]  Tuned to 75
[2016-11-16 14:45:43.971]  Tuned to 76
[2016-11-16 14:45:44.071]  Tuned to 77
[2016-11-16 14:45:44.172]  Tuned to 78
[2016-11-16 14:45:44.274]  Tuned to 79
[2016-11-16 14:45:44.375]  Tuned to 80
[2016-11-16 14:45:44.476]  Tuned to 81
[2016-11-16 14:45:44.578]  Tuned to 82
[2016-11-16 14:45:44.678]  Tuned to 83
[2016-11-16 14:45:44.779]  Tuned to 2
[2016-11-16 14:45:44.879]  Tuned to 3
[2016-11-16 14:45:44.979]  Tuned to 4
[2016-11-16 14:45:45.080]  Tuned to 5
[2016-11-16 14:45:45.180]  Tuned to 6
[2016-11-16 14:45:45.280]  Tuned to 7
[2016-11-16 14:45:45.381]  Tuned to 8
[2016-11-16 14:45:45.481]  Tuned to 9
[2016-11-16 14:45:45.581]  Tuned to 10
[2016-11-16 14:45:45.681]  Tuned to 11
[2016-11-16 14:45:45.782]  Tuned to 12
[2016-11-16 14:45:45.882]  Tuned to 13
[2016-11-16 14:45:45.982]  Tuned to 14
[2016-11-16 14:45:46.083]  Tuned to 15
[2016-11-16 14:45:46.183]  Tuned to 16
[2016-11-16 14:45:46.283]  Tuned to 17
[2016-11-16 14:45:46.384]  Tuned to 18
[2016-11-16 14:45:46.484]  Tuned to 19
[2016-11-16 14:45:46.584]  Tuned to 20
[2016-11-16 14:45:46.685]  Tuned to 21
[2016-11-16 14:45:46.785]  Tuned to 22
[2016-11-16 14:45:46.886]  Tuned to 23
[2016-11-16 14:45:46.986]  Tuned to 24
[2016-11-16 14:45:47.087]  Tuned to 25
[2016-11-16 14:45:47.187]  Tuned to 26
[2016-11-16 14:45:47.287]  Tuned to 27
[2016-11-16 14:45:47.387]  Tuned to 28
[2016-11-16 14:45:47.488]  Tuned to 29
[2016-11-16 14:45:47.588]  Tuned to 30
[2016-11-16 14:45:47.688]  Tuned to 31
[2016-11-16 14:45:47.789]  Tuned to 32
[2016-11-16 14:45:47.889]  Tuned to 33
[2016-11-16 14:45:47.989]  Tuned to 34
[2016-11-16 14:45:48.091]  Tuned to 35
[2016-11-16 14:45:48.193]  Tuned to 36
[2016-11-16 14:45:48.293]  Tuned to 37
[2016-11-16 14:45:48.394]  Tuned to 38
[2016-11-16 14:45:48.494]  Tuned to 39
[2016-11-16 14:45:48.595]  Tuned to 40
[2016-11-16 14:45:48.695]  Tuned to 41
[2016-11-16 14:45:48.795]  Tuned to 42
[2016-11-16 14:45:48.895]  Tuned to 43
[2016-11-16 14:45:48.996]  Tuned to 44
[2016-11-16 14:45:49.096]  Tuned to 45
[2016-11-16 14:45:49.196]  Tuned to 46
[2016-11-16 14:45:49.297]  Tuned to 47
[2016-11-16 14:45:49.397]  Tuned to 48
[2016-11-16 14:45:49.497]  Tuned to 49
[2016-11-16 14:45:49.598]  Tuned to 50
[2016-11-16 14:45:49.698]  Tuned to 51
[2016-11-16 14:45:49.798]  Tuned to 52
[2016-11-16 14:45:49.899]  Tuned to 53
[2016-11-16 14:45:49.999]  Tuned to 54
[2016-11-16 14:45:50.099]  Tuned to 55
[2016-11-16 14:45:50.199]  Tuned to 56
[2016-11-16 14:45:50.300]  Tuned to 57
[2016-11-16 14:45:50.400]  Tuned to 58
[2016-11-16 14:45:50.500]  Tuned to 59
[2016-11-16 14:45:50.601]  Tuned to 60
[2016-11-16 14:45:50.701]  Tuned to 61
[2016-11-16 14:45:50.801]  Tuned to 62
[2016-11-16 14:45:50.902]  Tuned to 63
[2016-11-16 14:45:51.002]  Tuned to 64
[2016-11-16 14:45:51.103]  Tuned to 65
[2016-11-16 14:45:51.203]  Tuned to 66
[2016-11-16 14:45:51.303]  Tuned to 67
[2016-11-16 14:45:51.404]  Tuned to 68
[2016-11-16 14:45:51.504]  Tuned to 69
[2016-11-16 14:45:51.604]  Tuned to 70
[2016-11-16 14:45:51.705]  Tuned to 71
[2016-11-16 14:45:51.805]  Tuned to 72
[2016-11-16 14:45:51.905]  Tuned to 73
[2016-11-16 14:45:52.005]  Tuned to 74
[2016-11-16 14:45:52.106]  Tuned to 75
[2016-11-16 14:45:52.206]  Tuned to 76
[2016-11-16 14:45:52.306]  Tuned to 77
[2016-11-16 14:45:52.407]  Tuned to 78
[2016-11-16 14:45:52.507]  Tuned to 79
[2016-11-16 14:45:52.607]  Tuned to 80
[2016-11-16 14:45:52.708]  Tuned to 81
[2016-11-16 14:45:52.808]  Tuned to 82
[2016-11-16 14:45:52.908]  Tuned to 83
[2016-11-16 14:45:53.009]  Tuned to 2
[2016-11-16 14:45:53.109]  Tuned to 3
[2016-11-16 14:45:53.209]  Tuned to 4
[2016-11-16 14:45:53.310]  Tuned to 5
[2016-11-16 14:45:53.410]  Tuned to 6
[2016-11-16 14:45:53.510]  Tuned to 7
[2016-11-16 14:45:53.610]  Tuned to 8
[2016-11-16 14:45:53.711]  Tuned to 9
[2016-11-16 14:45:53.811]  Tuned to 10
[2016-11-16 14:45:53.911]  Tuned to 11
[2016-11-16 14:45:54.012]  Tuned to 12
[2016-11-16 14:45:54.112]  Tuned to 13
[2016-11-16 14:45:54.212]  Tuned to 14
[2016-11-16 14:45:54.313]  Tuned to 15
[2016-11-16 14:45:54.413]  Tuned to 16
[2016-11-16 14:45:54.513]  Tuned to 17
[2016-11-16 14:45:54.614]  Tuned to 18
[2016-11-16 14:45:54.714]  Tuned to 19
[2016-11-16 14:45:54.814]  Tuned to 20
[2016-11-16 14:45:54.915]  Tuned to 21
[2016-11-16 14:45:55.015]  Tuned to 22
[2016-11-16 14:45:55.115]  Tuned to 23
[2016-11-16 14:45:55.216]  Tuned to 24
[2016-11-16 14:45:55.316]  Tuned to 25
[2016-11-16 14:45:55.416]  Tuned to 26
[2016-11-16 14:45:55.517]  Tuned to 27
[2016-11-16 14:45:55.617]  Tuned to 28
[2016-11-16 14:45:55.717]  Tuned to 29
[2016-11-16 14:45:55.818]  Tuned to 30
[2016-11-16 14:45:55.918]  Tuned to 31
[2016-11-16 14:45:56.018]  Tuned to 32
[2016-11-16 14:45:56.119]  Tuned to 33
[2016-11-16 14:45:56.219]  Tuned to 34
[2016-11-16 14:45:56.320]  Tuned to 35
[2016-11-16 14:45:56.420]  Tuned to 36
[2016-11-16 14:45:56.521]  Tuned to 37
[2016-11-16 14:45:56.621]  Tuned to 38
[2016-11-16 14:45:56.721]  Tuned to 39
[2016-11-16 14:45:56.822]  Tuned to 40
[2016-11-16 14:45:56.922]  Tuned to 41
[2016-11-16 14:45:57.022]  Tuned to 42
[2016-11-16 14:45:57.123]  Tuned to 43
[2016-11-16 14:45:57.223]  Tuned to 44
[2016-11-16 14:45:57.323]  Tuned to 45
[2016-11-16 14:45:57.425]  Tuned to 46
[2016-11-16 14:45:57.526]  Tuned to 47
[2016-11-16 14:45:57.626]  Tuned to 48
[2016-11-16 14:45:57.726]  Tuned to 49
[2016-11-16 14:45:57.827]  Tuned to 50
[2016-11-16 14:45:57.927]  Tuned to 51
[2016-11-16 14:45:58.027]  Tuned to 52
[2016-11-16 14:45:58.127]  Tuned to 53
[2016-11-16 14:45:58.228]  Tuned to 54
[2016-11-16 14:45:58.328]  Tuned to 55
[2016-11-16 14:45:58.429]  Tuned to 56
[2016-11-16 14:45:58.529]  Tuned to 57
[2016-11-16 14:45:58.629]  Tuned to 58
[2016-11-16 14:45:58.730]  Tuned to 59
[2016-11-16 14:45:58.830]  Tuned to 60
[2016-11-16 14:45:58.931]  Tuned to 61
[2016-11-16 14:45:59.031]  Tuned to 62
[2016-11-16 14:45:59.131]  Tuned to 63
[2016-11-16 14:45:59.232]  Tuned to 64
[2016-11-16 14:45:59.333]  Tuned to 65
[2016-11-16 14:45:59.435]  Tuned to 66
[2016-11-16 14:45:59.535]  Tuned to 67
[2016-11-16 14:45:59.635]  Tuned to 68
[2016-11-16 14:45:59.735]  Tuned to 69
[2016-11-16 14:45:59.836]  Tuned to 70
[2016-11-16 14:45:59.936]  Tuned to 71
[2016-11-16 14:46:00.037]  Tuned to 72
[2016-11-16 14:46:00.137]  Tuned to 73
[2016-11-16 14:46:00.237]  Tuned to 74
[2016-11-16 14:46:00.338]  Tuned to 75
[2016-11-16 14:46:00.438]  Tuned to 76
[2016-11-16 14:46:00.538]  Tuned to 77
[2016-11-16 14:46:00.638]  Tuned to 78
[2016-11-16 14:46:00.739]  Tuned to 79
[2016-11-16 14:46:00.839]  Tuned to 80
[2016-11-16 14:46:00.939]  Tuned to 81
[2016-11-16 14:46:01.040]  Tuned to 82
[2016-11-16 14:46:01.140]  Tuned to 83
[2016-11-16 14:46:01.240]  Tuned to 2
[2016-11-16 14:46:01.341]  Tuned to 3
[2016-11-16 14:46:01.441]  Tuned to 4
[2016-11-16 14:46:01.541]  Tuned to 5
[2016-11-16 14:46:01.642]  Tuned to 6
[2016-11-16 14:46:01.742]  Tuned to 7
[2016-11-16 14:46:01.843]  Tuned to 8
[2016-11-16 14:46:01.943]  Tuned to 9
[2016-11-16 14:46:02.043]  Tuned to 10
[2016-11-16 14:46:02.144]  Tuned to 11
[2016-11-16 14:46:02.244]  Tuned to 12
[2016-11-16 14:46:02.344]  Tuned to 13
[2016-11-16 14:46:02.444]  Tuned to 14
[2016-11-16 14:46:02.545]  Tuned to 15
[2016-11-16 14:46:02.645]  Tuned to 16
[2016-11-16 14:46:02.745]  Tuned to 17
[2016-11-16 14:46:02.846]  Tuned to 18
[2016-11-16 14:46:02.947]  Tuned to 19
[2016-11-16 14:46:03.048]  Tuned to 20
[2016-11-16 14:46:03.148]  Tuned to 21
[2016-11-16 14:46:03.248]  Tuned to 22
[2016-11-16 14:46:03.349]  Tuned to 23
[2016-11-16 14:46:03.449]  Tuned to 24
[2016-11-16 14:46:03.549]  Tuned to 25
[2016-11-16 14:46:03.650]  Tuned to 26
[2016-11-16 14:46:03.750]  Tuned to 27
[2016-11-16 14:46:03.850]  Tuned to 28
[2016-11-16 14:46:03.950]  Tuned to 29
[2016-11-16 14:46:04.051]  Tuned to 30
[2016-11-16 14:46:04.151]  Tuned to 31
[2016-11-16 14:46:04.251]  Tuned to 32
[2016-11-16 14:46:04.352]  Tuned to 33
[2016-11-16 14:46:04.452]  Tuned to 34
[2016-11-16 14:46:04.552]  Tuned to 35
[2016-11-16 14:46:04.653]  Tuned to 36
[2016-11-16 14:46:04.753]  Tuned to 37
[2016-11-16 14:46:04.853]  Tuned to 38
[2016-11-16 14:46:04.954]  Tuned to 39
[2016-11-16 14:46:05.054]  Tuned to 40
[2016-11-16 14:46:05.154]  Tuned to 41
[2016-11-16 14:46:05.254]  Tuned to 42
[2016-11-16 14:46:05.355]  Tuned to 43
[2016-11-16 14:46:05.456]  Tuned to 44
[2016-11-16 14:46:05.556]  Tuned to 45
[2016-11-16 14:46:05.657]  Tuned to 46
[2016-11-16 14:46:05.757]  Tuned to 47
[2016-11-16 14:46:05.857]  Tuned to 48
[2016-11-16 14:46:05.958]  Tuned to 49
[2016-11-16 14:46:06.058]  Tuned to 50
[2016-11-16 14:46:06.158]  Tuned to 51
[2016-11-16 14:46:06.259]  Tuned to 52
[2016-11-16 14:46:06.359]  Tuned to 53
[2016-11-16 14:46:06.459]  Tuned to 54
[2016-11-16 14:46:06.560]  Tuned to 55
[2016-11-16 14:46:06.661]  Tuned to 56
[2016-11-16 14:46:06.761]  Tuned to 57
[2016-11-16 14:46:06.862]  Tuned to 58
[2016-11-16 14:46:06.962]  Tuned to 59
[2016-11-16 14:46:07.062]  Tuned to 60
[2016-11-16 14:46:07.165]  Tuned to 61
[2016-11-16 14:46:07.265]  Tuned to 62
[2016-11-16 14:46:07.366]  Tuned to 63
[2016-11-16 14:46:07.466]  Tuned to 64
[2016-11-16 14:46:07.566]  Tuned to 65
[2016-11-16 14:46:07.667]  Tuned to 66
[2016-11-16 14:46:07.769]  Tuned to 67
[2016-11-16 14:46:07.869]  Tuned to 68
[2016-11-16 14:46:07.969]  Tuned to 69
[2016-11-16 14:46:08.070]  Tuned to 70
[2016-11-16 14:46:08.170]  Tuned to 71
[2016-11-16 14:46:08.270]  Tuned to 72
[2016-11-16 14:46:08.371]  Tuned to 73
[2016-11-16 14:46:08.471]  Tuned to 74
[2016-11-16 14:46:08.571]  Tuned to 75
[2016-11-16 14:46:08.672]  Tuned to 76
[2016-11-16 14:46:08.772]  Tuned to 77
[2016-11-16 14:46:08.872]  Tuned to 78
[2016-11-16 14:46:08.973]  Tuned to 79
[2016-11-16 14:46:09.073]  Tuned to 80
[2016-11-16 14:46:09.173]  Tuned to 81
[2016-11-16 14:46:09.274]  Tuned to 82
[2016-11-16 14:46:09.374]  Tuned to 83
[2016-11-16 14:46:09.474]  Tuned to 2
[2016-11-16 14:46:09.574]  Tuned to 3
[2016-11-16 14:46:09.675]  Tuned to 4
[2016-11-16 14:46:09.775]  Tuned to 5
[2016-11-16 14:46:09.875]  Tuned to 6
[2016-11-16 14:46:09.976]  Tuned to 7
[2016-11-16 14:46:10.076]  Tuned to 8
[2016-11-16 14:46:10.177]  Tuned to 9
[2016-11-16 14:46:10.277]  Tuned to 10
[2016-11-16 14:46:10.378]  Tuned to 11
[2016-11-16 14:46:10.478]  Tuned to 12
[2016-11-16 14:46:10.578]  Tuned to 13
[2016-11-16 14:46:10.679]  Tuned to 14
[2016-11-16 14:46:10.780]  Tuned to 15
[2016-11-16 14:46:10.880]  Tuned to 16
[2016-11-16 14:46:10.980]  Tuned to 17
[2016-11-16 14:46:11.081]  Tuned to 18
[2016-11-16 14:46:11.181]  Tuned to 19
[2016-11-16 14:46:11.281]  Tuned to 20
[2016-11-16 14:46:11.382]  Tuned to 21
[2016-11-16 14:46:11.482]  Tuned to 22
[2016-11-16 14:46:11.584]  Tuned to 23
[2016-11-16 14:46:11.684]  Tuned to 24
[2016-11-16 14:46:11.784]  Tuned to 25
[2016-11-16 14:46:11.885]  Tuned to 26
[2016-11-16 14:46:11.985]  Tuned to 27
[2016-11-16 14:46:12.085]  Tuned to 28
[2016-11-16 14:46:12.186]  Tuned to 29
[2016-11-16 14:46:12.287]  Tuned to 30
[2016-11-16 14:46:12.388]  Tuned to 31
[2016-11-16 14:46:12.488]  Tuned to 32
[2016-11-16 14:46:12.588]  Tuned to 33
[2016-11-16 14:46:12.689]  Tuned to 34
[2016-11-16 14:46:12.789]  Tuned to 35
[2016-11-16 14:46:12.889]  Tuned to 36
[2016-11-16 14:46:12.989]  Tuned to 37
[2016-11-16 14:46:13.091]  Tuned to 38
[2016-11-16 14:46:13.193]  Tuned to 39
[2016-11-16 14:46:13.293]  Tuned to 40
[2016-11-16 14:46:13.394]  Tuned to 41
[2016-11-16 14:46:13.494]  Tuned to 42
[2016-11-16 14:46:13.594]  Tuned to 43
[2016-11-16 14:46:13.695]  Tuned to 44
[2016-11-16 14:46:13.795]  Tuned to 45
[2016-11-16 14:46:13.895]  Tuned to 46
[2016-11-16 14:46:13.996]  Tuned to 47
[2016-11-16 14:46:14.096]  Tuned to 48
[2016-11-16 14:46:14.196]  Tuned to 49
[2016-11-16 14:46:14.297]  Tuned to 50
[2016-11-16 14:46:14.397]  Tuned to 51
[2016-11-16 14:46:14.498]  Tuned to 52
[2016-11-16 14:46:14.598]  Tuned to 53
[2016-11-16 14:46:14.698]  Tuned to 54
[2016-11-16 14:46:14.798]  Tuned to 55
[2016-11-16 14:46:14.899]  Tuned to 56
[2016-11-16 14:46:14.999]  Tuned to 57
[2016-11-16 14:46:15.099]  Tuned to 58
[2016-11-16 14:46:15.200]  Tuned to 59
[2016-11-16 14:46:15.300]  Tuned to 60
[2016-11-16 14:46:15.400]  Tuned to 61
[2016-11-16 14:46:15.501]  Tuned to 62
[2016-11-16 14:46:15.601]  Tuned to 63
[2016-11-16 14:46:15.701]  Tuned to 64
[2016-11-16 14:46:15.802]  Tuned to 65
[2016-11-16 14:46:15.902]  Tuned to 66
[2016-11-16 14:46:16.002]  Tuned to 67
[2016-11-16 14:46:16.103]  Tuned to 68
[2016-11-16 14:46:16.203]  Tuned to 69
[2016-11-16 14:46:16.303]  Tuned to 70
[2016-11-16 14:46:16.404]  Tuned to 71
[2016-11-16 14:46:16.504]  Tuned to 72
[2016-11-16 14:46:16.604]  Tuned to 73
[2016-11-16 14:46:16.704]  Tuned to 74
[2016-11-16 14:46:16.805]  Tuned to 75
[2016-11-16 14:46:16.905]  Tuned to 76
[2016-11-16 14:46:17.005]  Tuned to 77
[2016-11-16 14:46:17.106]  Tuned to 78
[2016-11-16 14:46:17.206]  Tuned to 79
[2016-11-16 14:46:17.307]  Tuned to 80
[2016-11-16 14:46:17.407]  Tuned to 81
[2016-11-16 14:46:17.507]  Tuned to 82
[2016-11-16 14:46:17.607]  Tuned to 83
[2016-11-16 14:46:17.708]  Tuned to 2
[2016-11-16 14:46:17.808]  Tuned to 3
[2016-11-16 14:46:17.908]  Tuned to 4
[2016-11-16 14:46:18.009]  Tuned to 5
[2016-11-16 14:46:18.109]  Tuned to 6
[2016-11-16 14:46:18.209]  Tuned to 7
[2016-11-16 14:46:18.310]  Tuned to 8
[2016-11-16 14:46:18.410]  Tuned to 9
[2016-11-16 14:46:18.510]  Tuned to 10
[2016-11-16 14:46:18.611]  Tuned to 11
[2016-11-16 14:46:18.711]  Tuned to 12
[2016-11-16 14:46:18.811]  Tuned to 13
[2016-11-16 14:46:18.912]  Tuned to 14
[2016-11-16 14:46:19.012]  Tuned to 15
[2016-11-16 14:46:19.112]  Tuned to 16
[2016-11-16 14:46:19.213]  Tuned to 17
[2016-11-16 14:46:19.313]  Tuned to 18
[2016-11-16 14:46:19.413]  Tuned to 19
[2016-11-16 14:46:19.513]  Tuned to 20
[2016-11-16 14:46:19.614]  Tuned to 21
[2016-11-16 14:46:19.714]  Tuned to 22
[2016-11-16 14:46:19.814]  Tuned to 23
[2016-11-16 14:46:19.915]  Tuned to 24
[2016-11-16 14:46:20.015]  Tuned to 25
[2016-11-16 14:46:20.115]  Tuned to 26
[2016-11-16 14:46:20.216]  Tuned to 27
[2016-11-16 14:46:20.316]  Tuned to 28
[2016-11-16 14:46:20.416]  Tuned to 29
[2016-11-16 14:46:20.516]  Tuned to 30
[2016-11-16 14:46:20.617]  Tuned to 31
[2016-11-16 14:46:20.717]  Tuned to 32
[2016-11-16 14:46:20.817]  Tuned to 33
[2016-11-16 14:46:20.918]  Tuned to 34
[2016-11-16 14:46:21.018]  Tuned to 35
[2016-11-16 14:46:21.118]  Tuned to 36
[2016-11-16 14:46:21.218]  Tuned to 37
[2016-11-16 14:46:21.319]  Tuned to 38
[2016-11-16 14:46:21.419]  Tuned to 39
[2016-11-16 14:46:21.519]  Tuned to 40
[2016-11-16 14:46:21.620]  Tuned to 41
[2016-11-16 14:46:21.721]  Tuned to 42
[2016-11-16 14:46:21.821]  Tuned to 43
[2016-11-16 14:46:21.922]  Tuned to 44
[2016-11-16 14:46:22.022]  Tuned to 45
[2016-11-16 14:46:22.122]  Tuned to 46
[2016-11-16 14:46:22.223]  Tuned to 47
[2016-11-16 14:46:22.323]  Tuned to 48
[2016-11-16 14:46:22.425]  Tuned to 49
[2016-11-16 14:46:22.525]  Tuned to 50
[2016-11-16 14:46:22.625]  Tuned to 51
[2016-11-16 14:46:22.726]  Tuned to 52
[2016-11-16 14:46:22.826]  Tuned to 53
[2016-11-16 14:46:22.926]  Tuned to 54
[2016-11-16 14:46:23.026]  Tuned to 55
[2016-11-16 14:46:23.127]  Tuned to 56
[2016-11-16 14:46:23.227]  Tuned to 57
[2016-11-16 14:46:23.328]  Tuned to 58
[2016-11-16 14:46:23.428]  Tuned to 59
[2016-11-16 14:46:23.528]  Tuned to 60
[2016-11-16 14:46:23.629]  Tuned to 61
[2016-11-16 14:46:23.729]  Tuned to 62
[2016-11-16 14:46:23.829]  Tuned to 63
[2016-11-16 14:46:23.929]  Tuned to 64
[2016-11-16 14:46:24.030]  Tuned to 65
[2016-11-16 14:46:24.130]  Tuned to 66
[2016-11-16 14:46:24.230]  Tuned to 67
[2016-11-16 14:46:24.331]  Tuned to 68
[2016-11-16 14:46:24.431]  Tuned to 69
[2016-11-16 14:46:24.531]  Tuned to 70
[2016-11-16 14:46:24.632]  Tuned to 71
[2016-11-16 14:46:24.732]  Tuned to 72
[2016-11-16 14:46:24.832]  Tuned to 73
[2016-11-16 14:46:24.933]  Tuned to 74
[2016-11-16 14:46:25.033]  Tuned to 75
[2016-11-16 14:46:25.133]  Tuned to 76
[2016-11-16 14:46:25.234]  Tuned to 77
[2016-11-16 14:46:25.334]  Tuned to 78
[2016-11-16 14:46:25.434]  Tuned to 79
[2016-11-16 14:46:25.534]  Tuned to 80
[2016-11-16 14:46:25.635]  Tuned to 81
[2016-11-16 14:46:25.735]  Tuned to 82
[2016-11-16 14:46:25.835]  Tuned to 83
[2016-11-16 14:46:25.936]  Tuned to 2
[2016-11-16 14:46:26.036]  Tuned to 3
[2016-11-16 14:46:26.136]  Tuned to 4
[2016-11-16 14:46:26.236]  Tuned to 5
[2016-11-16 14:46:26.337]  Tuned to 6
[2016-11-16 14:46:26.437]  Tuned to 7
[2016-11-16 14:46:26.537]  Tuned to 8
[2016-11-16 14:46:26.638]  Tuned to 9
[2016-11-16 14:46:26.738]  Tuned to 10
[2016-11-16 14:46:26.838]  Tuned to 11
[2016-11-16 14:46:26.939]  Tuned to 12
[2016-11-16 14:46:27.039]  Tuned to 13
[2016-11-16 14:46:27.139]  Tuned to 14
[2016-11-16 14:46:27.240]  Tuned to 15
[2016-11-16 14:46:27.340]  Tuned to 16
[2016-11-16 14:46:27.440]  Tuned to 17
[2016-11-16 14:46:27.542]  Tuned to 18
[2016-11-16 14:46:27.642]  Tuned to 19
[2016-11-16 14:46:27.743]  Tuned to 20
[2016-11-16 14:46:27.843]  Tuned to 21
[2016-11-16 14:46:27.943]  Tuned to 22
[2016-11-16 14:46:28.043]  Tuned to 23
[2016-11-16 14:46:28.144]  Tuned to 24
[2016-11-16 14:46:28.244]  Tuned to 25
[2016-11-16 14:46:28.344]  Tuned to 26
[2016-11-16 14:46:28.445]  Tuned to 27
[2016-11-16 14:46:28.545]  Tuned to 28
[2016-11-16 14:46:28.645]  Tuned to 29
[2016-11-16 14:46:28.746]  Tuned to 30
[2016-11-16 14:46:28.846]  Tuned to 31
[2016-11-16 14:46:28.946]  Tuned to 32
[2016-11-16 14:46:29.046]  Tuned to 33
[2016-11-16 14:46:29.147]  Tuned to 34
[2016-11-16 14:46:29.247]  Tuned to 35
[2016-11-16 14:46:29.348]  Tuned to 36
[2016-11-16 14:46:29.449]  Tuned to 37
[2016-11-16 14:46:29.549]  Tuned to 38
[2016-11-16 14:46:29.650]  Tuned to 39
[2016-11-16 14:46:29.750]  Tuned to 40
[2016-11-16 14:46:29.850]  Tuned to 41
[2016-11-16 14:46:29.951]  Tuned to 42
[2016-11-16 14:46:30.053]  Tuned to 43
[2016-11-16 14:46:30.153]  Tuned to 44
[2016-11-16 14:46:30.254]  Tuned to 45
[2016-11-16 14:46:30.355]  Tuned to 46
[2016-11-16 14:46:30.455]  Tuned to 47
[2016-11-16 14:46:30.555]  Tuned to 48
[2016-11-16 14:46:30.655]  Tuned to 49
[2016-11-16 14:46:30.756]  Tuned to 50
[2016-11-16 14:46:30.856]  Tuned to 51
[2016-11-16 14:46:30.956]  Tuned to 52
[2016-11-16 14:46:31.057]  Tuned to 53
[2016-11-16 14:46:31.158]  Tuned to 54
[2016-11-16 14:46:31.258]  Tuned to 55
[2016-11-16 14:46:31.358]  Tuned to 56
[2016-11-16 14:46:31.459]  Tuned to 57
[2016-11-16 14:46:31.559]  Tuned to 58
[2016-11-16 14:46:31.659]  Tuned to 59
[2016-11-16 14:46:31.760]  Tuned to 60
[2016-11-16 14:46:31.860]  Tuned to 61
[2016-11-16 14:46:31.960]  Tuned to 62
[2016-11-16 14:46:32.060]  Tuned to 63
[2016-11-16 14:46:32.161]  Tuned to 64
[2016-11-16 14:46:32.261]  Tuned to 65
[2016-11-16 14:46:32.362]  Tuned to 66
[2016-11-16 14:46:32.463]  Tuned to 67
[2016-11-16 14:46:32.563]  Tuned to 68
[2016-11-16 14:46:32.663]  Tuned to 69
[2016-11-16 14:46:32.764]  Tuned to 70
[2016-11-16 14:46:32.864]  Tuned to 71
[2016-11-16 14:46:32.964]  Tuned to 72
[2016-11-16 14:46:33.065]  Tuned to 73
[2016-11-16 14:46:33.165]  Tuned to 74
[2016-11-16 14:46:33.265]  Tuned to 75
[2016-11-16 14:46:33.366]  Tuned to 76
[2016-11-16 14:46:33.466]  Tuned to 77
[2016-11-16 14:46:33.566]  Tuned to 78
[2016-11-16 14:46:33.668]  Tuned to 79
[2016-11-16 14:46:33.768]  Tuned to 80
[2016-11-16 14:46:33.871]  Tuned to 81
[2016-11-16 14:46:33.971]  Tuned to 82
[2016-11-16 14:46:34.071]  Tuned to 83
[2016-11-16 14:46:34.171]  Tuned to 2
[2016-11-16 14:46:34.272]  Tuned to 3
[2016-11-16 14:46:34.372]  Tuned to 4
[2016-11-16 14:46:34.472]  Tuned to 5
[2016-11-16 14:46:34.573]  Tuned to 6
[2016-11-16 14:46:34.673]  Tuned to 7
[2016-11-16 14:46:34.773]  Tuned to 8
[2016-11-16 14:46:34.874]  Tuned to 9
[2016-11-16 14:46:34.974]  Tuned to 10
[2016-11-16 14:46:35.074]  Tuned to 11
[2016-11-16 14:46:35.174]  Tuned to 12
[2016-11-16 14:46:35.275]  Tuned to 13
[2016-11-16 14:46:35.375]  Tuned to 14
[2016-11-16 14:46:35.475]  Tuned to 15
[2016-11-16 14:46:35.576]  Tuned to 16
[2016-11-16 14:46:35.676]  Tuned to 17
[2016-11-16 14:46:35.776]  Tuned to 18
[2016-11-16 14:46:35.876]  Tuned to 19
[2016-11-16 14:46:35.977]  Tuned to 20
[2016-11-16 14:46:36.077]  Tuned to 21
[2016-11-16 14:46:36.177]  Tuned to 22
[2016-11-16 14:46:36.278]  Tuned to 23
[2016-11-16 14:46:36.378]  Tuned to 24
[2016-11-16 14:46:36.478]  Tuned to 25
[2016-11-16 14:46:36.579]  Tuned to 26
[2016-11-16 14:46:36.679]  Tuned to 27
[2016-11-16 14:46:36.780]  Tuned to 28
[2016-11-16 14:46:36.881]  Tuned to 29
[2016-11-16 14:46:36.981]  Tuned to 30
[2016-11-16 14:46:37.081]  Tuned to 31
[2016-11-16 14:46:37.182]  Tuned to 32
[2016-11-16 14:46:37.282]  Tuned to 33
[2016-11-16 14:46:37.382]  Tuned to 34
[2016-11-16 14:46:37.482]  Tuned to 35
[2016-11-16 14:46:37.583]  Tuned to 36
[2016-11-16 14:46:37.683]  Tuned to 37
[2016-11-16 14:46:37.783]  Tuned to 38
[2016-11-16 14:46:37.884]  Tuned to 39
[2016-11-16 14:46:37.985]  Tuned to 40
[2016-11-16 14:46:38.085]  Tuned to 41
[2016-11-16 14:46:38.186]  Tuned to 42
[2016-11-16 14:46:38.287]  Tuned to 43
[2016-11-16 14:46:38.387]  Tuned to 44
[2016-11-16 14:46:38.487]  Tuned to 45
[2016-11-16 14:46:38.589]  Tuned to 46
[2016-11-16 14:46:38.689]  Tuned to 47
[2016-11-16 14:46:38.789]  Tuned to 48
[2016-11-16 14:46:38.889]  Tuned to 49
[2016-11-16 14:46:38.991]  Tuned to 50
[2016-11-16 14:46:39.091]  Tuned to 51
[2016-11-16 14:46:39.192]  Tuned to 52
[2016-11-16 14:46:39.292]  Tuned to 53
[2016-11-16 14:46:39.392]  Tuned to 54
[2016-11-16 14:46:39.493]  Tuned to 55
[2016-11-16 14:46:39.593]  Tuned to 56
[2016-11-16 14:46:39.693]  Tuned to 57
[2016-11-16 14:46:39.794]  Tuned to 58
[2016-11-16 14:46:39.894]  Tuned to 59
[2016-11-16 14:46:39.994]  Tuned to 60
[2016-11-16 14:46:40.094]  Tuned to 61
[2016-11-16 14:46:40.195]  Tuned to 62
[2016-11-16 14:46:40.295]  Tuned to 63
[2016-11-16 14:46:40.396]  Tuned to 64
[2016-11-16 14:46:40.497]  Tuned to 65
[2016-11-16 14:46:40.598]  Tuned to 66
[2016-11-16 14:46:40.698]  Tuned to 67
[2016-11-16 14:46:40.798]  Tuned to 68
[2016-11-16 14:46:40.898]  Tuned to 69
[2016-11-16 14:46:40.999]  Tuned to 70
[2016-11-16 14:46:41.099]  Tuned to 71
[2016-11-16 14:46:41.199]  Tuned to 72
[2016-11-16 14:46:41.300]  Tuned to 73
[2016-11-16 14:46:41.400]  Tuned to 74
[2016-11-16 14:46:41.500]  Tuned to 75
[2016-11-16 14:46:41.601]  Tuned to 76
[2016-11-16 14:46:41.702]  Tuned to 77
[2016-11-16 14:46:41.803]  Tuned to 78
[2016-11-16 14:46:41.903]  Tuned to 79
[2016-11-16 14:46:42.003]  Tuned to 80
[2016-11-16 14:46:42.104]  Tuned to 81
[2016-11-16 14:46:42.204]  Tuned to 82
[2016-11-16 14:46:42.304]  Tuned to 83
[2016-11-16 14:46:42.405]  Tuned to 2
[2016-11-16 14:46:42.506]  Tuned to 3
[2016-11-16 14:46:42.606]  Tuned to 4
[2016-11-16 14:46:42.706]  Tuned to 5
[2016-11-16 14:46:42.807]  Tuned to 6
[2016-11-16 14:46:42.907]  Tuned to 7
[2016-11-16 14:46:43.007]  Tuned to 8
[2016-11-16 14:46:43.108]  Tuned to 9
[2016-11-16 14:46:43.208]  Tuned to 10
[2016-11-16 14:46:43.308]  Tuned to 11
[2016-11-16 14:46:43.409]  Tuned to 12
[2016-11-16 14:46:43.509]  Tuned to 13
[2016-11-16 14:46:43.610]  Tuned to 14
[2016-11-16 14:46:43.710]  Tuned to 15
[2016-11-16 14:46:43.811]  Tuned to 16
[2016-11-16 14:46:43.911]  Tuned to 17
[2016-11-16 14:46:44.011]  Tuned to 18
[2016-11-16 14:46:44.111]  Tuned to 19
[2016-11-16 14:46:44.212]  Tuned to 20
[2016-11-16 14:46:44.312]  Tuned to 21
[2016-11-16 14:46:44.412]  Tuned to 22
[2016-11-16 14:46:44.513]  Tuned to 23
[2016-11-16 14:46:44.615]  Tuned to 24
[2016-11-16 14:46:44.716]  Tuned to 25
[2016-11-16 14:46:44.816]  Tuned to 26
[2016-11-16 14:46:44.916]  Tuned to 27
[2016-11-16 14:46:45.017]  Tuned to 28
[2016-11-16 14:46:45.117]  Tuned to 29
[2016-11-16 14:46:45.217]  Tuned to 30
[2016-11-16 14:46:45.318]  Tuned to 31
[2016-11-16 14:46:45.418]  Tuned to 32
[2016-11-16 14:46:45.518]  Tuned to 33
[2016-11-16 14:46:45.619]  Tuned to 34
[2016-11-16 14:46:45.719]  Tuned to 35
[2016-11-16 14:46:45.819]  Tuned to 36
[2016-11-16 14:46:45.920]  Tuned to 37
[2016-11-16 14:46:46.020]  Tuned to 38
[2016-11-16 14:46:46.120]  Tuned to 39
[2016-11-16 14:46:46.220]  Tuned to 40
[2016-11-16 14:46:46.323]  Tuned to 41
[2016-11-16 14:46:46.423]  Tuned to 42
[2016-11-16 14:46:46.523]  Tuned to 43
[2016-11-16 14:46:46.624]  Tuned to 44
[2016-11-16 14:46:46.724]  Tuned to 45
[2016-11-16 14:46:46.824]  Tuned to 46
[2016-11-16 14:46:46.925]  Tuned to 47
[2016-11-16 14:46:47.025]  Tuned to 48
[2016-11-16 14:46:47.125]  Tuned to 49
[2016-11-16 14:46:47.225]  Tuned to 50
[2016-11-16 14:46:47.326]  Tuned to 51
[2016-11-16 14:46:47.426]  Tuned to 52
[2016-11-16 14:46:47.527]  Tuned to 53
[2016-11-16 14:46:47.627]  Tuned to 54
[2016-11-16 14:46:47.727]  Tuned to 55
[2016-11-16 14:46:47.827]  Tuned to 56
[2016-11-16 14:46:47.928]  Tuned to 57
[2016-11-16 14:46:48.028]  Tuned to 58
[2016-11-16 14:46:48.128]  Tuned to 59
[2016-11-16 14:46:48.229]  Tuned to 60
[2016-11-16 14:46:48.329]  Tuned to 61
[2016-11-16 14:46:48.431]  Tuned to 62
[2016-11-16 14:46:48.531]  Tuned to 63
[2016-11-16 14:46:48.631]  Tuned to 64
[2016-11-16 14:46:48.732]  Tuned to 65
[2016-11-16 14:46:48.832]  Tuned to 66
[2016-11-16 14:46:48.932]  Tuned to 67
[2016-11-16 14:46:49.032]  Tuned to 68
[2016-11-16 14:46:49.133]  Tuned to 69
[2016-11-16 14:46:49.233]  Tuned to 70
[2016-11-16 14:46:49.333]  Tuned to 71
[2016-11-16 14:46:49.434]  Tuned to 72
[2016-11-16 14:46:49.534]  Tuned to 73
[2016-11-16 14:46:49.634]  Tuned to 74
[2016-11-16 14:46:49.735]  Tuned to 75
[2016-11-16 14:46:49.835]  Tuned to 76
[2016-11-16 14:46:49.935]  Tuned to 77
[2016-11-16 14:46:50.036]  Tuned to 78
[2016-11-16 14:46:50.136]  Tuned to 79
[2016-11-16 14:46:50.236]  Tuned to 80
[2016-11-16 14:46:50.336]  Tuned to 81
[2016-11-16 14:46:50.437]  Tuned to 82
[2016-11-16 14:46:50.537]  Tuned to 83
[2016-11-16 14:46:50.637]  Tuned to 2
[2016-11-16 14:46:50.738]  Tuned to 3
[2016-11-16 14:46:50.838]  Tuned to 4
[2016-11-16 14:46:50.938]  Tuned to 5
[2016-11-16 14:46:51.038]  Tuned to 6
[2016-11-16 14:46:51.139]  Tuned to 7
[2016-11-16 14:46:51.239]  Tuned to 8
[2016-11-16 14:46:51.342]  Tuned to 9
[2016-11-16 14:46:51.442]  Tuned to 10
[2016-11-16 14:46:51.542]  Tuned to 11
[2016-11-16 14:46:51.642]  Tuned to 12
[2016-11-16 14:46:51.743]  Tuned to 13
[2016-11-16 14:46:51.843]  Tuned to 14
[2016-11-16 14:46:51.943]  Tuned to 15
[2016-11-16 14:46:52.044]  Tuned to 16
[2016-11-16 14:46:52.144]  Tuned to 17
[2016-11-16 14:46:52.244]  Tuned to 18
[2016-11-16 14:46:52.345]  Tuned to 19
[2016-11-16 14:46:52.445]  Tuned to 20
[2016-11-16 14:46:52.545]  Tuned to 21
[2016-11-16 14:46:52.645]  Tuned to 22
[2016-11-16 14:46:52.746]  Tuned to 23
[2016-11-16 14:46:52.846]  Tuned to 24
[2016-11-16 14:46:52.947]  Tuned to 25
[2016-11-16 14:46:53.047]  Tuned to 26
[2016-11-16 14:46:53.147]  Tuned to 27
[2016-11-16 14:46:53.248]  Tuned to 28
[2016-11-16 14:46:53.348]  Tuned to 29
[2016-11-16 14:46:53.448]  Tuned to 30
[2016-11-16 14:46:53.548]  Tuned to 31
[2016-11-16 14:46:53.649]  Tuned to 32
[2016-11-16 14:46:53.749]  Tuned to 33
[2016-11-16 14:46:53.851]  Tuned to 34
[2016-11-16 14:46:53.951]  Tuned to 35
[2016-11-16 14:46:54.051]  Tuned to 36
[2016-11-16 14:46:54.152]  Tuned to 37
[2016-11-16 14:46:54.252]  Tuned to 38
[2016-11-16 14:46:54.352]  Tuned to 39
[2016-11-16 14:46:54.453]  Tuned to 40
[2016-11-16 14:46:54.553]  Tuned to 41
[2016-11-16 14:46:54.653]  Tuned to 42
[2016-11-16 14:46:54.754]  Tuned to 43
[2016-11-16 14:46:54.854]  Tuned to 44
[2016-11-16 14:46:54.955]  Tuned to 45
[2016-11-16 14:46:55.055]  Tuned to 46
[2016-11-16 14:46:55.155]  Tuned to 47
[2016-11-16 14:46:55.256]  Tuned to 48
[2016-11-16 14:46:55.356]  Tuned to 49
[2016-11-16 14:46:55.456]  Tuned to 50
[2016-11-16 14:46:55.557]  Tuned to 51
[2016-11-16 14:46:55.657]  Tuned to 52
[2016-11-16 14:46:55.757]  Tuned to 53
[2016-11-16 14:46:55.860]  Tuned to 54
[2016-11-16 14:46:55.960]  Tuned to 55
[2016-11-16 14:46:56.061]  Tuned to 56
[2016-11-16 14:46:56.161]  Tuned to 57
[2016-11-16 14:46:56.261]  Tuned to 58
[2016-11-16 14:46:56.362]  Tuned to 59
[2016-11-16 14:46:56.462]  Tuned to 60
[2016-11-16 14:46:56.562]  Tuned to 61
[2016-11-16 14:46:56.663]  Tuned to 62
[2016-11-16 14:46:56.763]  Tuned to 63
[2016-11-16 14:46:56.863]  Tuned to 64
[2016-11-16 14:46:56.964]  Tuned to 65
[2016-11-16 14:46:57.064]  Tuned to 66
[2016-11-16 14:46:57.164]  Tuned to 67
[2016-11-16 14:46:57.265]  Tuned to 68
[2016-11-16 14:46:57.365]  Tuned to 69
[2016-11-16 14:46:57.465]  Tuned to 70
[2016-11-16 14:46:57.566]  Tuned to 71
[2016-11-16 14:46:57.666]  Tuned to 72
[2016-11-16 14:46:57.766]  Tuned to 73
[2016-11-16 14:46:57.868]  Tuned to 74
[2016-11-16 14:46:57.968]  Tuned to 75
[2016-11-16 14:46:58.069]  Tuned to 76
[2016-11-16 14:46:58.169]  Tuned to 77
[2016-11-16 14:46:58.269]  Tuned to 78
[2016-11-16 14:46:58.369]  Tuned to 79
[2016-11-16 14:46:58.470]  Tuned to 80
[2016-11-16 14:46:58.571]  Tuned to 81
[2016-11-16 14:46:58.671]  Tuned to 82
[2016-11-16 14:46:58.771]  Tuned to 83
[2016-11-16 14:46:58.872]  Tuned to 2
[2016-11-16 14:46:58.973]  Tuned to 3
[2016-11-16 14:46:59.073]  Tuned to 4
[2016-11-16 14:46:59.174]  Tuned to 5
[2016-11-16 14:46:59.274]  Tuned to 6
[2016-11-16 14:46:59.374]  Tuned to 7
[2016-11-16 14:46:59.475]  Tuned to 8
[2016-11-16 14:46:59.575]  Tuned to 9
[2016-11-16 14:46:59.675]  Tuned to 10
[2016-11-16 14:46:59.775]  Tuned to 11
[2016-11-16 14:46:59.877]  Tuned to 12
[2016-11-16 14:46:59.978]  Tuned to 13
[2016-11-16 14:47:00.078]  Tuned to 14
[2016-11-16 14:47:00.178]  Tuned to 15
[2016-11-16 14:47:00.278]  Tuned to 16
[2016-11-16 14:47:00.379]  Tuned to 17
[2016-11-16 14:47:00.479]  Tuned to 18
[2016-11-16 14:47:00.579]  Tuned to 19
[2016-11-16 14:47:00.680]  Tuned to 20
[2016-11-16 14:47:00.780]  Tuned to 21
[2016-11-16 14:47:00.880]  Tuned to 22
[2016-11-16 14:47:00.981]  Tuned to 23
[2016-11-16 14:47:01.081]  Tuned to 24
[2016-11-16 14:47:01.182]  Tuned to 25
[2016-11-16 14:47:01.282]  Tuned to 26
[2016-11-16 14:47:01.382]  Tuned to 27
[2016-11-16 14:47:01.482]  Tuned to 28
[2016-11-16 14:47:01.583]  Tuned to 29
[2016-11-16 14:47:01.683]  Tuned to 30
[2016-11-16 14:47:01.785]  Tuned to 31
[2016-11-16 14:47:01.885]  Tuned to 32
[2016-11-16 14:47:01.985]  Tuned to 33
[2016-11-16 14:47:02.086]  Tuned to 34
[2016-11-16 14:47:02.186]  Tuned to 35
[2016-11-16 14:47:02.286]  Tuned to 36
[2016-11-16 14:47:02.387]  Tuned to 37
[2016-11-16 14:47:02.487]  Tuned to 38
[2016-11-16 14:47:02.588]  Tuned to 39
[2016-11-16 14:47:02.688]  Tuned to 40
[2016-11-16 14:47:02.788]  Tuned to 41
[2016-11-16 14:47:02.888]  Tuned to 42
[2016-11-16 14:47:02.989]  Tuned to 43
[2016-11-16 14:47:03.089]  Tuned to 44
[2016-11-16 14:47:03.189]  Tuned to 45
[2016-11-16 14:47:03.290]  Tuned to 46
[2016-11-16 14:47:03.390]  Tuned to 47
[2016-11-16 14:47:03.490]  Tuned to 48
[2016-11-16 14:47:03.591]  Tuned to 49
[2016-11-16 14:47:03.691]  Tuned to 50
[2016-11-16 14:47:03.791]  Tuned to 51
[2016-11-16 14:47:03.891]  Tuned to 52
[2016-11-16 14:47:03.992]  Tuned to 53
[2016-11-16 14:47:04.092]  Tuned to 54
tail: output.txt: file truncated
                                                                                                                                                                                                                                                                                                                                                                                                                                                                                                                                                                                                                                                                                                                                                                                                                                                                                                                                                                                                                                                                                                                                                                                                                                                                                                                                                                                                                                                                                                                                                                                                                                                                                                                                                                                                                                                                                                                                                                                                                                                                                                                                                                                                                                                                                                                                                                                                                                                                                                                                                                                                                                                                                                                                                                                                                                                                                                                                                                                                                                                                                                                                                                                                                                                                                                                                                                                                                                                                                                                                                                                                                                                                                                                                                                                                                                                                                                                                                                                                                                                                                                                                                                                                                                                                                                                                                                                                                                                                                                                                                                                                                                                                                                                                                                                                                                                                                                                                                                                                                                                                                                                                                                                                                                                                                                                                                                                                                                                                                                                                                                                                                                                                                                                                                                                                                                                                                                                                                                                                                                                                                                                                                                                                                                                                                                                                                                                                                                                                                                                                                                                                                                                                                                                                                                                                                                                                                                                                                                                                                                                                                                                                                                                                                                                                                                                                                                                                                                                                                                                                                                                                                                                                                                                                                                                                                                                                                                                                                                                                                                                                                                                                                                                                                                                                                                                                                                                                                                                                                                                                                                                                                                                                                                                                                                                                                                                                                                                                                                                                                                                                                                                                                                                                                                                                                                                                                                                                                                                                                                                                                                                                                                                                                                                                                                                                                                                                                                                                                                                                                                                                                                                                                                                                                                                                                                                                                                                                                                                                                                                                                                                                                                                                                                                                                                                                                                                                                                                                                                                                                                                                                                                                                                                                                                                                                                                                                                                                                                                                                                                                                                                                                                                                                                                                                                                                                                                                                                                                                                                                                                                                                                                                                                                                                                                                                                                                                                                                                                                                                                                                                                                                                                                                                                                                                                                                                                                                                                                                                                                                                                                                                                                                                                                                                                                                                                                                                                                                                                                                                                                                                                                                                                                                                                                                                                                                                                                                                                                                                                                                                                                                                                                                                                                                                                                                                                                                                                                                                                                                                                                                                                                                                                                                                                                                                                                                                                                                                                                                                                                                                                                                                                                                                                                                                                                                                                                                                                                                                                                                                                                                                                                                                                                                                                                                                                                                                                                                                                                                                                                                                                                                                                                                                                                                                                                                                                                                                                                                                                                                                                                                                                                                                                                                                                                                                                                                                                                                                                                                                                                                                                                                                                                                                                                                                                                                                                                                                                                                                                                                                                                                                                                                                                                                                                                                                                                                                                                                                                                                                                                                                                                                                                                                                                                                                                                                                                                                                                                                                                                                                                                                                                                                                                                                                                                                                                                                                                                                                                                                                                                                                                                                                                                                                                                                                                                                                                                                                                                                                                                                                                                                                                                                                                                                                                                                                                                                                                                                                                                                                                                                                                                                                                                                                                                                                                                                                                                                                                                                                                                                                                                                                                                                                                                                                                                                                                                                                                                                                                                                                                                                                                                                                                                                                                                                                                                                                                                                                                                                                                                                                                                                                                                                                                                                                                                                                                                                                                                                                                                                                                                                                                                                                                                                                                                                                                                                                                                                                                                                                                                                                                                                                                                                                                                                                                                                                                                                                                                                                                                                                                                                                                                                                                                                                                                                                                                                                                                                                                                                                                                                                                                                                                                                                                                                                                                                                                                                                                                                                                                                                                                                                                                                                                                                                                                                                                                                                                                                                                                                                                                                                                                                                                                                                                                                                                                                                                                                                                                                                                                                                                                                                                                                                                                                                                                                                                                                                                                                                                                                                                                                                                                                                                                                                                                                                                                                                                                                                                                                                                                                                                                                                                                                                                                                                                                                                                                                                                                                                                                                                                                                                                                                                                                                                                                                                                                                                                                                                                                                                                                                                                                                                                                                                                                                                                                                                                                                                                                                                                                                                                                                                                                                                                                                                                                                                                                                                                                                                                                                                                                                                                                                                                                                                                                                                                                                                                                                                                                                                                                                                                                                                                                                                                                                                                                                                                                                                                                                                                                                                                                                                                                                                                                                                                                                                                                                                                                                                                                                                                                                                                                                                                                                                                                                                                                                                                                                                                                                                                                                                                                                                                                                                                                                                                                                                                                                                                                                                                                                                                                                                                                                                                                                                                                                                                                                                                                                                                                                                                                                                                                                                                                                                                                                                                                                                                                                                                                                                                                                                                                                                                                                                                                                                                                                                                                                                                                                                                                                                                                                                                                                                                                                                                                                                                                                                                                                                                                                                                                                                                                                                                                                                                                                                                                                                                                                                                                                                                                                                                                                                                                                                                                                                                                                                                                                                                                                                                                                                                                                                                                                                                                                                                                                                                                                                                                                                                                                                                                                                                                                                                                                                                                                                                                                                                                                                                                                                                                                                                                                                                                                                                                                                                                                                                                                                                                                                                                                                                                                                                                                                                                                                                                                                                                                                                                                                                                                                                                                                                                                                                                                                                                                                                                                                                                                                                                                                                                                                                                                                                                                                                                                                                                                                                                                                                                                                                                                                                                                                                                                                                                                                                                                                                                                                                                                                                                                                                                                                                                                                                                                                                                                                                                                                                                                                                                                                                                                                                                                                                                                                                                                                                                                                                                                                                                                                                                                                                                                                                                                                                                                                                                                                                                                                                                                                                                                                                                                                                                                                                                                                                                                                                                                                                                                                                                                                                                                                                                                                                                                                                                                                                                                                                                                                                                                                                                                                                                                                                                                                                                                                                                                                                                                                                                                                                                                                                                                                                                                                                                                                                                                                                                                                                                                                                                                                                                                                                                                                                                                                                                                                                                                                                                                                                                                                                                                                                                                                                                                                                                                                                                                                                                                                                                                                                                                                                                                                                                                                                                                                                                                                                                                                                                                                                                                                                                                                                                                                                                                                                                                                                                                                                                                                                                                                                                                                                                                                                                                                                                                                                                                                                                                                                                                                                                                                                                                                                                                                                                                                                                                                                                                                                                                                                                                                                                                                                                                                                                                                                                                                                                                                                                                                                                                                                                                                                                                                                                                                                                                                                                                                                                                                                                                                                                                                                                                                                                                                                                                                                                                                                                                                                                                                                                                                                                                                                                                                                                                                                                                                                                                                                                                                                                                                                                                                                                                                                                                                                                                                                                                                                                                                                                                                                                                                                                                                                                                                                                                                                                                                                                                                                                                                                                                                                                                                                                                                                                                                                                                                                                                                                                                                                                                                                                                                                                                                                                                                                                                                                                                                                                                                                                                                                                                                                                                                                                                                                                                                                                                                                                                                                                                                                                                                                                                                                                                                                                                                                                                                                                                                                                                                                                                                                                                                                                                                                                                                                                                                                                                                                                                                                                                                                                                                                                                                                                                                                                                                                                                                                                                                                                                                                                                                                                                                                                                                                                                                                                                                                                                                                                                                                                                                                                                                                                                                                                                                                                                                                                                                                                                                                                                                                                                                                                                                                                                                                                                                                                                                                                                                                                                                                                                                                                                                                                                                                                                                                                                                                                                                                                                                                                                                                                                                                                                                                                                                                                                                                                                                                                                                                                                                                                                                                                                                                                                                                                                                                                                                                                                                                                                                                                                                                                                                                                                                                                                                                                                                                                                                                                                                                                                                                                                                                                                                                                                                                                                                                                                                                                                                                                                                                                                                                                                                                                                                                                                                                                                                                                                                                                                                                                                                                                                                                                                                                                                                                                                                                                                                                                                                                                                                                                                                                                                                                                                                                                                                                                                                                                                                                                                                                                                                                                                                                                                                                                                                                                                                                                                                                                                                                                                                                                                                                                                                                                                                                                                                                                                                                                                                                                                                                                                                                                                                                                                                                                                                                                                                                                                                                                                                                                                                                                                                                                                                                                                                                                                                                                                                                                                                                                                                                                                                                                                                                                                                                                                                                                                                                                                                                                                                                                                                                                                                                                                                                                                                                                                                                                                                                                                                                                                                                                                                                                                                                                                                                                                                                                                                                                                                                                                                                                                                                                                                                                                                                                                                                                                                                                                                                                                                                                                                                                                                                                                                                                                                                                                                                                                                                                                                                                                                                                                                                                                                                                                                                                                                                                                                                                                                                                                                                                                                                                                                                                                                                                                                                                                                                                                                                                                                                                                                                                                                                                                                                                                                                                                                                                                                                                                                                                                                                                                                                                                                                                                                                                                                                                                                                                                                                                                                                                                                                                                                                                                                                                                                                                                                                                                                                                                                                                                                                                                                                                                                                                                                                                                                                                                                                                                                                                                                                                                                                                                                                                                                                                                                                                                                                                                                                                                                                                                                                                                                                                                                                                                                                                                                                                                                                                                                                                                                                                                                                                                                                                                                                                                                                                                                                                                                                                                                                                                                                                                                                                                                                                                                                                                                                                                                                                                                                                                                                                                                                                                                                                                                                                                                                                                                                                                                                                                                                                                                                                                                                                                                                                                                                                                                                                                                                                                                                                                                                                                                                                                                                                                                                                                                                                                                                                                                                                                                                                                                                                                                                                                                                                                                                                                                                                                                                                                                                                                                                                                                                                                                                                                                                                                                                                                                                                                                                                                                                                                                                                                                                                                                                                                                                                                                                                                                                                                                                                                                                                                                                                                                                                                                                                                                                                                                                                                                                                                                                                                                                                                                                                                                                                                                                                                                                                                                                                                                                                                                                                                                                                                                                                                                                                                                                                                                                                                                                                                                                                                                                                                                                                                                                                                                                                                                                                                                                                                                                                                                                                                                                                                                                                                                                                                                                                                                                                                                                                                                                                                                                                                                                                                                                                                                                                                                                                                                                                                                                                                                                                                                                                                                                                                                                                                                                                                                                                                                                                                                                                                                                                                                                                                                                                                                                                                                                                                                                                                                                                                                                                                                                                                                                                                                                                                                                                                                                                                                                                                                                                                                                                                                                                                                                                                                                                                                                                                                                                                                                                                                                                                                                                                                                                                                                                                                                                                                                                                                                                                                                                                                                                                                                                                                                                                                                                                                                                                                                                                                                                                                                                                                                                                                                                                                                                                                                                                                                                                                                                                                                                                                                                                                                                                                                                                                                                                                                                                                                                                                                                                                                                                                                                                                                                                                                                                                                                                                                                                                                                                                                                                                                                                                                                                                                                                                                                                                                                                                                                                                                                                                                                                                                                                                                                                                                                                                                                                                                                                                                                                                                                                                                                                                                                                                                                                                                                                                                                                                                                                                                                                                                                                                                                   [2016-11-16 14:47:04.293]  Tuned to 56
[2016-11-16 14:47:04.393]  Tuned to 57
[2016-11-16 14:47:04.493]  Tuned to 58
[2016-11-16 14:47:04.594]  Tuned to 59
[2016-11-16 14:47:04.694]  Tuned to 60
[2016-11-16 14:47:04.794]  Tuned to 61
[2016-11-16 14:47:04.895]  Tuned to 62
[2016-11-16 14:47:04.995]  Tuned to 63
[2016-11-16 14:47:05.095]  Tuned to 64
[2016-11-16 14:47:05.195]  Tuned to 65
[2016-11-16 14:47:05.296]  Tuned to 66
[2016-11-16 14:47:05.396]  Tuned to 67
[2016-11-16 14:47:05.496]  Tuned to 68
[2016-11-16 14:47:05.597]  Tuned to 69
[2016-11-16 14:47:05.698]  Tuned to 70
[2016-11-16 14:47:05.798]  Tuned to 71
[2016-11-16 14:47:05.898]  Tuned to 72
[2016-11-16 14:47:05.998]  Tuned to 73
[2016-11-16 14:47:06.099]  Tuned to 74
[2016-11-16 14:47:06.199]  Tuned to 75
[2016-11-16 14:47:06.299]  Tuned to 76
[2016-11-16 14:47:06.400]  Tuned to 77
[2016-11-16 14:47:06.500]  Tuned to 78
[2016-11-16 14:47:06.600]  Tuned to 79
[2016-11-16 14:47:06.700]  Tuned to 80
[2016-11-16 14:47:06.801]  Tuned to 81
[2016-11-16 14:47:06.901]  Tuned to 82
[2016-11-16 14:47:07.001]  Tuned to 83
[2016-11-16 14:47:07.102]  Tuned to 2
[2016-11-16 14:47:07.202]  Tuned to 3
[2016-11-16 14:47:07.302]  Tuned to 4
[2016-11-16 14:47:07.403]  Tuned to 5
[2016-11-16 14:47:07.503]  Tuned to 6
[2016-11-16 14:47:07.603]  Tuned to 7
[2016-11-16 14:47:07.703]  Tuned to 8
[2016-11-16 14:47:07.804]  Tuned to 9
[2016-11-16 14:47:07.904]  Tuned to 10
[2016-11-16 14:47:08.004]  Tuned to 11
[2016-11-16 14:47:08.106]  Tuned to 12
[2016-11-16 14:47:08.206]  Tuned to 13
[2016-11-16 14:47:08.306]  Tuned to 14
[2016-11-16 14:47:08.407]  Tuned to 15
[2016-11-16 14:47:08.507]  Tuned to 16
[2016-11-16 14:47:08.607]  Tuned to 17
[2016-11-16 14:47:08.708]  Tuned to 18
[2016-11-16 14:47:08.808]  Tuned to 19
[2016-11-16 14:47:08.908]  Tuned to 20
[2016-11-16 14:47:09.008]  Tuned to 21
[2016-11-16 14:47:09.109]  Tuned to 22
[2016-11-16 14:47:09.209]  Tuned to 23
[2016-11-16 14:47:09.309]  Tuned to 24
[2016-11-16 14:47:09.410]  Tuned to 25
[2016-11-16 14:47:09.510]  Tuned to 26
[2016-11-16 14:47:09.610]  Tuned to 27
[2016-11-16 14:47:09.711]  Tuned to 28
[2016-11-16 14:47:09.811]  Tuned to 29
[2016-11-16 14:47:09.911]  Tuned to 30
[2016-11-16 14:47:10.011]  Tuned to 31
[2016-11-16 14:47:10.112]  Tuned to 32
[2016-11-16 14:47:10.212]  Tuned to 33
[2016-11-16 14:47:10.313]  Tuned to 34
[2016-11-16 14:47:10.414]  Tuned to 35
[2016-11-16 14:47:10.514]  Tuned to 36
[2016-11-16 14:47:10.614]  Tuned to 37
[2016-11-16 14:47:10.714]  Tuned to 38
[2016-11-16 14:47:10.815]  Tuned to 39
[2016-11-16 14:47:10.915]  Tuned to 40
[2016-11-16 14:47:11.015]  Tuned to 41
[2016-11-16 14:47:11.116]  Tuned to 42
[2016-11-16 14:47:11.216]  Tuned to 43
[2016-11-16 14:47:11.316]  Tuned to 44
[2016-11-16 14:47:11.417]  Tuned to 45
[2016-11-16 14:47:11.517]  Tuned to 46
[2016-11-16 14:47:11.617]  Tuned to 47
[2016-11-16 14:47:11.718]  Tuned to 48
[2016-11-16 14:47:11.818]  Tuned to 49
[2016-11-16 14:47:11.918]  Tuned to 50
[2016-11-16 14:47:12.019]  Tuned to 51
[2016-11-16 14:47:12.120]  Tuned to 52
[2016-11-16 14:47:12.221]  Tuned to 53
[2016-11-16 14:47:12.321]  Tuned to 54
[2016-11-16 14:47:12.421]  Tuned to 55
[2016-11-16 14:47:12.521]  Tuned to 56
[2016-11-16 14:47:12.622]  Tuned to 57
[2016-11-16 14:47:12.722]  Tuned to 58
[2016-11-16 14:47:12.823]  Tuned to 59
[2016-11-16 14:47:12.923]  Tuned to 60
[2016-11-16 14:47:13.023]  Tuned to 61
[2016-11-16 14:47:13.124]  Tuned to 62
[2016-11-16 14:47:13.224]  Tuned to 63
[2016-11-16 14:47:13.324]  Tuned to 64
[2016-11-16 14:47:13.425]  Tuned to 65
[2016-11-16 14:47:13.525]  Tuned to 66
[2016-11-16 14:47:13.627]  Tuned to 67
[2016-11-16 14:47:13.727]  Tuned to 68
[2016-11-16 14:47:13.827]  Tuned to 69
[2016-11-16 14:47:13.928]  Tuned to 70
[2016-11-16 14:47:14.028]  Tuned to 71
[2016-11-16 14:47:14.128]  Tuned to 72
[2016-11-16 14:47:14.229]  Tuned to 73
[2016-11-16 14:47:14.330]  Tuned to 74
[2016-11-16 14:47:14.431]  Tuned to 75
[2016-11-16 14:47:14.533]  Tuned to 76
[2016-11-16 14:47:14.633]  Tuned to 77
[2016-11-16 14:47:14.734]  Tuned to 78
[2016-11-16 14:47:14.836]  Tuned to 79
[2016-11-16 14:47:14.937]  Tuned to 80
[2016-11-16 14:47:15.037]  Tuned to 81
[2016-11-16 14:47:15.137]  Tuned to 82
[2016-11-16 14:47:15.237]  Tuned to 83
[2016-11-16 14:47:15.338]  Tuned to 2
[2016-11-16 14:47:15.438]  Tuned to 3
[2016-11-16 14:47:15.538]  Tuned to 4
[2016-11-16 14:47:15.639]  Tuned to 5
[2016-11-16 14:47:15.739]  Tuned to 6
[2016-11-16 14:47:15.839]  Tuned to 7
[2016-11-16 14:47:15.940]  Tuned to 8
[2016-11-16 14:47:16.040]  Tuned to 9
[2016-11-16 14:47:16.140]  Tuned to 10
[2016-11-16 14:47:16.240]  Tuned to 11
[2016-11-16 14:47:16.341]  Tuned to 12
[2016-11-16 14:47:16.441]  Tuned to 13
[2016-11-16 14:47:16.541]  Tuned to 14
[2016-11-16 14:47:16.641]  Tuned to 15
[2016-11-16 14:47:16.742]  Tuned to 16
[2016-11-16 14:47:16.842]  Tuned to 17
[2016-11-16 14:47:16.942]  Tuned to 18
[2016-11-16 14:47:17.043]  Tuned to 19
[2016-11-16 14:47:17.144]  Tuned to 20
[2016-11-16 14:47:17.244]  Tuned to 21
[2016-11-16 14:47:17.345]  Tuned to 22
[2016-11-16 14:47:17.445]  Tuned to 23
[2016-11-16 14:47:17.546]  Tuned to 24
[2016-11-16 14:47:17.646]  Tuned to 25
[2016-11-16 14:47:17.746]  Tuned to 26
[2016-11-16 14:47:17.847]  Tuned to 27
[2016-11-16 14:47:17.948]  Tuned to 28
[2016-11-16 14:47:18.048]  Tuned to 29
[2016-11-16 14:47:18.149]  Tuned to 30
[2016-11-16 14:47:18.249]  Tuned to 31
[2016-11-16 14:47:18.349]  Tuned to 32
[2016-11-16 14:47:18.450]  Tuned to 33
[2016-11-16 14:47:18.550]  Tuned to 34
[2016-11-16 14:47:18.650]  Tuned to 35
[2016-11-16 14:47:18.751]  Tuned to 36
[2016-11-16 14:47:18.851]  Tuned to 37
[2016-11-16 14:47:18.951]  Tuned to 38
[2016-11-16 14:47:19.051]  Tuned to 39
[2016-11-16 14:47:19.152]  Tuned to 40
[2016-11-16 14:47:19.252]  Tuned to 41
[2016-11-16 14:47:19.352]  Tuned to 42
[2016-11-16 14:47:19.453]  Tuned to 43
[2016-11-16 14:47:19.553]  Tuned to 44
[2016-11-16 14:47:19.653]  Tuned to 45
[2016-11-16 14:47:19.754]  Tuned to 46
[2016-11-16 14:47:19.854]  Tuned to 47
[2016-11-16 14:47:19.954]  Tuned to 48
[2016-11-16 14:47:20.055]  Tuned to 49
[2016-11-16 14:47:20.155]  Tuned to 50
[2016-11-16 14:47:20.255]  Tuned to 51
[2016-11-16 14:47:20.356]  Tuned to 52
[2016-11-16 14:47:20.457]  Tuned to 53
[2016-11-16 14:47:20.558]  Tuned to 54
[2016-11-16 14:47:20.658]  Tuned to 55
[2016-11-16 14:47:20.758]  Tuned to 56
[2016-11-16 14:47:20.858]  Tuned to 57
[2016-11-16 14:47:20.959]  Tuned to 58
[2016-11-16 14:47:21.059]  Tuned to 59
[2016-11-16 14:47:21.159]  Tuned to 60
[2016-11-16 14:47:21.260]  Tuned to 61
[2016-11-16 14:47:21.360]  Tuned to 62
[2016-11-16 14:47:21.460]  Tuned to 63
[2016-11-16 14:47:21.560]  Tuned to 64
[2016-11-16 14:47:21.661]  Tuned to 65
[2016-11-16 14:47:21.762]  Tuned to 66
[2016-11-16 14:47:21.863]  Tuned to 67
[2016-11-16 14:47:21.965]  Tuned to 68
[2016-11-16 14:47:22.065]  Tuned to 69
[2016-11-16 14:47:22.165]  Tuned to 70
[2016-11-16 14:47:22.266]  Tuned to 71
[2016-11-16 14:47:22.366]  Tuned to 72
[2016-11-16 14:47:22.466]  Tuned to 73
[2016-11-16 14:47:22.567]  Tuned to 74
[2016-11-16 14:47:22.667]  Tuned to 75
[2016-11-16 14:47:22.767]  Tuned to 76
[2016-11-16 14:47:22.868]  Tuned to 77
[2016-11-16 14:47:22.968]  Tuned to 78
[2016-11-16 14:47:23.068]  Tuned to 79
[2016-11-16 14:47:23.168]  Tuned to 80
[2016-11-16 14:47:23.269]  Tuned to 81
[2016-11-16 14:47:23.369]  Tuned to 82
[2016-11-16 14:47:23.469]  Tuned to 83
[2016-11-16 14:47:23.570]  Tuned to 2
[2016-11-16 14:47:23.670]  Tuned to 3
[2016-11-16 14:47:23.770]  Tuned to 4
[2016-11-16 14:47:23.871]  Tuned to 5
[2016-11-16 14:47:23.971]  Tuned to 6
[2016-11-16 14:47:24.071]  Tuned to 7
[2016-11-16 14:47:24.171]  Tuned to 8
[2016-11-16 14:47:24.272]  Tuned to 9
[2016-11-16 14:47:24.373]  Tuned to 10
[2016-11-16 14:47:24.474]  Tuned to 11
[2016-11-16 14:47:24.574]  Tuned to 12
[2016-11-16 14:47:24.674]  Tuned to 13
[2016-11-16 14:47:24.775]  Tuned to 14
[2016-11-16 14:47:24.875]  Tuned to 15
[2016-11-16 14:47:24.975]  Tuned to 16
[2016-11-16 14:47:25.076]  Tuned to 17
[2016-11-16 14:47:25.176]  Tuned to 18
[2016-11-16 14:47:25.276]  Tuned to 19
[2016-11-16 14:47:25.376]  Tuned to 20
[2016-11-16 14:47:25.477]  Tuned to 21
[2016-11-16 14:47:25.577]  Tuned to 22
[2016-11-16 14:47:25.677]  Tuned to 23
[2016-11-16 14:47:25.778]  Tuned to 24
[2016-11-16 14:47:25.878]  Tuned to 25
[2016-11-16 14:47:25.978]  Tuned to 26
[2016-11-16 14:47:26.078]  Tuned to 27
[2016-11-16 14:47:26.180]  Tuned to 28
[2016-11-16 14:47:26.280]  Tuned to 29
[2016-11-16 14:47:26.381]  Tuned to 30
[2016-11-16 14:47:26.481]  Tuned to 31
[2016-11-16 14:47:26.581]  Tuned to 32
[2016-11-16 14:47:26.684]  Tuned to 33
[2016-11-16 14:47:26.784]  Tuned to 34
[2016-11-16 14:47:26.884]  Tuned to 35
[2016-11-16 14:47:26.985]  Tuned to 36
[2016-11-16 14:47:27.085]  Tuned to 37
[2016-11-16 14:47:27.185]  Tuned to 38
[2016-11-16 14:47:27.286]  Tuned to 39
[2016-11-16 14:47:27.386]  Tuned to 40
[2016-11-16 14:47:27.486]  Tuned to 41
[2016-11-16 14:47:27.586]  Tuned to 42
[2016-11-16 14:47:27.687]  Tuned to 43
[2016-11-16 14:47:27.787]  Tuned to 44
[2016-11-16 14:47:27.887]  Tuned to 45
[2016-11-16 14:47:27.988]  Tuned to 46
[2016-11-16 14:47:28.088]  Tuned to 47
[2016-11-16 14:47:28.188]  Tuned to 48
[2016-11-16 14:47:28.288]  Tuned to 49
[2016-11-16 14:47:28.389]  Tuned to 50
[2016-11-16 14:47:28.489]  Tuned to 51
[2016-11-16 14:47:28.590]  Tuned to 52
[2016-11-16 14:47:28.690]  Tuned to 53
[2016-11-16 14:47:28.791]  Tuned to 54
[2016-11-16 14:47:28.891]  Tuned to 55
[2016-11-16 14:47:28.991]  Tuned to 56
[2016-11-16 14:47:29.091]  Tuned to 57
[2016-11-16 14:47:29.192]  Tuned to 58
[2016-11-16 14:47:29.292]  Tuned to 59
[2016-11-16 14:47:29.392]  Tuned to 60
[2016-11-16 14:47:29.493]  Tuned to 61
[2016-11-16 14:47:29.593]  Tuned to 62
[2016-11-16 14:47:29.693]  Tuned to 63
[2016-11-16 14:47:29.794]  Tuned to 64
[2016-11-16 14:47:29.894]  Tuned to 65
[2016-11-16 14:47:29.995]  Tuned to 66
[2016-11-16 14:47:30.095]  Tuned to 67
[2016-11-16 14:47:30.195]  Tuned to 68
[2016-11-16 14:47:30.296]  Tuned to 69
[2016-11-16 14:47:30.396]  Tuned to 70
[2016-11-16 14:47:30.497]  Tuned to 71
[2016-11-16 14:47:30.597]  Tuned to 72
[2016-11-16 14:47:30.697]  Tuned to 73
[2016-11-16 14:47:30.799]  Tuned to 74
[2016-11-16 14:47:30.899]  Tuned to 75
[2016-11-16 14:47:31.000]  Tuned to 76
[2016-11-16 14:47:31.101]  Tuned to 77
[2016-11-16 14:47:31.201]  Tuned to 78
[2016-11-16 14:47:31.302]  Tuned to 79
[2016-11-16 14:47:31.402]  Tuned to 80
[2016-11-16 14:47:31.502]  Tuned to 81
[2016-11-16 14:47:31.603]  Tuned to 82
[2016-11-16 14:47:31.703]  Tuned to 83
[2016-11-16 14:47:31.803]  Tuned to 2
tail: output.txt: file truncated
                                                                                                                                                                                                                                                                                                                                                                                                                                                                                                                                                                                                                                                                                                                                                                                                                                                                                                                                                                                                                                                                                                                                                                                                                                                                                                                                                                                                                                                                                                                                                                                                                                                                                                                                                                                                                                                                                                                                                                                                                                                                                                                                                                                                                                                                                                                                                                                                                                                                                                                                                                                                                                                                                                                                                                                                                                                                                                                                                                                                                                                                                                                                                                                                                                                                                                                                                                                                                                                                                                                                                                                                                                                                                                                                                                                                                                                                                                                                                                                                                                                                                                                                                                                                                                                                                                                                                                                                                                                                                                                                                                                                                                                                                                                                                                                                                                                                                                                                                                                                                                                                                                                                                                                                                                                                                                                                                                                                                                                                                                                                                                                                                                                                                                                                                                                                                                                                                                                                                                                                                                                                                                                                                                                                                                                                                                                                                                                                                                                                                                                                                                                                                                                                                                                                                                                                                                                                                                                                                                                                                                                                                                                                                                                                                                                                                                                                                                                                                                                                                                                                                                                                                                                                                                                                                                                                                                                                                                                                                                                                                                                                                                                                                                                                                                                                                                                                                                                                                                                                                                                                                                                                                                                                                                                                                                                                                                                                                                                                                                                                                                                                                                                                                                                                                                                                                                                                                                                                                                                                                                                                                                                                                                                                                                                                                                                                                                                                                                                                                                                                                                                                                                                                                                                                                                                                                                                                                                                                                                                                                                                                                                                                                                                                                                                                                                                                                                                                                                                                                                                                                                                                                                                                                                                                                                                                                                                                                                                                                                                                                                                                                                                                                                                                                                                                                                                                                                                                                                                                                                                                                                                                                                                                                                                                                                                                                                                                                                                                                                                                                                                                                                                                                                                                                                                                                                                                                                                                                                                                                                                                                                                                                                                                                                                                                                                                                                                                                                                                                                                                                                                                                                                                                                                                                                                                                                                                                                                                                                                                                                                                                                                                                                                                                                                                                                                                                                                                                                                                                                                                                                                                                                                                                                                                                                                                                                                                                                                                                                                                                                                                                                                                                                                                                                                                                                                                                                                                                                                                                                                                                                                                                                                                                                                                                                                                                                                                                                                                                                                                                                                                                                                                                                                                                                                                                                                                                                                                                                                                                                                                                                                                                                                                                                                                                                                                                                                                                                                                                                                                                                                                                                                                                                                                                                                                                                                                                                                                                                                                                                                                                                                                                                                                                                                                                                                                                                                                                                                                                                                                                                                                                                                                                                                                                                                                                                                                                                                                                                                                                                                                                                                                                                                                                                                                                                                                                                                                                                                                                                                                                                                                                                                                                                                                                                                                                                                                                                                                                                                                                                                                                                                                                                                                                                                                                                                                                                                                                                                                                                                                                                                                                                                                                                                                                                                                                                                                                                                                                                                                                                                                                                                                                                                                                                                                                                                                                                                                                                                                                                                                                                                                                                                                                                                                                                                                                                                                                                                                                                                                                                                                                                                                                                                                                                                                                                                                                                                                                                                                                                                                                                                                                                                                                                                                                                                                                                                                                                                                                                                                                                                                                                                                                                                                                                                                                                                                                                                                                                                                                                                                                                                                                                                                                                                                                                                                                                                                                                                                                                                                                                                                                                                                                                                                                                                                                                                                                                                                                                                                                                                                                                                                                                                                                                                                                                                                                                                                                                                                                                                                                                                                                                                                                                                                                                                                                                                                                                                                                                                                                                                                                                                                                                                                                                                                                                                                                                                                                                                                                                                                                                                                                                                                                                                                                                                                                                                                                                                                                                                                                                                                                                                                                                                                                                                                                                                                                                                                                                                                                                                                                                                                                                                                                                                                                                                                                                                                                                                                                                                                                                                                                                                                                                                                                                                                                                                                                                                                                                                                                                                                                                                                                                                                                                                                                                                                                                                                                                                                                                                                                                                                                                                                                                                                                                                                                                                                                                                                                                                                                                                                                                                                                                                                                                                                                                                                                                                                                                                                                                                                                                                                                                                                                                                                                                                                                                                                                                                                                                                                                                                                                                                                                                                                                                                                                                                                                                                                                                                                                                                                                                                                                                                                                                                                                                                                                                                                                                                                                                                                                                                                                                                                                                                                                                                                                                                                                                                                                                                                                                                                                                                                                                                                                                                                                                                                                                                                                                                                                                                                                                                                                                                                                                                                                                                                                                                                                                                                                                                                                                                                                                                                                                                                                                                                                                                                                                                                                                                                                                                                                                                                                                                                                                                                                                                                                                                                                                                                                                                                                                                                                                                                                                                                                                                                                                                                                                                                                                                                                                                                                                                                                                                                                                                                                                                                                                                                                                                                                                                                                                                                                                                                                                                                                                                                                                                                                                                                                                                                                                                                                                                                                                                                                                                                                                                                                                                                                                                                                                                                                                                                                                                                                                                                                                                                                                                                                                                                                                                                                                                                                                                                                                                                                                                                                                                                                                                                                                                                                                                                                                                                                                                                                                                                                                                                                                                                                                                                                                                                                                                                                                                                                                                                                                                                                                                                                                                                                                                                                                                                                                                                                                                                                                                                                                                                                                                                                                                                                                                                                                                                                                                                                                                                                                                                                                                                                                                                                                                                                                                                                                                                                                                                                                                                                                                                                                                                                                                                                                                                                                                                                                                                                                                                                                                                                                                                                                                                                                                                                                                                                                                                                                                                                                                                                                                                                                                                                                                                                                                                                                                                                                                                                                                                                                                                                                                                                                                                                                                                                                                                                                                                                                                                                                                                                                                                                                                                                                                                                                                                                                                                                                                                                                                                                                                                                                                                                                                                                                                                                                                                                                                                                                                                                                                                                                                                                                                                                                                                                                                                                                                                                                                                                                                                                                                                                                                                                                                                                                                                                                                                                                                                                                                                                                                                                                                                                                                                                                                                                                                                                                                                                                                                                                                                                                                                                                                                                                                                                                                                                                                                                                                                                                                                                                                                                                                                                                                                                                                                                                                                                                                                                                                                                                                                                                                                                                                                                                                                                                                                                                                                                                                                                                                                                                                                                                                                                                                                                                                                                                                                                                                                                                                                                                                                                                                                                                                                                                                                                                                                                                                                                                                                                                                                                                                                                                                                                                                                                                                                                                                                                                                                                                                                                                                                                                                                                                                                                                                                                                                                                                                                                                                                                                                                                                                                                                                                                                                                                                                                                                                                                                                                                                                                                                                                                                                                                                                                                                                                                                                                                                                                                                                                                                                                                                                                                                                                                                                                                                                                                                                                                                                                                                                                                                                                                                                                                                                                                                                                                                                                                                                                                                                                                                                                                                                                                                                                                                                                                                                                                                                                                                                                                                                                                                                                                                                                                                                                                                                                                                                                                                                                                                                                                                                                                                                                                                                                                                                                                                                                                                                                                                                                                                                                                                                                                                                                                                                                                                                                                                                                                                                                                                                                                                                                                                                                                                                                                                                                                                                                                                                                                                                                                                                                                                                                                                                                                                                                                                                                                                                                                                                                                                                                                                                                                                                                                                                                                                                                                                                                                                                                                                                                                                                                                                                                                                                                                                                                                                                                                                                                                                                                                                                                                                                                                                                                                                                                                                                                                                                                                                                                                                                                                                                                                                                                                                                                                                                                                                                                                                                                                                                                                                                                                                                                                                                                                                                                                                                                                                                                                                                                                                                                                                                                                                                                                                                                                                                                                                                                                                                                                                                                                                                                                                                                                                                                                                                                                                                                                                                                                                                                                                                                                                                                                                                                                                                                                                                                                                                                                                                                                                                                                                                                                                                                                                                                                                                                                                                                                                                                                                                                                                                                                                                                                                                                                                                                                                                                                                                                                                                                                                                                                                                                                                                                                                                                                                                                                                                                                                                                                                                                                                                                                                                                                                                                                                                                                                                                                                                                                                                                                                                                                                                                                                                                                                                                                                                                                                                                                                                                                                                                                                                                                                                                                                                                                                                                                                                                                                                                                                                                                                                                                                                                                                                                                                                                                                                                                                                                                                                                                                                                                                                                                                                                                                                                                                                                                                                                                                                                                                                                                                                                                                                                                                                                                                                                                                                                                                                                                                                                                                                                                                                                                                                                                                                                                                                                                                                                                                                                                                                                                                                                                                                                                                                                                                                                                                                                                                                                                                                                                                                                                                                                                                                                                                                                                                                                                                                                                                                                                                                                                                                                                                                                                                                                                                                                                                                                                                                                                                                                                                                                                                                                                                                                                                                                                                                                                                                                                                                                                                                                                                                                                                                                                                                                                                                                                                                                                                                                                                                                                                                                                                                                                                                                                                                                                                                                                                                                                                                                                                                                                                                                                                                                                                                                                                                                                                                                                                                                                                                                                                                                                                                                                                                                                                                                                                                                                                                                                                                                                                                                                                                                                                                                                                                                                                                                                                                                                                                                                                                                                                                                                                                                                                                                                                                                                                                                                                                                                                                                                                                                                                                                                                                                                                                                                                                                                                                                                                                                                                                                                                                                                                                                                                                                                                                                                                                                                                                                                                                                                                                                                                                                                                                                                                                                                                                                                                                                                                                                                                                                                                                                                                                                                                                                                                                                                                                                                                                                                                                                                                                                                                                                                                                                                                                                                                                                                                                                                                                                                                                                                                                                                                                                                                                                                                                                                                                                                                                                                                                                                                                                                                                                                                                                                                                                                                                                                                                                                                                                                                                                                                                                                                                                                                                                                                                                                                                                                                                                                                                                                                                                                                                                                                                                                                                                                                                                                                                                                                                                                                                                                                                                                                                                                                                                                                                                                                                                                                                                                                                                                                                                                                                                                                                                                                                                                                                                                                                                                                                                                                                                                                                                                                                                                                                                                                                                                                                                                                                                                                                                                                                                                                                                                                                                                                                                                                                                                                                                                                                                                                                                                                                                                                                                                                                                                                                                                                                                                                                                                                                                                                                                                                                                                                                                                                                                                                                                                                                                                                                                                                                                                                                                                                                                                                                                                                                                                                                                                                                                                                                                                                                                                                                                                                                                                                                                                                                                                                                                                                                                                                                                                                                                                                                                                                                                                                                                                                                                                                                                                                                                                                                                                                                                                                                                                                                                                                                                                                                                                                                                                                                                                                                                                                                                                                                                                                                                                                                                                                                                                                                                                                                                                                                                                                                                                                                                                                                                                                                                                                                                                                                                                                                                                                                                                                                                                                                                                                                                                                                                                                                                                                                                                                                                                                                                                                                                                                                                                                                                                                                                                                                                                                                                                                                                                                                                                                                                                                                                                                                                                                                                                                                                                                                                                                                                                                                                                                                                                                                                                                                                                                                                                                                                                                                                                                                                                                                                                                                                                                                                                                                                                                                                                                                                                                                                                                                                                                                                                                                                                                                                                                                                                                                                                                                                                                                                                                                                                                                                                                                                                                                                                                                                                                                                                                                                                                                                                                                                                                                                                                                                                                                                                                                                                                                                                                                                                                                                                                                                                                                                                                                                                                                                                                                                                                                                                                                                                                                                                                                                                                                                                                                                                                                                                                                                                                                                                                                                                                                                                                                                                                                                                                                                                                                                                                                                                                                                                                                                                                                                                                                                                                                                                                                                                                                                                                                                                                                                                                                                                                                                                                                                                                                                                                                                                                                                                                                                                                                                                                                                                                                                                                                                                                                                                                                                                                                                                                                                                                                                                                                                                                                                                                                                                                                                                                                                                                                                                                                                                                                                                                                                                                                                                                                                                                                                                                                                                                                                                                                                                                                                                                                                                                                                                                                                                                                                                                                                                                                                                                                                                                                                                                                                                                                                                                                                                                                                                                                                                                                                                                                                                                                                                                                                                                                                                                                                                                                                                                                                                                                                                                                                                                                                                                                                                                                                                                                                                                                                                                                                                                                                                                                                                                                                                                                                                                                                                                                                                                                                                                                                                                                                                                                                                                                                                                                                                                                                                                                                                                                                                                                                                                                                                                                                                                                                                                                               [2016-11-16 14:47:31.903]  Tuned to 3
[2016-11-16 14:47:32.004]  Tuned to 4
[2016-11-16 14:47:32.104]  Tuned to 5
[2016-11-16 14:47:32.204]  Tuned to 6
[2016-11-16 14:47:32.304]  Tuned to 7
[2016-11-16 14:47:32.405]  Tuned to 8
[2016-11-16 14:47:32.505]  Tuned to 9
[2016-11-16 14:47:32.605]  Tuned to 10
[2016-11-16 14:47:32.706]  Tuned to 11
[2016-11-16 14:47:32.806]  Tuned to 12
[2016-11-16 14:47:32.906]  Tuned to 13
[2016-11-16 14:47:33.006]  Tuned to 14
[2016-11-16 14:47:33.107]  Tuned to 15
[2016-11-16 14:47:33.207]  Tuned to 16
[2016-11-16 14:47:33.308]  Tuned to 17
[2016-11-16 14:47:33.408]  Tuned to 18
[2016-11-16 14:47:33.508]  Tuned to 19
[2016-11-16 14:47:33.608]  Tuned to 20
[2016-11-16 14:47:33.709]  Tuned to 21
[2016-11-16 14:47:33.809]  Tuned to 22
[2016-11-16 14:47:33.909]  Tuned to 23
[2016-11-16 14:47:34.010]  Tuned to 24
[2016-11-16 14:47:34.110]  Tuned to 25
[2016-11-16 14:47:34.210]  Tuned to 26
[2016-11-16 14:47:34.310]  Tuned to 27
[2016-11-16 14:47:34.411]  Tuned to 28
[2016-11-16 14:47:34.513]  Tuned to 29
[2016-11-16 14:47:34.614]  Tuned to 30
[2016-11-16 14:47:34.714]  Tuned to 31
[2016-11-16 14:47:34.814]  Tuned to 32
[2016-11-16 14:47:34.914]  Tuned to 33
[2016-11-16 14:47:35.015]  Tuned to 34
[2016-11-16 14:47:35.115]  Tuned to 35
[2016-11-16 14:47:35.216]  Tuned to 36
[2016-11-16 14:47:35.316]  Tuned to 37
[2016-11-16 14:47:35.416]  Tuned to 38
[2016-11-16 14:47:35.517]  Tuned to 39
[2016-11-16 14:47:35.617]  Tuned to 40
[2016-11-16 14:47:35.717]  Tuned to 41
[2016-11-16 14:47:35.817]  Tuned to 42
[2016-11-16 14:47:35.918]  Tuned to 43
[2016-11-16 14:47:36.018]  Tuned to 44
[2016-11-16 14:47:36.119]  Tuned to 45
[2016-11-16 14:47:36.219]  Tuned to 46
[2016-11-16 14:47:36.319]  Tuned to 47
[2016-11-16 14:47:36.420]  Tuned to 48
[2016-11-16 14:47:36.520]  Tuned to 49
[2016-11-16 14:47:36.620]  Tuned to 50
[2016-11-16 14:47:36.721]  Tuned to 51
[2016-11-16 14:47:36.821]  Tuned to 52
[2016-11-16 14:47:36.921]  Tuned to 53
[2016-11-16 14:47:37.022]  Tuned to 54
[2016-11-16 14:47:37.122]  Tuned to 55
[2016-11-16 14:47:37.222]  Tuned to 56
[2016-11-16 14:47:37.323]  Tuned to 57
[2016-11-16 14:47:37.423]  Tuned to 58
[2016-11-16 14:47:37.526]  Tuned to 59
[2016-11-16 14:47:37.626]  Tuned to 60
[2016-11-16 14:47:37.726]  Tuned to 61
[2016-11-16 14:47:37.827]  Tuned to 62
[2016-11-16 14:47:37.927]  Tuned to 63
[2016-11-16 14:47:38.027]  Tuned to 64
[2016-11-16 14:47:38.127]  Tuned to 65
[2016-11-16 14:47:38.228]  Tuned to 66
[2016-11-16 14:47:38.328]  Tuned to 67
[2016-11-16 14:47:38.428]  Tuned to 68
[2016-11-16 14:47:38.529]  Tuned to 69
[2016-11-16 14:47:38.629]  Tuned to 70
[2016-11-16 14:47:38.729]  Tuned to 71
[2016-11-16 14:47:38.830]  Tuned to 72
[2016-11-16 14:47:38.932]  Tuned to 73
[2016-11-16 14:47:39.032]  Tuned to 74
[2016-11-16 14:47:39.132]  Tuned to 75
[2016-11-16 14:47:39.233]  Tuned to 76
[2016-11-16 14:47:39.333]  Tuned to 77
[2016-11-16 14:47:39.433]  Tuned to 78
[2016-11-16 14:47:39.534]  Tuned to 79
[2016-11-16 14:47:39.634]  Tuned to 80
[2016-11-16 14:47:39.734]  Tuned to 81
[2016-11-16 14:47:39.834]  Tuned to 82
[2016-11-16 14:47:39.935]  Tuned to 83
[2016-11-16 14:47:40.035]  Tuned to 2
[2016-11-16 14:47:40.135]  Tuned to 3
[2016-11-16 14:47:40.236]  Tuned to 4
[2016-11-16 14:47:40.336]  Tuned to 5
[2016-11-16 14:47:40.436]  Tuned to 6
[2016-11-16 14:47:40.537]  Tuned to 7
[2016-11-16 14:47:40.637]  Tuned to 8
[2016-11-16 14:47:40.737]  Tuned to 9
[2016-11-16 14:47:40.838]  Tuned to 10
[2016-11-16 14:47:40.938]  Tuned to 11
[2016-11-16 14:47:41.038]  Tuned to 12
[2016-11-16 14:47:41.139]  Tuned to 13
[2016-11-16 14:47:41.239]  Tuned to 14
[2016-11-16 14:47:41.339]  Tuned to 15
[2016-11-16 14:47:41.440]  Tuned to 16
[2016-11-16 14:47:41.540]  Tuned to 17
[2016-11-16 14:47:41.640]  Tuned to 18
[2016-11-16 14:47:41.741]  Tuned to 19
[2016-11-16 14:47:41.841]  Tuned to 20
[2016-11-16 14:47:41.941]  Tuned to 21
[2016-11-16 14:47:42.042]  Tuned to 22
[2016-11-16 14:47:42.142]  Tuned to 23
[2016-11-16 14:47:42.242]  Tuned to 24
[2016-11-16 14:47:42.343]  Tuned to 25
[2016-11-16 14:47:42.443]  Tuned to 26
[2016-11-16 14:47:42.543]  Tuned to 27
[2016-11-16 14:47:42.644]  Tuned to 28
[2016-11-16 14:47:42.744]  Tuned to 29
[2016-11-16 14:47:42.844]  Tuned to 30
[2016-11-16 14:47:42.945]  Tuned to 31
[2016-11-16 14:47:43.045]  Tuned to 32
[2016-11-16 14:47:43.145]  Tuned to 33
[2016-11-16 14:47:43.246]  Tuned to 34
[2016-11-16 14:47:43.346]  Tuned to 35
[2016-11-16 14:47:43.446]  Tuned to 36
[2016-11-16 14:47:43.547]  Tuned to 37
[2016-11-16 14:47:43.647]  Tuned to 38
[2016-11-16 14:47:43.748]  Tuned to 39
[2016-11-16 14:47:43.848]  Tuned to 40
[2016-11-16 14:47:43.948]  Tuned to 41
[2016-11-16 14:47:44.049]  Tuned to 42
tail: output.txt: file truncated
                                                                                                                                                                                                                                                                                                                                                                                                                                                                                                                                                                                                                                                                                                                                                                                                                                                                                                                                                                                                                                                                                                                                                                                                                                                                                                                                                                                                                                                                                                                                                                                                                                                                                                                                                                                                                                                                                                                                                                                                                                                                                                                                                                                                                                                                                                                                                                                                                                                                                                                                                                                                                                                                                                                                                                                                                                                                                                                                                                                                                                                                                                                                                                                                                                                                                                                                                                                                                                                                                                                                                                                                                                                                                                                                                                                                                                                                                                                                                                                                                                                                                                                                                                                                                                                                                                                                                                                                                                                                                                                                                                                                                                                                                                                                                                                                                                                                                                                                                                                                                                                                                                                                                                                                                                                                                                                                                                                                                                                                                                                                                                                                                                                                                                                                                                                                                                                                                                                                                                                                                                                                                                                                                                                                                                                                                                                                                                                                                                                                                                                                                                                                                                                                                                                                                                                                                                                                                                                                                                                                                                                                                                                                                                                                                                                                                                                                                                                                                                                                                                                                                                                                                                                                                                                                                                                                                                                                                                                                                                                                                                                                                                                                                                                                                                                                                                                                                                                                                                                                                                                                                                                                                                                                                                                                                                                                                                                                                                                                                                                                                                                                                                                                                                                                                                                                                                                                                                                                                                                                                                                                                                                                                                                                                                                                                                                                                                                                                                                                                                                                                                                                                                                                                                                                                                                                                                                                                                                                                                                                                                                                                                                                                                                                                                                                                                                                                                                                                                                                                                                                                                                                                                                                                                                                                                                                                                                                                                                                                                                                                                                                                                                                                                                                                                                                                                                                                                                                                                                                                                                                                                                                                                                                                                                                                                                                                                                                                                                                                                                                                                                                                                                                                                                                                                                                                                                                                                                                                                                                                                                                                                                                                                                                                                                                                                                                                                                                                                                                                                                                                                                                                                                                                                                                                                                                                                                                                                                                                                                                                                                                                                                                                                                                                                                                                                                                                                                                                                                                                                                                                                                                                                                                                                                                                                                                                                                                                                                                                                                                                                                                                                                                                                                                                                                                                                                                                                                                                                                                                                                                                                                                                                                                                                                                                                                                                                                                                                                                                                                                                                                                                                                                                                                                                                                                                                                                                                                                                                                                                                                                                                                                                                                                                                                                                                                                                                                                                                                                                                                                                                                                                                                                                                                                                                                                                                                                                                                                                                                                                                                                                                                                                                                                                                                                                                                                                                                                                                                                                                                                                                                                                                                                                                                                                                                                                                                                                                                                                                                                                                                                                                                                                                                                                                                                                                                                                                                                                                                                                                                                                                                                                                                                                                                                                                                                                                                                                                                                                                                                                                                                                                                                                                                                                                                                                                                                                                                                                                                                                                                                                                                                                                                                                                                                                                                                                                                                                                                                                                                                                                                                                                                                                                                                                                                                                                                                                                                                                                                                                                                                                                                                                                                                                                                                                                                                                                                                                                                                                                                                                                                                                                                                                                                                                                                                                                                                                                                                                                                                                                                                                                                                                                                                                                                                                                                                                                                                                                                                                                                                                                                                                                                                                                                                                                                                                                                                                                                                                                                                                                                                                                                                                                                                                                                                                                                                                                                                                                                                                                                                                                                                                                                                                                                                                                                                                                                                                                                                                                                                                                                                                                                                                                                                                                                                                                                                                                                                                                                                                                                                                                                                                                                                                                                                                                                                                                                                                                                                                                                                                                                                                                                                                                                                                                                                                                                                                                                                                                                                                                                                                                                                                                                                                                                                                                                                                                                                                                                                                                                                                                                                                                                                                                                                                                                                                                                                                                                                                                                                                                                                                                                                                                                                                                                                                                                                                                                                                                                                                                                                                                                                                                                                                                                                                                                                                                                                                                                                                                                                                                                                                                                                                                                                                                                                                                                                                                                                                                                                                                                                                                                                                                                                                                                                                                                                                                                                                                                                                                                                                                                                                                                                                                                                                                                                                                                                                                                                                                                                                                                                                                                                                                                                                                                                                                                                                                                                                                                                                                                                                                                                                                                                                                                                                                                                                                                                                                                                                                                                                                                                                                                                                                                                                                                                                                                                                                                                                                                                                                                                                                                                                                                                                                                                                                                                                                                                                                                                                                                                                                                                                                                                                                                                                                                                                                                                                                                                                                                                                                                                                                                                                                                                                                                                                                                                                                                                                                                                                                                                                                                                                                                                                                                                                                                                                                                                                                                                                                                                                                                                                                                                                                                                                                                                                                                                                                                                                                                                                                                                                                                                                                                                                                                                                                                                                                                                                                                                                                                                                                                                                                                                                                                                                                                                                                                                                                                                                                                                                                                                                                                                                                                                                                                                                                                                                                                                                                                                                                                                                                                                                                                                                                                                                                                                                                                                                                                                                                                                                                                                                                                                                                                                                                                                                                                                                                                                                                                                                                                                                                                                                                                                                                                                                                                                                                                                                                                                                                                                                                                                                                                                                                                                                                                                                                                                                                                                                                                                                                                                                                                                                                                                                                                                                                                                                                                                                                                                                                                                                                                                                                                                                                                                                                                                                                                                                                                                                                                                                                                                                                                                                                                                                                                                                                                                                                                                                                                                                                                                                                                                                                                                                                                                                                                                                                                                                                                                                                                                                                                                                                                                                                                                                                                                                                                                                                                                                                                                                                                                                                                                                                                                                                                                                                                                                                                                                                                                                                                                                                                                                                                                                                                                                                                                                                                                                                                                                                                                                                                                                                                                                                                                                                                                                                                                                                                                                                                                                                                                                                                                                                                                                                                                                                                                                                                                                                                                                                                                                                                                                                                                                                                                                                                                                                                                                                                                                                                                                                                                                                                                                                                                                                                                                                                                                                                                                                                                                                                                                                                                                                                                                                                                                                                                                                                                                                                                                                                                                                                                                                                                                                                                                                                                                                                                                                                                                                                                                                                                                                                                                                                                                                                                                                                                                                                                                                                                                                                                                                                                                                                                                                                                                                                                                                                                                                                                                                                                                                                                                                                                                                                                                                                                                                                                                                                                                                                                                                                                                                                                                                                                                                                                                                                                                                                                                                                                                                                                                                                                                                                                                                                                                                                                                                                                                                                                                                                                                                                                                                                                                                                                                                                                                                                                                                                                                                                                                                                                                                                                                                                                                                                                                                                                                                                                                                                                                                                                                                                                                                                                                                                                                                                                                                                                                                                                                                                                                                                                                                                                                                                                                                                                                                                                                                                                                                                                                                                                                                                                                                                                                                                                                                                                                                                                                                                                                                                                                                                                                                                                                                                                                                                                                                                                                                                                                                                                                                                                                                                                                                                                                                                                                                                                                                                                                                                                                                                                                                                                                                                                                                                                                                                                                                                                                                                                                                                                                                                                                                                                                                                                                                                                                                                                                                                                                                                                                                                                                                                                                                                                                                                                                                                                                                                                                                                                                                                                                                                                                                                                                                                                                                                                                                                                                                                                                                                                                                                                                                                                                                                                                                                                                                                                                                                                                                                                                                                                                                                                                                                                                                                                                                                                                                                                                                                                                                                                                                                                                                                                                                                                                                                                                                                                                                                                                                                                                                                                                                                                                                                                                                                                                                                                                                                                                                                                                                                                                                                                                                                                                                                                                                                                                                                                                                                                                                                                                                                                                                                                                                                                                                                                                                                                                                                                                                                                                                                                                                                                                                                                                                                                                                                                                                                                                                                                                                                                                                                                                                                                                                                                                                                                                                                                                                                                                                                                                                                                                                                                                                                                                                                                                                                                                                                                                                                                                                                                                                                                                                                                                                                                                                                                                                                                                                                                                                                                                                                                                                                                                                                                                                                                                                                                                                                                                                                                                                                                                                                                                                                                                                                                                                                                                                                                                                                                                                                                                                                                                                                                                                                                                                                                                                                                                                                                                                                                                                                                                                                                                                                                                                                                                                                                                                                                                                                                                                                                                                                                                                                                                                                                                                                                                                                                                                                                                                                                                                                                                                                                                                                                                                                                                                                                                                                                                                                                                                                                                                                                                                                                                                                                                                                                                                                                                                                                                                                                                                                                                                                                                                                                                                                                                                                                                                                                                                                                                                                                                                                                                                                                                                                                                                                                                                                                                                                                                                                                                                                                                                                                                                                                                                                                                                                                                                                                                                                                                                                                                                                                                                                                                                                                                                                                                                                                                                                                                                                                                                                                                                                                                                                                                                                                                                                                                                                                                                                                                                                                                                                                                                                                                                                                                                                                                                                                                                                                                                                                                                                                                                                                                                                                                                                                                                                                                                                                                                                                                                                                                                                                                                                                                                                                                                                                                                                                                                                                                                                                                                                                                                                                                                                                                                                                                                                                                                                                                                                                                                                                                                                                                                                                                                                                                                                                                                                                                                                                                                                                                                                                                                                                                                                                                                                                                                                                                                                                                                                                                                                                                                                                                                                                                                                                                                                                                                                                                                                                                                                                                                                                                                                                                                                                                                                                                                                                                                                                                                                                                                                                                                                                                                                                                                                                                                                                                                                                                                                                                                                                                                                                                                                                                                                                                                                                                                                                                                                                                                                                                                                                                                                                                                                                                                                                                                                                                                                                                                                                                                                                                                                                                                                                                                                                                                                                                                                                                                                                                                                                                                                                                                                                                                                                                                                                                                                                                                                                                                                                                                                                                                                                                                                                                                                                                                                                                                                                                                                                                                                                                                                                                                                                                                                                                                                                                                                                                                                                                                                                                                                                                                                                                                                                                                                                                                                                                                                                                                                                                                                                                                                                                                                                                                                                                                                                                                                                                                                                                                                                                                                                                                                                                                                                                                                                                                                                                                                                                                                                                                                                                                                                                                                                                                                                                                                                                                                                                                                                                                                                                                                                                                                                                                                                                                                                                                                                                                                                                                                                                                                                                                                                                                                                                                                                                                                                                                                                                                                                                                                                                                                                                                                                                                                                                                                                                                                                                                                                                                                                                                                                                                                                                                                                                                                                                                                                                                                                                                                                                                                                                                                                                                                                                                                                                                                                                                                                                                                                                                                                                                                                                                                                                                                                                                                                                                                                                                                                                                                                                                                                                                                                                                                                                                                                                                                                                                                                                                                                                                                                                                                                                                                                                                                                                                                                                                                                                                                                                                                                                                                                                                                                                                                                                                                                                                                                                                                                                                                                                                                                                                                                                                                                                                                                                                                                                                                                                                                                                                                                                                                                                                                                                                                                                                                                                                                                                                                                                                                                                                                                                                                                                                                                                                                                                                                                                                                                                                                                                                                                                                                                                                                                                                                                                                                                                                                                                                                                                                                                                                                                                                                                                                                                                                                                                                                                                                                                                                                                                                                                                                                                                                                                                                                                                                                                                                                                                                                                                                                                                                                                                                                                                                                                                                                                                                                                                                                                                                                                                                                                                                                                                                                                                                                                                                                                                                                                                                                                                                                                                                                                                                                                                                                                                                                                                                                                                                                                                                                                                                                                                                                                                                                                                                                                                                                                                                                                                                                                                                                                                                                                                                                                                                                                                                                                                                                                                                                                                                                                                                                                                                                                                                                                                                                                                                                                                                                                                                                                                                                                                                                                                                                                                                                                                                                                                                                                                                                                                                                                                                                                                                                                                                                                                                                                                                                                                                                                                                                                                                                                                                                                                                                                                                                                                                                                                                                                                                                                                                                                                                                                                                                                                                                                                                                                                                                                                                                                                                                                                                                                                                                                                                                                                                                                                                                                                                                                                                                                                                                                                                                                                                                                                                                                                                                                                                                                                                                                                                                                                                                                                                                                                                                                                                                                                                                                                                                                                                                                                                                                                                                                                                                                                                                                                                                                                                                                                                                                                                                                                                                                                                                                                                                                                                                                                                                                                                                                                                                                                                                                                                                                                                                                                                                                                                                                                                                                                                                                                                                                                                                                                                                                                                                                                                                                                                                                                                                                                                                                                                                                                                                                                                                                                                                                                                                                                                                                                                                                                                                                                                                                                                                                                                                                                                                                                                                                                                                                                                                                                                                                                                                                                                                                                                                                                                                                                                                                                                                                                                                                                                                                                                                                                                                                                                                                                                                                                                                                                                                                                                                                                                                                                                                                                                                                                                                                                                                                                                                                                                                                                                                                                                                                                                                                                                                                                                                                                                                                                                                                                                                                                                                                                                                                                                                                                                                                                                                                                                                                                                                                                                                                                                                                                                                                                                                                                                                                                                                                                                                                                                                                                                                                                                                                                                                                                                                                                                                                                                                                                                                                                                                                                                                                                                                                                                                                                                                                                                                                                                                                                                                                                                                                                                                                                                             [2016-11-16 14:47:44.249]  Tuned to 44
[2016-11-16 14:47:44.350]  Tuned to 45
[2016-11-16 14:47:44.450]  Tuned to 46
[2016-11-16 14:47:44.550]  Tuned to 47
[2016-11-16 14:47:44.651]  Tuned to 48
[2016-11-16 14:47:44.751]  Tuned to 49
[2016-11-16 14:47:44.853]  Tuned to 50
[2016-11-16 14:47:44.953]  Tuned to 51
[2016-11-16 14:47:45.054]  Tuned to 52
[2016-11-16 14:47:45.154]  Tuned to 53
[2016-11-16 14:47:45.254]  Tuned to 54
[2016-11-16 14:47:45.355]  Tuned to 55
[2016-11-16 14:47:45.455]  Tuned to 56
[2016-11-16 14:47:45.557]  Tuned to 57
[2016-11-16 14:47:45.657]  Tuned to 58
[2016-11-16 14:47:45.758]  Tuned to 59
[2016-11-16 14:47:45.858]  Tuned to 60
[2016-11-16 14:47:45.958]  Tuned to 61
[2016-11-16 14:47:46.059]  Tuned to 62
[2016-11-16 14:47:46.159]  Tuned to 63
[2016-11-16 14:47:46.259]  Tuned to 64
[2016-11-16 14:47:46.360]  Tuned to 65
[2016-11-16 14:47:46.460]  Tuned to 66
[2016-11-16 14:47:46.560]  Tuned to 67
[2016-11-16 14:47:46.661]  Tuned to 68
[2016-11-16 14:47:46.761]  Tuned to 69
[2016-11-16 14:47:46.861]  Tuned to 70
[2016-11-16 14:47:46.962]  Tuned to 71
[2016-11-16 14:47:47.062]  Tuned to 72
[2016-11-16 14:47:47.162]  Tuned to 73
[2016-11-16 14:47:47.262]  Tuned to 74
[2016-11-16 14:47:47.363]  Tuned to 75
[2016-11-16 14:47:47.464]  Tuned to 76
[2016-11-16 14:47:47.564]  Tuned to 77
[2016-11-16 14:47:47.664]  Tuned to 78
[2016-11-16 14:47:47.765]  Tuned to 79
[2016-11-16 14:47:47.865]  Tuned to 80
[2016-11-16 14:47:47.965]  Tuned to 81
[2016-11-16 14:47:48.066]  Tuned to 82
[2016-11-16 14:47:48.166]  Tuned to 83
[2016-11-16 14:47:48.266]  Tuned to 2
[2016-11-16 14:47:48.367]  Tuned to 3
[2016-11-16 14:47:48.467]  Tuned to 4
[2016-11-16 14:47:48.567]  Tuned to 5
[2016-11-16 14:47:48.667]  Tuned to 6
[2016-11-16 14:47:48.768]  Tuned to 7
[2016-11-16 14:47:48.868]  Tuned to 8
[2016-11-16 14:47:48.968]  Tuned to 9
[2016-11-16 14:47:49.069]  Tuned to 10
[2016-11-16 14:47:49.169]  Tuned to 11
[2016-11-16 14:47:49.269]  Tuned to 12
[2016-11-16 14:47:49.370]  Tuned to 13
[2016-11-16 14:47:49.470]  Tuned to 14
[2016-11-16 14:47:49.570]  Tuned to 15
[2016-11-16 14:47:49.671]  Tuned to 16
[2016-11-16 14:47:49.771]  Tuned to 17
[2016-11-16 14:47:49.871]  Tuned to 18
[2016-11-16 14:47:49.972]  Tuned to 19
[2016-11-16 14:47:50.072]  Tuned to 20
[2016-11-16 14:47:50.172]  Tuned to 21
[2016-11-16 14:47:50.272]  Tuned to 22
[2016-11-16 14:47:50.373]  Tuned to 23
[2016-11-16 14:47:50.473]  Tuned to 24
[2016-11-16 14:47:50.573]  Tuned to 25
[2016-11-16 14:47:50.674]  Tuned to 26
[2016-11-16 14:47:50.774]  Tuned to 27
[2016-11-16 14:47:50.875]  Tuned to 28
[2016-11-16 14:47:50.975]  Tuned to 29
[2016-11-16 14:47:51.075]  Tuned to 30
[2016-11-16 14:47:51.175]  Tuned to 31
[2016-11-16 14:47:51.276]  Tuned to 32
[2016-11-16 14:47:51.376]  Tuned to 33
[2016-11-16 14:47:51.476]  Tuned to 34
[2016-11-16 14:47:51.576]  Tuned to 35
[2016-11-16 14:47:51.677]  Tuned to 36
[2016-11-16 14:47:51.777]  Tuned to 37
[2016-11-16 14:47:51.879]  Tuned to 38
[2016-11-16 14:47:51.979]  Tuned to 39
[2016-11-16 14:47:52.079]  Tuned to 40
[2016-11-16 14:47:52.179]  Tuned to 41
[2016-11-16 14:47:52.280]  Tuned to 42
[2016-11-16 14:47:52.380]  Tuned to 43
[2016-11-16 14:47:52.480]  Tuned to 44
[2016-11-16 14:47:52.581]  Tuned to 45
[2016-11-16 14:47:52.681]  Tuned to 46
[2016-11-16 14:47:52.782]  Tuned to 47
[2016-11-16 14:47:52.882]  Tuned to 48
[2016-11-16 14:47:52.982]  Tuned to 49
[2016-11-16 14:47:53.083]  Tuned to 50
[2016-11-16 14:47:53.183]  Tuned to 51
[2016-11-16 14:47:53.283]  Tuned to 52
[2016-11-16 14:47:53.384]  Tuned to 53
[2016-11-16 14:47:53.484]  Tuned to 54
[2016-11-16 14:47:53.586]  Tuned to 55
[2016-11-16 14:47:53.686]  Tuned to 56
[2016-11-16 14:47:53.786]  Tuned to 57
[2016-11-16 14:47:53.887]  Tuned to 58
[2016-11-16 14:47:53.987]  Tuned to 59
[2016-11-16 14:47:54.087]  Tuned to 60
[2016-11-16 14:47:54.188]  Tuned to 61
[2016-11-16 14:47:54.288]  Tuned to 62
[2016-11-16 14:47:54.388]  Tuned to 63
[2016-11-16 14:47:54.489]  Tuned to 64
[2016-11-16 14:47:54.589]  Tuned to 65
[2016-11-16 14:47:54.689]  Tuned to 66
[2016-11-16 14:47:54.789]  Tuned to 67
[2016-11-16 14:47:54.890]  Tuned to 68
[2016-11-16 14:47:54.990]  Tuned to 69
[2016-11-16 14:47:55.090]  Tuned to 70
[2016-11-16 14:47:55.191]  Tuned to 71
[2016-11-16 14:47:55.292]  Tuned to 72
[2016-11-16 14:47:55.392]  Tuned to 73
[2016-11-16 14:47:55.492]  Tuned to 74
[2016-11-16 14:47:55.593]  Tuned to 75
[2016-11-16 14:47:55.693]  Tuned to 76
[2016-11-16 14:47:55.793]  Tuned to 77
[2016-11-16 14:47:55.894]  Tuned to 78
[2016-11-16 14:47:55.994]  Tuned to 79
[2016-11-16 14:47:56.094]  Tuned to 80
[2016-11-16 14:47:56.195]  Tuned to 81
[2016-11-16 14:47:56.295]  Tuned to 82
[2016-11-16 14:47:56.395]  Tuned to 83
[2016-11-16 14:47:56.496]  Tuned to 2
[2016-11-16 14:47:56.596]  Tuned to 3
[2016-11-16 14:47:56.696]  Tuned to 4
[2016-11-16 14:47:56.797]  Tuned to 5
[2016-11-16 14:47:56.897]  Tuned to 6
[2016-11-16 14:47:56.997]  Tuned to 7
[2016-11-16 14:47:57.098]  Tuned to 8
[2016-11-16 14:47:57.198]  Tuned to 9
[2016-11-16 14:47:57.298]  Tuned to 10
[2016-11-16 14:47:57.398]  Tuned to 11
[2016-11-16 14:47:57.499]  Tuned to 12
[2016-11-16 14:47:57.599]  Tuned to 13
[2016-11-16 14:47:57.699]  Tuned to 14
[2016-11-16 14:47:57.800]  Tuned to 15
[2016-11-16 14:47:57.900]  Tuned to 16
[2016-11-16 14:47:58.000]  Tuned to 17
[2016-11-16 14:47:58.101]  Tuned to 18
[2016-11-16 14:47:58.201]  Tuned to 19
[2016-11-16 14:47:58.301]  Tuned to 20
[2016-11-16 14:47:58.401]  Tuned to 21
[2016-11-16 14:47:58.502]  Tuned to 22
[2016-11-16 14:47:58.602]  Tuned to 23
tail: output.txt: file truncated
                                                                                                                                                                                                                                                                                                                                                                                                                                                                                                                                                                                                                                                                                                                                                                                                                                                                                                                                                                                                                                                                                                                                                                                                                                                                                                                                                                                                                                                                                                                                                                                                                                                                                                                                                                                                                                                                                                                                                                                                                                                                                                                                                                                                                                                                                                                                                                                                                                                                                                                                                                                                                                                                                                                                                                                                                                                                                                                                                                                                                                                                                                                                                                                                                                                                                                                                                                                                                                                                                                                                                                                                                                                                                                                                                                                                                                                                                                                                                                                                                                                                                                                                                                                                                                                                                                                                                                                                                                                                                                                                                                                                                                                                                                                                                                                                                                                                                                                                                                                                                                                                                                                                                                                                                                                                                                                                                                                                                                                                                                                                                                                                                                                                                                                                                                                                                                                                                                                                                                                                                                                                                                                                                                                                                                                                                                                                                                                                                                                                                                                                                                                                                                                                                                                                                                                                                                                                                                                                                                                                                                                                                                                                                                                                                                                                                                                                                                                                                                                                                                                                                                                                                                                                                                                                                                                                                                                                                                                                                                                                                                                                                                                                                                                                                                                                                                                                                                                                                                                                                                                                                                                                                                                                                                                                                                                                                                                                                                                                                                                                                                                                                                                                                                                                                                                                                                                                                                                                                                                                                                                                                                                                                                                                                                                                                                                                                                                                                                                                                                                                                                                                                                                                                                                                                                                                                                                                                                                                                                                                                                                                                                                                                                                                                                                                                                                                                                                                                                                                                                                                                                                                                                                                                                                                                                                                                                                                                                                                                                                                                                                                                                                                                                                                                                                                                                                                                                                                                                                                                                                                                                                                                                                                                                                                                                                                                                                                                                                                                                                                                                                                                                                                                                                                                                                                                                                                                                                                                                                                                                                                                                                                                                                                                                                                                                                                                                                                                                                                                                                                                                                                                                                                                                                                                                                                                                                                                                                                                                                                                                                                                                                                                                                                                                                                                                                                                                                                                                                                                                                                                                                                                                                                                                                                                                                                                                                                                                                                                                                                                                                                                                                                                                                                                                                                                                                                                                                                                                                                                                                                                                                                                                                                                                                                                                                                                                                                                                                                                                                                                                                                                                                                                                                                                                                                                                                                                                                                                                                                                                                                                                                                                                                                                                                                                                                                                                                                                                                                                                                                                                                                                                                                                                                                                                                                                                                                                                                                                                                                                                                                                                                                                                                                                                                                                                                                                                                                                                                                                                                                                                                                                                                                                                                                                                                                                                                                                                                                                                                                                                                                                                                                                                                                                                                                                                                                                                                                                                                                                                                                                                                                                                                                                                                                                                                                                                                                                                                                                                                                                                                                                                                                                                                                                                                                                                                                                                                                                                                                                                                                                                                                                                                                                                                                                                                                                                                                                                                                                                                                                                                                                                                                                                                                                                                                                                                                                                                                                                                                                                                                                                                                                                                                                                                                                                                                                                                                                                                                                                                                                                                                                                                                                                                                                                                                                                                                                                                                                                                                                                                                                                                                                                                                                                                                                                                                                                                                                                                                                                                                                                                                                                                                                                                                                                                                                                                                                                                                                                                                                                                                                                                                                                                                                                                                                                                                                                                                                                                                                                                                                                                                                                                                                                                                                                                                                                                                                                                                                                                                                                                                                                                                                                                                                                                                                                                                                                                                                                                                                                                                                                                                                                                                                                                                                                                                                                                                                                                                                                                                                                                                                                                                                                                                                                                                                                                                                                                                                                                                                                                                                                                                                                                                                                                                                                                                                                                                                                                                                                                                                                                                                                                                                                                                                                                                                                                                                                                                                                                                                                                                                                                                                                                                                                                                                                                                                                                                                                                                                                                                                                                                                                                                                                                                                                                                                                                                                                                                                                                                                                                                                                                                                                                                                                                                                                                                                                                                                                                                                                                                                                                                                                                                                                                                                                                                                                                                                                                                                                                                                                                                                                                                                                                                                                                                                                                                                                                                                                                                                                                                                                                                                                                                                                                                                                                                                                                                                                                                                                                                                                                                                                                                                                                                                                                                                                                                                                                                                                                                                                                                                                                                                                                                                                                                                                                                                                                                                                                                                                                                                                                                                                                                                                                                                                                                                                                                                                                                                                                                                                                                                                                                                                                                                                                                                                                                                                                                                                                                                                                                                                                                                                                                                                                                                                                                                                                                                                                                                                                                                                                                                                                                                                                                                                                                                                                                                                                                                                                                                                                                                                                                                                                                                                                                                                                                                                                                                                                                                                                                                                                                                                                                                                                                                                                                                                                                                                                                                                                                                                                                                                                                                                                                                                                                                                                                                                                                                                                                                                                                                                                                                                                                                                                                                                                                                                                                                                                                                                                                                                                                                                                                                                                                                                                                                                                                                                                                                                                                                                                                                                                                                                                                                                                                                                                                                                                                                                                                                                                                                                                                                                                                                                                                                                                                                                                                                                                                                                                                                                                                                                                                                                                                                                                                                                                                                                                                                                                                                                                                                                                                                                                                                                                                                                                                                                                                                                                                                                                                                                                                                                                                                                                                                                                                                                                                                                                                                                                                                                                                                                                                                                                                                                                                                                                                                                                                                                                                                                                                                                                                                                                                                                                                                                                                                                                                                                                                                                                                                                                                                                                                                                                                                                                                                                                                                                                                                                                                                                                                                                                                                                                                                                                                                                                                                                                                                                                                                                                                                                                                                                                                                                                                                                                                                                                                                                                                                                                                                                                                                                                                                                                                                                                                                                                                                                                                                                                                                                                                                                                                                                                                                                                                                                                                                                                                                                                                                                                                                                                                                                                                                                                                                                                                                                                                                                                                                                                                                                                                                                                                                                                                                                                                                                                                                                                                                                                                                                                                                                                                                                                                                                                                                                                                                                                                                                                                                                                                                                                                                                                                                                                                                                                                                                                                                                                                                                                                                                                                                                                                                                                                                                                                                                                                                                                                                                                                                                                                                                                                                                                                                                                                                                                                                                                                                                                                                                                                                                                                                                                                                                                                                                                                                                                                                                                                                                                                                                                                                                                                                                                                                                                                                                                                                                                                                                                                                                                                                                                                                                                                                                                                                                                                                                                                                                                                                                                                                                                                                                                                                                                                                                                                                                                                                                                                                                                                                                                                                                                                                                                                                                                                                                                                                                                                                                                                                                                                                                                                                                                                                                                                                                                                                                                                                                                                                                                                                                                                                                                                                                                                                                                                                                                                                                                                                                                                                                                                                                                                                                                                                                                                                                                                                                                                                                                                                                                                                                                                                                                                                                                                                                                                                                                                                                                                                                                                                                                                                                                                                                                                                                                                                                                                                                                                                                                                                                                                                                                                                                                                                                                                                                                                                                                                                                                                                                                                                                                                                                                                                                                                                                                                                                                                                                                                                                                                                                                                                                                                                                                                                                                                                                                                                                                                                                                                                                                                                                                                                                                                                                                                                                                                                                                                                                                                                                                                                                                                                                                                                                                                                                                                                                                                                                                                                                                                                                                                                                                                                                                                                                                                                                                                                                                                                                                                                                                                                                                                                                                                                                                                                                                                                                                                                                                                                                                                                                                                                                                                                                                                                                                                                                                                                                                                                                                                                                                                                                                                                                                                                                                                                                                                                                                                                                                                                                                                                                                                                                                                                                                                                                                                                                                                                                                                                                                                                                                                                                                                                                                                                                                                                                                                                                                                                                                                                                                                                                                                                                                                                                                                                                                                                                                                                                                                                                                                                                                                                                                                                                                                                                                                                                                                                                                                                                                                                                                                                                                                                                                                                                                                                                                                                                                                                                                                                                                                                                                                                                                                                                                                                                                                                                                                                                                                                                                                                                                                                                                                                                                                                                                                                                                                                                                                                                                                                                                                                                                                                                                                                                                                                                                                                                                                                                                                                                                                                                                                                                                                                                                                                                                                                                                                                                                                                                                                                                                                                                                                                                                                                                                                                                                                                                                                                                                                                                                                                                                                                                                                                                                                                                                                                                                                                                                                                                                                                                                                                                                                                                                                                                                                                                                                                                                                                                                                                                                                                                                                                                                                                                                                                                                                                                                                                                                                                                                                                                                                                                                                                                                                                                                                                                                                                                                                                                                                                                                                                                                                                                                                                                                                                                                                                                                                                                                                                                                                                                                                                                                                                                                                                                                                                                                                                                                                                                                                                                                                                                                                                                                                                                                                                                                                                                                                                                                                                                                                                                                                                                                                                                                                                                                                                                                                                                                                                                                                                                                                                                                                                                                                                                                                                                                                                                                                                                                                                                                                                                                                                                                                                                                                                                                                                                                                                                                                                                                                                                                                                                                                                                                                                                                                                                                                                                                                                                                                                                                                                                                                                                                                                                                                                                                                                                                                                                                                                                                                                                                                                                                                                                                                                                                                                                                                                                                                                                                                                                                                                                                                                                                                                                                                                                                                                                                                                                                                                                                                                                                                                                                                                                                                                                                                                                                                                                                                                                                                                                                                                                                                                                                                                                                                                                                                                                                                                                                                                                                                                                                                                                                                                                                                                                                                                                                                                                                                                                                                                                                                                                                                                                                                                                                                                                                                                                                                                                                                                                                                                                                                                                                                                                                                                                                                                                                                                                                                                                                                                                                                                                                                                                                                                                                                                                                                                                                                                                                                                                                                                                                                                                                                                                                                                                                                                                                                                                                                                                                                                                                                                                                                                                                                                                                                                                                                                                                                                                                                                                                                                                                                                                                                                                                                                                                                                                                                                                                                                                                                                                                                                                                                                                                                                                                                                                                                                                                                                                                                                                                                                                                                                                                                                                                                                                                                                                                                                                                                                                                                                                                                                                                                                                                                                                                                                                                                                                                                                                                                                                                                                                                                                                                                                                                                                                                                                                                                                                                                                                                                                                                                                                                                                                                                                                                                                                                                                                                                                                                                                                                                                                                                                                                                                                                                                                                                                                                                                                                                                                                                                                                                                                                                                                                                                                                                                                                                                                                                                                                                                                                                                                                                                                                                                                                                                                                                                                                                                                                                                                                                                                                                                                                                                                                                                                                                                                                                                                                                                                                                                                                                                                                                                                                                                                                                                                                                                                                                                                                                                                                                                                                                                                                                                                                                                                                                                                                                                                                                                                                                                                                                                                                                                                                                                                                                                                                                                                                                                                                                                                                                                                                                                                                                                                                                                                                                                                                                                                                                                                                                                                                                                                                                                                                                                                                                                                                                                                                                                                                                                                                                                                                                                                                                                                                                                                                                                                                                                                                                                                                                                                                                                                                                                                                                                                                                                                                                                                                                                                                                                                                                                                                                                                                                                                                                                                                                                                                                                                                                                                                                                                                                                                                                                                                                                                                                                                                                                                                                                                                                                                                                                                                                                                                                                                                                                                                                                                                                                                                                                                                                                                                                                                                                                                                                                                                                                                                                                                                                                                                                                                                                                                                                                                                                                                                                                                                                                                                                                                                                                                                                                                                                                                                                                                                                                                                                                                                                                                                                                                                                                                                                                                                                                                                                                                                                                                                                                                                                                                                                                                                                                                                                                                                                                                                                                                                                                                                                                                                                                                                                                                                                                                                                                                                                                                                                                                                                                                                                                                                                                                                                                                                                                                                                                                                                                                                                                                                                                                                                                                                                                                                                                                                                                                                                                                                                                                                                                                                                                                                                                                                                                                                                                                                                                                                                                                                                                                                                                                                                                                                                                                                                                                                                                                                                                                                                                                                                                                                                                                                                                                                                                                                                                                                                                                                                                                                                                                                                                                                                                                                                                                                                                                                                                                                                                                                                                                                                                                                                                                                                                                                                                                                                                                                                                                                                                                                                                                                                                                                                                                                                                                                                                                                                                                                                                                                                                                                                                                                                                                                                                                                                                                                                                                                                                                                                                                                                                                                                                                                                                                                                                                                                                                                                                                                                                                                                                                                                                                                                                                                                                                                                                                                                                                                                                                                                                                                                                                                                                                                                                                                                                                                                                                                                                                                                                                                                                                                                                                                                                                                                                                                                                                                                                                                                                                                                                                                                                                                                                                                                                                                                                                                                                                                                                                                                                                                                                                                                                                                                                                                                                                                                                                                                                                                                                                                                                                                                                                                                                                                                                                                                                                                                                                                                                                                                                                                                                                                                                                                                                                                                                                                                                                                                                                                                                                                                                                                                                                                                                                                                                                                                                                                                                                                                                                                                                                                                                                                                                                                                                                                                                                                                                                                                                                                                                                                                                                                                                                                                                                                                                                                                                                                                                                                                                                                                                                                                                                                                                                                                                                                                                                                                                                                                                                                                                                                                                                                                                                                                                                                                                                                                                                                                                                                                                                                                                                                                                                                                                                                                                                                                                                                                                                                                                                                                                                                                                                                                                                                                                                                                                                                                                                                                                                                                                                                                                                                                                                                                                                                                                                                                                                                                                                                                                                                                                                                                                                                                                                                                                                                                                                                                                                                                                                                                                                                                                                                                                                                                                                                                                                                                                                                                                                                                                                                                                                                                                                                                                                                                                                                                                                                                                                                                                                                                                                                                                                                                                                                                                                                                                                                                                                                                                                                                                                                                                                                                                                                                                                                                                                                                                                                                                                                                                                                                                                                                                                                                                                                                                                                                                                                                                                                                                                                                                                                                                                                                                                                                                                                                                                                                                                                                                                                                                                                                                                                                                                                                                                                                                                                                                                                                             [2016-11-16 14:47:58.702]  Tuned to 24
[2016-11-16 14:47:58.803]  Tuned to 25
[2016-11-16 14:47:58.903]  Tuned to 26
[2016-11-16 14:47:59.003]  Tuned to 27
[2016-11-16 14:47:59.104]  Tuned to 28
[2016-11-16 14:47:59.204]  Tuned to 29
[2016-11-16 14:47:59.305]  Tuned to 30
[2016-11-16 14:47:59.405]  Tuned to 31
[2016-11-16 14:47:59.505]  Tuned to 32
[2016-11-16 14:47:59.606]  Tuned to 33
[2016-11-16 14:47:59.706]  Tuned to 34
[2016-11-16 14:47:59.807]  Tuned to 35
[2016-11-16 14:47:59.907]  Tuned to 36
[2016-11-16 14:48:00.007]  Tuned to 37
[2016-11-16 14:48:00.108]  Tuned to 38
[2016-11-16 14:48:00.208]  Tuned to 39
[2016-11-16 14:48:00.308]  Tuned to 40
[2016-11-16 14:48:00.409]  Tuned to 41
[2016-11-16 14:48:00.511]  Tuned to 42
[2016-11-16 14:48:00.611]  Tuned to 43
[2016-11-16 14:48:00.712]  Tuned to 44
[2016-11-16 14:48:00.812]  Tuned to 45
[2016-11-16 14:48:00.912]  Tuned to 46
[2016-11-16 14:48:01.013]  Tuned to 47
[2016-11-16 14:48:01.113]  Tuned to 48
[2016-11-16 14:48:01.213]  Tuned to 49
[2016-11-16 14:48:01.313]  Tuned to 50
[2016-11-16 14:48:01.414]  Tuned to 51
[2016-11-16 14:48:01.514]  Tuned to 52
[2016-11-16 14:48:01.615]  Tuned to 53
[2016-11-16 14:48:01.715]  Tuned to 54
[2016-11-16 14:48:01.815]  Tuned to 55
[2016-11-16 14:48:01.916]  Tuned to 56
[2016-11-16 14:48:02.016]  Tuned to 57
[2016-11-16 14:48:02.117]  Tuned to 58
[2016-11-16 14:48:02.218]  Tuned to 59
[2016-11-16 14:48:02.318]  Tuned to 60
[2016-11-16 14:48:02.418]  Tuned to 61
[2016-11-16 14:48:02.519]  Tuned to 62
[2016-11-16 14:48:02.619]  Tuned to 63
[2016-11-16 14:48:02.719]  Tuned to 64
[2016-11-16 14:48:02.819]  Tuned to 65
[2016-11-16 14:48:02.920]  Tuned to 66
[2016-11-16 14:48:03.020]  Tuned to 67
[2016-11-16 14:48:03.120]  Tuned to 68
[2016-11-16 14:48:03.221]  Tuned to 69
[2016-11-16 14:48:03.321]  Tuned to 70
[2016-11-16 14:48:03.422]  Tuned to 71
[2016-11-16 14:48:03.523]  Tuned to 72
[2016-11-16 14:48:03.623]  Tuned to 73
[2016-11-16 14:48:03.723]  Tuned to 74
[2016-11-16 14:48:03.823]  Tuned to 75
[2016-11-16 14:48:03.924]  Tuned to 76
[2016-11-16 14:48:04.024]  Tuned to 77
[2016-11-16 14:48:04.125]  Tuned to 78
[2016-11-16 14:48:04.225]  Tuned to 79
[2016-11-16 14:48:04.325]  Tuned to 80
[2016-11-16 14:48:04.426]  Tuned to 81
[2016-11-16 14:48:04.526]  Tuned to 82
[2016-11-16 14:48:04.626]  Tuned to 83
[2016-11-16 14:48:04.726]  Tuned to 2
[2016-11-16 14:48:04.827]  Tuned to 3
[2016-11-16 14:48:04.927]  Tuned to 4
[2016-11-16 14:48:05.028]  Tuned to 5
[2016-11-16 14:48:05.128]  Tuned to 6
[2016-11-16 14:48:05.228]  Tuned to 7
[2016-11-16 14:48:05.329]  Tuned to 8
[2016-11-16 14:48:05.429]  Tuned to 9
[2016-11-16 14:48:05.529]  Tuned to 10
[2016-11-16 14:48:05.629]  Tuned to 11
[2016-11-16 14:48:05.730]  Tuned to 12
[2016-11-16 14:48:05.830]  Tuned to 13
[2016-11-16 14:48:05.931]  Tuned to 14
[2016-11-16 14:48:06.031]  Tuned to 15
[2016-11-16 14:48:06.132]  Tuned to 16
[2016-11-16 14:48:06.232]  Tuned to 17
[2016-11-16 14:48:06.332]  Tuned to 18
[2016-11-16 14:48:06.432]  Tuned to 19
[2016-11-16 14:48:06.533]  Tuned to 20
[2016-11-16 14:48:06.633]  Tuned to 21
[2016-11-16 14:48:06.733]  Tuned to 22
[2016-11-16 14:48:06.834]  Tuned to 23
[2016-11-16 14:48:06.934]  Tuned to 24
[2016-11-16 14:48:07.034]  Tuned to 25
[2016-11-16 14:48:07.135]  Tuned to 26
[2016-11-16 14:48:07.235]  Tuned to 27
[2016-11-16 14:48:07.335]  Tuned to 28
[2016-11-16 14:48:07.435]  Tuned to 29
[2016-11-16 14:48:07.536]  Tuned to 30
[2016-11-16 14:48:07.636]  Tuned to 31
[2016-11-16 14:48:07.736]  Tuned to 32
[2016-11-16 14:48:07.837]  Tuned to 33
[2016-11-16 14:48:07.939]  Tuned to 34
[2016-11-16 14:48:08.039]  Tuned to 35
[2016-11-16 14:48:08.139]  Tuned to 36
[2016-11-16 14:48:08.240]  Tuned to 37
[2016-11-16 14:48:08.340]  Tuned to 38
[2016-11-16 14:48:08.440]  Tuned to 39
[2016-11-16 14:48:08.541]  Tuned to 40
[2016-11-16 14:48:08.642]  Tuned to 41
[2016-11-16 14:48:08.742]  Tuned to 42
[2016-11-16 14:48:08.842]  Tuned to 43
[2016-11-16 14:48:08.943]  Tuned to 44
[2016-11-16 14:48:09.044]  Tuned to 45
[2016-11-16 14:48:09.144]  Tuned to 46
[2016-11-16 14:48:09.245]  Tuned to 47
[2016-11-16 14:48:09.345]  Tuned to 48
[2016-11-16 14:48:09.445]  Tuned to 49
[2016-11-16 14:48:09.545]  Tuned to 50
[2016-11-16 14:48:09.646]  Tuned to 51
[2016-11-16 14:48:09.746]  Tuned to 52
[2016-11-16 14:48:09.846]  Tuned to 53
[2016-11-16 14:48:09.947]  Tuned to 54
[2016-11-16 14:48:10.047]  Tuned to 55
[2016-11-16 14:48:10.148]  Tuned to 56
[2016-11-16 14:48:10.249]  Tuned to 57
[2016-11-16 14:48:10.349]  Tuned to 58
[2016-11-16 14:48:10.449]  Tuned to 59
[2016-11-16 14:48:10.549]  Tuned to 60
[2016-11-16 14:48:10.650]  Tuned to 61
[2016-11-16 14:48:10.750]  Tuned to 62
[2016-11-16 14:48:10.850]  Tuned to 63
[2016-11-16 14:48:10.951]  Tuned to 64
[2016-11-16 14:48:11.051]  Tuned to 65
[2016-11-16 14:48:11.151]  Tuned to 66
[2016-11-16 14:48:11.252]  Tuned to 67
[2016-11-16 14:48:11.352]  Tuned to 68
[2016-11-16 14:48:11.452]  Tuned to 69
[2016-11-16 14:48:11.552]  Tuned to 70
[2016-11-16 14:48:11.653]  Tuned to 71
[2016-11-16 14:48:11.754]  Tuned to 72
[2016-11-16 14:48:11.854]  Tuned to 73
[2016-11-16 14:48:11.954]  Tuned to 74
[2016-11-16 14:48:12.054]  Tuned to 75
[2016-11-16 14:48:12.155]  Tuned to 76
[2016-11-16 14:48:12.255]  Tuned to 77
[2016-11-16 14:48:12.355]  Tuned to 78
[2016-11-16 14:48:12.456]  Tuned to 79
[2016-11-16 14:48:12.556]  Tuned to 80
[2016-11-16 14:48:12.656]  Tuned to 81
[2016-11-16 14:48:12.756]  Tuned to 82
[2016-11-16 14:48:12.857]  Tuned to 83
[2016-11-16 14:48:12.957]  Tuned to 2
[2016-11-16 14:48:13.057]  Tuned to 3
[2016-11-16 14:48:13.158]  Tuned to 4
[2016-11-16 14:48:13.258]  Tuned to 5
[2016-11-16 14:48:13.358]  Tuned to 6
[2016-11-16 14:48:13.459]  Tuned to 7
[2016-11-16 14:48:13.559]  Tuned to 8
[2016-11-16 14:48:13.660]  Tuned to 9
[2016-11-16 14:48:13.760]  Tuned to 10
[2016-11-16 14:48:13.860]  Tuned to 11
[2016-11-16 14:48:13.960]  Tuned to 12
[2016-11-16 14:48:14.061]  Tuned to 13
[2016-11-16 14:48:14.161]  Tuned to 14
[2016-11-16 14:48:14.261]  Tuned to 15
[2016-11-16 14:48:14.362]  Tuned to 16
[2016-11-16 14:48:14.462]  Tuned to 17
[2016-11-16 14:48:14.562]  Tuned to 18
[2016-11-16 14:48:14.662]  Tuned to 19
[2016-11-16 14:48:14.763]  Tuned to 20
[2016-11-16 14:48:14.863]  Tuned to 21
[2016-11-16 14:48:14.963]  Tuned to 22
[2016-11-16 14:48:15.064]  Tuned to 23
[2016-11-16 14:48:15.164]  Tuned to 24
[2016-11-16 14:48:15.264]  Tuned to 25
[2016-11-16 14:48:15.365]  Tuned to 26
[2016-11-16 14:48:15.465]  Tuned to 27
[2016-11-16 14:48:15.565]  Tuned to 28
[2016-11-16 14:48:15.665]  Tuned to 29
[2016-11-16 14:48:15.766]  Tuned to 30
[2016-11-16 14:48:15.866]  Tuned to 31
[2016-11-16 14:48:15.966]  Tuned to 32
[2016-11-16 14:48:16.067]  Tuned to 33
[2016-11-16 14:48:16.167]  Tuned to 34
[2016-11-16 14:48:16.267]  Tuned to 35
[2016-11-16 14:48:16.368]  Tuned to 36
[2016-11-16 14:48:16.468]  Tuned to 37
[2016-11-16 14:48:16.569]  Tuned to 38
[2016-11-16 14:48:16.669]  Tuned to 39
[2016-11-16 14:48:16.770]  Tuned to 40
[2016-11-16 14:48:16.870]  Tuned to 41
[2016-11-16 14:48:16.970]  Tuned to 42
[2016-11-16 14:48:17.070]  Tuned to 43
[2016-11-16 14:48:17.171]  Tuned to 44
[2016-11-16 14:48:17.271]  Tuned to 45
[2016-11-16 14:48:17.371]  Tuned to 46
[2016-11-16 14:48:17.472]  Tuned to 47
[2016-11-16 14:48:17.572]  Tuned to 48
[2016-11-16 14:48:17.672]  Tuned to 49
[2016-11-16 14:48:17.773]  Tuned to 50
[2016-11-16 14:48:17.873]  Tuned to 51
[2016-11-16 14:48:17.973]  Tuned to 52
[2016-11-16 14:48:18.074]  Tuned to 53
[2016-11-16 14:48:18.174]  Tuned to 54
[2016-11-16 14:48:18.274]  Tuned to 55
[2016-11-16 14:48:18.375]  Tuned to 56
[2016-11-16 14:48:18.475]  Tuned to 57
[2016-11-16 14:48:18.575]  Tuned to 58
[2016-11-16 14:48:18.675]  Tuned to 59
[2016-11-16 14:48:18.776]  Tuned to 60
[2016-11-16 14:48:18.876]  Tuned to 61
[2016-11-16 14:48:18.976]  Tuned to 62
[2016-11-16 14:48:19.077]  Tuned to 63
[2016-11-16 14:48:19.177]  Tuned to 64
[2016-11-16 14:48:19.277]  Tuned to 65
[2016-11-16 14:48:19.378]  Tuned to 66
[2016-11-16 14:48:19.478]  Tuned to 67
[2016-11-16 14:48:19.578]  Tuned to 68
[2016-11-16 14:48:19.678]  Tuned to 69
[2016-11-16 14:48:19.779]  Tuned to 70
[2016-11-16 14:48:19.879]  Tuned to 71
[2016-11-16 14:48:19.980]  Tuned to 72
[2016-11-16 14:48:20.080]  Tuned to 73
[2016-11-16 14:48:20.180]  Tuned to 74
[2016-11-16 14:48:20.281]  Tuned to 75
[2016-11-16 14:48:20.381]  Tuned to 76
[2016-11-16 14:48:20.481]  Tuned to 77
[2016-11-16 14:48:20.581]  Tuned to 78
[2016-11-16 14:48:20.682]  Tuned to 79
[2016-11-16 14:48:20.782]  Tuned to 80
[2016-11-16 14:48:20.885]  Tuned to 81
[2016-11-16 14:48:20.985]  Tuned to 82
[2016-11-16 14:48:21.086]  Tuned to 83
[2016-11-16 14:48:21.186]  Tuned to 2
[2016-11-16 14:48:21.286]  Tuned to 3
[2016-11-16 14:48:21.386]  Tuned to 4
[2016-11-16 14:48:21.487]  Tuned to 5
[2016-11-16 14:48:21.587]  Tuned to 6
[2016-11-16 14:48:21.687]  Tuned to 7
[2016-11-16 14:48:21.789]  Tuned to 8
[2016-11-16 14:48:21.889]  Tuned to 9
[2016-11-16 14:48:21.989]  Tuned to 10
[2016-11-16 14:48:22.090]  Tuned to 11
[2016-11-16 14:48:22.190]  Tuned to 12
[2016-11-16 14:48:22.290]  Tuned to 13
[2016-11-16 14:48:22.391]  Tuned to 14
[2016-11-16 14:48:22.491]  Tuned to 15
[2016-11-16 14:48:22.591]  Tuned to 16
[2016-11-16 14:48:22.691]  Tuned to 17
[2016-11-16 14:48:22.792]  Tuned to 18
[2016-11-16 14:48:22.892]  Tuned to 19
[2016-11-16 14:48:22.992]  Tuned to 20
[2016-11-16 14:48:23.093]  Tuned to 21
[2016-11-16 14:48:23.193]  Tuned to 22
[2016-11-16 14:48:23.293]  Tuned to 23
[2016-11-16 14:48:23.394]  Tuned to 24
[2016-11-16 14:48:23.494]  Tuned to 25
[2016-11-16 14:48:23.594]  Tuned to 26
[2016-11-16 14:48:23.695]  Tuned to 27
[2016-11-16 14:48:23.795]  Tuned to 28
[2016-11-16 14:48:23.895]  Tuned to 29
[2016-11-16 14:48:23.995]  Tuned to 30
[2016-11-16 14:48:24.096]  Tuned to 31
[2016-11-16 14:48:24.196]  Tuned to 32
[2016-11-16 14:48:24.296]  Tuned to 33
[2016-11-16 14:48:24.397]  Tuned to 34
[2016-11-16 14:48:24.497]  Tuned to 35
[2016-11-16 14:48:24.597]  Tuned to 36
[2016-11-16 14:48:24.697]  Tuned to 37
[2016-11-16 14:48:24.798]  Tuned to 38
[2016-11-16 14:48:24.898]  Tuned to 39
[2016-11-16 14:48:24.998]  Tuned to 40
[2016-11-16 14:48:25.099]  Tuned to 41
[2016-11-16 14:48:25.199]  Tuned to 42
[2016-11-16 14:48:25.299]  Tuned to 43
[2016-11-16 14:48:25.400]  Tuned to 44
[2016-11-16 14:48:25.500]  Tuned to 45
[2016-11-16 14:48:25.601]  Tuned to 46
[2016-11-16 14:48:25.701]  Tuned to 47
[2016-11-16 14:48:25.801]  Tuned to 48
[2016-11-16 14:48:25.901]  Tuned to 49
[2016-11-16 14:48:26.002]  Tuned to 50
[2016-11-16 14:48:26.102]  Tuned to 51
[2016-11-16 14:48:26.202]  Tuned to 52
[2016-11-16 14:48:26.303]  Tuned to 53
[2016-11-16 14:48:26.403]  Tuned to 54
[2016-11-16 14:48:26.503]  Tuned to 55
[2016-11-16 14:48:26.604]  Tuned to 56
[2016-11-16 14:48:26.704]  Tuned to 57
[2016-11-16 14:48:26.804]  Tuned to 58
[2016-11-16 14:48:26.904]  Tuned to 59
[2016-11-16 14:48:27.005]  Tuned to 60
[2016-11-16 14:48:27.105]  Tuned to 61
[2016-11-16 14:48:27.205]  Tuned to 62
[2016-11-16 14:48:27.306]  Tuned to 63
[2016-11-16 14:48:27.406]  Tuned to 64
[2016-11-16 14:48:27.506]  Tuned to 65
[2016-11-16 14:48:27.607]  Tuned to 66
[2016-11-16 14:48:27.707]  Tuned to 67
[2016-11-16 14:48:27.807]  Tuned to 68
[2016-11-16 14:48:27.908]  Tuned to 69
[2016-11-16 14:48:28.008]  Tuned to 70
[2016-11-16 14:48:28.108]  Tuned to 71
[2016-11-16 14:48:28.209]  Tuned to 72
[2016-11-16 14:48:28.309]  Tuned to 73
[2016-11-16 14:48:28.409]  Tuned to 74
[2016-11-16 14:48:28.509]  Tuned to 75
[2016-11-16 14:48:28.610]  Tuned to 76
[2016-11-16 14:48:28.710]  Tuned to 77
[2016-11-16 14:48:28.810]  Tuned to 78
[2016-11-16 14:48:28.911]  Tuned to 79
[2016-11-16 14:48:29.011]  Tuned to 80
[2016-11-16 14:48:29.111]  Tuned to 81
[2016-11-16 14:48:29.212]  Tuned to 82
[2016-11-16 14:48:29.312]  Tuned to 83
[2016-11-16 14:48:29.412]  Tuned to 2
[2016-11-16 14:48:29.513]  Tuned to 3
[2016-11-16 14:48:29.613]  Tuned to 4
[2016-11-16 14:48:29.711]   4  23  95:C6:99:2D:4F  3D:AB:29:5A:D4:AB:93:6E:5C:D1:0B:5A:95:09:94:85:6E:BA:A8:ED:31:32:CD
[2016-11-16 14:48:29.713]  Tuned to 5
[2016-11-16 14:48:29.813]  Tuned to 6
[2016-11-16 14:48:29.914]  Tuned to 7
[2016-11-16 14:48:30.014]  Tuned to 8
[2016-11-16 14:48:30.114]  Tuned to 9
[2016-11-16 14:48:30.215]  Tuned to 10
[2016-11-16 14:48:30.315]  Tuned to 11
[2016-11-16 14:48:30.415]  Tuned to 12
[2016-11-16 14:48:30.517]  Tuned to 13
[2016-11-16 14:48:30.617]  Tuned to 14
[2016-11-16 14:48:30.718]  Tuned to 15
[2016-11-16 14:48:30.818]  Tuned to 16
[2016-11-16 14:48:30.918]  Tuned to 17
[2016-11-16 14:48:31.019]  Tuned to 18
[2016-11-16 14:48:31.119]  Tuned to 19
[2016-11-16 14:48:31.220]  Tuned to 20
[2016-11-16 14:48:31.320]  Tuned to 21
[2016-11-16 14:48:31.420]  Tuned to 22
[2016-11-16 14:48:31.521]  Tuned to 23
[2016-11-16 14:48:31.621]  Tuned to 24
[2016-11-16 14:48:31.721]  Tuned to 25
[2016-11-16 14:48:31.821]  Tuned to 26
[2016-11-16 14:48:31.922]  Tuned to 27
[2016-11-16 14:48:32.022]  Tuned to 28
[2016-11-16 14:48:32.122]  Tuned to 29
[2016-11-16 14:48:32.222]  Tuned to 30
[2016-11-16 14:48:32.323]  Tuned to 31
[2016-11-16 14:48:32.423]  Tuned to 32
[2016-11-16 14:48:32.523]  Tuned to 33
[2016-11-16 14:48:32.624]  Tuned to 34
[2016-11-16 14:48:32.724]  Tuned to 35
[2016-11-16 14:48:32.824]  Tuned to 36
[2016-11-16 14:48:32.925]  Tuned to 37
[2016-11-16 14:48:33.025]  Tuned to 38
[2016-11-16 14:48:33.125]  Tuned to 39
[2016-11-16 14:48:33.226]  Tuned to 40
[2016-11-16 14:48:33.326]  Tuned to 41
[2016-11-16 14:48:33.426]  Tuned to 42
[2016-11-16 14:48:33.527]  Tuned to 43
[2016-11-16 14:48:33.628]  Tuned to 44
[2016-11-16 14:48:33.729]  Tuned to 45
[2016-11-16 14:48:33.830]  Tuned to 46
[2016-11-16 14:48:33.932]  Tuned to 47
[2016-11-16 14:48:34.032]  Tuned to 48
[2016-11-16 14:48:34.132]  Tuned to 49
[2016-11-16 14:48:34.233]  Tuned to 50
[2016-11-16 14:48:34.333]  Tuned to 51
[2016-11-16 14:48:34.433]  Tuned to 52
[2016-11-16 14:48:34.534]  Tuned to 53
[2016-11-16 14:48:34.634]  Tuned to 54
[2016-11-16 14:48:34.734]  Tuned to 55
[2016-11-16 14:48:34.835]  Tuned to 56
[2016-11-16 14:48:34.935]  Tuned to 57
[2016-11-16 14:48:35.035]  Tuned to 58
[2016-11-16 14:48:35.136]  Tuned to 59
[2016-11-16 14:48:35.236]  Tuned to 60
[2016-11-16 14:48:35.338]  Tuned to 61
[2016-11-16 14:48:35.438]  Tuned to 62
[2016-11-16 14:48:35.539]  Tuned to 63
[2016-11-16 14:48:35.639]  Tuned to 64
[2016-11-16 14:48:35.740]  Tuned to 65
[2016-11-16 14:48:35.840]  Tuned to 66
[2016-11-16 14:48:35.940]  Tuned to 67
[2016-11-16 14:48:36.040]  Tuned to 68
[2016-11-16 14:48:36.141]  Tuned to 69
[2016-11-16 14:48:36.241]  Tuned to 70
[2016-11-16 14:48:36.343]  Tuned to 71
[2016-11-16 14:48:36.443]  Tuned to 72
[2016-11-16 14:48:36.543]  Tuned to 73
[2016-11-16 14:48:36.643]  Tuned to 74
[2016-11-16 14:48:36.744]  Tuned to 75
[2016-11-16 14:48:36.844]  Tuned to 76
[2016-11-16 14:48:36.944]  Tuned to 77
[2016-11-16 14:48:37.046]  Tuned to 78
[2016-11-16 14:48:37.146]  Tuned to 79
[2016-11-16 14:48:37.247]  Tuned to 80
[2016-11-16 14:48:37.347]  Tuned to 81
[2016-11-16 14:48:37.447]  Tuned to 82
[2016-11-16 14:48:37.548]  Tuned to 83
[2016-11-16 14:48:37.648]  Tuned to 2
[2016-11-16 14:48:37.748]  Tuned to 3
[2016-11-16 14:48:37.849]  Tuned to 4
[2016-11-16 14:48:37.949]  Tuned to 5
[2016-11-16 14:48:38.049]  Tuned to 6
[2016-11-16 14:48:38.150]  Tuned to 7
[2016-11-16 14:48:38.250]  Tuned to 8
[2016-11-16 14:48:38.350]  Tuned to 9
[2016-11-16 14:48:38.450]  Tuned to 10
[2016-11-16 14:48:38.551]  Tuned to 11
[2016-11-16 14:48:38.651]  Tuned to 12
[2016-11-16 14:48:38.751]  Tuned to 13
[2016-11-16 14:48:38.852]  Tuned to 14
[2016-11-16 14:48:38.952]  Tuned to 15
[2016-11-16 14:48:39.052]  Tuned to 16
[2016-11-16 14:48:39.154]  Tuned to 17
[2016-11-16 14:48:39.255]  Tuned to 18
[2016-11-16 14:48:39.355]  Tuned to 19
[2016-11-16 14:48:39.455]  Tuned to 20
[2016-11-16 14:48:39.555]  Tuned to 21
[2016-11-16 14:48:39.656]  Tuned to 22
[2016-11-16 14:48:39.756]  Tuned to 23
[2016-11-16 14:48:39.856]  Tuned to 24
[2016-11-16 14:48:39.957]  Tuned to 25
[2016-11-16 14:48:40.057]  Tuned to 26
[2016-11-16 14:48:40.158]  Tuned to 27
[2016-11-16 14:48:40.258]  Tuned to 28
[2016-11-16 14:48:40.358]  Tuned to 29
[2016-11-16 14:48:40.459]  Tuned to 30
[2016-11-16 14:48:40.559]  Tuned to 31
[2016-11-16 14:48:40.659]  Tuned to 32
[2016-11-16 14:48:40.760]  Tuned to 33
[2016-11-16 14:48:40.860]  Tuned to 34
[2016-11-16 14:48:40.961]  Tuned to 35
[2016-11-16 14:48:41.062]  Tuned to 36
[2016-11-16 14:48:41.162]  Tuned to 37
[2016-11-16 14:48:41.262]  Tuned to 38
[2016-11-16 14:48:41.362]  Tuned to 39
[2016-11-16 14:48:41.464]  Tuned to 40
[2016-11-16 14:48:41.565]  Tuned to 41
[2016-11-16 14:48:41.665]  Tuned to 42
[2016-11-16 14:48:41.765]  Tuned to 43
[2016-11-16 14:48:41.866]  Tuned to 44
[2016-11-16 14:48:41.966]  Tuned to 45
[2016-11-16 14:48:42.066]  Tuned to 46
[2016-11-16 14:48:42.167]  Tuned to 47
[2016-11-16 14:48:42.267]  Tuned to 48
[2016-11-16 14:48:42.367]  Tuned to 49
[2016-11-16 14:48:42.468]  Tuned to 50
[2016-11-16 14:48:42.568]  Tuned to 51
[2016-11-16 14:48:42.668]  Tuned to 52
[2016-11-16 14:48:42.769]  Tuned to 53
[2016-11-16 14:48:42.869]  Tuned to 54
[2016-11-16 14:48:42.969]  Tuned to 55
[2016-11-16 14:48:43.070]  Tuned to 56
[2016-11-16 14:48:43.170]  Tuned to 57
[2016-11-16 14:48:43.270]  Tuned to 58
[2016-11-16 14:48:43.370]  Tuned to 59
[2016-11-16 14:48:43.471]  Tuned to 60
[2016-11-16 14:48:43.571]  Tuned to 61
[2016-11-16 14:48:43.671]  Tuned to 62
[2016-11-16 14:48:43.772]  Tuned to 63
[2016-11-16 14:48:43.872]  Tuned to 64
[2016-11-16 14:48:43.972]  Tuned to 65
[2016-11-16 14:48:44.073]  Tuned to 66
[2016-11-16 14:48:44.173]  Tuned to 67
[2016-11-16 14:48:44.273]  Tuned to 68
[2016-11-16 14:48:44.373]  Tuned to 69
[2016-11-16 14:48:44.474]  Tuned to 70
[2016-11-16 14:48:44.574]  Tuned to 71
[2016-11-16 14:48:44.674]  Tuned to 72
[2016-11-16 14:48:44.777]  Tuned to 73
[2016-11-16 14:48:44.877]  Tuned to 74
[2016-11-16 14:48:44.977]  Tuned to 75
[2016-11-16 14:48:45.078]  Tuned to 76
[2016-11-16 14:48:45.178]  Tuned to 77
[2016-11-16 14:48:45.278]  Tuned to 78
[2016-11-16 14:48:45.379]  Tuned to 79
[2016-11-16 14:48:45.479]  Tuned to 80
[2016-11-16 14:48:45.580]  Tuned to 81
[2016-11-16 14:48:45.680]  Tuned to 82
[2016-11-16 14:48:45.781]  Tuned to 83
[2016-11-16 14:48:45.881]  Tuned to 2
[2016-11-16 14:48:45.981]  Tuned to 3
[2016-11-16 14:48:46.082]  Tuned to 4
[2016-11-16 14:48:46.182]  Tuned to 5
[2016-11-16 14:48:46.282]  Tuned to 6
[2016-11-16 14:48:46.382]  Tuned to 7
[2016-11-16 14:48:46.483]  Tuned to 8
tail: output.txt: file truncated
                                                                                                                                                                                                                                                                                                                                                                                                                                                                                                                                                                                                                                                                                                                                                                                                                                                                                                                                                                                                                                                                                                                                                                                                                                                                                                                                                                                                                                                                                                                                                                                                                                                                                                                                                                                                                                                                                                                                                                                                                                                                                                                                                                                                                                                                                                                                                                                                                                                                                                                                                                                                                                                                                                                                                                                                                                                                                                                                                                                                                                                                                                                                                                                                                                                                                                                                                                                                                                                                                                                                                                                                                                                                                                                                                                                                                                                                                                                                                                                                                                                                                                                                                                                                                                                                                                                                                                                                                                                                                                                                                                                                                                                                                                                                                                                                                                                                                                                                                                                                                                                                                                                                                                                                                                                                                                                                                                                                                                                                                                                                                                                                                                                                                                                                                                                                                                                                                                                                                                                                                                                                                                                                                                                                                                                                                                                                                                                                                                                                                                                                                                                                                                                                                                                                                                                                                                                                                                                                                                                                                                                                                                                                                                                                                                                                                                                                                                                                                                                                                                                                                                                                                                                                                                                                                                                                                                                                                                                                                                                                                                                                                                                                                                                                                                                                                                                                                                                                                                                                                                                                                                                                                                                                                                                                                                                                                                                                                                                                                                                                                                                                                                                                                                                                                                                                                                                                                                                                                                                                                                                                                                                                                                                                                                                                                                                                                                                                                                                                                                                                                                                                                                                                                                                                                                                                                                                                                                                                                                                                                                                                                                                                                                                                                                                                                                                                                                                                                                                                                                                                                                                                                                                                                                                                                                                                                                                                                                                                                                                                                                                                                                                                                                                                                                                                                                                                                                                                                                                                                                                                                                                                                                                                                                                                                                                                                                                                                                                                                                                                                                                                                                                                                                                                                                                                                                                                                                                                                                                                                                                                                                                                                                                                                                                                                                                                                                                                                                                                                                                                                                                                                                                                                                                                                                                                                                                                                                                                                                                                                                                                                                                                                                                                                                                                                                                                                                                                                                                                                                                                                                                                                                                                                                                                                                                                                                                                                                                                                                                                                                                                                                                                                                                                                                                                                                                                                                                                                                                                                                                                                                                                                                                                                                                                                                                                                                                                                                                                                                                                                                                                                                                                                                                                                                                                                                                                                                                                                                                                                                                                                                                                                                                                                                                                                                                                                                                                                                                                                                                                                                                                                                                                                                                                                                                                                                                                                                                                                                                                                                                                                                                                                                                                                                                                                                                                                                                                                                                                                                                                                                                                                                                                                                                                                                                                                                                                                                                                                                                                                                                                                                                                                                                                                                                                                                                                                                                                                                                                                                                                                                                                                                                                                                                                                                                                                                                                                                                                                                                                                                                                                                                                                                                                                                                                                                                                                                                                                                                                                                                                                                                                                                                                                                                                                                                                                                                                                                                                                                                                                                                                                                                                                                                                                                                                                                                                                                                                                                                                                                                                                                                                                                                                                                                                                                                                                                                                                                                                                                                                                                                                                                                                                                                                                                                                                                                                                                                                                                                                                                                                                                                                                                                                                                                                                                                                                                                                                                                                                                                                                                                                                                                                                                                                                                                                                                                                                                                                                                                                                                                                                                                                                                                                                                                                                                                                                                                                                                                                                                                                                                                                                                                                                                                                                                                                                                                                                                                                                                                                                                                                                                                                                                                                                                                                                                                                                                                                                                                                                                                                                                                                                                                                                                                                                                                                                                                                                                                                                                                                                                                                                                                                                                                                                                                                                                                                                                                                                                                                                                                                                                                                                                                                                                                                                                                                                                                                                                                                                                                                                                                                                                                                                                                                                                                                                                                                                                                                                                                                                                                                                                                                                                                                                                                                                                                                                                                                                                                                                                                                                                                                                                                                                                                                                                                                                                                                                                                                                                                                                                                                                                                                                                                                                                                                                                                                                                                                                                                                                                                                                                                                                                                                                                                                                                                                                                                                                                                                                                                                                                                                                                                                                                                                                                                                                                                                                                                                                                                                                                                                                                                                                                                                                                                                                                                                                                                                                                                                                                                                                                                                                                                                                                                                                                                                                                                                                                                                                                                                                                                                                                                                                                                                                                                                                                                                                                                                                                                                                                                                                                                                                                                                                                                                                                                                                                                                                                                                                                                                                                                                                                                                                                                                                                                                                                                                                                                                                                                                                                                                                                                                                                                                                                                                                                                                                                                                                                                                                                                                                                                                                                                                                                                                                                                                                                                                                                                                                                                                                                                                                                                                                                                                                                                                                                                                                                                                                                                                                                                                                                                                                                                                                                                                                                                                                                                                                                                                                                                                                                                                                                                                                                                                                                                                                                                                                                                                                                                                                                                                                                                                                                                                                                                                                                                                                                                                                                                                                                                                                                                                                                                                                                                                                                                                                                                                                                                                                                                                                                                                                                                                                                                                                                                                                                                                                                                                                                                                                                                                                                                                                                                                                                                                                                                                                                                                                                                                                                                                                                                                                                                                                                                                                                                                                                                                                                                                                                                                                                                                                                                                                                                                                                                                                                                                                                                                                                                                                                                                                                                                                                                                                                                                                                                                                                                                                                                                                                                                                                                                                                                                                                                                                                                                                                                                                                                                                                                                                                                                                                                                                                                                                                                                                                                                                                                                                                                                                                                                                                                                                                                                                                                                                                                                                                                                                                                                                                                                                                                                                                                                                                                                                                                                                                                                                                                                                                                                                                                                                                                                                                                                                                                                                                                                                                                                                                                                                                                                                                                                                                                                                                                                                                                                                                                                                                                                                                                                                                                                                                                                                                                                                                                                                                                                                                                                                                                                                                                                                                                                                                                                                                                                                                                                                                                                                                                                                                                                                                                                                                                                                                                                                                                                                                                                                                                                                                                                                                                                                                                                                                                                                                                                                                                                                                                                                                                                                                                                                                                                                                                                                                                                                                                                                                                                                                                                                                                                                                                                                                                                                                                                                                                                                                                                                                                                                                                                                                                                                                                                                                                                                                                                                                                                                                                                                                                                                                                                                                                                                                                                                                                                                                                                                                                                                                                                                                                                                                                                                                                                                                                                                                                                                                                                                                                                                                                                                                                                                                                                                                                                                                                                                                                                                                                                                                                                                                                                                                                                                                                                                                                                                                                                                                                                                                                                                                                                                                                                                                                                                                                                                                                                                                                                                                                                                                                                                                                                                                                                                                                                                                                                                                                                                                                                                                                                                                                                                                                                                                                                                                                                                                                                                                                                                                                                                                                                                                                                                                                                                                                                                                                                                                                                                                                                                                                                                                                                                                                                                                                                                                                                                                                                                                                                                                                                                                                                                                                                                                                                                                                                                                                                                                                                                                                                                                                                                                                                                                                                                                                                                                                                                                                                                                                                                                                                                                                                                                                                                                                                                                                                                                                                                                                                                                                                                                                                                                                                                                                                                                                                                                                                                                                                                                                                                                                                                                                                                                                                                                                                                                                                                                                                                                                                                                                                                                                                                                                                                                                                                                                                                                                                                                                                                                                                                                                                                                                                                                                                                                                                                                                                                                                                                                                                                                                                                                                                                                                                                                                                                                                                                                                                                                                                                                                                                                                                                                                                                                                                                                                                                                                                                                                                                                                                                                                                                                                                                                                                                                                                                                                                                                                                                                                                                                                                                                                                                                                                                                                                                                                                                                                                                                                                                                                                                                                                                                                                                                                                                                                                                                                                                                                                                                                                                                                                                                                                                                                                                                                                                                                                                                                                                                                                                                                                                                                                                                                                                                                                                                                                                                                                                                                                                                                                                                                                                                                                                                                                                                                                                                                                                                                                                                                                                                                                                                                                                                                                                                                                                                                                                                                                                                                                                                                                                                                                                                                                                                                                                                                                                                                                                                                                                                                                                                                                                                                                                                                                                                                                                                                                                                                                                                                                                                                                                                                                                                                                                                                                                                                                                                                                                                                                                                                                                                                                                                                                                                                                                                                                                                                                                                                                                                                                                                                                                                                                                                                                                                                                                                                                                                                                                                                                                                                                                                                                                                                                                                                                                                                                                                                                                                                                                                                                                                                                                                                                                                                                                                                                                                                                                                                                                                                                                                                                                                                                                                                                                                                                                                                                                                                                                                                                                                                                                                                                                                                                                                                                                                                                                                                                                                                                                                                                                                                                                                                                                                                                                                                                                                                                                                                                                                                                                                                                                                                                                                                                                                                                                                                                                                                                                                                                                                                                                                                                                                                                                                                                                                                                                                                                                                                                                                                                                                                                                                                                                                                                                                                                                                                                                                                                                                                                                                                                                                                                                                                                                                                                                                                                                                                                                                                                                                                                                                                                                                                                                                                                                                                                                                                                                                                                                                                                                                                                                                                                                                                                                                                                                                                                                                                                                                                                                                                                                                                                                                                                                                                                                                                                                                                                                                                                                                                                                                                                                                                                                                                                                                                                                                                                                                                                                                                                                                                                                                                                                                                                                                                                                                                                                                                                                                                                                                                                                                                                                                                                                                                                                                                                                                                                                                                                                                                                                                                                                                                                                                                                                                                                                                                                                                                                                                                                                                                                                                                                                                                                                                                                                                                                                                                                                                                                                                                                                                                                                                                                                                                                                                                                                                                                                                                                                                                                                                                                                                                                                                                                                                                                                                                                                                                                                                                                                                                                                                                                                                                                                                                                                                                                                                                                                                                                                                                                                                                                                                                                                                                                                                                                                                                                                                                                                                                                                                                                                                                                                                                                                                                                                                                                                                                                                                                                                                                                                                                                                                                                                                                                                                                                                                                                                                                                                                                                                                                                                                                                                                                                                                                                                                                                                                                                                                                                                                                                                                                                                                                                                                                                                                                                                                                                                                                                                                                                                                                                                                                                                                                                                                                                                                                                                                                                                                                                                                                                                                                                                                                                                                                                                                                                                                                                                                                                                                                                                                                                                                                                                                                                                                                                                                                                                                                                                                                                                                                                                                                                                                                                                                                                                                                                                                                                                                                                                                                                                                                                                                                                                                                                                                                                                                                                                                                                                                                                                                                                                                                                                                                                                                                                                                                                                                                                                                                                                                                                                                                                                                                                                                                                                                                                                                                                                                                                                                                                                                                                                                                                                                                                                                                                                                                                                                                                                                                                                                                                                                                                                                                                                                                                                                                                                                                                                                                                                                                                                                                                                                                                                                                                                                                                                                                                                                                                                                                                                                                                                                                                                                                                                                                                                                                                                                                                                                                                                                                                                                                                                                                                                                                                                                                                                                                                                                                                                                                                                                                                                                                                                                                                                                                                                                                                                                                                                                                                                                                                                                                                                                                                                                                                                                                                                                                                                                                                                                                                                                                                                                                                                                                                                                                                                                                                                                                                                                                                                                                                                                                                                                                                                                                                                                                                                                                                                                                                                                                                                                                                                                                                                                                                                                                                                                                                                                                                                                                                                                                                                                                                                                                                                                                                                                                                                                                                                                                                                                                                                                                                                                                                                                                                                                                                                                                                                                                                                                                                                                                                                                                                                                                                                                                                                                                                                                                                                                                                                                                                                                                                                                                                                                                                                                                                                                                                                                                                                                                                                                                                                                                                                                                                                                                                                                                                                                                                                                                                                                                                                                                                                                                                                                                                                                                                                                                                                                                                                                                                                                                                                                                                                                                                                                                                                                                                                                                                                                                                                                                                                                                                                                                                                                                                                                                                                                                                                                                                                                                                                                                                                                                                                                                                                                                                                                                                                                                                                                                                                                                                                                                                                                                                                                                                                                                                                                                                                                                                                                                                                                                                                                                                                                                                                                                                                                                                                                                                                                                                                                                                                                                                                                                                                                                                                                                                                                                                                                                                                                                                                                                                                                                                                                                                                                                                                                                                                                                                                                                                                                                                                                                                                                                                                                                                                                                                                                                                                                                                                                                                                                                                                                                                                                                                                                                                                                                                                                                                                                                                                                                                                                                                                                                                                                                                                                                                                                                                                                                                                                                                                                                                                                                                                                                                                                                                                                                                                                                                                                                                                                                                                                                                                                                                                                                                                                                                                                                                                                                                                                                                                                                                                                                                                                                                                                                                                                                                                                                                                                                                                                                                                                                                                                                                                                                                                                                                                                                                                                                                                                                                                                                                                                                                                                                                                                                                                                                                                                                                                                                                                                                                                                                                                                                                                                                                                                                                                                                                                                                                                                                                                                                                                                                                                                                                                                                                                                                                                                                                                                                                                                                                                                                                                                                                                                                                                                                                                                                                                                                                                                                                                                                                                                                                                                                                                                                                                                                                                                                                                                                                                                                                                                                                                                                                                                                                                                                                                                                                                                                                                                                                                                                                                                                                                                                                                                                                                                                                                                                                                                                                                                                                                                                                                                                                                                                                                                                                                                                                                                                                                                                                                                                                                                                                                                                                                                                                                                                                                                                                                                                                                                                                                                                                                                                                                                                                                                                                                                                                                                                                                                                                                                                                                                                                                                                                                                                                                                                                                                                                                                                                                                                                                                                                                                                                                                                                                                                                                                                                                                                                                                                                                                                                                                                                                                                                                                                                                                                                                                                                                                                                                                                                                                                                                                                                                                                                                                                                                                                                                                                                                                                                                                                                                                                                                                                                                                                                                                                                                                                                                                                                                                                                                                                                                                                                                                                                                                                                                                                                                                                                                                                                                                                                                                                                                                                                                                                                                                                                                                                                                                                                                                                                                                                                                                                                                                                                                                                                                                                                                                                                                                                                                                                                                                                                                                                                                                                                                                                                                                                                                                                                                                                                                                                                                                                                                                                                                                                                                                                                                                                                                                                                                                                                                                                                                                                                                                                                                                                                                                                                                                                                                                                                                                                                                                                                                                                                                                                                                                                                                                                                                                                                                                                                                                                                                                                                                                                                                                                                                                                                                                                                                                                                                                                                                                                                                                                                                                                                                                                                                                                                                                                                                                                                                                                                                                                                                                                                                                                                                                                                                                                                                                                                                                                                                                                                                                                                                                                                                                                                                                                                                                                                                                                                                                                                                                                                                                                                                                                                                                                                                                                                                                                                                                                                                                                                                                                                                                                                                                                                                                                                                                                                                                                                                                                                                                                                                                                                                                                                                                                                                                                                                                                                                                                                                                                                                                                                                                                                                                                                                                                                                                                                                                                                                                                                                                                                                                                                                                                                                                                                                                                                                                                                                                                                                                                                                                                                                                                                                                                                                                                                                                                                                                                                                                                                                                                                                                                                                                                                                                                                                                                                                                                                                                                                                                                                                                                                                                                                                                                                                                                                                                                                                                                                                                                                                                                                                                                                                                                                                                                                                                                                                                                                                                                                                                                                                                                                                                                                                                                                                                                                                                                                                                                                                                                                                                                                                                                                                                                                                                                                                                                                                                                                                                                                                                                                                                                                                                                                                                                                                                                                                                                                                                                                                                                                                                                                                                                                                                                                                                                                                                                                                                                                                                                                                                                                                                                                                                                                                                                                                                                                                                                                                                                                                                                                                                                                                                                                                                                                                                                                                                                                                                                                                                                                                                                                                                                                                                                                                                                                                                                                                                                                                                                                                                                                                                                                                                                                                                                                                                                                                                                                                                                                                                                                                                                                                                                                                                                                                                                                                                                                                                                                                                                                                                                                                                                                                                                                                                                                                                                                                                                                                                                                                                                                                                                                                                                                                                                                                                                                                                                                                                                                                                                                                                                                                                                                                                                                                                                                                                                                                                                                                                                                                                                                                                                                                                                                                                                                                                                                                                                                                                                                                                                                                                                                                                                                                                                                                                                                                                                                                                                                                                                                                                                                                                                                                                                                                                                                                                                                                                                                                                                                                                                                                                                                                                                                                                                                                                                                                                                                                                                                                                                                                                                                                                                                                                                                                                                                                                                                                                                                                                                                                                                                                                                                                                                                                                                                                                                                                                                                                                                                                                                                                                                                                                                                                                                                                                                                                                                                                                                                                                                                                                                                                                                                                                                                                                                                                                                                                                                                                                                                                                                                                                                                                                                                                                                                                                                                                                                                                                                                                                                                                                                                                                                                                                                                                                       [2016-11-16 14:48:46.683]  Tuned to 10
[2016-11-16 14:48:46.784]  Tuned to 11
[2016-11-16 14:48:46.884]  Tuned to 12
[2016-11-16 14:48:46.985]  Tuned to 13
[2016-11-16 14:48:47.085]  Tuned to 14
[2016-11-16 14:48:47.186]  Tuned to 15
[2016-11-16 14:48:47.286]  Tuned to 16
[2016-11-16 14:48:47.386]  Tuned to 17
[2016-11-16 14:48:47.486]  Tuned to 18
[2016-11-16 14:48:47.587]  Tuned to 19
[2016-11-16 14:48:47.687]  Tuned to 20
[2016-11-16 14:48:47.787]  Tuned to 21
[2016-11-16 14:48:47.888]  Tuned to 22
[2016-11-16 14:48:47.988]  Tuned to 23
[2016-11-16 14:48:48.088]  Tuned to 24
[2016-11-16 14:48:48.189]  Tuned to 25
[2016-11-16 14:48:48.289]  Tuned to 26
[2016-11-16 14:48:48.390]  Tuned to 27
[2016-11-16 14:48:48.491]  Tuned to 28
[2016-11-16 14:48:48.591]  Tuned to 29
[2016-11-16 14:48:48.691]  Tuned to 30
[2016-11-16 14:48:48.792]  Tuned to 31
[2016-11-16 14:48:48.892]  Tuned to 32
[2016-11-16 14:48:48.992]  Tuned to 33
[2016-11-16 14:48:49.093]  Tuned to 34
[2016-11-16 14:48:49.193]  Tuned to 35
[2016-11-16 14:48:49.293]  Tuned to 36
[2016-11-16 14:48:49.394]  Tuned to 37
[2016-11-16 14:48:49.494]  Tuned to 38
[2016-11-16 14:48:49.594]  Tuned to 39
[2016-11-16 14:48:49.695]  Tuned to 40
[2016-11-16 14:48:49.795]  Tuned to 41
[2016-11-16 14:48:49.895]  Tuned to 42
[2016-11-16 14:48:49.997]  Tuned to 43
[2016-11-16 14:48:50.097]  Tuned to 44
[2016-11-16 14:48:50.198]  Tuned to 45
[2016-11-16 14:48:50.299]  Tuned to 46
[2016-11-16 14:48:50.399]  Tuned to 47
[2016-11-16 14:48:50.500]  Tuned to 48
[2016-11-16 14:48:50.600]  Tuned to 49
[2016-11-16 14:48:50.700]  Tuned to 50
[2016-11-16 14:48:50.801]  Tuned to 51
[2016-11-16 14:48:50.901]  Tuned to 52
[2016-11-16 14:48:51.003]  Tuned to 53
[2016-11-16 14:48:51.104]  Tuned to 54
[2016-11-16 14:48:51.204]  Tuned to 55
[2016-11-16 14:48:51.304]  Tuned to 56
[2016-11-16 14:48:51.405]  Tuned to 57
[2016-11-16 14:48:51.505]  Tuned to 58
[2016-11-16 14:48:51.605]  Tuned to 59
[2016-11-16 14:48:51.706]  Tuned to 60
[2016-11-16 14:48:51.806]  Tuned to 61
[2016-11-16 14:48:51.906]  Tuned to 62
[2016-11-16 14:48:52.007]  Tuned to 63
[2016-11-16 14:48:52.107]  Tuned to 64
[2016-11-16 14:48:52.207]  Tuned to 65
[2016-11-16 14:48:52.308]  Tuned to 66
[2016-11-16 14:48:52.408]  Tuned to 67
[2016-11-16 14:48:52.508]  Tuned to 68
[2016-11-16 14:48:52.608]  Tuned to 69
[2016-11-16 14:48:52.709]  Tuned to 70
[2016-11-16 14:48:52.809]  Tuned to 71
[2016-11-16 14:48:52.909]  Tuned to 72
[2016-11-16 14:48:53.010]  Tuned to 73
[2016-11-16 14:48:53.110]  Tuned to 74
[2016-11-16 14:48:53.210]  Tuned to 75
[2016-11-16 14:48:53.311]  Tuned to 76
[2016-11-16 14:48:53.411]  Tuned to 77
[2016-11-16 14:48:53.511]  Tuned to 78
[2016-11-16 14:48:53.612]  Tuned to 79
[2016-11-16 14:48:53.712]  Tuned to 80
[2016-11-16 14:48:53.812]  Tuned to 81
[2016-11-16 14:48:53.912]  Tuned to 82
[2016-11-16 14:48:54.013]  Tuned to 83
[2016-11-16 14:48:54.113]  Tuned to 2
[2016-11-16 14:48:54.213]  Tuned to 3
[2016-11-16 14:48:54.314]  Tuned to 4
[2016-11-16 14:48:54.414]  Tuned to 5
[2016-11-16 14:48:54.514]  Tuned to 6
[2016-11-16 14:48:54.615]  Tuned to 7
[2016-11-16 14:48:54.715]  Tuned to 8
[2016-11-16 14:48:54.815]  Tuned to 9
[2016-11-16 14:48:54.915]  Tuned to 10
[2016-11-16 14:48:55.016]  Tuned to 11
[2016-11-16 14:48:55.116]  Tuned to 12
[2016-11-16 14:48:55.217]  Tuned to 13
[2016-11-16 14:48:55.317]  Tuned to 14
[2016-11-16 14:48:55.417]  Tuned to 15
[2016-11-16 14:48:55.518]  Tuned to 16
[2016-11-16 14:48:55.619]  Tuned to 17
[2016-11-16 14:48:55.719]  Tuned to 18
[2016-11-16 14:48:55.820]  Tuned to 19
[2016-11-16 14:48:55.920]  Tuned to 20
[2016-11-16 14:48:56.020]  Tuned to 21
[2016-11-16 14:48:56.121]  Tuned to 22
[2016-11-16 14:48:56.223]  Tuned to 23
[2016-11-16 14:48:56.324]  Tuned to 24
[2016-11-16 14:48:56.424]  Tuned to 25
[2016-11-16 14:48:56.524]  Tuned to 26
[2016-11-16 14:48:56.624]  Tuned to 27
[2016-11-16 14:48:56.725]  Tuned to 28
[2016-11-16 14:48:56.826]  Tuned to 29
[2016-11-16 14:48:56.927]  Tuned to 30
[2016-11-16 14:48:57.027]  Tuned to 31
[2016-11-16 14:48:57.127]  Tuned to 32
[2016-11-16 14:48:57.227]  Tuned to 33
[2016-11-16 14:48:57.330]  Tuned to 34
[2016-11-16 14:48:57.430]  Tuned to 35
[2016-11-16 14:48:57.531]  Tuned to 36
[2016-11-16 14:48:57.631]  Tuned to 37
[2016-11-16 14:48:57.731]  Tuned to 38
[2016-11-16 14:48:57.832]  Tuned to 39
[2016-11-16 14:48:57.932]  Tuned to 40
[2016-11-16 14:48:58.032]  Tuned to 41
[2016-11-16 14:48:58.132]  Tuned to 42
[2016-11-16 14:48:58.233]  Tuned to 43
[2016-11-16 14:48:58.333]  Tuned to 44
[2016-11-16 14:48:58.434]  Tuned to 45
[2016-11-16 14:48:58.534]  Tuned to 46
[2016-11-16 14:48:58.634]  Tuned to 47
[2016-11-16 14:48:58.735]  Tuned to 48
[2016-11-16 14:48:58.835]  Tuned to 49
[2016-11-16 14:48:58.935]  Tuned to 50
[2016-11-16 14:48:59.036]  Tuned to 51
[2016-11-16 14:48:59.136]  Tuned to 52
[2016-11-16 14:48:59.236]  Tuned to 53
[2016-11-16 14:48:59.337]  Tuned to 54
[2016-11-16 14:48:59.437]  Tuned to 55
[2016-11-16 14:48:59.537]  Tuned to 56
[2016-11-16 14:48:59.638]  Tuned to 57
[2016-11-16 14:48:59.738]  Tuned to 58
[2016-11-16 14:48:59.838]  Tuned to 59
[2016-11-16 14:48:59.939]  Tuned to 60
[2016-11-16 14:49:00.039]  Tuned to 61
[2016-11-16 14:49:00.139]  Tuned to 62
[2016-11-16 14:49:00.240]  Tuned to 63
[2016-11-16 14:49:00.340]  Tuned to 64
[2016-11-16 14:49:00.440]  Tuned to 65
[2016-11-16 14:49:00.540]  Tuned to 66
[2016-11-16 14:49:00.641]  Tuned to 67
[2016-11-16 14:49:00.741]  Tuned to 68
[2016-11-16 14:49:00.841]  Tuned to 69
[2016-11-16 14:49:00.942]  Tuned to 70
[2016-11-16 14:49:01.042]  Tuned to 71
[2016-11-16 14:49:01.142]  Tuned to 72
[2016-11-16 14:49:01.243]  Tuned to 73
[2016-11-16 14:49:01.343]  Tuned to 74
[2016-11-16 14:49:01.443]  Tuned to 75
[2016-11-16 14:49:01.544]  Tuned to 76
[2016-11-16 14:49:01.644]  Tuned to 77
[2016-11-16 14:49:01.745]  Tuned to 78
[2016-11-16 14:49:01.845]  Tuned to 79
[2016-11-16 14:49:01.945]  Tuned to 80
[2016-11-16 14:49:02.046]  Tuned to 81
[2016-11-16 14:49:02.146]  Tuned to 82
[2016-11-16 14:49:02.246]  Tuned to 83
[2016-11-16 14:49:02.347]  Tuned to 2
[2016-11-16 14:49:02.447]  Tuned to 3
[2016-11-16 14:49:02.548]  Tuned to 4
[2016-11-16 14:49:02.648]  Tuned to 5
[2016-11-16 14:49:02.748]  Tuned to 6
[2016-11-16 14:49:02.849]  Tuned to 7
[2016-11-16 14:49:02.949]  Tuned to 8
[2016-11-16 14:49:03.049]  Tuned to 9
[2016-11-16 14:49:03.150]  Tuned to 10
[2016-11-16 14:49:03.250]  Tuned to 11
[2016-11-16 14:49:03.350]  Tuned to 12
[2016-11-16 14:49:03.451]  Tuned to 13
[2016-11-16 14:49:03.551]  Tuned to 14
[2016-11-16 14:49:03.651]  Tuned to 15
[2016-11-16 14:49:03.751]  Tuned to 16
[2016-11-16 14:49:03.852]  Tuned to 17
[2016-11-16 14:49:03.952]  Tuned to 18
[2016-11-16 14:49:04.052]  Tuned to 19
[2016-11-16 14:49:04.153]  Tuned to 20
[2016-11-16 14:49:04.253]  Tuned to 21
[2016-11-16 14:49:04.353]  Tuned to 22
[2016-11-16 14:49:04.454]  Tuned to 23
[2016-11-16 14:49:04.554]  Tuned to 24
[2016-11-16 14:49:04.654]  Tuned to 25
[2016-11-16 14:49:04.755]  Tuned to 26
[2016-11-16 14:49:04.855]  Tuned to 27
[2016-11-16 14:49:04.956]  Tuned to 28
[2016-11-16 14:49:05.057]  Tuned to 29
[2016-11-16 14:49:05.158]  Tuned to 30
[2016-11-16 14:49:05.259]  Tuned to 31
[2016-11-16 14:49:05.360]  Tuned to 32
[2016-11-16 14:49:05.461]  Tuned to 33
[2016-11-16 14:49:05.561]  Tuned to 34
[2016-11-16 14:49:05.661]  Tuned to 35
[2016-11-16 14:49:05.762]  Tuned to 36
[2016-11-16 14:49:05.862]  Tuned to 37
[2016-11-16 14:49:05.962]  Tuned to 38
[2016-11-16 14:49:06.063]  Tuned to 39
[2016-11-16 14:49:06.163]  Tuned to 40
[2016-11-16 14:49:06.263]  Tuned to 41
[2016-11-16 14:49:06.363]  Tuned to 42
[2016-11-16 14:49:06.466]  Tuned to 43
[2016-11-16 14:49:06.567]  Tuned to 44
[2016-11-16 14:49:06.668]  Tuned to 45
[2016-11-16 14:49:06.768]  Tuned to 46
[2016-11-16 14:49:06.869]  Tuned to 47
[2016-11-16 14:49:06.969]  Tuned to 48
[2016-11-16 14:49:07.069]  Tuned to 49
[2016-11-16 14:49:07.170]  Tuned to 50
[2016-11-16 14:49:07.270]  Tuned to 51
[2016-11-16 14:49:07.370]  Tuned to 52
[2016-11-16 14:49:07.471]  Tuned to 53
[2016-11-16 14:49:07.571]  Tuned to 54
[2016-11-16 14:49:07.671]  Tuned to 55
[2016-11-16 14:49:07.771]  Tuned to 56
[2016-11-16 14:49:07.872]  Tuned to 57
[2016-11-16 14:49:07.972]  Tuned to 58
[2016-11-16 14:49:08.073]  Tuned to 59
[2016-11-16 14:49:08.173]  Tuned to 60
[2016-11-16 14:49:08.274]  Tuned to 61
[2016-11-16 14:49:08.374]  Tuned to 62
[2016-11-16 14:49:08.475]  Tuned to 63
[2016-11-16 14:49:08.575]  Tuned to 64
[2016-11-16 14:49:08.677]  Tuned to 65
[2016-11-16 14:49:08.777]  Tuned to 66
[2016-11-16 14:49:08.878]  Tuned to 67
[2016-11-16 14:49:08.978]  Tuned to 68
[2016-11-16 14:49:09.078]  Tuned to 69
[2016-11-16 14:49:09.179]  Tuned to 70
[2016-11-16 14:49:09.279]  Tuned to 71
[2016-11-16 14:49:09.379]  Tuned to 72
[2016-11-16 14:49:09.480]  Tuned to 73
[2016-11-16 14:49:09.580]  Tuned to 74
[2016-11-16 14:49:09.680]  Tuned to 75
[2016-11-16 14:49:09.781]  Tuned to 76
[2016-11-16 14:49:09.881]  Tuned to 77
[2016-11-16 14:49:09.983]  Tuned to 78
[2016-11-16 14:49:10.083]  Tuned to 79
[2016-11-16 14:49:10.184]  Tuned to 80
[2016-11-16 14:49:10.284]  Tuned to 81
[2016-11-16 14:49:10.385]  Tuned to 82
[2016-11-16 14:49:10.487]  Tuned to 83
[2016-11-16 14:49:10.587]  Tuned to 2
[2016-11-16 14:49:10.687]  Tuned to 3
[2016-11-16 14:49:10.788]  Tuned to 4
[2016-11-16 14:49:10.888]  Tuned to 5
[2016-11-16 14:49:10.988]  Tuned to 6
[2016-11-16 14:49:11.089]  Tuned to 7
[2016-11-16 14:49:11.189]  Tuned to 8
[2016-11-16 14:49:11.289]  Tuned to 9
[2016-11-16 14:49:11.390]  Tuned to 10
[2016-11-16 14:49:11.490]  Tuned to 11
[2016-11-16 14:49:11.590]  Tuned to 12
[2016-11-16 14:49:11.690]  Tuned to 13
[2016-11-16 14:49:11.791]  Tuned to 14
[2016-11-16 14:49:11.891]  Tuned to 15
[2016-11-16 14:49:11.991]  Tuned to 16
[2016-11-16 14:49:12.092]  Tuned to 17
[2016-11-16 14:49:12.192]  Tuned to 18
[2016-11-16 14:49:12.292]  Tuned to 19
[2016-11-16 14:49:12.393]  Tuned to 20
[2016-11-16 14:49:12.493]  Tuned to 21
[2016-11-16 14:49:12.593]  Tuned to 22
[2016-11-16 14:49:12.694]  Tuned to 23
[2016-11-16 14:49:12.794]  Tuned to 24
[2016-11-16 14:49:12.894]  Tuned to 25
[2016-11-16 14:49:12.995]  Tuned to 26
[2016-11-16 14:49:13.095]  Tuned to 27
[2016-11-16 14:49:13.195]  Tuned to 28
[2016-11-16 14:49:13.295]  Tuned to 29
[2016-11-16 14:49:13.396]  Tuned to 30
[2016-11-16 14:49:13.496]  Tuned to 31
[2016-11-16 14:49:13.596]  Tuned to 32
[2016-11-16 14:49:13.697]  Tuned to 33
[2016-11-16 14:49:13.797]  Tuned to 34
[2016-11-16 14:49:13.897]  Tuned to 35
[2016-11-16 14:49:13.998]  Tuned to 36
[2016-11-16 14:49:14.099]  Tuned to 37
[2016-11-16 14:49:14.199]  Tuned to 38
[2016-11-16 14:49:14.300]  Tuned to 39
[2016-11-16 14:49:14.400]  Tuned to 40
[2016-11-16 14:49:14.500]  Tuned to 41
[2016-11-16 14:49:14.600]  Tuned to 42
[2016-11-16 14:49:14.702]  Tuned to 43
[2016-11-16 14:49:14.802]  Tuned to 44
[2016-11-16 14:49:14.902]  Tuned to 45
[2016-11-16 14:49:15.003]  Tuned to 46
[2016-11-16 14:49:15.104]  Tuned to 47
[2016-11-16 14:49:15.204]  Tuned to 48
[2016-11-16 14:49:15.305]  Tuned to 49
[2016-11-16 14:49:15.405]  Tuned to 50
[2016-11-16 14:49:15.505]  Tuned to 51
[2016-11-16 14:49:15.606]  Tuned to 52
[2016-11-16 14:49:15.706]  Tuned to 53
[2016-11-16 14:49:15.806]  Tuned to 54
[2016-11-16 14:49:15.906]  Tuned to 55
[2016-11-16 14:49:16.007]  Tuned to 56
[2016-11-16 14:49:16.107]  Tuned to 57
[2016-11-16 14:49:16.207]  Tuned to 58
[2016-11-16 14:49:16.307]  Tuned to 59
[2016-11-16 14:49:16.408]  Tuned to 60
[2016-11-16 14:49:16.510]  Tuned to 61
[2016-11-16 14:49:16.611]  Tuned to 62
[2016-11-16 14:49:16.712]  Tuned to 63
[2016-11-16 14:49:16.813]  Tuned to 64
[2016-11-16 14:49:16.913]  Tuned to 65
[2016-11-16 14:49:17.013]  Tuned to 66
[2016-11-16 14:49:17.114]  Tuned to 67
[2016-11-16 14:49:17.214]  Tuned to 68
[2016-11-16 14:49:17.314]  Tuned to 69
[2016-11-16 14:49:17.414]  Tuned to 70
[2016-11-16 14:49:17.515]  Tuned to 71
[2016-11-16 14:49:17.615]  Tuned to 72
[2016-11-16 14:49:17.717]  Tuned to 73
[2016-11-16 14:49:17.818]  Tuned to 74
[2016-11-16 14:49:17.918]  Tuned to 75
[2016-11-16 14:49:18.019]  Tuned to 76
[2016-11-16 14:49:18.119]  Tuned to 77
[2016-11-16 14:49:18.219]  Tuned to 78
[2016-11-16 14:49:18.320]  Tuned to 79
[2016-11-16 14:49:18.420]  Tuned to 80
[2016-11-16 14:49:18.520]  Tuned to 81
[2016-11-16 14:49:18.620]  Tuned to 82
[2016-11-16 14:49:18.721]  Tuned to 83
[2016-11-16 14:49:18.821]  Tuned to 2
[2016-11-16 14:49:18.921]  Tuned to 3
[2016-11-16 14:49:19.022]  Tuned to 4
[2016-11-16 14:49:19.122]  Tuned to 5
[2016-11-16 14:49:19.222]  Tuned to 6
[2016-11-16 14:49:19.323]  Tuned to 7
[2016-11-16 14:49:19.423]  Tuned to 8
[2016-11-16 14:49:19.524]  Tuned to 9
[2016-11-16 14:49:19.624]  Tuned to 10
[2016-11-16 14:49:19.725]  Tuned to 11
[2016-11-16 14:49:19.825]  Tuned to 12
[2016-11-16 14:49:19.926]  Tuned to 13
[2016-11-16 14:49:20.026]  Tuned to 14
[2016-11-16 14:49:20.127]  Tuned to 15
[2016-11-16 14:49:20.227]  Tuned to 16
[2016-11-16 14:49:20.327]  Tuned to 17
[2016-11-16 14:49:20.427]  Tuned to 18
[2016-11-16 14:49:20.528]  Tuned to 19
[2016-11-16 14:49:20.628]  Tuned to 20
[2016-11-16 14:49:20.728]  Tuned to 21
[2016-11-16 14:49:20.829]  Tuned to 22
[2016-11-16 14:49:20.929]  Tuned to 23
[2016-11-16 14:49:21.029]  Tuned to 24
[2016-11-16 14:49:21.130]  Tuned to 25
[2016-11-16 14:49:21.230]  Tuned to 26
[2016-11-16 14:49:21.330]  Tuned to 27
[2016-11-16 14:49:21.431]  Tuned to 28
[2016-11-16 14:49:21.531]  Tuned to 29
[2016-11-16 14:49:21.631]  Tuned to 30
[2016-11-16 14:49:21.732]  Tuned to 31
[2016-11-16 14:49:21.832]  Tuned to 32
[2016-11-16 14:49:21.932]  Tuned to 33
[2016-11-16 14:49:22.033]  Tuned to 34
[2016-11-16 14:49:22.133]  Tuned to 35
[2016-11-16 14:49:22.233]  Tuned to 36
[2016-11-16 14:49:22.334]  Tuned to 37
[2016-11-16 14:49:22.434]  Tuned to 38
[2016-11-16 14:49:22.534]  Tuned to 39
[2016-11-16 14:49:22.635]  Tuned to 40
[2016-11-16 14:49:22.735]  Tuned to 41
[2016-11-16 14:49:22.837]  Tuned to 42
[2016-11-16 14:49:22.937]  Tuned to 43
[2016-11-16 14:49:23.037]  Tuned to 44
[2016-11-16 14:49:23.138]  Tuned to 45
[2016-11-16 14:49:23.238]  Tuned to 46
[2016-11-16 14:49:23.338]  Tuned to 47
[2016-11-16 14:49:23.438]  Tuned to 48
[2016-11-16 14:49:23.539]  Tuned to 49
[2016-11-16 14:49:23.639]  Tuned to 50
[2016-11-16 14:49:23.739]  Tuned to 51
[2016-11-16 14:49:23.840]  Tuned to 52
[2016-11-16 14:49:23.940]  Tuned to 53
[2016-11-16 14:49:24.040]  Tuned to 54
[2016-11-16 14:49:24.141]  Tuned to 55
[2016-11-16 14:49:24.241]  Tuned to 56
[2016-11-16 14:49:24.341]  Tuned to 57
[2016-11-16 14:49:24.442]  Tuned to 58
[2016-11-16 14:49:24.542]  Tuned to 59
[2016-11-16 14:49:24.642]  Tuned to 60
[2016-11-16 14:49:24.743]  Tuned to 61
[2016-11-16 14:49:24.843]  Tuned to 62
[2016-11-16 14:49:24.943]  Tuned to 63
[2016-11-16 14:49:25.044]  Tuned to 64
[2016-11-16 14:49:25.144]  Tuned to 65
[2016-11-16 14:49:25.244]  Tuned to 66
[2016-11-16 14:49:25.344]  Tuned to 67
[2016-11-16 14:49:25.445]  Tuned to 68
[2016-11-16 14:49:25.545]  Tuned to 69
[2016-11-16 14:49:25.645]  Tuned to 70
[2016-11-16 14:49:25.745]  Tuned to 71
[2016-11-16 14:49:25.846]  Tuned to 72
[2016-11-16 14:49:25.946]  Tuned to 73
[2016-11-16 14:49:26.047]  Tuned to 74
[2016-11-16 14:49:26.147]  Tuned to 75
[2016-11-16 14:49:26.247]  Tuned to 76
[2016-11-16 14:49:26.348]  Tuned to 77
[2016-11-16 14:49:26.448]  Tuned to 78
[2016-11-16 14:49:26.549]  Tuned to 79
[2016-11-16 14:49:26.649]  Tuned to 80
[2016-11-16 14:49:26.750]  Tuned to 81
[2016-11-16 14:49:26.850]  Tuned to 82
[2016-11-16 14:49:26.950]  Tuned to 83
[2016-11-16 14:49:27.051]  Tuned to 2
[2016-11-16 14:49:27.151]  Tuned to 3
[2016-11-16 14:49:27.251]  Tuned to 4
[2016-11-16 14:49:27.352]  Tuned to 5
[2016-11-16 14:49:27.452]  Tuned to 6
[2016-11-16 14:49:27.552]  Tuned to 7
[2016-11-16 14:49:27.652]  Tuned to 8
[2016-11-16 14:49:27.753]  Tuned to 9
[2016-11-16 14:49:27.854]  Tuned to 10
[2016-11-16 14:49:27.954]  Tuned to 11
[2016-11-16 14:49:28.054]  Tuned to 12
[2016-11-16 14:49:28.154]  Tuned to 13
tail: output.txt: file truncated
                                                                                                                                                                                                                                                                                                                                                                                                                                                                                                                                                                                                                                                                                                                                                                                                                                                                                                                                                                                                                                                                                                                                                                                                                                                                                                                                                                                                                                                                                                                                                                                                                                                                                                                                                                                                                                                                                                                                                                                                                                                                                                                                                                                                                                                                                                                                                                                                                                                                                                                                                                                                                                                                                                                                                                                                                                                                                                                                                                                                                                                                                                                                                                                                                                                                                                                                                                                                                                                                                                                                                                                                                                                                                                                                                                                                                                                                                                                                                                                                                                                                                                                                                                                                                                                                                                                                                                                                                                                                                                                                                                                                                                                                                                                                                                                                                                                                                                                                                                                                                                                                                                                                                                                                                                                                                                                                                                                                                                                                                                                                                                                                                                                                                                                                                                                                                                                                                                                                                                                                                                                                                                                                                                                                                                                                                                                                                                                                                                                                                                                                                                                                                                                                                                                                                                                                                                                                                                                                                                                                                                                                                                                                                                                                                                                                                                                                                                                                                                                                                                                                                                                                                                                                                                                                                                                                                                                                                                                                                                                                                                                                                                                                                                                                                                                                                                                                                                                                                                                                                                                                                                                                                                                                                                                                                                                                                                                                                                                                                                                                                                                                                                                                                                                                                                                                                                                                                                                                                                                                                                                                                                                                                                                                                                                                                                                                                                                                                                                                                                                                                                                                                                                                                                                                                                                                                                                                                                                                                                                                                                                                                                                                                                                                                                                                                                                                                                                                                                                                                                                                                                                                                                                                                                                                                                                                                                                                                                                                                                                                                                                                                                                                                                                                                                                                                                                                                                                                                                                                                                                                                                                                                                                                                                                                                                                                                                                                                                                                                                                                                                                                                                                                                                                                                                                                                                                                                                                                                                                                                                                                                                                                                                                                                                                                                                                                                                                                                                                                                                                                                                                                                                                                                                                                                                                                                                                                                                                                                                                                                                                                                                                                                                                                                                                                                                                                                                                                                                                                                                                                                                                                                                                                                                                                                                                                                                                                                                                                                                                                                                                                                                                                                                                                                                                                                                                                                                                                                                                                                                                                                                                                                                                                                                                                                                                                                                                                                                                                                                                                                                                                                                                                                                                                                                                                                                                                                                                                                                                                                                                                                                                                                                                                                                                                                                                                                                                                                                                                                                                                                                                                                                                                                                                                                                                                                                                                                                                                                                                                                                                                                                                                                                                                                                                                                                                                                                                                                                                                                                                                                                                                                                                                                                                                                                                                                                                                                                                                                                                                                                                                                                                                                                                                                                                                                                                                                                                                                                                                                                                                                                                                                                                                                                                                                                                                                                                                                                                                                                                                                                                                                                                                                                                                                                                                                                                                                                                                                                                                                                                                                                                                                                                                                                                                                                                                                                                                                                                                                                                                                                                                                                                                                                                                                                                                                                                                                                                                                                                                                                                                                                                                                                                                                                                                                                                                                                                                                                                                                                                                                                                                                                                                                                                                                                                                                                                                                                                                                                                                                                                                                                                                                                                                                                                                                                                                                                                                                                                                                                                                                                                                                                                                                                                                                                                                                                                                                                                                                                                                                                                                                                                                                                                                                                                                                                                                                                                                                                                                                                                                                                                                                                                                                                                                                                                                                                                                                                                                                                                                                                                                                                                                                                                                                                                                                                                                                                                                                                                                                                                                                                                                                                                                                                                                                                                                                                                                                                                                                                                                                                                                                                                                                                                                                                                                                                                                                                                                                                                                                                                                                                                                                                                                                                                                                                                                                                                                                                                                                                                                                                                                                                                                                                                                                                                                                                                                                                                                                                                                                                                                                                                                                                                                                                                                                                                                                                                                                                                                                                                                                                                                                                                                                                                                                                                                                                                                                                                                                                                                                                                                                                                                                                                                                                                                                                                                                                                                                                                                                                                                                                                                                                                                                                                                                                                                                                                                                                                                                                                                                                                                                                                                                                                                                                                                                                                                                                                                                                                                                                                                                                                                                                                                                                                                                                                                                                                                                                                                                                                                                                                                                                                                                                                                                                                                                                                                                                                                                                                                                                                                                                                                                                                                                                                                                                                                                                                                                                                                                                                                                                                                                                                                                                                                                                                                                                                                                                                                                                                                                                                                                                                                                                                                                                                                                                                                                                                                                                                                                                                                                                                                                                                                                                                                                                                                                                                                                                                                                                                                                                                                                                                                                                                                                                                                                                                                                                                                                                                                                                                                                                                                                                                                                                                                                                                                                                                                                                                                                                                                                                                                                                                                                                                                                                                                                                                                                                                                                                                                                                                                                                                                                                                                                                                                                                                                                                                                                                                                                                                                                                                                                                                                                                                                                                                                                                                                                                                                                                                                                                                                                                                                                                                                                                                                                                                                                                                                                                                                                                                                                                                                                                                                                                                                                                                                                                                                                                                                                                                                                                                                                                                                                                                                                                                                                                                                                                                                                                                                                                                                                                                                                                                                                                                                                                                                                                                                                                                                                                                                                                                                                                                                                                                                                                                                                                                                                                                                                                                                                                                                                                                                                                                                                                                                                                                                                                                                                                                                                                                                                                                                                                                                                                                                                                                                                                                                                                                                                                                                                                                                                                                                                                                                                                                                                                                                                                                                                                                                                                                                                                                                                                                                                                                                                                                                                                                                                                                                                                                                                                                                                                                                                                                                                                                                                                                                                                                                                                                                                                                                                                                                                                                                                                                                                                                                                                                                                                                                                                                                                                                                                                                                                                                                                                                                                                                                                                                                                                                                                                                                                                                                                                                                                                                                                                                                                                                                                                                                                                                                                                                                                                                                                                                                                                                                                                                                                                                                                                                                                                                                                                                                                                                                                                                                                                                                                                                                                                                                                                                                                                                                                                                                                                                                                                                                                                                                                                                                                                                                                                                                                                                                                                                                                                                                                                                                                                                                                                                                                                                                                                                                                                                                                                                                                                                                                                                                                                                                                                                                                                                                                                                                                                                                                                                                                                                                                                                                                                                                                                                                                                                                                                                                                                                                                                                                                                                                                                                                                                                                                                                                                                                                                                                                                                                                                                                                                                                                                                                                                                                                                                                                                                                                                                                                                                                                                                                                                                                                                                                                                                                                                                                                                                                                                                                                                                                                                                                                                                                                                                                                                                                                                                                                                                                                                                                                                                                                                                                                                                                                                                                                                                                                                                                                                                                                                                                                                                                                                                                                                                                                                                                                                                                                                                                                                                                                                                                                                                                                                                                                                                                                                                                                                                                                                                                                                                                                                                                                                                                                                                                                                                                                                                                                                                                                                                                                                                                                                                                                                                                                                                                                                                                                                                                                                                                                                                                                                                                                                                                                                                                                                                                                                                                                                                                                                                                                                                                                                                                                                                                                                                                                                                                                                                                                                                                                                                                                                                                                                                                                                                                                                                                                                                                                                                                                                                                                                                                                                                                                                                                                                                                                                                                                                                                                                                                                                                                                                                                                                                                                                                                                                                                                                                                                                                                                                                                                                                                                                                                                                                                                                                                                                                                                                                                                                                                                                                                                                                                                                                                                                                                                                                                                                                                                                                                                                                                                                                                                                                                                                                                                                                                                                                                                                                                                                                                                                                                                                                                                                                                                                                                                                                                                                                                                                                                                                                                                                                                                                                                                                                                                                                                                                                                                                                                                                                                                                                                                                                                                                                                                                                                                                                                                                                                                                                                                                                                                                                                                                                                                                                                                                                                                                                                                                                                                                                                                                                                                                                                                                                                                                                                                                                                                                                                                                                                                                                                                                                                                                                                                                                                                                                                                                                                                                                                                                                                                                                                                                                                                                                                                                                                                                                                                                                                                                                                                                                                                                                                                                                                                                                                                                                                                                                                                                                                                                                                                                                                                                                                                                                                                                                                                                                                                                                                                                                                                                                                                                                                                                                                                                                                                                                                                                                                                                                                                                                                                                                                                                                                                                                                                                                                                                                                                                                                                                                                                                                                                                                                                                                                                                                                                                                                                                                                                                                                                                                                                                                                                                                                                                                                                                                                                                                                                                                                                                                                                                                                                                                                                                                                                                                                                                                                                                                                                                                                                                                                                                                                                                                                                                                                                                                                                                                                                                                                                                                                                                                                                                                                                                                                                                                                                                                                                                                                                                                                                                                                                                                                                                                                                                                                                                                                                                                                                                                                                                                                                                                                                                                                                                                                                                                                                                                                                                                                                                                                                                                                                                                                                                                                                                                                                                                                                                                                                                                                                                                                                                                                                                                                                                                                                                                                                                                                                                                                                                                                                                                                                                                                                                                                                                                                                                                                                                                                                                                                                                                                                                                                                                                                                                                                                                                                                                                                                                                                                                                                                                                                                                                                                                                                                                                                                                                                                                                                                                                                                                                                                                                                                                                                                                                                                                                                                                                                                                                                                                                                                                                                                                                                                                                                                                                                                                                                                                                                                                                                                                                                                                                                                                                                                                                                                                                                                                                                                                                                                                                                                                                                                                                                                                                                                                                                                                                                                                                                                                                                                                                                                                                                                                                                                                                                                                                                                                                                                                                                                                                                                                                                                                                                                                                                                                                                                                                                                                                                                                                                                                                                                                                                                                                                                                                                                                                                                                                                                                                                                                                                                                                                                                                                                                                                                                                                                                                                                                                                                                                                                                                                                                                                                                                                                                                                                                                                                                                                                                                                                                                                                                                                                                                                                                                                                                                                                                                                                                                                                                                                                                                                                                                                                                                                                                                                                                                                                                                                                                                                                                                                                                                                                                                                                                                                                                                                                                                                                                                                                                                                                                                                                                                                                                                                                                                                                                                                                                                                                                                                                                                                                                                                                                                                                                                                                                                                                                                                                                                                                                                                                                                                                                                                                                                                                                                                                                                                                                                                                                                                                                                                                                                                                                                                                                                                                                                                                                                                                                                                                                                                                                                                                                                                                                                                                                                                                                                                                                                                                                                                                                                                                                                                                                                                                                                                                                                                                                                                                                                                                                                                                                                                                                                                                                                                                                                                                                                                                                                                                                                                                                                                                                                                                                                                                                                                                                                                                                                                                                                                                                                                                                                                                                                                                                                                                                                                                                                                                                                                                                                                                                                                                                                                                                                                                                                                                                                                                                                                                                                                                                                                                                                                                                                                                                                                                                                                                                                                                                                                                                                                                                                                                                                                                                                                                                                                                                                                                                                                                                                                                                                                                                                                                                                                                                                                                                                                                                                                                                                                                                                                                                                                                                                                                                                                                                                                                                                                                                                                                                                                                                                                                                                                                                                                                                                                                                                                                                                                                                                                                                                                                                                                                                                                                                                                                                                                                                                                                                                                                                                                                                                                                                                                                                                                                                                                                                                                                                                                                                                                                                                                                                                                                                                                                                                                                                                                                                                                                                                                                                                                                                                                                                                                                                                                                                                                                                                                                                                                                                                                                                                                                                                                                                                                                                                                                                                                                                                                                                                                                                                                                                                                                                                                                                                                                                                                                                                                                                                                                                                                                                                                                                                                                                                                                                                                                                                                                                                                                                                                                                                                                                                                                                                                                                                                                                                                                                                                                                                                                                                                                                                                                                                                                                                                                                                                                                                                                                                                                                                                                                                                                                                                                                                                                                                                                                                                                                                                                                                                                                                                                                                                                                                                                                                                                                                                                                                                                                                                                                                                                                                                                                                                                                                                                                                                                                                                                                                                                                                                                                                                                                                                                                                                                                                                                                                                                                                                                                                                                                                                                                                                                                                                                                                                                                                                                                                                                                                                                                                                                                                                                                                                                                                                                                                                                                                                                                                                                                                                                                                                                                                                                                                                                                                                                                                                                                                                                                                                                                                                                                                                                                                                                                                                                                                                                                                                                                                                                                                                                                                                                                                                                                                                                                                                                                                                                                                                                                                                                                                                                                                                                                                                                                                                                                                                                                                                                                                                                                                                                                                                                                                                                                                                                                                                                                                                                                                                                                                                                                                                                                                                                                                                                                                                                                                                                                                                                                                                                                                                                                                                                                                                                                                                                                                                                                                                                                                                                                                                                                                                                                                                                                                                                                                                                                                                                                                                                                                                                                                                                                                                                                                                                                                                                                                                                                                                                                                                                                                                                                                                                                                                                                                                                                                                                                                                                                                                                                                                                                                                                                                                                                                                                                                                                                                                                                                                                                                                                                                                                                                                                                                                                                                                                                                                                                                                                                                                                                                                                                                                                                                                                                                                                                                                                                                                                                                                                                                                                                                                                                                                                                                                                                                                                                                                                                                                                                                                                                                                                                                                                                                                                                                                                                                                                                                                                                                                                                                                                                                                                                                                                                                                                                                                                                                                                                                                                                                                                                                                                                                                                                                                                                                                                                                                                                                                                                                                                                                                                                                                                                                                                                                                                                                                                                                                                                                                                                                                                                                                                                                                                                                                                                                                                                                                                                                                                                                                                                                                                                                                                                                                                                                                                                                                                                                                                                                                                                                                                                                                                                                                                                                                                                                                                                                                                                                                                                                                                                                                                                                                                                                                                                                                                                                                                                                                                                                                                                                                                                                                                                                                                                                                                                                                                                                                                                                                                                                                                                                                                                                                                                                                                                                                                                                                                                                                                                                                                                                                                                                                                                                                                                                                                                                                                                                                                                                                                                                                                                                                                                                                                                                                                                                                                                                                                                                                                                                                                                                                                                                                                                                                                                                                                                                                                                                                                                                                                                                                                                                                                                                                                                                                                                                                                                                                                                                                                                                                                                                                                                                                                                                                                                                                                                                                                                                                                                                                                                                                                                                                                                                                                                                                                                                                                                                                                                                                                                                                                                                                                                                                                                                                                                                                                                                                                                                                                                                                                                                                                                                                                                                                                                                                                                                                                                                                                                                                                                                                                                                                                                                                                                                                                                                                                                                                                                                                                                                                                                                                                                                                                                                                                                                                                                                                                                                                                                                                                                                                                                                                                                                                                                                                                                                                                                                                                                                                                                                                                                                                                                                                                                                                                                                                                                                                                                                                                                                                                                                                                                                                                                                                                                                                                                                                                                                                                                                                                                                                                                                                                                                                                                                                                                                                                                                                                                                                                                                                                                                                                                                                                                                                                                                                                                                                                                                                                                                                                                                                                                                                                                                                                                                                                                                                                                                                                                                                                                                                                                                                                                                                                                                                                                                                                                                                                                                                                                                                                                                                                                                                                                                                                                                                                                                                                                                                                                                                                                                                                                                                                                                                                                                                                                                                                                                                                                                                                                                                                                                                                                                                                                                                                                                                                                                                                                                                                                                                                                                                                                                                                                                                                                                                                                                                                                                                                                                                                                                                                                                                                                                                                                                                                                                                                                                                                                                                                                                                                                                                                                                                                                                                                                                                                                                                                                                                                                                                                                                                                                                                                                                                                                                                                                                                                                                                                                                                                                                                                                                                                                                                                                                                                                                                                                                                                                                                                                                                                                                                                                                                                                                                                                                                                                                                                                                                                                                                                                                                                                                                                                                                                                                                                                                                                                                                                                                                                                                                                                                                                                                                                                                                                                                                                                                                                                                                                                                                                                                                                                                                                                                                                                                                                                                                                                                                                                                                                                                                                                                                                                                                                                                                                                                                                                                                                                                                                                                                                                                                                                                                                                                                                                                                                                                                                                                                                                                                                                                                                                                                                                                                                                                                                                                                                                                                                                                                                                                                                                                                                                                                                                                                                                                                                                                                                                                                                                                                                                                                                                                                                                                                                                                                                                                                                                                                                                                                                                                                                                                                                                                                                                                                                                                                                                                                                                                                                                                                                                                                                                                                                                                                                                                                                                                                                                                                                                                                                                                                                                                                                                                                                                                                                                                                                                                                                                                                                                                                                                                                                                                                                                                                                                                                                                                                                                                                                                                                                                                                                                                                                                                                                                                                                                                                                                                                                                                                                                                                                                                                                                                                                                                                                                                                                                                                                                                                                                                                                                                                                                                                                                                                                                                                                                                                                                                                                                                                                                                                                                                                                                                                                                                                                                                                                                                                                                                                                                                                                                                                                                                                                                                                                                                                                                                                                                                                                                                                                                                                                                                                                                                                                                                                                                                                                                                                                                                                                                                                                                                                                                                                                                                                                                                                                                                                                                                                                                                                                                                                                                                                                                                                                                                                                                                                                                                                                                                                                                                                                                                                                                                                                                                                                                                                                                                                                                                                                                                                                                                                                                                                                                                                                                                                                                                                                                                                                                                                                                                                                                                                                                                                                                                                                                                                                                                                                                                                                                                                                                                                                                                                                                                                                                                                                                                                                                                                                                                                                                                                                                                                                                                                                                                                                                                                                                                                                                                                                                                                                                                                                                                                                                                                                                                                                                                                                                                                                                                                                                                                                                                                                                                                                                                                                                                                                                                                                                                                                                                                                                                                                                                                                                                                                                                                                                                                                                                                                                                                                                                                                                                                                                                                                                                                                                                                                                                                                                                                                                                                                                                                                                                                                                                                                                                                                                                                                                                                                                                                                                                                                                                                                                                                                                                                                                                                                                                                                                                                                                                                                                                                                                                                                                                                                                                                                                                                                                                                                                                                                                                                                                                                                                                                                                                                                                                                                                                                                                                                                                                                                                                                                                                                                                                                                                                                                                                                                                                                                                                                                                                                                                                                                                                                                                                                                                                                                                                                                                                                                                                                                                                                                                                                                                                                                                                                                                                                                                                                                                                                                                                                                                                                                                                                                                                                                                                                                                                                                                                                                                                                                                                                                                                                                                                                                                                                                                                                                                                                                                                                                                                                                                                                                                                                                                                                                                                                                                                                                                                                                                                                                                                                                                                                                                                                                                                                                                                                                                                                                                                                                                                                                                                                                                                                                                                                                                                                                                                                                                                                                                                                                                                                                                                                                                                                                                                                                                                                                                                                                                                                                                                                                                                                                                                                                                                                                                                                                                                                                                                                                                                                                                                                                                                                                                                                                                                                                                                                                                                                                                                                                                                                                                                                                                                                                                                                                                                                                                                                                                                                                                                                                                                                                                                                                                                                                                                                                                                                                                                                                                                                                                                                                                                                                                                                                                                                                                                                                                                                                                                                                                                                                                                                                                                                                                                                                                                                                                                                                                                                                                                                                                                                                                                                                                                                                                                                                                                                                                                                                                                                                                                                                                                                                                                                                                                                                                                                                                 [2016-11-16 14:49:28.255]  Tuned to 14
[2016-11-16 14:49:28.355]  Tuned to 15
[2016-11-16 14:49:28.455]  Tuned to 16
[2016-11-16 14:49:28.556]  Tuned to 17
[2016-11-16 14:49:28.656]  Tuned to 18
[2016-11-16 14:49:28.756]  Tuned to 19
[2016-11-16 14:49:28.857]  Tuned to 20
[2016-11-16 14:49:28.957]  Tuned to 21
[2016-11-16 14:49:29.057]  Tuned to 22
[2016-11-16 14:49:29.157]  Tuned to 23
[2016-11-16 14:49:29.258]  Tuned to 24
[2016-11-16 14:49:29.358]  Tuned to 25
[2016-11-16 14:49:29.458]  Tuned to 26
[2016-11-16 14:49:29.559]  Tuned to 27
[2016-11-16 14:49:29.659]  Tuned to 28
[2016-11-16 14:49:29.759]  Tuned to 29
[2016-11-16 14:49:29.859]  Tuned to 30
[2016-11-16 14:49:29.960]  Tuned to 31
[2016-11-16 14:49:30.060]  Tuned to 32
[2016-11-16 14:49:30.160]  Tuned to 33
[2016-11-16 14:49:30.261]  Tuned to 34
[2016-11-16 14:49:30.361]  Tuned to 35
[2016-11-16 14:49:30.461]  Tuned to 36
[2016-11-16 14:49:30.562]  Tuned to 37
[2016-11-16 14:49:30.662]  Tuned to 38
[2016-11-16 14:49:30.762]  Tuned to 39
[2016-11-16 14:49:30.863]  Tuned to 40
[2016-11-16 14:49:30.965]  Tuned to 41
[2016-11-16 14:49:31.065]  Tuned to 42
[2016-11-16 14:49:31.166]  Tuned to 43
[2016-11-16 14:49:31.267]  Tuned to 44
[2016-11-16 14:49:31.367]  Tuned to 45
[2016-11-16 14:49:31.467]  Tuned to 46
[2016-11-16 14:49:31.567]  Tuned to 47
[2016-11-16 14:49:31.668]  Tuned to 48
[2016-11-16 14:49:31.768]  Tuned to 49
[2016-11-16 14:49:31.868]  Tuned to 50
[2016-11-16 14:49:31.969]  Tuned to 51
[2016-11-16 14:49:32.070]  Tuned to 52
[2016-11-16 14:49:32.171]  Tuned to 53
[2016-11-16 14:49:32.271]  Tuned to 54
[2016-11-16 14:49:32.371]  Tuned to 55
[2016-11-16 14:49:32.472]  Tuned to 56
[2016-11-16 14:49:32.572]  Tuned to 57
[2016-11-16 14:49:32.672]  Tuned to 58
[2016-11-16 14:49:32.773]  Tuned to 59
[2016-11-16 14:49:32.873]  Tuned to 60
[2016-11-16 14:49:32.973]  Tuned to 61
[2016-11-16 14:49:33.074]  Tuned to 62
[2016-11-16 14:49:33.174]  Tuned to 63
[2016-11-16 14:49:33.274]  Tuned to 64
[2016-11-16 14:49:33.374]  Tuned to 65
[2016-11-16 14:49:33.475]  Tuned to 66
[2016-11-16 14:49:33.575]  Tuned to 67
[2016-11-16 14:49:33.675]  Tuned to 68
[2016-11-16 14:49:33.776]  Tuned to 69
[2016-11-16 14:49:33.876]  Tuned to 70
[2016-11-16 14:49:33.976]  Tuned to 71
[2016-11-16 14:49:34.077]  Tuned to 72
[2016-11-16 14:49:34.179]  Tuned to 73
[2016-11-16 14:49:34.279]  Tuned to 74
[2016-11-16 14:49:34.379]  Tuned to 75
[2016-11-16 14:49:34.480]  Tuned to 76
[2016-11-16 14:49:34.582]  Tuned to 77
[2016-11-16 14:49:34.682]  Tuned to 78
[2016-11-16 14:49:34.783]  Tuned to 79
[2016-11-16 14:49:34.883]  Tuned to 80
[2016-11-16 14:49:34.983]  Tuned to 81
[2016-11-16 14:49:35.084]  Tuned to 82
[2016-11-16 14:49:35.184]  Tuned to 83
[2016-11-16 14:49:35.285]  Tuned to 2
[2016-11-16 14:49:35.385]  Tuned to 3
[2016-11-16 14:49:35.485]  Tuned to 4
[2016-11-16 14:49:35.586]  Tuned to 5
[2016-11-16 14:49:35.687]  Tuned to 6
[2016-11-16 14:49:35.788]  Tuned to 7
[2016-11-16 14:49:35.888]  Tuned to 8
[2016-11-16 14:49:35.988]  Tuned to 9
[2016-11-16 14:49:36.088]  Tuned to 10
[2016-11-16 14:49:36.190]  Tuned to 11
[2016-11-16 14:49:36.291]  Tuned to 12
[2016-11-16 14:49:36.391]  Tuned to 13
[2016-11-16 14:49:36.491]  Tuned to 14
[2016-11-16 14:49:36.591]  Tuned to 15
[2016-11-16 14:49:36.692]  Tuned to 16
[2016-11-16 14:49:36.792]  Tuned to 17
[2016-11-16 14:49:36.892]  Tuned to 18
[2016-11-16 14:49:36.993]  Tuned to 19
[2016-11-16 14:49:37.093]  Tuned to 20
[2016-11-16 14:49:37.193]  Tuned to 21
[2016-11-16 14:49:37.294]  Tuned to 22
[2016-11-16 14:49:37.394]  Tuned to 23
[2016-11-16 14:49:37.494]  Tuned to 24
[2016-11-16 14:49:37.594]  Tuned to 25
[2016-11-16 14:49:37.695]  Tuned to 26
[2016-11-16 14:49:37.795]  Tuned to 27
[2016-11-16 14:49:37.895]  Tuned to 28
[2016-11-16 14:49:37.996]  Tuned to 29
[2016-11-16 14:49:38.098]  Tuned to 30
[2016-11-16 14:49:38.198]  Tuned to 31
[2016-11-16 14:49:38.299]  Tuned to 32
[2016-11-16 14:49:38.399]  Tuned to 33
[2016-11-16 14:49:38.499]  Tuned to 34
[2016-11-16 14:49:38.600]  Tuned to 35
[2016-11-16 14:49:38.700]  Tuned to 36
[2016-11-16 14:49:38.800]  Tuned to 37
[2016-11-16 14:49:38.901]  Tuned to 38
[2016-11-16 14:49:39.001]  Tuned to 39
[2016-11-16 14:49:39.101]  Tuned to 40
[2016-11-16 14:49:39.203]  Tuned to 41
[2016-11-16 14:49:39.304]  Tuned to 42
[2016-11-16 14:49:39.404]  Tuned to 43
[2016-11-16 14:49:39.504]  Tuned to 44
[2016-11-16 14:49:39.605]  Tuned to 45
[2016-11-16 14:49:39.705]  Tuned to 46
[2016-11-16 14:49:39.805]  Tuned to 47
[2016-11-16 14:49:39.905]  Tuned to 48
[2016-11-16 14:49:40.006]  Tuned to 49
[2016-11-16 14:49:40.106]  Tuned to 50
[2016-11-16 14:49:40.206]  Tuned to 51
[2016-11-16 14:49:40.307]  Tuned to 52
[2016-11-16 14:49:40.407]  Tuned to 53
[2016-11-16 14:49:40.507]  Tuned to 54
[2016-11-16 14:49:40.608]  Tuned to 55
[2016-11-16 14:49:40.708]  Tuned to 56
[2016-11-16 14:49:40.808]  Tuned to 57
[2016-11-16 14:49:40.909]  Tuned to 58
[2016-11-16 14:49:41.010]  Tuned to 59
[2016-11-16 14:49:41.110]  Tuned to 60
[2016-11-16 14:49:41.210]  Tuned to 61
[2016-11-16 14:49:41.311]  Tuned to 62
[2016-11-16 14:49:41.411]  Tuned to 63
[2016-11-16 14:49:41.512]  Tuned to 64
[2016-11-16 14:49:41.612]  Tuned to 65
[2016-11-16 14:49:41.712]  Tuned to 66
[2016-11-16 14:49:41.813]  Tuned to 67
[2016-11-16 14:49:41.913]  Tuned to 68
[2016-11-16 14:49:42.013]  Tuned to 69
[2016-11-16 14:49:42.114]  Tuned to 70
[2016-11-16 14:49:42.214]  Tuned to 71
[2016-11-16 14:49:42.314]  Tuned to 72
[2016-11-16 14:49:42.415]  Tuned to 73
[2016-11-16 14:49:42.515]  Tuned to 74
[2016-11-16 14:49:42.615]  Tuned to 75
[2016-11-16 14:49:42.715]  Tuned to 76
[2016-11-16 14:49:42.816]  Tuned to 77
[2016-11-16 14:49:42.916]  Tuned to 78
[2016-11-16 14:49:43.017]  Tuned to 79
[2016-11-16 14:49:43.117]  Tuned to 80
[2016-11-16 14:49:43.217]  Tuned to 81
[2016-11-16 14:49:43.318]  Tuned to 82
[2016-11-16 14:49:43.418]  Tuned to 83
[2016-11-16 14:49:43.518]  Tuned to 2
[2016-11-16 14:49:43.618]  Tuned to 3
[2016-11-16 14:49:43.719]  Tuned to 4
[2016-11-16 14:49:43.819]  Tuned to 5
[2016-11-16 14:49:43.919]  Tuned to 6
[2016-11-16 14:49:44.020]  Tuned to 7
[2016-11-16 14:49:44.121]  Tuned to 8
[2016-11-16 14:49:44.221]  Tuned to 9
[2016-11-16 14:49:44.321]  Tuned to 10
[2016-11-16 14:49:44.421]  Tuned to 11
[2016-11-16 14:49:44.522]  Tuned to 12
[2016-11-16 14:49:44.622]  Tuned to 13
[2016-11-16 14:49:44.722]  Tuned to 14
[2016-11-16 14:49:44.823]  Tuned to 15
[2016-11-16 14:49:44.923]  Tuned to 16
[2016-11-16 14:49:45.023]  Tuned to 17
[2016-11-16 14:49:45.124]  Tuned to 18
[2016-11-16 14:49:45.224]  Tuned to 19
[2016-11-16 14:49:45.325]  Tuned to 20
[2016-11-16 14:49:45.425]  Tuned to 21
[2016-11-16 14:49:45.525]  Tuned to 22
[2016-11-16 14:49:45.625]  Tuned to 23
[2016-11-16 14:49:45.726]  Tuned to 24
[2016-11-16 14:49:45.826]  Tuned to 25
[2016-11-16 14:49:45.926]  Tuned to 26
[2016-11-16 14:49:46.027]  Tuned to 27
[2016-11-16 14:49:46.127]  Tuned to 28
[2016-11-16 14:49:46.227]  Tuned to 29
[2016-11-16 14:49:46.328]  Tuned to 30
[2016-11-16 14:49:46.428]  Tuned to 31
[2016-11-16 14:49:46.528]  Tuned to 32
[2016-11-16 14:49:46.629]  Tuned to 33
[2016-11-16 14:49:46.729]  Tuned to 34
[2016-11-16 14:49:46.829]  Tuned to 35
[2016-11-16 14:49:46.930]  Tuned to 36
[2016-11-16 14:49:47.030]  Tuned to 37
[2016-11-16 14:49:47.130]  Tuned to 38
[2016-11-16 14:49:47.231]  Tuned to 39
[2016-11-16 14:49:47.332]  Tuned to 40
[2016-11-16 14:49:47.432]  Tuned to 41
[2016-11-16 14:49:47.533]  Tuned to 42
[2016-11-16 14:49:47.633]  Tuned to 43
[2016-11-16 14:49:47.734]  Tuned to 44
[2016-11-16 14:49:47.834]  Tuned to 45
[2016-11-16 14:49:47.934]  Tuned to 46
[2016-11-16 14:49:48.035]  Tuned to 47
[2016-11-16 14:49:48.135]  Tuned to 48
[2016-11-16 14:49:48.235]  Tuned to 49
[2016-11-16 14:49:48.336]  Tuned to 50
[2016-11-16 14:49:48.436]  Tuned to 51
[2016-11-16 14:49:48.536]  Tuned to 52
[2016-11-16 14:49:48.637]  Tuned to 53
[2016-11-16 14:49:48.737]  Tuned to 54
[2016-11-16 14:49:48.837]  Tuned to 55
[2016-11-16 14:49:48.938]  Tuned to 56
[2016-11-16 14:49:49.038]  Tuned to 57
[2016-11-16 14:49:49.138]  Tuned to 58
[2016-11-16 14:49:49.238]  Tuned to 59
[2016-11-16 14:49:49.339]  Tuned to 60
[2016-11-16 14:49:49.440]  Tuned to 61
[2016-11-16 14:49:49.540]  Tuned to 62
[2016-11-16 14:49:49.641]  Tuned to 63
[2016-11-16 14:49:49.741]  Tuned to 64
[2016-11-16 14:49:49.841]  Tuned to 65
[2016-11-16 14:49:49.942]  Tuned to 66
[2016-11-16 14:49:50.042]  Tuned to 67
[2016-11-16 14:49:50.142]  Tuned to 68
[2016-11-16 14:49:50.243]  Tuned to 69
[2016-11-16 14:49:50.343]  Tuned to 70
[2016-11-16 14:49:50.443]  Tuned to 71
[2016-11-16 14:49:50.544]  Tuned to 72
[2016-11-16 14:49:50.644]  Tuned to 73
[2016-11-16 14:49:50.744]  Tuned to 74
[2016-11-16 14:49:50.844]  Tuned to 75
[2016-11-16 14:49:50.945]  Tuned to 76
[2016-11-16 14:49:51.045]  Tuned to 77
[2016-11-16 14:49:51.146]  Tuned to 78
[2016-11-16 14:49:51.247]  Tuned to 79
[2016-11-16 14:49:51.348]  Tuned to 80
[2016-11-16 14:49:51.448]  Tuned to 81
[2016-11-16 14:49:51.548]  Tuned to 82
[2016-11-16 14:49:51.648]  Tuned to 83
[2016-11-16 14:49:51.749]  Tuned to 2
[2016-11-16 14:49:51.851]  Tuned to 3
[2016-11-16 14:49:51.951]  Tuned to 4
[2016-11-16 14:49:52.051]  Tuned to 5
[2016-11-16 14:49:52.153]  Tuned to 6
[2016-11-16 14:49:52.253]  Tuned to 7
[2016-11-16 14:49:52.353]  Tuned to 8
[2016-11-16 14:49:52.454]  Tuned to 9
[2016-11-16 14:49:52.554]  Tuned to 10
[2016-11-16 14:49:52.654]  Tuned to 11
[2016-11-16 14:49:52.755]  Tuned to 12
[2016-11-16 14:49:52.856]  Tuned to 13
[2016-11-16 14:49:52.957]  Tuned to 14
[2016-11-16 14:49:53.058]  Tuned to 15
[2016-11-16 14:49:53.159]  Tuned to 16
[2016-11-16 14:49:53.259]  Tuned to 17
[2016-11-16 14:49:53.359]  Tuned to 18
[2016-11-16 14:49:53.462]  Tuned to 19
[2016-11-16 14:49:53.563]  Tuned to 20
[2016-11-16 14:49:53.663]  Tuned to 21
[2016-11-16 14:49:53.763]  Tuned to 22
[2016-11-16 14:49:53.864]  Tuned to 23
[2016-11-16 14:49:53.964]  Tuned to 24
[2016-11-16 14:49:54.064]  Tuned to 25
[2016-11-16 14:49:54.165]  Tuned to 26
[2016-11-16 14:49:54.265]  Tuned to 27
[2016-11-16 14:49:54.365]  Tuned to 28
[2016-11-16 14:49:54.466]  Tuned to 29
[2016-11-16 14:49:54.566]  Tuned to 30
[2016-11-16 14:49:54.666]  Tuned to 31
[2016-11-16 14:49:54.766]  Tuned to 32
[2016-11-16 14:49:54.867]  Tuned to 33
[2016-11-16 14:49:54.967]  Tuned to 34
[2016-11-16 14:49:55.067]  Tuned to 35
[2016-11-16 14:49:55.168]  Tuned to 36
[2016-11-16 14:49:55.268]  Tuned to 37
[2016-11-16 14:49:55.368]  Tuned to 38
[2016-11-16 14:49:55.469]  Tuned to 39
[2016-11-16 14:49:55.569]  Tuned to 40
[2016-11-16 14:49:55.669]  Tuned to 41
[2016-11-16 14:49:55.770]  Tuned to 42
[2016-11-16 14:49:55.870]  Tuned to 43
[2016-11-16 14:49:55.970]  Tuned to 44
[2016-11-16 14:49:56.071]  Tuned to 45
[2016-11-16 14:49:56.171]  Tuned to 46
[2016-11-16 14:49:56.271]  Tuned to 47
[2016-11-16 14:49:56.372]  Tuned to 48
[2016-11-16 14:49:56.472]  Tuned to 49
[2016-11-16 14:49:56.572]  Tuned to 50
[2016-11-16 14:49:56.673]  Tuned to 51
[2016-11-16 14:49:56.775]  Tuned to 52
[2016-11-16 14:49:56.875]  Tuned to 53
[2016-11-16 14:49:56.977]  Tuned to 54
[2016-11-16 14:49:57.077]  Tuned to 55
[2016-11-16 14:49:57.178]  Tuned to 56
[2016-11-16 14:49:57.279]  Tuned to 57
[2016-11-16 14:49:57.379]  Tuned to 58
[2016-11-16 14:49:57.479]  Tuned to 59
[2016-11-16 14:49:57.580]  Tuned to 60
[2016-11-16 14:49:57.680]  Tuned to 61
[2016-11-16 14:49:57.780]  Tuned to 62
[2016-11-16 14:49:57.881]  Tuned to 63
[2016-11-16 14:49:57.981]  Tuned to 64
[2016-11-16 14:49:58.082]  Tuned to 65
[2016-11-16 14:49:58.182]  Tuned to 66
[2016-11-16 14:49:58.282]  Tuned to 67
[2016-11-16 14:49:58.383]  Tuned to 68
[2016-11-16 14:49:58.483]  Tuned to 69
[2016-11-16 14:49:58.583]  Tuned to 70
[2016-11-16 14:49:58.684]  Tuned to 71
[2016-11-16 14:49:58.784]  Tuned to 72
[2016-11-16 14:49:58.884]  Tuned to 73
[2016-11-16 14:49:58.985]  Tuned to 74
[2016-11-16 14:49:59.085]  Tuned to 75
[2016-11-16 14:49:59.186]  Tuned to 76
[2016-11-16 14:49:59.287]  Tuned to 77
[2016-11-16 14:49:59.387]  Tuned to 78
[2016-11-16 14:49:59.487]  Tuned to 79
[2016-11-16 14:49:59.588]  Tuned to 80
[2016-11-16 14:49:59.688]  Tuned to 81
[2016-11-16 14:49:59.788]  Tuned to 82
[2016-11-16 14:49:59.889]  Tuned to 83
[2016-11-16 14:49:59.989]  Tuned to 2
[2016-11-16 14:50:00.089]  Tuned to 3
[2016-11-16 14:50:00.189]  Tuned to 4
[2016-11-16 14:50:00.290]  Tuned to 5
[2016-11-16 14:50:00.390]  Tuned to 6
[2016-11-16 14:50:00.493]  Tuned to 7
[2016-11-16 14:50:00.593]  Tuned to 8
[2016-11-16 14:50:00.694]  Tuned to 9
[2016-11-16 14:50:00.794]  Tuned to 10
[2016-11-16 14:50:00.894]  Tuned to 11
[2016-11-16 14:50:00.995]  Tuned to 12
[2016-11-16 14:50:01.095]  Tuned to 13
[2016-11-16 14:50:01.195]  Tuned to 14
[2016-11-16 14:50:01.296]  Tuned to 15
[2016-11-16 14:50:01.396]  Tuned to 16
[2016-11-16 14:50:01.496]  Tuned to 17
[2016-11-16 14:50:01.596]  Tuned to 18
[2016-11-16 14:50:01.697]  Tuned to 19
[2016-11-16 14:50:01.799]  Tuned to 20
[2016-11-16 14:50:01.899]  Tuned to 21
[2016-11-16 14:50:02.000]  Tuned to 22
[2016-11-16 14:50:02.101]  Tuned to 23
[2016-11-16 14:50:02.201]  Tuned to 24
[2016-11-16 14:50:02.301]  Tuned to 25
[2016-11-16 14:50:02.402]  Tuned to 26
[2016-11-16 14:50:02.502]  Tuned to 27
[2016-11-16 14:50:02.602]  Tuned to 28
[2016-11-16 14:50:02.703]  Tuned to 29
[2016-11-16 14:50:02.803]  Tuned to 30
[2016-11-16 14:50:02.903]  Tuned to 31
[2016-11-16 14:50:03.004]  Tuned to 32
[2016-11-16 14:50:03.104]  Tuned to 33
[2016-11-16 14:50:03.204]  Tuned to 34
[2016-11-16 14:50:03.305]  Tuned to 35
[2016-11-16 14:50:03.405]  Tuned to 36
[2016-11-16 14:50:03.505]  Tuned to 37
[2016-11-16 14:50:03.606]  Tuned to 38
[2016-11-16 14:50:03.706]  Tuned to 39
[2016-11-16 14:50:03.806]  Tuned to 40
[2016-11-16 14:50:03.907]  Tuned to 41
[2016-11-16 14:50:04.007]  Tuned to 42
[2016-11-16 14:50:04.107]  Tuned to 43
[2016-11-16 14:50:04.208]  Tuned to 44
[2016-11-16 14:50:04.308]  Tuned to 45
[2016-11-16 14:50:04.408]  Tuned to 46
[2016-11-16 14:50:04.508]  Tuned to 47
[2016-11-16 14:50:04.609]  Tuned to 48
[2016-11-16 14:50:04.709]  Tuned to 49
[2016-11-16 14:50:04.809]  Tuned to 50
[2016-11-16 14:50:04.910]  Tuned to 51
[2016-11-16 14:50:05.010]  Tuned to 52
[2016-11-16 14:50:05.111]  Tuned to 53
[2016-11-16 14:50:05.211]  Tuned to 54
[2016-11-16 14:50:05.311]  Tuned to 55
[2016-11-16 14:50:05.413]  Tuned to 56
[2016-11-16 14:50:05.513]  Tuned to 57
[2016-11-16 14:50:05.613]  Tuned to 58
[2016-11-16 14:50:05.714]  Tuned to 59
[2016-11-16 14:50:05.814]  Tuned to 60
[2016-11-16 14:50:05.914]  Tuned to 61
[2016-11-16 14:50:06.015]  Tuned to 62
[2016-11-16 14:50:06.115]  Tuned to 63
[2016-11-16 14:50:06.215]  Tuned to 64
[2016-11-16 14:50:06.316]  Tuned to 65
[2016-11-16 14:50:06.416]  Tuned to 66
[2016-11-16 14:50:06.516]  Tuned to 67
[2016-11-16 14:50:06.617]  Tuned to 68
[2016-11-16 14:50:06.717]  Tuned to 69
[2016-11-16 14:50:06.817]  Tuned to 70
[2016-11-16 14:50:06.918]  Tuned to 71
[2016-11-16 14:50:07.018]  Tuned to 72
[2016-11-16 14:50:07.121]  Tuned to 73
[2016-11-16 14:50:07.222]  Tuned to 74
[2016-11-16 14:50:07.322]  Tuned to 75
[2016-11-16 14:50:07.422]  Tuned to 76
[2016-11-16 14:50:07.523]  Tuned to 77
[2016-11-16 14:50:07.623]  Tuned to 78
[2016-11-16 14:50:07.724]  Tuned to 79
[2016-11-16 14:50:07.824]  Tuned to 80
[2016-11-16 14:50:07.924]  Tuned to 81
[2016-11-16 14:50:08.025]  Tuned to 82
[2016-11-16 14:50:08.125]  Tuned to 83
[2016-11-16 14:50:08.225]  Tuned to 2
[2016-11-16 14:50:08.327]  Tuned to 3
[2016-11-16 14:50:08.428]  Tuned to 4
[2016-11-16 14:50:08.528]  Tuned to 5
[2016-11-16 14:50:08.628]  Tuned to 6
[2016-11-16 14:50:08.729]  Tuned to 7
[2016-11-16 14:50:08.829]  Tuned to 8
[2016-11-16 14:50:08.929]  Tuned to 9
[2016-11-16 14:50:09.029]  Tuned to 10
[2016-11-16 14:50:09.130]  Tuned to 11
[2016-11-16 14:50:09.230]  Tuned to 12
[2016-11-16 14:50:09.330]  Tuned to 13
[2016-11-16 14:50:09.431]  Tuned to 14
[2016-11-16 14:50:09.531]  Tuned to 15
[2016-11-16 14:50:09.631]  Tuned to 16
[2016-11-16 14:50:09.732]  Tuned to 17
[2016-11-16 14:50:09.832]  Tuned to 18
[2016-11-16 14:50:09.932]  Tuned to 19
[2016-11-16 14:50:10.033]  Tuned to 20
[2016-11-16 14:50:10.133]  Tuned to 21
[2016-11-16 14:50:10.233]  Tuned to 22
[2016-11-16 14:50:10.333]  Tuned to 23
[2016-11-16 14:50:10.434]  Tuned to 24
[2016-11-16 14:50:10.534]  Tuned to 25
[2016-11-16 14:50:10.634]  Tuned to 26
[2016-11-16 14:50:10.735]  Tuned to 27
[2016-11-16 14:50:10.835]  Tuned to 28
[2016-11-16 14:50:10.935]  Tuned to 29
[2016-11-16 14:50:11.036]  Tuned to 30
[2016-11-16 14:50:11.136]  Tuned to 31
[2016-11-16 14:50:11.236]  Tuned to 32
[2016-11-16 14:50:11.337]  Tuned to 33
[2016-11-16 14:50:11.437]  Tuned to 34
[2016-11-16 14:50:11.538]  Tuned to 35
[2016-11-16 14:50:11.638]  Tuned to 36
[2016-11-16 14:50:11.738]  Tuned to 37
[2016-11-16 14:50:11.839]  Tuned to 38
[2016-11-16 14:50:11.939]  Tuned to 39
[2016-11-16 14:50:12.039]  Tuned to 40
[2016-11-16 14:50:12.140]  Tuned to 41
[2016-11-16 14:50:12.240]  Tuned to 42
[2016-11-16 14:50:12.341]  Tuned to 43
[2016-11-16 14:50:12.441]  Tuned to 44
[2016-11-16 14:50:12.541]  Tuned to 45
[2016-11-16 14:50:12.642]  Tuned to 46
[2016-11-16 14:50:12.742]  Tuned to 47
[2016-11-16 14:50:12.842]  Tuned to 48
[2016-11-16 14:50:12.943]  Tuned to 49
[2016-11-16 14:50:13.043]  Tuned to 50
[2016-11-16 14:50:13.143]  Tuned to 51
[2016-11-16 14:50:13.244]  Tuned to 52
[2016-11-16 14:50:13.344]  Tuned to 53
[2016-11-16 14:50:13.444]  Tuned to 54
[2016-11-16 14:50:13.545]  Tuned to 55
[2016-11-16 14:50:13.645]  Tuned to 56
[2016-11-16 14:50:13.745]  Tuned to 57
[2016-11-16 14:50:13.845]  Tuned to 58
[2016-11-16 14:50:13.946]  Tuned to 59
[2016-11-16 14:50:14.046]  Tuned to 60
[2016-11-16 14:50:14.146]  Tuned to 61
[2016-11-16 14:50:14.247]  Tuned to 62
[2016-11-16 14:50:14.347]  Tuned to 63
[2016-11-16 14:50:14.447]  Tuned to 64
[2016-11-16 14:50:14.548]  Tuned to 65
[2016-11-16 14:50:14.648]  Tuned to 66
[2016-11-16 14:50:14.748]  Tuned to 67
[2016-11-16 14:50:14.850]  Tuned to 68
[2016-11-16 14:50:14.951]  Tuned to 69
[2016-11-16 14:50:15.051]  Tuned to 70
[2016-11-16 14:50:15.151]  Tuned to 71
[2016-11-16 14:50:15.252]  Tuned to 72
[2016-11-16 14:50:15.353]  Tuned to 73
[2016-11-16 14:50:15.453]  Tuned to 74
[2016-11-16 14:50:15.554]  Tuned to 75
[2016-11-16 14:50:15.654]  Tuned to 76
[2016-11-16 14:50:15.754]  Tuned to 77
[2016-11-16 14:50:15.855]  Tuned to 78
[2016-11-16 14:50:15.955]  Tuned to 79
[2016-11-16 14:50:16.055]  Tuned to 80
[2016-11-16 14:50:16.155]  Tuned to 81
[2016-11-16 14:50:16.256]  Tuned to 82
[2016-11-16 14:50:16.356]  Tuned to 83
[2016-11-16 14:50:16.456]  Tuned to 2
[2016-11-16 14:50:16.557]  Tuned to 3
[2016-11-16 14:50:16.657]  Tuned to 4
[2016-11-16 14:50:16.757]  Tuned to 5
[2016-11-16 14:50:16.857]  Tuned to 6
[2016-11-16 14:50:16.958]  Tuned to 7
[2016-11-16 14:50:17.058]  Tuned to 8
[2016-11-16 14:50:17.161]  Tuned to 9
[2016-11-16 14:50:17.261]  Tuned to 10
[2016-11-16 14:50:17.362]  Tuned to 11
[2016-11-16 14:50:17.462]  Tuned to 12
[2016-11-16 14:50:17.562]  Tuned to 13
[2016-11-16 14:50:17.663]  Tuned to 14
[2016-11-16 14:50:17.763]  Tuned to 15
[2016-11-16 14:50:17.863]  Tuned to 16
[2016-11-16 14:50:17.963]  Tuned to 17
[2016-11-16 14:50:18.064]  Tuned to 18
[2016-11-16 14:50:18.164]  Tuned to 19
[2016-11-16 14:50:18.264]  Tuned to 20
[2016-11-16 14:50:18.365]  Tuned to 21
[2016-11-16 14:50:18.467]  Tuned to 22
[2016-11-16 14:50:18.567]  Tuned to 23
[2016-11-16 14:50:18.667]  Tuned to 24
[2016-11-16 14:50:18.768]  Tuned to 25
[2016-11-16 14:50:18.868]  Tuned to 26
[2016-11-16 14:50:18.968]  Tuned to 27
[2016-11-16 14:50:19.069]  Tuned to 28
[2016-11-16 14:50:19.169]  Tuned to 29
[2016-11-16 14:50:19.269]  Tuned to 30
[2016-11-16 14:50:19.370]  Tuned to 31
[2016-11-16 14:50:19.470]  Tuned to 32
[2016-11-16 14:50:19.570]  Tuned to 33
[2016-11-16 14:50:19.671]  Tuned to 34
[2016-11-16 14:50:19.771]  Tuned to 35
[2016-11-16 14:50:19.871]  Tuned to 36
[2016-11-16 14:50:19.972]  Tuned to 37
[2016-11-16 14:50:20.072]  Tuned to 38
[2016-11-16 14:50:20.172]  Tuned to 39
[2016-11-16 14:50:20.272]  Tuned to 40
[2016-11-16 14:50:20.373]  Tuned to 41
[2016-11-16 14:50:20.473]  Tuned to 42
[2016-11-16 14:50:20.573]  Tuned to 43
[2016-11-16 14:50:20.674]  Tuned to 44
[2016-11-16 14:50:20.774]  Tuned to 45
[2016-11-16 14:50:20.874]  Tuned to 46
[2016-11-16 14:50:20.975]  Tuned to 47
[2016-11-16 14:50:21.075]  Tuned to 48
[2016-11-16 14:50:21.175]  Tuned to 49
[2016-11-16 14:50:21.276]  Tuned to 50
[2016-11-16 14:50:21.376]  Tuned to 51
[2016-11-16 14:50:21.476]  Tuned to 52
[2016-11-16 14:50:21.576]  Tuned to 53
[2016-11-16 14:50:21.677]  Tuned to 54
[2016-11-16 14:50:21.777]  Tuned to 55
[2016-11-16 14:50:21.877]  Tuned to 56
[2016-11-16 14:50:21.978]  Tuned to 57
[2016-11-16 14:50:22.078]  Tuned to 58
[2016-11-16 14:50:22.178]  Tuned to 59
[2016-11-16 14:50:22.279]  Tuned to 60
[2016-11-16 14:50:22.379]  Tuned to 61
[2016-11-16 14:50:22.479]  Tuned to 62
[2016-11-16 14:50:22.580]  Tuned to 63
[2016-11-16 14:50:22.680]  Tuned to 64
[2016-11-16 14:50:22.780]  Tuned to 65
[2016-11-16 14:50:22.880]  Tuned to 66
[2016-11-16 14:50:22.982]  Tuned to 67
[2016-11-16 14:50:23.082]  Tuned to 68
[2016-11-16 14:50:23.183]  Tuned to 69
[2016-11-16 14:50:23.283]  Tuned to 70
[2016-11-16 14:50:23.383]  Tuned to 71
[2016-11-16 14:50:23.483]  Tuned to 72
[2016-11-16 14:50:23.584]  Tuned to 73
[2016-11-16 14:50:23.684]  Tuned to 74
[2016-11-16 14:50:23.784]  Tuned to 75
[2016-11-16 14:50:23.885]  Tuned to 76
[2016-11-16 14:50:23.985]  Tuned to 77
[2016-11-16 14:50:24.085]  Tuned to 78
[2016-11-16 14:50:24.185]  Tuned to 79
[2016-11-16 14:50:24.286]  Tuned to 80
[2016-11-16 14:50:24.387]  Tuned to 81
[2016-11-16 14:50:24.487]  Tuned to 82
[2016-11-16 14:50:24.587]  Tuned to 83
[2016-11-16 14:50:24.688]  Tuned to 2
[2016-11-16 14:50:24.788]  Tuned to 3
[2016-11-16 14:50:24.889]  Tuned to 4
[2016-11-16 14:50:24.989]  Tuned to 5
[2016-11-16 14:50:25.089]  Tuned to 6
[2016-11-16 14:50:25.190]  Tuned to 7
[2016-11-16 14:50:25.290]  Tuned to 8
[2016-11-16 14:50:25.390]  Tuned to 9
[2016-11-16 14:50:25.491]  Tuned to 10
[2016-11-16 14:50:25.592]  Tuned to 11
[2016-11-16 14:50:25.693]  Tuned to 12
[2016-11-16 14:50:25.793]  Tuned to 13
[2016-11-16 14:50:25.893]  Tuned to 14
[2016-11-16 14:50:25.994]  Tuned to 15
[2016-11-16 14:50:26.094]  Tuned to 16
[2016-11-16 14:50:26.194]  Tuned to 17
[2016-11-16 14:50:26.295]  Tuned to 18
[2016-11-16 14:50:26.395]  Tuned to 19
[2016-11-16 14:50:26.495]  Tuned to 20
[2016-11-16 14:50:26.596]  Tuned to 21
[2016-11-16 14:50:26.696]  Tuned to 22
[2016-11-16 14:50:26.796]  Tuned to 23
[2016-11-16 14:50:26.896]  Tuned to 24
[2016-11-16 14:50:26.997]  Tuned to 25
[2016-11-16 14:50:27.097]  Tuned to 26
[2016-11-16 14:50:27.199]  Tuned to 27
[2016-11-16 14:50:27.300]  Tuned to 28
[2016-11-16 14:50:27.400]  Tuned to 29
[2016-11-16 14:50:27.500]  Tuned to 30
[2016-11-16 14:50:27.601]  Tuned to 31
[2016-11-16 14:50:27.701]  Tuned to 32
[2016-11-16 14:50:27.801]  Tuned to 33
[2016-11-16 14:50:27.901]  Tuned to 34
[2016-11-16 14:50:28.002]  Tuned to 35
[2016-11-16 14:50:28.102]  Tuned to 36
[2016-11-16 14:50:28.202]  Tuned to 37
[2016-11-16 14:50:28.303]  Tuned to 38
[2016-11-16 14:50:28.403]  Tuned to 39
[2016-11-16 14:50:28.503]  Tuned to 40
[2016-11-16 14:50:28.604]  Tuned to 41
[2016-11-16 14:50:28.704]  Tuned to 42
[2016-11-16 14:50:28.805]  Tuned to 43
[2016-11-16 14:50:28.906]  Tuned to 44
[2016-11-16 14:50:29.006]  Tuned to 45
[2016-11-16 14:50:29.106]  Tuned to 46
[2016-11-16 14:50:29.206]  Tuned to 47
[2016-11-16 14:50:29.307]  Tuned to 48
[2016-11-16 14:50:29.407]  Tuned to 49
[2016-11-16 14:50:29.507]  Tuned to 50
[2016-11-16 14:50:29.608]  Tuned to 51
[2016-11-16 14:50:29.708]  Tuned to 52
[2016-11-16 14:50:29.808]  Tuned to 53
[2016-11-16 14:50:29.909]  Tuned to 54
[2016-11-16 14:50:30.009]  Tuned to 55
[2016-11-16 14:50:30.109]  Tuned to 56
[2016-11-16 14:50:30.210]  Tuned to 57
[2016-11-16 14:50:30.310]  Tuned to 58
[2016-11-16 14:50:30.411]  Tuned to 59
[2016-11-16 14:50:30.511]  Tuned to 60
[2016-11-16 14:50:30.612]  Tuned to 61
[2016-11-16 14:50:30.712]  Tuned to 62
[2016-11-16 14:50:30.812]  Tuned to 63
[2016-11-16 14:50:30.913]  Tuned to 64
[2016-11-16 14:50:31.013]  Tuned to 65
[2016-11-16 14:50:31.113]  Tuned to 66
[2016-11-16 14:50:31.214]  Tuned to 67
[2016-11-16 14:50:31.314]  Tuned to 68
[2016-11-16 14:50:31.414]  Tuned to 69
[2016-11-16 14:50:31.515]  Tuned to 70
[2016-11-16 14:50:31.615]  Tuned to 71
[2016-11-16 14:50:31.715]  Tuned to 72
[2016-11-16 14:50:31.816]  Tuned to 73
[2016-11-16 14:50:31.916]  Tuned to 74
[2016-11-16 14:50:32.016]  Tuned to 75
[2016-11-16 14:50:32.116]  Tuned to 76
[2016-11-16 14:50:32.217]  Tuned to 77
[2016-11-16 14:50:32.317]  Tuned to 78
[2016-11-16 14:50:32.417]  Tuned to 79
[2016-11-16 14:50:32.518]  Tuned to 80
[2016-11-16 14:50:32.618]  Tuned to 81
[2016-11-16 14:50:32.718]  Tuned to 82
[2016-11-16 14:50:32.819]  Tuned to 83
[2016-11-16 14:50:32.919]  Tuned to 2
[2016-11-16 14:50:33.019]  Tuned to 3
[2016-11-16 14:50:33.121]  Tuned to 4
[2016-11-16 14:50:33.222]  Tuned to 5
[2016-11-16 14:50:33.322]  Tuned to 6
[2016-11-16 14:50:33.422]  Tuned to 7
[2016-11-16 14:50:33.523]  Tuned to 8
[2016-11-16 14:50:33.623]  Tuned to 9
[2016-11-16 14:50:33.724]  Tuned to 10
[2016-11-16 14:50:33.824]  Tuned to 11
[2016-11-16 14:50:33.925]  Tuned to 12
[2016-11-16 14:50:34.026]  Tuned to 13
[2016-11-16 14:50:34.126]  Tuned to 14
[2016-11-16 14:50:34.227]  Tuned to 15
[2016-11-16 14:50:34.327]  Tuned to 16
[2016-11-16 14:50:34.427]  Tuned to 17
[2016-11-16 14:50:34.527]  Tuned to 18
[2016-11-16 14:50:34.628]  Tuned to 19
[2016-11-16 14:50:34.728]  Tuned to 20
[2016-11-16 14:50:34.828]  Tuned to 21
[2016-11-16 14:50:34.929]  Tuned to 22
[2016-11-16 14:50:35.029]  Tuned to 23
[2016-11-16 14:50:35.129]  Tuned to 24
[2016-11-16 14:50:35.230]  Tuned to 25
[2016-11-16 14:50:35.330]  Tuned to 26
[2016-11-16 14:50:35.430]  Tuned to 27
[2016-11-16 14:50:35.531]  Tuned to 28
[2016-11-16 14:50:35.631]  Tuned to 29
[2016-11-16 14:50:35.731]  Tuned to 30
[2016-11-16 14:50:35.832]  Tuned to 31
[2016-11-16 14:50:35.932]  Tuned to 32
[2016-11-16 14:50:36.032]  Tuned to 33
[2016-11-16 14:50:36.133]  Tuned to 34
[2016-11-16 14:50:36.233]  Tuned to 35
[2016-11-16 14:50:36.333]  Tuned to 36
[2016-11-16 14:50:36.434]  Tuned to 37
[2016-11-16 14:50:36.535]  Tuned to 38
[2016-11-16 14:50:36.635]  Tuned to 39
[2016-11-16 14:50:36.735]  Tuned to 40
[2016-11-16 14:50:36.836]  Tuned to 41
[2016-11-16 14:50:36.936]  Tuned to 42
[2016-11-16 14:50:37.036]  Tuned to 43
[2016-11-16 14:50:37.137]  Tuned to 44
[2016-11-16 14:50:37.237]  Tuned to 45
[2016-11-16 14:50:37.337]  Tuned to 46
[2016-11-16 14:50:37.437]  Tuned to 47
[2016-11-16 14:50:37.538]  Tuned to 48
[2016-11-16 14:50:37.639]  Tuned to 49
[2016-11-16 14:50:37.739]  Tuned to 50
[2016-11-16 14:50:37.840]  Tuned to 51
[2016-11-16 14:50:37.940]  Tuned to 52
[2016-11-16 14:50:38.040]  Tuned to 53
[2016-11-16 14:50:38.141]  Tuned to 54
[2016-11-16 14:50:38.241]  Tuned to 55
[2016-11-16 14:50:38.341]  Tuned to 56
[2016-11-16 14:50:38.442]  Tuned to 57
[2016-11-16 14:50:38.542]  Tuned to 58
[2016-11-16 14:50:38.642]  Tuned to 59
[2016-11-16 14:50:38.743]  Tuned to 60
[2016-11-16 14:50:38.843]  Tuned to 61
[2016-11-16 14:50:38.943]  Tuned to 62
[2016-11-16 14:50:39.043]  Tuned to 63
[2016-11-16 14:50:39.144]  Tuned to 64
[2016-11-16 14:50:39.244]  Tuned to 65
[2016-11-16 14:50:39.345]  Tuned to 66
[2016-11-16 14:50:39.445]  Tuned to 67
[2016-11-16 14:50:39.546]  Tuned to 68
[2016-11-16 14:50:39.646]  Tuned to 69
[2016-11-16 14:50:39.746]  Tuned to 70
[2016-11-16 14:50:39.847]  Tuned to 71
[2016-11-16 14:50:39.947]  Tuned to 72
[2016-11-16 14:50:40.047]  Tuned to 73
[2016-11-16 14:50:40.147]  Tuned to 74
[2016-11-16 14:50:40.248]  Tuned to 75
[2016-11-16 14:50:40.348]  Tuned to 76
[2016-11-16 14:50:40.449]  Tuned to 77
[2016-11-16 14:50:40.549]  Tuned to 78
[2016-11-16 14:50:40.649]  Tuned to 79
[2016-11-16 14:50:40.749]  Tuned to 80
[2016-11-16 14:50:40.850]  Tuned to 81
[2016-11-16 14:50:40.950]  Tuned to 82
[2016-11-16 14:50:41.050]  Tuned to 83
[2016-11-16 14:50:41.151]  Tuned to 2
[2016-11-16 14:50:41.251]  Tuned to 3
[2016-11-16 14:50:41.352]  Tuned to 4
[2016-11-16 14:50:41.452]  Tuned to 5
[2016-11-16 14:50:41.552]  Tuned to 6
[2016-11-16 14:50:41.653]  Tuned to 7
[2016-11-16 14:50:41.753]  Tuned to 8
[2016-11-16 14:50:41.853]  Tuned to 9
[2016-11-16 14:50:41.953]  Tuned to 10
[2016-11-16 14:50:42.054]  Tuned to 11
[2016-11-16 14:50:42.154]  Tuned to 12
[2016-11-16 14:50:42.254]  Tuned to 13
[2016-11-16 14:50:42.355]  Tuned to 14
[2016-11-16 14:50:42.455]  Tuned to 15
[2016-11-16 14:50:42.555]  Tuned to 16
[2016-11-16 14:50:42.655]  Tuned to 17
[2016-11-16 14:50:42.756]  Tuned to 18
[2016-11-16 14:50:42.856]  Tuned to 19
[2016-11-16 14:50:42.956]  Tuned to 20
[2016-11-16 14:50:43.057]  Tuned to 21
[2016-11-16 14:50:43.157]  Tuned to 22
[2016-11-16 14:50:43.257]  Tuned to 23
[2016-11-16 14:50:43.358]  Tuned to 24
[2016-11-16 14:50:43.458]  Tuned to 25
[2016-11-16 14:50:43.558]  Tuned to 26
[2016-11-16 14:50:43.658]  Tuned to 27
[2016-11-16 14:50:43.759]  Tuned to 28
[2016-11-16 14:50:43.859]  Tuned to 29
[2016-11-16 14:50:43.959]  Tuned to 30
[2016-11-16 14:50:44.060]  Tuned to 31
[2016-11-16 14:50:44.160]  Tuned to 32
[2016-11-16 14:50:44.262]  Tuned to 33
[2016-11-16 14:50:44.362]  Tuned to 34
[2016-11-16 14:50:44.463]  Tuned to 35
[2016-11-16 14:50:44.563]  Tuned to 36
[2016-11-16 14:50:44.663]  Tuned to 37
[2016-11-16 14:50:44.763]  Tuned to 38
[2016-11-16 14:50:44.864]  Tuned to 39
[2016-11-16 14:50:44.964]  Tuned to 40
[2016-11-16 14:50:45.064]  Tuned to 41
[2016-11-16 14:50:45.165]  Tuned to 42
[2016-11-16 14:50:45.265]  Tuned to 43
[2016-11-16 14:50:45.365]  Tuned to 44
[2016-11-16 14:50:45.465]  Tuned to 45
[2016-11-16 14:50:45.566]  Tuned to 46
[2016-11-16 14:50:45.666]  Tuned to 47
[2016-11-16 14:50:45.766]  Tuned to 48
[2016-11-16 14:50:45.867]  Tuned to 49
[2016-11-16 14:50:45.967]  Tuned to 50
[2016-11-16 14:50:46.067]  Tuned to 51
[2016-11-16 14:50:46.168]  Tuned to 52
[2016-11-16 14:50:46.268]  Tuned to 53
[2016-11-16 14:50:46.368]  Tuned to 54
[2016-11-16 14:50:46.468]  Tuned to 55
[2016-11-16 14:50:46.569]  Tuned to 56
[2016-11-16 14:50:46.669]  Tuned to 57
[2016-11-16 14:50:46.769]  Tuned to 58
[2016-11-16 14:50:46.870]  Tuned to 59
[2016-11-16 14:50:46.970]  Tuned to 60
[2016-11-16 14:50:47.070]  Tuned to 61
[2016-11-16 14:50:47.172]  Tuned to 62
[2016-11-16 14:50:47.273]  Tuned to 63
[2016-11-16 14:50:47.373]  Tuned to 64
[2016-11-16 14:50:47.473]  Tuned to 65
[2016-11-16 14:50:47.574]  Tuned to 66
[2016-11-16 14:50:47.674]  Tuned to 67
[2016-11-16 14:50:47.774]  Tuned to 68
[2016-11-16 14:50:47.874]  Tuned to 69
[2016-11-16 14:50:47.975]  Tuned to 70
[2016-11-16 14:50:48.075]  Tuned to 71
[2016-11-16 14:50:48.175]  Tuned to 72
[2016-11-16 14:50:48.276]  Tuned to 73
[2016-11-16 14:50:48.376]  Tuned to 74
[2016-11-16 14:50:48.476]  Tuned to 75
[2016-11-16 14:50:48.577]  Tuned to 76
[2016-11-16 14:50:48.677]  Tuned to 77
[2016-11-16 14:50:48.777]  Tuned to 78
[2016-11-16 14:50:48.878]  Tuned to 79
[2016-11-16 14:50:48.978]  Tuned to 80
[2016-11-16 14:50:49.078]  Tuned to 81
[2016-11-16 14:50:49.179]  Tuned to 82
[2016-11-16 14:50:49.280]  Tuned to 83
[2016-11-16 14:50:49.380]  Tuned to 2
[2016-11-16 14:50:49.480]  Tuned to 3
[2016-11-16 14:50:49.581]  Tuned to 4
[2016-11-16 14:50:49.682]  Tuned to 5
[2016-11-16 14:50:49.782]  Tuned to 6
[2016-11-16 14:50:49.882]  Tuned to 7
[2016-11-16 14:50:49.982]  Tuned to 8
[2016-11-16 14:50:50.083]  Tuned to 9
[2016-11-16 14:50:50.183]  Tuned to 10
[2016-11-16 14:50:50.283]  Tuned to 11
[2016-11-16 14:50:50.384]  Tuned to 12
[2016-11-16 14:50:50.484]  Tuned to 13
[2016-11-16 14:50:50.584]  Tuned to 14
[2016-11-16 14:50:50.685]  Tuned to 15
[2016-11-16 14:50:50.785]  Tuned to 16
[2016-11-16 14:50:50.885]  Tuned to 17
[2016-11-16 14:50:50.986]  Tuned to 18
[2016-11-16 14:50:51.086]  Tuned to 19
[2016-11-16 14:50:51.186]  Tuned to 20
[2016-11-16 14:50:51.286]  Tuned to 21
[2016-11-16 14:50:51.387]  Tuned to 22
[2016-11-16 14:50:51.488]  Tuned to 23
[2016-11-16 14:50:51.588]  Tuned to 24
[2016-11-16 14:50:51.689]  Tuned to 25
[2016-11-16 14:50:51.789]  Tuned to 26
[2016-11-16 14:50:51.889]  Tuned to 27
[2016-11-16 14:50:51.990]  Tuned to 28
[2016-11-16 14:50:52.090]  Tuned to 29
[2016-11-16 14:50:52.190]  Tuned to 30
[2016-11-16 14:50:52.290]  Tuned to 31
[2016-11-16 14:50:52.391]  Tuned to 32
[2016-11-16 14:50:52.491]  Tuned to 33
[2016-11-16 14:50:52.591]  Tuned to 34
[2016-11-16 14:50:52.692]  Tuned to 35
[2016-11-16 14:50:52.792]  Tuned to 36
[2016-11-16 14:50:52.892]  Tuned to 37
[2016-11-16 14:50:52.993]  Tuned to 38
[2016-11-16 14:50:53.093]  Tuned to 39
[2016-11-16 14:50:53.193]  Tuned to 40
[2016-11-16 14:50:53.294]  Tuned to 41
[2016-11-16 14:50:53.396]  Tuned to 42
[2016-11-16 14:50:53.496]  Tuned to 43
[2016-11-16 14:50:53.596]  Tuned to 44
[2016-11-16 14:50:53.696]  Tuned to 45
[2016-11-16 14:50:53.797]  Tuned to 46
[2016-11-16 14:50:53.897]  Tuned to 47
[2016-11-16 14:50:53.997]  Tuned to 48
[2016-11-16 14:50:54.098]  Tuned to 49
[2016-11-16 14:50:54.198]  Tuned to 50
[2016-11-16 14:50:54.298]  Tuned to 51
[2016-11-16 14:50:54.399]  Tuned to 52
[2016-11-16 14:50:54.499]  Tuned to 53
[2016-11-16 14:50:54.600]  Tuned to 54
[2016-11-16 14:50:54.700]  Tuned to 55
[2016-11-16 14:50:54.801]  Tuned to 56
[2016-11-16 14:50:54.901]  Tuned to 57
[2016-11-16 14:50:55.001]  Tuned to 58
[2016-11-16 14:50:55.102]  Tuned to 59
[2016-11-16 14:50:55.202]  Tuned to 60
[2016-11-16 14:50:55.302]  Tuned to 61
[2016-11-16 14:50:55.402]  Tuned to 62
[2016-11-16 14:50:55.503]  Tuned to 63
[2016-11-16 14:50:55.603]  Tuned to 64
[2016-11-16 14:50:55.703]  Tuned to 65
[2016-11-16 14:50:55.804]  Tuned to 66
[2016-11-16 14:50:55.904]  Tuned to 67
[2016-11-16 14:50:56.004]  Tuned to 68
[2016-11-16 14:50:56.105]  Tuned to 69
[2016-11-16 14:50:56.205]  Tuned to 70
[2016-11-16 14:50:56.305]  Tuned to 71
[2016-11-16 14:50:56.406]  Tuned to 72
[2016-11-16 14:50:56.506]  Tuned to 73
[2016-11-16 14:50:56.606]  Tuned to 74
[2016-11-16 14:50:56.707]  Tuned to 75
[2016-11-16 14:50:56.807]  Tuned to 76
[2016-11-16 14:50:56.907]  Tuned to 77
[2016-11-16 14:50:57.007]  Tuned to 78
[2016-11-16 14:50:57.108]  Tuned to 79
[2016-11-16 14:50:57.208]  Tuned to 80
[2016-11-16 14:50:57.308]  Tuned to 81
[2016-11-16 14:50:57.409]  Tuned to 82
[2016-11-16 14:50:57.509]  Tuned to 83
[2016-11-16 14:50:57.609]  Tuned to 2
[2016-11-16 14:50:57.709]  Tuned to 3
[2016-11-16 14:50:57.810]  Tuned to 4
[2016-11-16 14:50:57.910]  Tuned to 5
[2016-11-16 14:50:58.010]  Tuned to 6
[2016-11-16 14:50:58.111]  Tuned to 7
[2016-11-16 14:50:58.211]  Tuned to 8
[2016-11-16 14:50:58.311]  Tuned to 9
[2016-11-16 14:50:58.412]  Tuned to 10
[2016-11-16 14:50:58.512]  Tuned to 11
[2016-11-16 14:50:58.613]  Tuned to 12
[2016-11-16 14:50:58.713]  Tuned to 13
[2016-11-16 14:50:58.813]  Tuned to 14
[2016-11-16 14:50:58.913]  Tuned to 15
[2016-11-16 14:50:59.014]  Tuned to 16
[2016-11-16 14:50:59.114]  Tuned to 17
[2016-11-16 14:50:59.214]  Tuned to 18
[2016-11-16 14:50:59.315]  Tuned to 19
[2016-11-16 14:50:59.415]  Tuned to 20
[2016-11-16 14:50:59.515]  Tuned to 21
[2016-11-16 14:50:59.616]  Tuned to 22
[2016-11-16 14:50:59.716]  Tuned to 23
[2016-11-16 14:50:59.816]  Tuned to 24
[2016-11-16 14:50:59.916]  Tuned to 25
[2016-11-16 14:51:00.017]  Tuned to 26
[2016-11-16 14:51:00.117]  Tuned to 27
[2016-11-16 14:51:00.217]  Tuned to 28
[2016-11-16 14:51:00.318]  Tuned to 29
[2016-11-16 14:51:00.418]  Tuned to 30
[2016-11-16 14:51:00.518]  Tuned to 31
[2016-11-16 14:51:00.619]  Tuned to 32
[2016-11-16 14:51:00.720]  Tuned to 33
[2016-11-16 14:51:00.821]  Tuned to 34
[2016-11-16 14:51:00.921]  Tuned to 35
[2016-11-16 14:51:01.021]  Tuned to 36
[2016-11-16 14:51:01.121]  Tuned to 37
[2016-11-16 14:51:01.222]  Tuned to 38
[2016-11-16 14:51:01.322]  Tuned to 39
[2016-11-16 14:51:01.422]  Tuned to 40
tail: output.txt: file truncated
usage: ./nrf24-scanner.py [-h] [-c N [N ...]] [-v] [-l] [-i INDEX] [-p PREFIX] [-d DWELL]
./nrf24-scanner.py: error: unrecognized arguments: 
tail: output.txt: file truncated
[2016-11-16 14:56:44.728]  Using channels 2, 3, 4, 5, 6, 7, 8, 9, 10, 11, 12, 13, 14, 15, 16, 17, 18, 19, 20, 21, 22, 23, 24, 25, 26, 27, 28, 29, 30, 31, 32, 33, 34, 35, 36, 37, 38, 39, 40, 41, 42, 43, 44, 45, 46, 47, 48, 49, 50, 51, 52, 53, 54, 55, 56, 57, 58, 59, 60, 61, 62, 63, 64, 65, 66, 67, 68, 69, 70, 71, 72, 73, 74, 75, 76, 77, 78, 79, 80, 81, 82, 83
[2016-11-16 14:56:44.741]  Entered promiscuous mode
[2016-11-16 14:56:44.741]  Tuned to 2
[2016-11-16 14:56:44.841]  Tuned to 3
[2016-11-16 14:56:44.941]  Tuned to 4
[2016-11-16 14:56:45.042]  Tuned to 5
[2016-11-16 14:56:45.145]  Tuned to 6
[2016-11-16 14:56:45.245]  Tuned to 7
[2016-11-16 14:56:45.345]  Tuned to 8
[2016-11-16 14:56:45.446]  Tuned to 9
[2016-11-16 14:56:45.546]  Tuned to 10
[2016-11-16 14:56:45.647]  Tuned to 11
tail: output.txt: file truncated
[2016-11-16 14:56:59.322]  Using channels 2, 3, 4, 5, 6, 7, 8, 9, 10, 11, 12, 13, 14, 15, 16, 17, 18, 19, 20, 21, 22, 23, 24, 25, 26, 27, 28, 29, 30, 31, 32, 33, 34, 35, 36, 37, 38, 39, 40, 41, 42, 43, 44, 45, 46, 47, 48, 49, 50, 51, 52, 53, 54, 55, 56, 57, 58, 59, 60, 61, 62, 63, 64, 65, 66, 67, 68, 69, 70, 71, 72, 73, 74, 75, 76, 77, 78, 79, 80, 81, 82, 83
[2016-11-16 14:56:59.338]  Entered promiscuous mode
[2016-11-16 14:56:59.338]  Tuned to 2
[2016-11-16 14:56:59.439]  Tuned to 3
[2016-11-16 14:56:59.539]  Tuned to 4
[2016-11-16 14:56:59.639]  Tuned to 5
[2016-11-16 14:56:59.740]  Tuned to 6
[2016-11-16 14:56:59.840]  Tuned to 7
[2016-11-16 14:56:59.940]  Tuned to 8
[2016-11-16 14:57:00.041]  Tuned to 9
[2016-11-16 14:57:00.141]  Tuned to 10
[2016-11-16 14:57:00.241]  Tuned to 11
tail: output.txt: file truncated
[2016-11-16 15:02:12.955]  Using channels 2, 3, 4, 5, 6, 7, 8, 9, 10, 11, 12, 13, 14, 15, 16, 17, 18, 19, 20, 21, 22, 23, 24, 25, 26, 27, 28, 29, 30, 31, 32, 33, 34, 35, 36, 37, 38, 39, 40, 41, 42, 43, 44, 45, 46, 47, 48, 49, 50, 51, 52, 53, 54, 55, 56, 57, 58, 59, 60, 61, 62, 63, 64, 65, 66, 67, 68, 69, 70, 71, 72, 73, 74, 75, 76, 77, 78, 79, 80, 81, 82, 83
[2016-11-16 15:02:12.980]  Entered promiscuous mode
[2016-11-16 15:02:12.981]  Tuned to 2
[2016-11-16 15:02:13.081]  Tuned to 3
[2016-11-16 15:02:13.182]  Tuned to 4
[2016-11-16 15:02:13.283]  Tuned to 5
[2016-11-16 15:02:13.384]  Tuned to 6
[2016-11-16 15:02:13.484]  Tuned to 7
[2016-11-16 15:02:13.584]  Tuned to 8
[2016-11-16 15:02:13.685]  Tuned to 9
[2016-11-16 15:02:13.785]  Tuned to 10
[2016-11-16 15:02:13.885]  Tuned to 11
tail: output.txt: file truncated
[2016-11-16 15:06:56.844]  Using channels 2, 3, 4, 5, 6, 7, 8, 9, 10, 11, 12, 13, 14, 15, 16, 17, 18, 19, 20, 21, 22, 23, 24, 25, 26, 27, 28, 29, 30, 31, 32, 33, 34, 35, 36, 37, 38, 39, 40, 41, 42, 43, 44, 45, 46, 47, 48, 49, 50, 51, 52, 53, 54, 55, 56, 57, 58, 59, 60, 61, 62, 63, 64, 65, 66, 67, 68, 69, 70, 71, 72, 73, 74, 75, 76, 77, 78, 79, 80, 81, 82, 83
[2016-11-16 15:06:56.857]  Entered promiscuous mode
[2016-11-16 15:06:56.857]  Tuned to 2
[2016-11-16 15:06:56.958]  Tuned to 3
[2016-11-16 15:06:57.058]  Tuned to 4
[2016-11-16 15:06:57.158]  Tuned to 5
[2016-11-16 15:06:57.258]  Tuned to 6
[2016-11-16 15:06:57.359]  Tuned to 7
[2016-11-16 15:06:57.459]  Tuned to 8
[2016-11-16 15:06:57.560]  Tuned to 9
[2016-11-16 15:06:57.660]  Tuned to 10
[2016-11-16 15:06:57.760]  Tuned to 11
[2016-11-16 15:06:57.861]  Tuned to 12
[2016-11-16 15:06:57.961]  Tuned to 13
[2016-11-16 15:06:58.061]  Tuned to 14
[2016-11-16 15:06:58.162]  Tuned to 15
[2016-11-16 15:06:58.262]  Tuned to 16
[2016-11-16 15:06:58.362]  Tuned to 17
[2016-11-16 15:06:58.463]  Tuned to 18
[2016-11-16 15:06:58.563]  Tuned to 19
[2016-11-16 15:06:58.663]  Tuned to 20
[2016-11-16 15:06:58.763]  Tuned to 21
[2016-11-16 15:06:58.864]  Tuned to 22
[2016-11-16 15:06:58.964]  Tuned to 23
[2016-11-16 15:06:59.064]  Tuned to 24
[2016-11-16 15:06:59.165]  Tuned to 25
[2016-11-16 15:06:59.265]  Tuned to 26
[2016-11-16 15:06:59.366]  Tuned to 27
[2016-11-16 15:06:59.466]  Tuned to 28
[2016-11-16 15:06:59.566]  Tuned to 29
[2016-11-16 15:06:59.667]  Tuned to 30
[2016-11-16 15:06:59.767]  Tuned to 31
[2016-11-16 15:06:59.867]  Tuned to 32
[2016-11-16 15:06:59.967]  Tuned to 33
[2016-11-16 15:07:00.068]  Tuned to 34
[2016-11-16 15:07:00.168]  Tuned to 35
[2016-11-16 15:07:00.268]  Tuned to 36
[2016-11-16 15:07:00.369]  Tuned to 37
[2016-11-16 15:07:00.469]  Tuned to 38
[2016-11-16 15:07:00.569]  Tuned to 39
[2016-11-16 15:07:00.670]  Tuned to 40
[2016-11-16 15:07:00.770]  Tuned to 41
[2016-11-16 15:07:00.871]  Tuned to 42
[2016-11-16 15:07:00.971]  Tuned to 43
[2016-11-16 15:07:01.071]  Tuned to 44
[2016-11-16 15:07:01.172]  Tuned to 45
[2016-11-16 15:07:01.272]  Tuned to 46
[2016-11-16 15:07:01.372]  Tuned to 47
[2016-11-16 15:07:01.473]  Tuned to 48
[2016-11-16 15:07:01.573]  Tuned to 49
[2016-11-16 15:07:01.673]  Tuned to 50
[2016-11-16 15:07:01.774]  Tuned to 51
[2016-11-16 15:07:01.874]  Tuned to 52
[2016-11-16 15:07:01.974]  Tuned to 53
[2016-11-16 15:07:02.075]  Tuned to 54
Traceback (most recent call last):
  File "../modules/mousejack/tools/nrf24-scanner.py", line 55, in <module>
    value = common.radio.receive_payload()
  File "/home/lain/Development/seniordesign/mithren/modules/mousejack/tools/lib/nrf24.py", line 109, in receive_payload
    return self.dongle.read(0x81, 64, timeout=nrf24.usb_timeout)
  File "/usr/local/lib/python2.7/dist-packages/usb/core.py", line 988, in read
    self.__get_timeout(timeout))
  File "/usr/local/lib/python2.7/dist-packages/usb/backend/libusb1.py", line 833, in bulk_read
    timeout)
  File "/usr/local/lib/python2.7/dist-packages/usb/backend/libusb1.py", line 930, in __read
    cast(address, POINTER(c_ubyte)),
  File "/usr/lib/python2.7/ctypes/__init__.py", line 502, in cast
    return _cast(obj, obj, typ)
KeyboardInterrupt
tail: output.txt: file truncated
[2016-11-16 15:07:30.151]  Using channels 2, 3, 4, 5, 6, 7, 8, 9, 10, 11, 12, 13, 14, 15, 16, 17, 18, 19, 20, 21, 22, 23, 24, 25, 26, 27, 28, 29, 30, 31, 32, 33, 34, 35, 36, 37, 38, 39, 40, 41, 42, 43, 44, 45, 46, 47, 48, 49, 50, 51, 52, 53, 54, 55, 56, 57, 58, 59, 60, 61, 62, 63, 64, 65, 66, 67, 68, 69, 70, 71, 72, 73, 74, 75, 76, 77, 78, 79, 80, 81, 82, 83
[2016-11-16 15:07:30.168]  Entered promiscuous mode
[2016-11-16 15:07:30.168]  Tuned to 2
tail: output.txt: file truncated
[2016-11-16 15:08:00.965]  Using channels 2, 3, 4, 5, 6, 7, 8, 9, 10, 11, 12, 13, 14, 15, 16, 17, 18, 19, 20, 21, 22, 23, 24, 25, 26, 27, 28, 29, 30, 31, 32, 33, 34, 35, 36, 37, 38, 39, 40, 41, 42, 43, 44, 45, 46, 47, 48, 49, 50, 51, 52, 53, 54, 55, 56, 57, 58, 59, 60, 61, 62, 63, 64, 65, 66, 67, 68, 69, 70, 71, 72, 73, 74, 75, 76, 77, 78, 79, 80, 81, 82, 83
[2016-11-16 15:08:00.978]  Entered promiscuous mode
[2016-11-16 15:08:00.978]  Tuned to 2
tail: output.txt: file truncated
[2016-11-16 15:08:13.925]  Using channels 2, 3, 4, 5, 6, 7, 8, 9, 10, 11, 12, 13, 14, 15, 16, 17, 18, 19, 20, 21, 22, 23, 24, 25, 26, 27, 28, 29, 30, 31, 32, 33, 34, 35, 36, 37, 38, 39, 40, 41, 42, 43, 44, 45, 46, 47, 48, 49, 50, 51, 52, 53, 54, 55, 56, 57, 58, 59, 60, 61, 62, 63, 64, 65, 66, 67, 68, 69, 70, 71, 72, 73, 74, 75, 76, 77, 78, 79, 80, 81, 82, 83
[2016-11-16 15:08:13.938]  Entered promiscuous mode
[2016-11-16 15:08:13.938]  Tuned to 2
tail: output.txt: file truncated
[2016-11-16 15:08:47.120]  Using channels 2, 3, 4, 5, 6, 7, 8, 9, 10, 11, 12, 13, 14, 15, 16, 17, 18, 19, 20, 21, 22, 23, 24, 25, 26, 27, 28, 29, 30, 31, 32, 33, 34, 35, 36, 37, 38, 39, 40, 41, 42, 43, 44, 45, 46, 47, 48, 49, 50, 51, 52, 53, 54, 55, 56, 57, 58, 59, 60, 61, 62, 63, 64, 65, 66, 67, 68, 69, 70, 71, 72, 73, 74, 75, 76, 77, 78, 79, 80, 81, 82, 83
[2016-11-16 15:08:47.144]  Entered promiscuous mode
[2016-11-16 15:08:47.144]  Tuned to 2
tail: output.txt: file truncated
[2016-11-16 15:09:10.993]  Using channels 2, 3, 4, 5, 6, 7, 8, 9, 10, 11, 12, 13, 14, 15, 16, 17, 18, 19, 20, 21, 22, 23, 24, 25, 26, 27, 28, 29, 30, 31, 32, 33, 34, 35, 36, 37, 38, 39, 40, 41, 42, 43, 44, 45, 46, 47, 48, 49, 50, 51, 52, 53, 54, 55, 56, 57, 58, 59, 60, 61, 62, 63, 64, 65, 66, 67, 68, 69, 70, 71, 72, 73, 74, 75, 76, 77, 78, 79, 80, 81, 82, 83
[2016-11-16 15:09:11.007]  Entered promiscuous mode
[2016-11-16 15:09:11.007]  Tuned to 2
tail: output.txt: file truncated
[2016-11-16 15:10:00.522]  Using channels 2, 3, 4, 5, 6, 7, 8, 9, 10, 11, 12, 13, 14, 15, 16, 17, 18, 19, 20, 21, 22, 23, 24, 25, 26, 27, 28, 29, 30, 31, 32, 33, 34, 35, 36, 37, 38, 39, 40, 41, 42, 43, 44, 45, 46, 47, 48, 49, 50, 51, 52, 53, 54, 55, 56, 57, 58, 59, 60, 61, 62, 63, 64, 65, 66, 67, 68, 69, 70, 71, 72, 73, 74, 75, 76, 77, 78, 79, 80, 81, 82, 83
[2016-11-16 15:10:00.547]  Entered promiscuous mode
[2016-11-16 15:10:00.548]  Tuned to 2
[2016-11-16 15:10:00.648]  Tuned to 3
[2016-11-16 15:10:00.749]  Tuned to 4
[2016-11-16 15:10:00.849]  Tuned to 5
[2016-11-16 15:10:00.949]  Tuned to 6
[2016-11-16 15:10:01.049]  Tuned to 7
[2016-11-16 15:10:01.150]  Tuned to 8
[2016-11-16 15:10:01.251]  Tuned to 9
85]  Tuned to 76
[2016-11-16 14:50:23.985]  Tuned to 77
[2016-11-16 14:50:24.085]  Tuned to 78
[2016-11-16 14:50:24.185]  Tuned to 79
[2016-11-16 14:50:24.286]  Tuned to 80
[2016-11-16 14:50:24.387]  Tuned to 81
[2016-11-16 14:50:24.487]  Tuned to 82
[2016-11-16 14:50:24.587]  Tuned to 83
[2016-11-16 14:50:24.688]  Tuned to 2
[2016-11-16 14:50:24.788]  Tuned to 3
[2016-11-16 14:50:24.889]  Tuned to 4
[2016-11-16 14:50:24.989]  Tuned to 5
[2016-11-16 14:50:25.089]  Tuned to 6
[2016-11-16 14:50:25.190]  Tuned to 7
[2016-11-16 14:50:25.290]  Tuned to 8
[2016-11-16 14:50:25.390]  Tuned to 9
[2016-11-16 14:50:25.491]  Tuned to 10
[2016-11-16 14:50:25.592]  Tuned to 11
[2016-11-16 14:50:25.693]  Tuned to 12
[2016-11-16 14:50:25.793]  Tuned to 13
[2016-11-16 14:50:25.893]  Tuned to 14
[2016-11-16 14:50:25.994]  Tuned to 15
[2016-11-16 14:50:26.094]  Tuned to 16
[2016-11-16 14:50:26.194]  Tuned to 17
[2016-11-16 14:50:26.295]  Tuned to 18
[2016-11-16 14:50:26.395]  Tuned to 19
[2016-11-16 14:50:26.495]  Tuned to 20
[2016-11-16 14:50:26.596]  Tuned to 21
[2016-11-16 14:50:26.696]  Tuned to 22
[2016-11-16 14:50:26.796]  Tuned to 23
[2016-11-16 14:50:26.896]  Tuned to 24
[2016-11-16 14:50:26.997]  Tuned to 25
[2016-11-16 14:50:27.097]  Tuned to 26
[2016-11-16 14:50:27.199]  Tuned to 27
[2016-11-16 14:50:27.300]  Tuned to 28
[2016-11-16 14:50:27.400]  Tuned to 29
[2016-11-16 14:50:27.500]  Tuned to 30
[2016-11-16 14:50:27.601]  Tuned to 31
[2016-11-16 14:50:27.701]  Tuned to 32
[2016-11-16 14:50:27.801]  Tuned to 33
[2016-11-16 14:50:27.901]  Tuned to 34
[2016-11-16 14:50:28.002]  Tuned to 35
[2016-11-16 14:50:28.102]  Tuned to 36
[2016-11-16 14:50:28.202]  Tuned to 37
[2016-11-16 14:50:28.303]  Tuned to 38
[2016-11-16 14:50:28.403]  Tuned to 39
[2016-11-16 14:50:28.503]  Tuned to 40
[2016-11-16 14:50:28.604]  Tuned to 41
[2016-11-16 14:50:28.704]  Tuned to 42
[2016-11-16 14:50:28.805]  Tuned to 43
[2016-11-16 14:50:28.906]  Tuned to 44
[2016-11-16 14:50:29.006]  Tuned to 45
[2016-11-16 14:50:29.106]  Tuned to 46
[2016-11-16 14:50:29.206]  Tuned to 47
[2016-11-16 14:50:29.307]  Tuned to 48
[2016-11-16 14:50:29.407]  Tuned to 49
[2016-11-16 14:50:29.507]  Tuned to 50
[2016-11-16 14:50:29.608]  Tuned to 51
[2016-11-16 14:50:29.708]  Tuned to 52
[2016-11-16 14:50:29.808]  Tuned to 53
[2016-11-16 14:50:29.909]  Tuned to 54
[2016-11-16 14:50:30.009]  Tuned to 55
[2016-11-16 14:50:30.109]  Tuned to 56
[2016-11-16 14:50:30.210]  Tuned to 57
[2016-11-16 14:50:30.310]  Tuned to 58
[2016-11-16 14:50:30.411]  Tuned to 59
[2016-11-16 14:50:30.511]  Tuned to 60
[2016-11-16 14:50:30.612]  Tuned to 61
[2016-11-16 14:50:30.712]  Tuned to 62
[2016-11-16 14:50:30.812]  Tuned to 63
[2016-11-16 14:50:30.913]  Tuned to 64
[2016-11-16 14:50:31.013]  Tuned to 65
[2016-11-16 14:50:31.113]  Tuned to 66
[2016-11-16 14:50:31.214]  Tuned to 67
[2016-11-16 14:50:31.314]  Tuned to 68
[2016-11-16 14:50:31.414]  Tuned to 69
[2016-11-16 14:50:31.515]  Tuned to 70
[2016-11-16 14:50:31.615]  Tuned to 71
[2016-11-16 14:50:31.715]  Tuned to 72
[2016-11-16 14:50:31.816]  Tuned to 73
[2016-11-16 14:50:31.916]  Tuned to 74
[2016-11-16 14:50:32.016]  Tuned to 75
[2016-11-16 14:50:32.116]  Tuned to 76
[2016-11-16 14:50:32.217]  Tuned to 77
[2016-11-16 14:50:32.317]  Tuned to 78
[2016-11-16 14:50:32.417]  Tuned to 79
[2016-11-16 14:50:32.518]  Tuned to 80
[2016-11-16 14:50:32.618]  Tuned to 81
[2016-11-16 14:50:32.718]  Tuned to 82
[2016-11-16 14:50:32.819]  Tuned to 83
[2016-11-16 14:50:32.919]  Tuned to 2
[2016-11-16 14:50:33.019]  Tuned to 3
[2016-11-16 14:50:33.121]  Tuned to 4
[2016-11-16 14:50:33.222]  Tuned to 5
[2016-11-16 14:50:33.322]  Tuned to 6
[2016-11-16 14:50:33.422]  Tuned to 7
[2016-11-16 14:50:33.523]  Tuned to 8
[2016-11-16 14:50:33.623]  Tuned to 9
[2016-11-16 14:50:33.724]  Tuned to 10
[2016-11-16 14:50:33.824]  Tuned to 11
[2016-11-16 14:50:33.925]  Tuned to 12
[2016-11-16 14:50:34.026]  Tuned to 13
[2016-11-16 14:50:34.126]  Tuned to 14
[2016-11-16 14:50:34.227]  Tuned to 15
[2016-11-16 14:50:34.327]  Tuned to 16
[2016-11-16 14:50:34.427]  Tuned to 17
[2016-11-16 14:50:34.527]  Tuned to 18
[2016-11-16 14:50:34.628]  Tuned to 19
[2016-11-16 14:50:34.728]  Tuned to 20
[2016-11-16 14:50:34.828]  Tuned to 21
[2016-11-16 14:50:34.929]  Tuned to 22
[2016-11-16 14:50:35.029]  Tuned to 23
[2016-11-16 14:50:35.129]  Tuned to 24
[2016-11-16 14:50:35.230]  Tuned to 25
[2016-11-16 14:50:35.330]  Tuned to 26
[2016-11-16 14:50:35.430]  Tuned to 27
[2016-11-16 14:50:35.531]  Tuned to 28
[2016-11-16 14:50:35.631]  Tuned to 29
[2016-11-16 14:50:35.731]  Tuned to 30
[2016-11-16 14:50:35.832]  Tuned to 31
[2016-11-16 14:50:35.932]  Tuned to 32
[2016-11-16 14:50:36.032]  Tuned to 33
[2016-11-16 14:50:36.133]  Tuned to 34
[2016-11-16 14:50:36.233]  Tuned to 35
[2016-11-16 14:50:36.333]  Tuned to 36
[2016-11-16 14:50:36.434]  Tuned to 37
[2016-11-16 14:50:36.535]  Tuned to 38
[2016-11-16 14:50:36.635]  Tuned to 39
[2016-11-16 14:50:36.735]  Tuned to 40
[2016-11-16 14:50:36.836]  Tuned to 41
[2016-11-16 14:50:36.936]  Tuned to 42
[2016-11-16 14:50:37.036]  Tuned to 43
[2016-11-16 14:50:37.137]  Tuned to 44
[2016-11-16 14:50:37.237]  Tuned to 45
[2016-11-16 14:50:37.337]  Tuned to 46
[2016-11-16 14:50:37.437]  Tuned to 47
[2016-11-16 14:50:37.538]  Tuned to 48
[2016-11-16 14:50:37.639]  Tuned to 49
[2016-11-16 14:50:37.739]  Tuned to 50
[2016-11-16 14:50:37.840]  Tuned to 51
[2016-11-16 14:50:37.940]  Tuned to 52
[2016-11-16 14:50:38.040]  Tuned to 53
[2016-11-16 14:50:38.141]  Tuned to 54
[2016-11-16 14:50:38.241]  Tuned to 55
[2016-11-16 14:50:38.341]  Tuned to 56
[2016-11-16 14:50:38.442]  Tuned to 57
[2016-11-16 14:50:38.542]  Tuned to 58
[2016-11-16 14:50:38.642]  Tuned to 59
[2016-11-16 14:50:38.743]  Tuned to 60
[2016-11-16 14:50:38.843]  Tuned to 61
[2016-11-16 14:50:38.943]  Tuned to 62
[2016-11-16 14:50:39.043]  Tuned to 63
[2016-11-16 14:50:39.144]  Tuned to 64
[2016-11-16 14:50:39.244]  Tuned to 65
[2016-11-16 14:50:39.345]  Tuned to 66
[2016-11-16 14:50:39.445]  Tuned to 67
[2016-11-16 14:50:39.546]  Tuned to 68
[2016-11-16 14:50:39.646]  Tuned to 69
[2016-11-16 14:50:39.746]  Tuned to 70
[2016-11-16 14:50:39.847]  Tuned to 71
[2016-11-16 14:50:39.947]  Tuned to 72
[2016-11-16 14:50:40.047]  Tuned to 73
[2016-11-16 14:50:40.147]  Tuned to 74
[2016-11-16 14:50:40.248]  Tuned to 75
[2016-11-16 14:50:40.348]  Tuned to 76
[2016-11-16 14:50:40.449]  Tuned to 77
[2016-11-16 14:50:40.549]  Tuned to 78
[2016-11-16 14:50:40.649]  Tuned to 79
[2016-11-16 14:50:40.749]  Tuned to 80
[2016-11-16 14:50:40.850]  Tuned to 81
[2016-11-16 14:50:40.950]  Tuned to 82
[2016-11-16 14:50:41.050]  Tuned to 83
[2016-11-16 14:50:41.151]  Tuned to 2
[2016-11-16 14:50:41.251]  Tuned to 3
[2016-11-16 14:50:41.352]  Tuned to 4
[2016-11-16 14:50:41.452]  Tuned to 5
[2016-11-16 14:50:41.552]  Tuned to 6
[2016-11-16 14:50:41.653]  Tuned to 7
[2016-11-16 14:50:41.753]  Tuned to 8
[2016-11-16 14:50:41.853]  Tuned to 9
[2016-11-16 14:50:41.953]  Tuned to 10
[2016-11-16 14:50:42.054]  Tuned to 11
[2016-11-16 14:50:42.154]  Tuned to 12
[2016-11-16 14:50:42.254]  Tuned to 13
[2016-11-16 14:50:42.355]  Tuned to 14
[2016-11-16 14:50:42.455]  Tuned to 15
[2016-11-16 14:50:42.555]  Tuned to 16
[2016-11-16 14:50:42.655]  Tuned to 17
[2016-11-16 14:50:42.756]  Tuned to 18
[2016-11-16 14:50:42.856]  Tuned to 19
[2016-11-16 14:50:42.956]  Tuned to 20
[2016-11-16 14:50:43.057]  Tuned to 21
[2016-11-16 14:50:43.157]  Tuned to 22
[2016-11-16 14:50:43.257]  Tuned to 23
[2016-11-16 14:50:43.358]  Tuned to 24
[2016-11-16 14:50:43.458]  Tuned to 25
[2016-11-16 14:50:43.558]  Tuned to 26
[2016-11-16 14:50:43.658]  Tuned to 27
[2016-11-16 14:50:43.759]  Tuned to 28
[2016-11-16 14:50:43.859]  Tuned to 29
[2016-11-16 14:50:43.959]  Tuned to 30
[2016-11-16 14:50:44.060]  Tuned to 31
[2016-11-16 14:50:44.160]  Tuned to 32
[2016-11-16 14:50:44.262]  Tuned to 33
[2016-11-16 14:50:44.362]  Tuned to 34
[2016-11-16 14:50:44.463]  Tuned to 35
[2016-11-16 14:50:44.563]  Tuned to 36
[2016-11-16 14:50:44.663]  Tuned to 37
[2016-11-16 14:50:44.763]  Tuned to 38
[2016-11-16 14:50:44.864]  Tuned to 39
[2016-11-16 14:50:44.964]  Tuned to 40
[2016-11-16 14:50:45.064]  Tuned to 41
[2016-11-16 14:50:45.165]  Tuned to 42
[2016-11-16 14:50:45.265]  Tuned to 43
[2016-11-16 14:50:45.365]  Tuned to 44
[2016-11-16 14:50:45.465]  Tuned to 45
[2016-11-16 14:50:45.566]  Tuned to 46
[2016-11-16 14:50:45.666]  Tuned to 47
[2016-11-16 14:50:45.766]  Tuned to 48
[2016-11-16 14:50:45.867]  Tuned to 49
[2016-11-16 14:50:45.967]  Tuned to 50
[2016-11-16 14:50:46.067]  Tuned to 51
[2016-11-16 14:50:46.168]  Tuned to 52
[2016-11-16 14:50:46.268]  Tuned to 53
[2016-11-16 14:50:46.368]  Tuned to 54
[2016-11-16 14:50:46.468]  Tuned to 55
[2016-11-16 14:50:46.569]  Tuned to 56
[2016-11-16 14:50:46.669]  Tuned to 57
[2016-11-16 14:50:46.769]  Tuned to 58
[2016-11-16 14:50:46.870]  Tuned to 59
[2016-11-16 14:50:46.970]  Tuned to 60
[2016-11-16 14:50:47.070]  Tuned to 61
[2016-11-16 14:50:47.172]  Tuned to 62
[2016-11-16 14:50:47.273]  Tuned to 63
[2016-11-16 14:50:47.373]  Tuned to 64
[2016-11-16 14:50:47.473]  Tuned to 65
[2016-11-16 14:50:47.574]  Tuned to 66
[2016-11-16 14:50:47.674]  Tuned to 67
[2016-11-16 14:50:47.774]  Tuned to 68
[2016-11-16 14:50:47.874]  Tuned to 69
[2016-11-16 14:50:47.975]  Tuned to 70
[2016-11-16 14:50:48.075]  Tuned to 71
[2016-11-16 14:50:48.175]  Tuned to 72
[2016-11-16 14:50:48.276]  Tuned to 73
[2016-11-16 14:50:48.376]  Tuned to 74
[2016-11-16 14:50:48.476]  Tuned to 75
[2016-11-16 14:50:48.577]  Tuned to 76
[2016-11-16 14:50:48.677]  Tuned to 77
[2016-11-16 14:50:48.777]  Tuned to 78
[2016-11-16 14:50:48.878]  Tuned to 79
[2016-11-16 14:50:48.978]  Tuned to 80
[2016-11-16 14:50:49.078]  Tuned to 81
[2016-11-16 14:50:49.179]  Tuned to 82
[2016-11-16 14:50:49.280]  Tuned to 83
[2016-11-16 14:50:49.380]  Tuned to 2
[2016-11-16 14:50:49.480]  Tuned to 3
[2016-11-16 14:50:49.581]  Tuned to 4
[2016-11-16 14:50:49.682]  Tuned to 5
[2016-11-16 14:50:49.782]  Tuned to 6
[2016-11-16 14:50:49.882]  Tuned to 7
[2016-11-16 14:50:49.982]  Tuned to 8
[2016-11-16 14:50:50.083]  Tuned to 9
[2016-11-16 14:50:50.183]  Tuned to 10
[2016-11-16 14:50:50.283]  Tuned to 11
[2016-11-16 14:50:50.384]  Tuned to 12
[2016-11-16 14:50:50.484]  Tuned to 13
[2016-11-16 14:50:50.584]  Tuned to 14
[2016-11-16 14:50:50.685]  Tuned to 15
[2016-11-16 14:50:50.785]  Tuned to 16
[2016-11-16 14:50:50.885]  Tuned to 17
[2016-11-16 14:50:50.986]  Tuned to 18
[2016-11-16 14:50:51.086]  Tuned to 19
[2016-11-16 14:50:51.186]  Tuned to 20
[2016-11-16 14:50:51.286]  Tuned to 21
[2016-11-16 14:50:51.387]  Tuned to 22
[2016-11-16 14:50:51.488]  Tuned to 23
[2016-11-16 14:50:51.588]  Tuned to 24
[2016-11-16 14:50:51.689]  Tuned to 25
[2016-11-16 14:50:51.789]  Tuned to 26
[2016-11-16 14:50:51.889]  Tuned to 27
[2016-11-16 14:50:51.990]  Tuned to 28
[2016-11-16 14:50:52.090]  Tuned to 29
[2016-11-16 14:50:52.190]  Tuned to 30
[2016-11-16 14:50:52.290]  Tuned to 31
[2016-11-16 14:50:52.391]  Tuned to 32
[2016-11-16 14:50:52.491]  Tuned to 33
[2016-11-16 14:50:52.591]  Tuned to 34
[2016-11-16 14:50:52.692]  Tuned to 35
[2016-11-16 14:50:52.792]  Tuned to 36
[2016-11-16 14:50:52.892]  Tuned to 37
[2016-11-16 14:50:52.993]  Tuned to 38
[2016-11-16 14:50:53.093]  Tuned to 39
[2016-11-16 14:50:53.193]  Tuned to 40
[2016-11-16 14:50:53.294]  Tuned to 41
[2016-11-16 14:50:53.396]  Tuned to 42
[2016-11-16 14:50:53.496]  Tuned to 43
[2016-11-16 14:50:53.596]  Tuned to 44
[2016-11-16 14:50:53.696]  Tuned to 45
[2016-11-16 14:50:53.797]  Tuned to 46
[2016-11-16 14:50:53.897]  Tuned to 47
[2016-11-16 14:50:53.997]  Tuned to 48
[2016-11-16 14:50:54.098]  Tuned to 49
[2016-11-16 14:50:54.198]  Tuned to 50
[2016-11-16 14:50:54.298]  Tuned to 51
[2016-11-16 14:50:54.399]  Tuned to 52
[2016-11-16 14:50:54.499]  Tuned to 53
[2016-11-16 14:50:54.600]  Tuned to 54
[2016-11-16 14:50:54.700]  Tuned to 55
[2016-11-16 14:50:54.801]  Tuned to 56
[2016-11-16 14:50:54.901]  Tuned to 57
[2016-11-16 14:50:55.001]  Tuned to 58
[2016-11-16 14:50:55.102]  Tuned to 59
[2016-11-16 14:50:55.202]  Tuned to 60
[2016-11-16 14:50:55.302]  Tuned to 61
[2016-11-16 14:50:55.402]  Tuned to 62
[2016-11-16 14:50:55.503]  Tuned to 63
[2016-11-16 14:50:55.603]  Tuned to 64
[2016-11-16 14:50:55.703]  Tuned to 65
[2016-11-16 14:50:55.804]  Tuned to 66
[2016-11-16 14:50:55.904]  Tuned to 67
[2016-11-16 14:50:56.004]  Tuned to 68
[2016-11-16 14:50:56.105]  Tuned to 69
[2016-11-16 14:50:56.205]  Tuned to 70
[2016-11-16 14:50:56.305]  Tuned to 71
[2016-11-16 14:50:56.406]  Tuned to 72
[2016-11-16 14:50:56.506]  Tuned to 73
[2016-11-16 14:50:56.606]  Tuned to 74
[2016-11-16 14:50:56.707]  Tuned to 75
[2016-11-16 14:50:56.807]  Tuned to 76
[2016-11-16 14:50:56.907]  Tuned to 77
[2016-11-16 14:50:57.007]  Tuned to 78
[2016-11-16 14:50:57.108]  Tuned to 79
[2016-11-16 14:50:57.208]  Tuned to 80
[2016-11-16 14:50:57.308]  Tuned to 81
[2016-11-16 14:50:57.409]  Tuned to 82
[2016-11-16 14:50:57.509]  Tuned to 83
[2016-11-16 14:50:57.609]  Tuned to 2
[2016-11-16 14:50:57.709]  Tuned to 3
[2016-11-16 14:50:57.810]  Tuned to 4
[2016-11-16 14:50:57.910]  Tuned to 5
[2016-11-16 14:50:58.010]  Tuned to 6
[2016-11-16 14:50:58.111]  Tuned to 7
[2016-11-16 14:50:58.211]  Tuned to 8
[2016-11-16 14:50:58.311]  Tuned to 9
[2016-11-16 14:50:58.412]  Tuned to 10
[2016-11-16 14:50:58.512]  Tuned to 11
[2016-11-16 14:50:58.613]  Tuned to 12
[2016-11-16 14:50:58.713]  Tuned to 13
[2016-11-16 14:50:58.813]  Tuned to 14
[2016-11-16 14:50:58.913]  Tuned to 15
[2016-11-16 14:50:59.014]  Tuned to 16
[2016-11-16 14:50:59.114]  Tuned to 17
[2016-11-16 14:50:59.214]  Tuned to 18
[2016-11-16 14:50:59.315]  Tuned to 19
[2016-11-16 14:50:59.415]  Tuned to 20
[2016-11-16 14:50:59.515]  Tuned to 21
[2016-11-16 14:50:59.616]  Tuned to 22
[2016-11-16 14:50:59.716]  Tuned to 23
[2016-11-16 14:50:59.816]  Tuned to 24
[2016-11-16 14:50:59.916]  Tuned to 25
[2016-11-16 14:51:00.017]  Tuned to 26
[2016-11-16 14:51:00.117]  Tuned to 27
[2016-11-16 14:51:00.217]  Tuned to 28
[2016-11-16 14:51:00.318]  Tuned to 29
[2016-11-16 14:51:00.418]  Tuned to 30
[2016-11-16 14:51:00.518]  Tuned to 31
[2016-11-16 14:51:00.619]  Tuned to 32
[2016-11-16 14:51:00.720]  Tuned to 33
[2016-11-16 14:51:00.821]  Tuned to 34
[2016-11-16 14:51:00.921]  Tuned to 35
[2016-11-16 14:51:01.021]  Tuned to 36
[2016-11-16 14:51:01.121]  Tuned to 37
[2016-11-16 14:51:01.222]  Tuned to 38
[2016-11-16 14:51:01.322]  Tuned to 39
[2016-11-16 14:51:01.422]  Tuned to 40
tail: output.txt: file truncated
usage: ./nrf24-scanner.py [-h] [-c N [N ...]] [-v] [-l] [-i INDEX] [-p PREFIX] [-d DWELL]
./nrf24-scanner.py: error: unrecognized arguments: 
tail: output.txt: file truncated
[2016-11-16 14:56:44.728]  Using channels 2, 3, 4, 5, 6, 7, 8, 9, 10, 11, 12, 13, 14, 15, 16, 17, 18, 19, 20, 21, 22, 23, 24, 25, 26, 27, 28, 29, 30, 31, 32, 33, 34, 35, 36, 37, 38, 39, 40, 41, 42, 43, 44, 45, 46, 47, 48, 49, 50, 51, 52, 53, 54, 55, 56, 57, 58, 59, 60, 61, 62, 63, 64, 65, 66, 67, 68, 69, 70, 71, 72, 73, 74, 75, 76, 77, 78, 79, 80, 81, 82, 83
[2016-11-16 14:56:44.741]  Entered promiscuous mode
[2016-11-16 14:56:44.741]  Tuned to 2
[2016-11-16 14:56:44.841]  Tuned to 3
[2016-11-16 14:56:44.941]  Tuned to 4
[2016-11-16 14:56:45.042]  Tuned to 5
[2016-11-16 14:56:45.145]  Tuned to 6
[2016-11-16 14:56:45.245]  Tuned to 7
[2016-11-16 14:56:45.345]  Tuned to 8
[2016-11-16 14:56:45.446]  Tuned to 9
[2016-11-16 14:56:45.546]  Tuned to 10
[2016-11-16 14:56:45.647]  Tuned to 11
tail: output.txt: file truncated
[2016-11-16 14:56:59.322]  Using channels 2, 3, 4, 5, 6, 7, 8, 9, 10, 11, 12, 13, 14, 15, 16, 17, 18, 19, 20, 21, 22, 23, 24, 25, 26, 27, 28, 29, 30, 31, 32, 33, 34, 35, 36, 37, 38, 39, 40, 41, 42, 43, 44, 45, 46, 47, 48, 49, 50, 51, 52, 53, 54, 55, 56, 57, 58, 59, 60, 61, 62, 63, 64, 65, 66, 67, 68, 69, 70, 71, 72, 73, 74, 75, 76, 77, 78, 79, 80, 81, 82, 83
[2016-11-16 14:56:59.338]  Entered promiscuous mode
[2016-11-16 14:56:59.338]  Tuned to 2
[2016-11-16 14:56:59.439]  Tuned to 3
[2016-11-16 14:56:59.539]  Tuned to 4
[2016-11-16 14:56:59.639]  Tuned to 5
[2016-11-16 14:56:59.740]  Tuned to 6
[2016-11-16 14:56:59.840]  Tuned to 7
[2016-11-16 14:56:59.940]  Tuned to 8
[2016-11-16 14:57:00.041]  Tuned to 9
[2016-11-16 14:57:00.141]  Tuned to 10
[2016-11-16 14:57:00.241]  Tuned to 11
tail: output.txt: file truncated
[2016-11-16 15:02:12.955]  Using channels 2, 3, 4, 5, 6, 7, 8, 9, 10, 11, 12, 13, 14, 15, 16, 17, 18, 19, 20, 21, 22, 23, 24, 25, 26, 27, 28, 29, 30, 31, 32, 33, 34, 35, 36, 37, 38, 39, 40, 41, 42, 43, 44, 45, 46, 47, 48, 49, 50, 51, 52, 53, 54, 55, 56, 57, 58, 59, 60, 61, 62, 63, 64, 65, 66, 67, 68, 69, 70, 71, 72, 73, 74, 75, 76, 77, 78, 79, 80, 81, 82, 83
[2016-11-16 15:02:12.980]  Entered promiscuous mode
[2016-11-16 15:02:12.981]  Tuned to 2
[2016-11-16 15:02:13.081]  Tuned to 3
[2016-11-16 15:02:13.182]  Tuned to 4
[2016-11-16 15:02:13.283]  Tuned to 5
[2016-11-16 15:02:13.384]  Tuned to 6
[2016-11-16 15:02:13.484]  Tuned to 7
[2016-11-16 15:02:13.584]  Tuned to 8
[2016-11-16 15:02:13.685]  Tuned to 9
[2016-11-16 15:02:13.785]  Tuned to 10
[2016-11-16 15:02:13.885]  Tuned to 11
tail: output.txt: file truncated
[2016-11-16 15:06:56.844]  Using channels 2, 3, 4, 5, 6, 7, 8, 9, 10, 11, 12, 13, 14, 15, 16, 17, 18, 19, 20, 21, 22, 23, 24, 25, 26, 27, 28, 29, 30, 31, 32, 33, 34, 35, 36, 37, 38, 39, 40, 41, 42, 43, 44, 45, 46, 47, 48, 49, 50, 51, 52, 53, 54, 55, 56, 57, 58, 59, 60, 61, 62, 63, 64, 65, 66, 67, 68, 69, 70, 71, 72, 73, 74, 75, 76, 77, 78, 79, 80, 81, 82, 83
[2016-11-16 15:06:56.857]  Entered promiscuous mode
[2016-11-16 15:06:56.857]  Tuned to 2
[2016-11-16 15:06:56.958]  Tuned to 3
[2016-11-16 15:06:57.058]  Tuned to 4
[2016-11-16 15:06:57.158]  Tuned to 5
[2016-11-16 15:06:57.258]  Tuned to 6
[2016-11-16 15:06:57.359]  Tuned to 7
[2016-11-16 15:06:57.459]  Tuned to 8
[2016-11-16 15:06:57.560]  Tuned to 9
[2016-11-16 15:06:57.660]  Tuned to 10
[2016-11-16 15:06:57.760]  Tuned to 11
[2016-11-16 15:06:57.861]  Tuned to 12
[2016-11-16 15:06:57.961]  Tuned to 13
[2016-11-16 15:06:58.061]  Tuned to 14
[2016-11-16 15:06:58.162]  Tuned to 15
[2016-11-16 15:06:58.262]  Tuned to 16
[2016-11-16 15:06:58.362]  Tuned to 17
[2016-11-16 15:06:58.463]  Tuned to 18
[2016-11-16 15:06:58.563]  Tuned to 19
[2016-11-16 15:06:58.663]  Tuned to 20
[2016-11-16 15:06:58.763]  Tuned to 21
[2016-11-16 15:06:58.864]  Tuned to 22
[2016-11-16 15:06:58.964]  Tuned to 23
[2016-11-16 15:06:59.064]  Tuned to 24
[2016-11-16 15:06:59.165]  Tuned to 25
[2016-11-16 15:06:59.265]  Tuned to 26
[2016-11-16 15:06:59.366]  Tuned to 27
[2016-11-16 15:06:59.466]  Tuned to 28
[2016-11-16 15:06:59.566]  Tuned to 29
[2016-11-16 15:06:59.667]  Tuned to 30
[2016-11-16 15:06:59.767]  Tuned to 31
[2016-11-16 15:06:59.867]  Tuned to 32
[2016-11-16 15:06:59.967]  Tuned to 33
[2016-11-16 15:07:00.068]  Tuned to 34
[2016-11-16 15:07:00.168]  Tuned to 35
[2016-11-16 15:07:00.268]  Tuned to 36
[2016-11-16 15:07:00.369]  Tuned to 37
[2016-11-16 15:07:00.469]  Tuned to 38
[2016-11-16 15:07:00.569]  Tuned to 39
[2016-11-16 15:07:00.670]  Tuned to 40
[2016-11-16 15:07:00.770]  Tuned to 41
[2016-11-16 15:07:00.871]  Tuned to 42
[2016-11-16 15:07:00.971]  Tuned to 43
[2016-11-16 15:07:01.071]  Tuned to 44
[2016-11-16 15:07:01.172]  Tuned to 45
[2016-11-16 15:07:01.272]  Tuned to 46
[2016-11-16 15:07:01.372]  Tuned to 47
[2016-11-16 15:07:01.473]  Tuned to 48
[2016-11-16 15:07:01.573]  Tuned to 49
[2016-11-16 15:07:01.673]  Tuned to 50
[2016-11-16 15:07:01.774]  Tuned to 51
[2016-11-16 15:07:01.874]  Tuned to 52
[2016-11-16 15:07:01.974]  Tuned to 53
[2016-11-16 15:07:02.075]  Tuned to 54
Traceback (most recent call last):
  File "../modules/mousejack/tools/nrf24-scanner.py", line 55, in <module>
    value = common.radio.receive_payload()
  File "/home/lain/Development/seniordesign/mithren/modules/mousejack/tools/lib/nrf24.py", line 109, in receive_payload
    return self.dongle.read(0x81, 64, timeout=nrf24.usb_timeout)
  File "/usr/local/lib/python2.7/dist-packages/usb/core.py", line 988, in read
    self.__get_timeout(timeout))
  File "/usr/local/lib/python2.7/dist-packages/usb/backend/libusb1.py", line 833, in bulk_read
    timeout)
  File "/usr/local/lib/python2.7/dist-packages/usb/backend/libusb1.py", line 930, in __read
    cast(address, POINTER(c_ubyte)),
  File "/usr/lib/python2.7/ctypes/__init__.py", line 502, in cast
    return _cast(obj, obj, typ)
KeyboardInterrupt
tail: output.txt: file truncated
[2016-11-16 15:07:30.151]  Using channels 2, 3, 4, 5, 6, 7, 8, 9, 10, 11, 12, 13, 14, 15, 16, 17, 18, 19, 20, 21, 22, 23, 24, 25, 26, 27, 28, 29, 30, 31, 32, 33, 34, 35, 36, 37, 38, 39, 40, 41, 42, 43, 44, 45, 46, 47, 48, 49, 50, 51, 52, 53, 54, 55, 56, 57, 58, 59, 60, 61, 62, 63, 64, 65, 66, 67, 68, 69, 70, 71, 72, 73, 74, 75, 76, 77, 78, 79, 80, 81, 82, 83
[2016-11-16 15:07:30.168]  Entered promiscuous mode
[2016-11-16 15:07:30.168]  Tuned to 2
tail: output.txt: file truncated
[2016-11-16 15:08:00.965]  Using channels 2, 3, 4, 5, 6, 7, 8, 9, 10, 11, 12, 13, 14, 15, 16, 17, 18, 19, 20, 21, 22, 23, 24, 25, 26, 27, 28, 29, 30, 31, 32, 33, 34, 35, 36, 37, 38, 39, 40, 41, 42, 43, 44, 45, 46, 47, 48, 49, 50, 51, 52, 53, 54, 55, 56, 57, 58, 59, 60, 61, 62, 63, 64, 65, 66, 67, 68, 69, 70, 71, 72, 73, 74, 75, 76, 77, 78, 79, 80, 81, 82, 83
[2016-11-16 15:08:00.978]  Entered promiscuous mode
[2016-11-16 15:08:00.978]  Tuned to 2
tail: output.txt: file truncated
[2016-11-16 15:08:13.925]  Using channels 2, 3, 4, 5, 6, 7, 8, 9, 10, 11, 12, 13, 14, 15, 16, 17, 18, 19, 20, 21, 22, 23, 24, 25, 26, 27, 28, 29, 30, 31, 32, 33, 34, 35, 36, 37, 38, 39, 40, 41, 42, 43, 44, 45, 46, 47, 48, 49, 50, 51, 52, 53, 54, 55, 56, 57, 58, 59, 60, 61, 62, 63, 64, 65, 66, 67, 68, 69, 70, 71, 72, 73, 74, 75, 76, 77, 78, 79, 80, 81, 82, 83
[2016-11-16 15:08:13.938]  Entered promiscuous mode
[2016-11-16 15:08:13.938]  Tuned to 2
tail: output.txt: file truncated
[2016-11-16 15:08:47.120]  Using channels 2, 3, 4, 5, 6, 7, 8, 9, 10, 11, 12, 13, 14, 15, 16, 17, 18, 19, 20, 21, 22, 23, 24, 25, 26, 27, 28, 29, 30, 31, 32, 33, 34, 35, 36, 37, 38, 39, 40, 41, 42, 43, 44, 45, 46, 47, 48, 49, 50, 51, 52, 53, 54, 55, 56, 57, 58, 59, 60, 61, 62, 63, 64, 65, 66, 67, 68, 69, 70, 71, 72, 73, 74, 75, 76, 77, 78, 79, 80, 81, 82, 83
[2016-11-16 15:08:47.144]  Entered promiscuous mode
[2016-11-16 15:08:47.144]  Tuned to 2
tail: output.txt: file truncated
[2016-11-16 15:09:10.993]  Using channels 2, 3, 4, 5, 6, 7, 8, 9, 10, 11, 12, 13, 14, 15, 16, 17, 18, 19, 20, 21, 22, 23, 24, 25, 26, 27, 28, 29, 30, 31, 32, 33, 34, 35, 36, 37, 38, 39, 40, 41, 42, 43, 44, 45, 46, 47, 48, 49, 50, 51, 52, 53, 54, 55, 56, 57, 58, 59, 60, 61, 62, 63, 64, 65, 66, 67, 68, 69, 70, 71, 72, 73, 74, 75, 76, 77, 78, 79, 80, 81, 82, 83
[2016-11-16 15:09:11.007]  Entered promiscuous mode
[2016-11-16 15:09:11.007]  Tuned to 2
tail: output.txt: file truncated
[2016-11-16 15:10:00.522]  Using channels 2, 3, 4, 5, 6, 7, 8, 9, 10, 11, 12, 13, 14, 15, 16, 17, 18, 19, 20, 21, 22, 23, 24, 25, 26, 27, 28, 29, 30, 31, 32, 33, 34, 35, 36, 37, 38, 39, 40, 41, 42, 43, 44, 45, 46, 47, 48, 49, 50, 51, 52, 53, 54, 55, 56, 57, 58, 59, 60, 61, 62, 63, 64, 65, 66, 67, 68, 69, 70, 71, 72, 73, 74, 75, 76, 77, 78, 79, 80, 81, 82, 83
[2016-11-16 15:10:00.547]  Entered promiscuous mode
[2016-11-16 15:10:00.548]  Tuned to 2
[2016-11-16 15:10:00.648]  Tuned to 3
[2016-11-16 15:10:00.749]  Tuned to 4
[2016-11-16 15:10:00.849]  Tuned to 5
[2016-11-16 15:10:00.949]  Tuned to 6
[2016-11-16 15:10:01.049]  Tuned to 7
[2016-11-16 15:10:01.150]  Tuned to 8
[2016-11-16 15:10:01.251]  Tuned to 9
 14:28:20.250]  Tuned to 32
[2016-11-16 14:28:20.351]  Tuned to 33
[2016-11-16 14:28:20.451]  Tuned to 34
[2016-11-16 14:28:20.551]  Tuned to 35
[2016-11-16 14:28:20.652]  Tuned to 36
[2016-11-16 14:28:20.752]  Tuned to 37
[2016-11-16 14:28:20.852]  Tuned to 38
[2016-11-16 14:28:20.953]  Tuned to 39
[2016-11-16 14:28:21.053]  Tuned to 40
[2016-11-16 14:28:21.154]  Tuned to 41
[2016-11-16 14:28:21.254]  Tuned to 42
[2016-11-16 14:28:21.354]  Tuned to 43
[2016-11-16 14:28:21.454]  Tuned to 44
[2016-11-16 14:28:21.555]  Tuned to 45
[2016-11-16 14:28:21.655]  Tuned to 46
[2016-11-16 14:28:21.755]  Tuned to 47
[2016-11-16 14:28:21.856]  Tuned to 48
[2016-11-16 14:28:21.956]  Tuned to 49
[2016-11-16 14:28:22.056]  Tuned to 50
[2016-11-16 14:28:22.157]  Tuned to 51
[2016-11-16 14:28:22.257]  Tuned to 52
[2016-11-16 14:28:22.357]  Tuned to 53
[2016-11-16 14:28:22.457]  Tuned to 54
[2016-11-16 14:28:22.558]  Tuned to 55
[2016-11-16 14:28:22.658]  Tuned to 56
[2016-11-16 14:28:22.758]  Tuned to 57
[2016-11-16 14:28:22.859]  Tuned to 58
[2016-11-16 14:28:22.959]  Tuned to 59
[2016-11-16 14:28:23.059]  Tuned to 60
[2016-11-16 14:28:23.159]  Tuned to 61
[2016-11-16 14:28:23.260]  Tuned to 62
[2016-11-16 14:28:23.360]  Tuned to 63
[2016-11-16 14:28:23.460]  Tuned to 64
[2016-11-16 14:28:23.561]  Tuned to 65
[2016-11-16 14:28:23.661]  Tuned to 66
[2016-11-16 14:28:23.762]  Tuned to 67
[2016-11-16 14:28:23.862]  Tuned to 68
[2016-11-16 14:28:23.962]  Tuned to 69
[2016-11-16 14:28:24.062]  Tuned to 70
[2016-11-16 14:28:24.163]  Tuned to 71
[2016-11-16 14:28:24.263]  Tuned to 72
[2016-11-16 14:28:24.363]  Tuned to 73
[2016-11-16 14:28:24.464]  Tuned to 74
[2016-11-16 14:28:24.564]  Tuned to 75
[2016-11-16 14:28:24.664]  Tuned to 76
[2016-11-16 14:28:24.765]  Tuned to 77
[2016-11-16 14:28:24.865]  Tuned to 78
[2016-11-16 14:28:24.965]  Tuned to 79
[2016-11-16 14:28:25.065]  Tuned to 80
[2016-11-16 14:28:25.166]  Tuned to 81
[2016-11-16 14:28:25.266]  Tuned to 82
[2016-11-16 14:28:25.366]  Tuned to 83
[2016-11-16 14:28:25.467]  Tuned to 2
[2016-11-16 14:28:25.567]  Tuned to 3
[2016-11-16 14:28:25.668]  Tuned to 4
[2016-11-16 14:28:25.768]  Tuned to 5
[2016-11-16 14:28:25.868]  Tuned to 6
[2016-11-16 14:28:25.968]  Tuned to 7
[2016-11-16 14:28:26.069]  Tuned to 8
[2016-11-16 14:28:26.169]  Tuned to 9
[2016-11-16 14:28:26.270]  Tuned to 10
[2016-11-16 14:28:26.370]  Tuned to 11
[2016-11-16 14:28:26.470]  Tuned to 12
[2016-11-16 14:28:26.571]  Tuned to 13
[2016-11-16 14:28:26.671]  Tuned to 14
[2016-11-16 14:28:26.771]  Tuned to 15
[2016-11-16 14:28:26.872]  Tuned to 16
[2016-11-16 14:28:26.972]  Tuned to 17
[2016-11-16 14:28:27.072]  Tuned to 18
[2016-11-16 14:28:27.172]  Tuned to 19
[2016-11-16 14:28:27.273]  Tuned to 20
[2016-11-16 14:28:27.373]  Tuned to 21
[2016-11-16 14:28:27.474]  Tuned to 22
[2016-11-16 14:28:27.575]  Tuned to 23
[2016-11-16 14:28:27.675]  Tuned to 24
[2016-11-16 14:28:27.775]  Tuned to 25
[2016-11-16 14:28:27.875]  Tuned to 26
[2016-11-16 14:28:27.976]  Tuned to 27
[2016-11-16 14:28:28.076]  Tuned to 28
[2016-11-16 14:28:28.176]  Tuned to 29
[2016-11-16 14:28:28.277]  Tuned to 30
[2016-11-16 14:28:28.377]  Tuned to 31
[2016-11-16 14:28:28.477]  Tuned to 32
[2016-11-16 14:28:28.577]  Tuned to 33
[2016-11-16 14:28:28.678]  Tuned to 34
[2016-11-16 14:28:28.778]  Tuned to 35
[2016-11-16 14:28:28.878]  Tuned to 36
[2016-11-16 14:28:28.979]  Tuned to 37
[2016-11-16 14:28:29.079]  Tuned to 38
[2016-11-16 14:28:29.179]  Tuned to 39
[2016-11-16 14:28:29.281]  Tuned to 40
[2016-11-16 14:28:29.381]  Tuned to 41
[2016-11-16 14:28:29.481]  Tuned to 42
[2016-11-16 14:28:29.582]  Tuned to 43
[2016-11-16 14:28:29.684]  Tuned to 44
[2016-11-16 14:28:29.784]  Tuned to 45
[2016-11-16 14:28:29.885]  Tuned to 46
[2016-11-16 14:28:29.985]  Tuned to 47
[2016-11-16 14:28:30.085]  Tuned to 48
[2016-11-16 14:28:30.186]  Tuned to 49
[2016-11-16 14:28:30.286]  Tuned to 50
[2016-11-16 14:28:30.386]  Tuned to 51
[2016-11-16 14:28:30.486]  Tuned to 52
[2016-11-16 14:28:30.587]  Tuned to 53
[2016-11-16 14:28:30.687]  Tuned to 54
[2016-11-16 14:28:30.787]  Tuned to 55
[2016-11-16 14:28:30.888]  Tuned to 56
[2016-11-16 14:28:30.988]  Tuned to 57
[2016-11-16 14:28:31.088]  Tuned to 58
[2016-11-16 14:28:31.189]  Tuned to 59
[2016-11-16 14:28:31.289]  Tuned to 60
[2016-11-16 14:28:31.389]  Tuned to 61
[2016-11-16 14:28:31.490]  Tuned to 62
[2016-11-16 14:28:31.590]  Tuned to 63
[2016-11-16 14:28:31.691]  Tuned to 64
[2016-11-16 14:28:31.791]  Tuned to 65
[2016-11-16 14:28:31.892]  Tuned to 66
[2016-11-16 14:28:31.992]  Tuned to 67
[2016-11-16 14:28:32.092]  Tuned to 68
[2016-11-16 14:28:32.192]  Tuned to 69
[2016-11-16 14:28:32.293]  Tuned to 70
[2016-11-16 14:28:32.393]  Tuned to 71
[2016-11-16 14:28:32.495]  Tuned to 72
[2016-11-16 14:28:32.595]  Tuned to 73
[2016-11-16 14:28:32.696]  Tuned to 74
[2016-11-16 14:28:32.797]  Tuned to 75
[2016-11-16 14:28:32.898]  Tuned to 76
[2016-11-16 14:28:32.998]  Tuned to 77
[2016-11-16 14:28:33.099]  Tuned to 78
[2016-11-16 14:28:33.199]  Tuned to 79
[2016-11-16 14:28:33.301]  Tuned to 80
[2016-11-16 14:28:33.401]  Tuned to 81
[2016-11-16 14:28:33.501]  Tuned to 82
[2016-11-16 14:28:33.602]  Tuned to 83
[2016-11-16 14:28:33.702]  Tuned to 2
[2016-11-16 14:28:33.803]  Tuned to 3
[2016-11-16 14:28:33.905]  Tuned to 4
[2016-11-16 14:28:34.005]  Tuned to 5
[2016-11-16 14:28:34.106]  Tuned to 6
[2016-11-16 14:28:34.206]  Tuned to 7
[2016-11-16 14:28:34.308]  Tuned to 8
[2016-11-16 14:28:34.408]  Tuned to 9
[2016-11-16 14:28:34.509]  Tuned to 10
[2016-11-16 14:28:34.609]  Tuned to 11
[2016-11-16 14:28:34.709]  Tuned to 12
[2016-11-16 14:28:34.810]  Tuned to 13
[2016-11-16 14:28:34.910]  Tuned to 14
[2016-11-16 14:28:35.012]  Tuned to 15
[2016-11-16 14:28:35.112]  Tuned to 16
[2016-11-16 14:28:35.213]  Tuned to 17
[2016-11-16 14:28:35.313]  Tuned to 18
[2016-11-16 14:28:35.413]  Tuned to 19
[2016-11-16 14:28:35.514]  Tuned to 20
[2016-11-16 14:28:35.614]  Tuned to 21
[2016-11-16 14:28:35.714]  Tuned to 22
[2016-11-16 14:28:35.815]  Tuned to 23
[2016-11-16 14:28:35.915]  Tuned to 24
[2016-11-16 14:28:36.015]  Tuned to 25
[2016-11-16 14:28:36.117]  Tuned to 26
tail: output.txt: file truncated
[2016-11-16 14:28:54.757]  Using channels 2, 3, 4, 5, 6, 7, 8, 9, 10, 11, 12, 13, 14, 15, 16, 17, 18, 19, 20, 21, 22, 23, 24, 25, 26, 27, 28, 29, 30, 31, 32, 33, 34, 35, 36, 37, 38, 39, 40, 41, 42, 43, 44, 45, 46, 47, 48, 49, 50, 51, 52, 53, 54, 55, 56, 57, 58, 59, 60, 61, 62, 63, 64, 65, 66, 67, 68, 69, 70, 71, 72, 73, 74, 75, 76, 77, 78, 79, 80, 81, 82, 83
[2016-11-16 14:28:54.777]  Entered promiscuous mode
[2016-11-16 14:28:54.778]  Tuned to 2
[2016-11-16 14:28:54.878]  Tuned to 3
[2016-11-16 14:28:54.978]  Tuned to 4
[2016-11-16 14:28:55.079]  Tuned to 5
[2016-11-16 14:28:55.179]  Tuned to 6
[2016-11-16 14:28:55.279]  Tuned to 7
[2016-11-16 14:28:55.380]  Tuned to 8
[2016-11-16 14:28:55.480]  Tuned to 9
[2016-11-16 14:28:55.580]  Tuned to 10
[2016-11-16 14:28:55.680]  Tuned to 11
[2016-11-16 14:28:55.781]  Tuned to 12
[2016-11-16 14:28:55.881]  Tuned to 13
[2016-11-16 14:28:55.982]  Tuned to 14
[2016-11-16 14:28:56.082]  Tuned to 15
[2016-11-16 14:28:56.182]  Tuned to 16
[2016-11-16 14:28:56.283]  Tuned to 17
[2016-11-16 14:28:56.383]  Tuned to 18
[2016-11-16 14:28:56.483]  Tuned to 19
[2016-11-16 14:28:56.584]  Tuned to 20
[2016-11-16 14:28:56.684]  Tuned to 21
[2016-11-16 14:28:56.786]  Tuned to 22
[2016-11-16 14:28:56.886]  Tuned to 23
[2016-11-16 14:28:56.987]  Tuned to 24
[2016-11-16 14:28:57.089]  Tuned to 25
[2016-11-16 14:28:57.189]  Tuned to 26
[2016-11-16 14:28:57.289]  Tuned to 27
[2016-11-16 14:28:57.390]  Tuned to 28
[2016-11-16 14:28:57.490]  Tuned to 29
[2016-11-16 14:28:57.591]  Tuned to 30
[2016-11-16 14:28:57.691]  Tuned to 31
[2016-11-16 14:28:57.791]  Tuned to 32
[2016-11-16 14:28:57.892]  Tuned to 33
[2016-11-16 14:28:57.992]  Tuned to 34
[2016-11-16 14:28:58.092]  Tuned to 35
[2016-11-16 14:28:58.192]  Tuned to 36
[2016-11-16 14:28:58.293]  Tuned to 37
[2016-11-16 14:28:58.393]  Tuned to 38
[2016-11-16 14:28:58.493]  Tuned to 39
Traceback (most recent call last):
  File "../modules/mousejack/tools/nrf24-scanner.py", line 55, in <module>
    value = common.radio.receive_payload()
  File "/home/lain/Development/seniordesign/mithren/modules/mousejack/tools/lib/nrf24.py", line 109, in receive_payload
    return self.dongle.read(0x81, 64, timeout=nrf24.usb_timeout)
  File "/usr/local/lib/python2.7/dist-packages/usb/core.py", line 988, in read
    self.__get_timeout(timeout))
  File "/usr/local/lib/python2.7/dist-packages/usb/backend/libusb1.py", line 833, in bulk_read
    timeout)
  File "/usr/local/lib/python2.7/dist-packages/usb/backend/libusb1.py", line 933, in __read
    timeout)
KeyboardInterrupt
tail: output.txt: file truncated
[2016-11-16 14:29:58.136]  Using channels 2, 3, 4, 5, 6, 7, 8, 9, 10, 11, 12, 13, 14, 15, 16, 17, 18, 19, 20, 21, 22, 23, 24, 25, 26, 27, 28, 29, 30, 31, 32, 33, 34, 35, 36, 37, 38, 39, 40, 41, 42, 43, 44, 45, 46, 47, 48, 49, 50, 51, 52, 53, 54, 55, 56, 57, 58, 59, 60, 61, 62, 63, 64, 65, 66, 67, 68, 69, 70, 71, 72, 73, 74, 75, 76, 77, 78, 79, 80, 81, 82, 83
[2016-11-16 14:29:58.151]  Entered promiscuous mode
[2016-11-16 14:29:58.151]  Tuned to 2
[2016-11-16 14:29:58.251]  Tuned to 3
[2016-11-16 14:29:58.352]  Tuned to 4
[2016-11-16 14:29:58.452]  Tuned to 5
[2016-11-16 14:29:58.552]  Tuned to 6
[2016-11-16 14:29:58.653]  Tuned to 7
[2016-11-16 14:29:58.753]  Tuned to 8
[2016-11-16 14:29:58.853]  Tuned to 9
[2016-11-16 14:29:58.954]  Tuned to 10
[2016-11-16 14:29:59.054]  Tuned to 11
[2016-11-16 14:29:59.154]  Tuned to 12
[2016-11-16 14:29:59.255]  Tuned to 13
[2016-11-16 14:29:59.355]  Tuned to 14
[2016-11-16 14:29:59.455]  Tuned to 15
[2016-11-16 14:29:59.556]  Tuned to 16
[2016-11-16 14:29:59.656]  Tuned to 17
[2016-11-16 14:29:59.756]  Tuned to 18
[2016-11-16 14:29:59.857]  Tuned to 19
[2016-11-16 14:29:59.957]  Tuned to 20
[2016-11-16 14:30:00.058]  Tuned to 21
[2016-11-16 14:30:00.158]  Tuned to 22
[2016-11-16 14:30:00.258]  Tuned to 23
[2016-11-16 14:30:00.359]  Tuned to 24
[2016-11-16 14:30:00.459]  Tuned to 25
[2016-11-16 14:30:00.561]  Tuned to 26
[2016-11-16 14:30:00.661]  Tuned to 27
[2016-11-16 14:30:00.761]  Tuned to 28
[2016-11-16 14:30:00.862]  Tuned to 29
[2016-11-16 14:30:00.962]  Tuned to 30
[2016-11-16 14:30:01.062]  Tuned to 31
[2016-11-16 14:30:01.163]  Tuned to 32
[2016-11-16 14:30:01.263]  Tuned to 33
[2016-11-16 14:30:01.365]  Tuned to 34
[2016-11-16 14:30:01.465]  Tuned to 35
[2016-11-16 14:30:01.565]  Tuned to 36
[2016-11-16 14:30:01.666]  Tuned to 37
[2016-11-16 14:30:01.766]  Tuned to 38
[2016-11-16 14:30:01.866]  Tuned to 39
[2016-11-16 14:30:01.967]  Tuned to 40
[2016-11-16 14:30:02.067]  Tuned to 41
[2016-11-16 14:30:02.167]  Tuned to 42
[2016-11-16 14:30:02.267]  Tuned to 43
[2016-11-16 14:30:02.368]  Tuned to 44
[2016-11-16 14:30:02.468]  Tuned to 45
[2016-11-16 14:30:02.569]  Tuned to 46
[2016-11-16 14:30:02.669]  Tuned to 47
[2016-11-16 14:30:02.769]  Tuned to 48
[2016-11-16 14:30:02.870]  Tuned to 49
[2016-11-16 14:30:02.970]  Tuned to 50
[2016-11-16 14:30:03.070]  Tuned to 51
[2016-11-16 14:30:03.171]  Tuned to 52
[2016-11-16 14:30:03.271]  Tuned to 53
[2016-11-16 14:30:03.371]  Tuned to 54
[2016-11-16 14:30:03.471]  Tuned to 55
[2016-11-16 14:30:03.572]  Tuned to 56
[2016-11-16 14:30:03.672]  Tuned to 57
[2016-11-16 14:30:03.772]  Tuned to 58
[2016-11-16 14:30:03.873]  Tuned to 59
[2016-11-16 14:30:03.975]  Tuned to 60
[2016-11-16 14:30:04.075]  Tuned to 61
[2016-11-16 14:30:04.176]  Tuned to 62
[2016-11-16 14:30:04.276]  Tuned to 63
[2016-11-16 14:30:04.377]  Tuned to 64
[2016-11-16 14:30:04.477]  Tuned to 65
[2016-11-16 14:30:04.577]  Tuned to 66
[2016-11-16 14:30:04.678]  Tuned to 67
[2016-11-16 14:30:04.778]  Tuned to 68
[2016-11-16 14:30:04.878]  Tuned to 69
[2016-11-16 14:30:04.979]  Tuned to 70
[2016-11-16 14:30:05.079]  Tuned to 71
[2016-11-16 14:30:05.179]  Tuned to 72
[2016-11-16 14:30:05.279]  Tuned to 73
[2016-11-16 14:30:05.380]  Tuned to 74
[2016-11-16 14:30:05.480]  Tuned to 75
[2016-11-16 14:30:05.580]  Tuned to 76
[2016-11-16 14:30:05.681]  Tuned to 77
[2016-11-16 14:30:05.781]  Tuned to 78
[2016-11-16 14:30:05.882]  Tuned to 79
[2016-11-16 14:30:05.982]  Tuned to 80
[2016-11-16 14:30:06.082]  Tuned to 81
[2016-11-16 14:30:06.183]  Tuned to 82
[2016-11-16 14:30:06.283]  Tuned to 83
[2016-11-16 14:30:06.383]  Tuned to 2
[2016-11-16 14:30:06.484]  Tuned to 3
[2016-11-16 14:30:06.584]  Tuned to 4
[2016-11-16 14:30:06.684]  Tuned to 5
[2016-11-16 14:30:06.784]  Tuned to 6
[2016-11-16 14:30:06.885]  Tuned to 7
[2016-11-16 14:30:06.985]  Tuned to 8
[2016-11-16 14:30:07.085]  Tuned to 9
[2016-11-16 14:30:07.186]  Tuned to 10
[2016-11-16 14:30:07.286]  Tuned to 11
[2016-11-16 14:30:07.386]  Tuned to 12
[2016-11-16 14:30:07.487]  Tuned to 13
[2016-11-16 14:30:07.587]  Tuned to 14
[2016-11-16 14:30:07.687]  Tuned to 15
[2016-11-16 14:30:07.787]  Tuned to 16
[2016-11-16 14:30:07.888]  Tuned to 17
[2016-11-16 14:30:07.989]  Tuned to 18
[2016-11-16 14:30:08.091]  Tuned to 19
[2016-11-16 14:30:08.191]  Tuned to 20
[2016-11-16 14:30:08.291]  Tuned to 21
[2016-11-16 14:30:08.392]  Tuned to 22
[2016-11-16 14:30:08.492]  Tuned to 23
[2016-11-16 14:30:08.592]  Tuned to 24
[2016-11-16 14:30:08.694]  Tuned to 25
[2016-11-16 14:30:08.794]  Tuned to 26
[2016-11-16 14:30:08.895]  Tuned to 27
[2016-11-16 14:30:08.995]  Tuned to 28
[2016-11-16 14:30:09.095]  Tuned to 29
[2016-11-16 14:30:09.196]  Tuned to 30
[2016-11-16 14:30:09.296]  Tuned to 31
[2016-11-16 14:30:09.396]  Tuned to 32
[2016-11-16 14:30:09.496]  Tuned to 33
[2016-11-16 14:30:09.597]  Tuned to 34
[2016-11-16 14:30:09.697]  Tuned to 35
[2016-11-16 14:30:09.797]  Tuned to 36
[2016-11-16 14:30:09.898]  Tuned to 37
[2016-11-16 14:30:09.998]  Tuned to 38
[2016-11-16 14:30:10.098]  Tuned to 39
[2016-11-16 14:30:10.199]  Tuned to 40
[2016-11-16 14:30:10.300]  Tuned to 41
[2016-11-16 14:30:10.400]  Tuned to 42
[2016-11-16 14:30:10.500]  Tuned to 43
[2016-11-16 14:30:10.600]  Tuned to 44
[2016-11-16 14:30:10.701]  Tuned to 45
[2016-11-16 14:30:10.801]  Tuned to 46
[2016-11-16 14:30:10.901]  Tuned to 47
[2016-11-16 14:30:11.002]  Tuned to 48
[2016-11-16 14:30:11.102]  Tuned to 49
[2016-11-16 14:30:11.202]  Tuned to 50
[2016-11-16 14:30:11.302]  Tuned to 51
[2016-11-16 14:30:11.405]  Tuned to 52
[2016-11-16 14:30:11.505]  Tuned to 53
[2016-11-16 14:30:11.605]  Tuned to 54
[2016-11-16 14:30:11.706]  Tuned to 55
[2016-11-16 14:30:11.806]  Tuned to 56
[2016-11-16 14:30:11.906]  Tuned to 57
[2016-11-16 14:30:12.007]  Tuned to 58
[2016-11-16 14:30:12.107]  Tuned to 59
[2016-11-16 14:30:12.207]  Tuned to 60
[2016-11-16 14:30:12.308]  Tuned to 61
[2016-11-16 14:30:12.409]  Tuned to 62
[2016-11-16 14:30:12.510]  Tuned to 63
[2016-11-16 14:30:12.610]  Tuned to 64
[2016-11-16 14:30:12.710]  Tuned to 65
[2016-11-16 14:30:12.810]  Tuned to 66
[2016-11-16 14:30:12.911]  Tuned to 67
[2016-11-16 14:30:13.011]  Tuned to 68
[2016-11-16 14:30:13.111]  Tuned to 69
[2016-11-16 14:30:13.212]  Tuned to 70
[2016-11-16 14:30:13.312]  Tuned to 71
[2016-11-16 14:30:13.412]  Tuned to 72
[2016-11-16 14:30:13.513]  Tuned to 73
[2016-11-16 14:30:13.613]  Tuned to 74
[2016-11-16 14:30:13.715]  Tuned to 75
[2016-11-16 14:30:13.817]  Tuned to 76
[2016-11-16 14:30:13.917]  Tuned to 77
[2016-11-16 14:30:14.017]  Tuned to 78
[2016-11-16 14:30:14.118]  Tuned to 79
[2016-11-16 14:30:14.218]  Tuned to 80
[2016-11-16 14:30:14.318]  Tuned to 81
[2016-11-16 14:30:14.419]  Tuned to 82
[2016-11-16 14:30:14.519]  Tuned to 83
[2016-11-16 14:30:14.619]  Tuned to 2
[2016-11-16 14:30:14.720]  Tuned to 3
[2016-11-16 14:30:14.821]  Tuned to 4
[2016-11-16 14:30:14.921]  Tuned to 5
[2016-11-16 14:30:15.021]  Tuned to 6
[2016-11-16 14:30:15.122]  Tuned to 7
[2016-11-16 14:30:15.222]  Tuned to 8
[2016-11-16 14:30:15.322]  Tuned to 9
[2016-11-16 14:30:15.423]  Tuned to 10
[2016-11-16 14:30:15.523]  Tuned to 11
[2016-11-16 14:30:15.623]  Tuned to 12
[2016-11-16 14:30:15.723]  Tuned to 13
[2016-11-16 14:30:15.824]  Tuned to 14
[2016-11-16 14:30:15.925]  Tuned to 15
[2016-11-16 14:30:16.025]  Tuned to 16
[2016-11-16 14:30:16.126]  Tuned to 17
[2016-11-16 14:30:16.226]  Tuned to 18
[2016-11-16 14:30:16.326]  Tuned to 19
[2016-11-16 14:30:16.427]  Tuned to 20
[2016-11-16 14:30:16.527]  Tuned to 21
[2016-11-16 14:30:16.627]  Tuned to 22
[2016-11-16 14:30:16.727]  Tuned to 23
[2016-11-16 14:30:16.828]  Tuned to 24
[2016-11-16 14:30:16.928]  Tuned to 25
[2016-11-16 14:30:17.028]  Tuned to 26
[2016-11-16 14:30:17.129]  Tuned to 27
[2016-11-16 14:30:17.229]  Tuned to 28
[2016-11-16 14:30:17.329]  Tuned to 29
[2016-11-16 14:30:17.430]  Tuned to 30
[2016-11-16 14:30:17.530]  Tuned to 31
[2016-11-16 14:30:17.630]  Tuned to 32
[2016-11-16 14:30:17.731]  Tuned to 33
[2016-11-16 14:30:17.831]  Tuned to 34
[2016-11-16 14:30:17.931]  Tuned to 35
[2016-11-16 14:30:18.032]  Tuned to 36
[2016-11-16 14:30:18.132]  Tuned to 37
[2016-11-16 14:30:18.232]  Tuned to 38
[2016-11-16 14:30:18.332]  Tuned to 39
[2016-11-16 14:30:18.433]  Tuned to 40
[2016-11-16 14:30:18.533]  Tuned to 41
[2016-11-16 14:30:18.633]  Tuned to 42
[2016-11-16 14:30:18.734]  Tuned to 43
[2016-11-16 14:30:18.834]  Tuned to 44
[2016-11-16 14:30:18.934]  Tuned to 45
[2016-11-16 14:30:19.035]  Tuned to 46
[2016-11-16 14:30:19.135]  Tuned to 47
[2016-11-16 14:30:19.235]  Tuned to 48
[2016-11-16 14:30:19.336]  Tuned to 49
[2016-11-16 14:30:19.437]  Tuned to 50
[2016-11-16 14:30:19.538]  Tuned to 51
[2016-11-16 14:30:19.638]  Tuned to 52
[2016-11-16 14:30:19.738]  Tuned to 53
[2016-11-16 14:30:19.839]  Tuned to 54
[2016-11-16 14:30:19.939]  Tuned to 55
[2016-11-16 14:30:20.039]  Tuned to 56
[2016-11-16 14:30:20.139]  Tuned to 57
[2016-11-16 14:30:20.240]  Tuned to 58
[2016-11-16 14:30:20.341]  Tuned to 59
[2016-11-16 14:30:20.441]  Tuned to 60
[2016-11-16 14:30:20.541]  Tuned to 61
[2016-11-16 14:30:20.641]  Tuned to 62
[2016-11-16 14:30:20.742]  Tuned to 63
[2016-11-16 14:30:20.842]  Tuned to 64
[2016-11-16 14:30:20.942]  Tuned to 65
[2016-11-16 14:30:21.043]  Tuned to 66
[2016-11-16 14:30:21.143]  Tuned to 67
[2016-11-16 14:30:21.243]  Tuned to 68
[2016-11-16 14:30:21.344]  Tuned to 69
[2016-11-16 14:30:21.444]  Tuned to 70
[2016-11-16 14:30:21.544]  Tuned to 71
[2016-11-16 14:30:21.645]  Tuned to 72
[2016-11-16 14:30:21.745]  Tuned to 73
[2016-11-16 14:30:21.845]  Tuned to 74
[2016-11-16 14:30:21.946]  Tuned to 75
[2016-11-16 14:30:22.046]  Tuned to 76
[2016-11-16 14:30:22.146]  Tuned to 77
[2016-11-16 14:30:22.247]  Tuned to 78
[2016-11-16 14:30:22.347]  Tuned to 79
[2016-11-16 14:30:22.447]  Tuned to 80
[2016-11-16 14:30:22.548]  Tuned to 81
[2016-11-16 14:30:22.648]  Tuned to 82
[2016-11-16 14:30:22.748]  Tuned to 83
[2016-11-16 14:30:22.849]  Tuned to 2
[2016-11-16 14:30:22.949]  Tuned to 3
[2016-11-16 14:30:23.049]  Tuned to 4
[2016-11-16 14:30:23.150]  Tuned to 5
[2016-11-16 14:30:23.251]  Tuned to 6
[2016-11-16 14:30:23.351]  Tuned to 7
tail: output.txt: file truncated
[2016-11-16 14:30:23.416]  Using channels 2, 3, 4, 5, 6, 7, 8, 9, 10, 11, 12, 13, 14, 15, 16, 17, 18, 19, 20, 21, 22, 23, 24, 25, 26, 27, 28, 29, 30, 31, 32, 33, 34, 35, 36, 37, 38, 39, 40, 41, 42, 43, 44, 45, 46, 47, 48, 49, 50, 51, 52, 53, 54, 55, 56, 57, 58, 59, 60, 61, 62, 63, 64, 65, 66, 67, 68, 69, 70, 71, 72, 73, 74, 75, 76, 77, 78, 79, 80, 81, 82, 83
Traceback (most recent call last):
  File "../modules/mousejack/tools/nrf24-scanner.py", line 27, in <module>
    common.parse_and_init()
  File "/home/lain/Development/seniordesign/mithren/modules/mousejack/tools/lib/common.py", line 58, in parse_and_init
    radio = nrf24(args.index)
  File "/home/lain/Development/seniordesign/mithren/modules/mousejack/tools/lib/nrf24.py", line 69, in __init__
    raise ex
usb.core.USBError: [Errno 16] Resource busy
                                                                                                                                                                                                                                                                                                                                                                                                                                                                                                                                                                                                                                                                                                                                                                                                                                                                                                                                                                                                                                                                                                                                                                                                                                                                                                                                                                                                                                                                                                                                                                                                                                                                                                                                                                                                                                                                                                                                                                                                                                                                                                                                                                                                                                                                                                                                                                                                                                                                                                                                                                                                                                                                                                                                                                                                                                                                                                                                                                                                                                                                                                                                                                                                                                                                                                                                                                                                                                                                                                                                                                                                                                                                                                                                                                                                                                                                                                                                                                                                                                                                                                                                                                                                                                                                                                                                                                                                                                                                                                                                                                                                                                                                                                                                                                                                                                                                                                                                                                                                                                                                                                                                                                                                                                                                                                                                                                                                                                                                                                                                                                                                                                                                                                                                                                                                                                                                                                                                                                                                                                                                                                                                                                                                                                                                                                                                                                                                                                                                                                                                                                                                                                                                                                                                                                                                                                                                                                                                                                                                                                                                                                                                                                                                                                                                                                                                                                                                                                                                                                                                                                                                                                                                                                                                                                                                                                                                                                                                                                                                                                                                                                                                                                                                                                                                                                                                                                                                                                                                                                                                                                                                                                                                                                                                                                                                                                                                                                                                                                                                                                                                                                                                                                                                                                                                                                                                                                                                                                                                                                                                                                                                                                                                                                                                                                                  [2016-11-16 14:30:23.452]  Tuned to 8
[2016-11-16 14:30:23.552]  Tuned to 9
[2016-11-16 14:30:23.652]  Tuned to 10
[2016-11-16 14:30:23.753]  Tuned to 11
[2016-11-16 14:30:23.853]  Tuned to 12
[2016-11-16 14:30:23.955]  Tuned to 13
[2016-11-16 14:30:24.055]  Tuned to 14
[2016-11-16 14:30:24.156]  Tuned to 15
[2016-11-16 14:30:24.256]  Tuned to 16
[2016-11-16 14:30:24.356]  Tuned to 17
[2016-11-16 14:30:24.456]  Tuned to 18
[2016-11-16 14:30:24.557]  Tuned to 19
[2016-11-16 14:30:24.657]  Tuned to 20
[2016-11-16 14:30:24.757]  Tuned to 21
[2016-11-16 14:30:24.859]  Tuned to 22
[2016-11-16 14:30:24.959]  Tuned to 23
[2016-11-16 14:30:25.059]  Tuned to 24
[2016-11-16 14:30:25.160]  Tuned to 25
[2016-11-16 14:30:25.261]  Tuned to 26
[2016-11-16 14:30:25.361]  Tuned to 27
[2016-11-16 14:30:25.461]  Tuned to 28
[2016-11-16 14:30:25.562]  Tuned to 29
[2016-11-16 14:30:25.662]  Tuned to 30
[2016-11-16 14:30:25.762]  Tuned to 31
[2016-11-16 14:30:25.863]  Tuned to 32
[2016-11-16 14:30:25.963]  Tuned to 33
[2016-11-16 14:30:26.063]  Tuned to 34
[2016-11-16 14:30:26.164]  Tuned to 35
[2016-11-16 14:30:26.264]  Tuned to 36
[2016-11-16 14:30:26.364]  Tuned to 37
[2016-11-16 14:30:26.467]  Tuned to 38
[2016-11-16 14:30:26.567]  Tuned to 39
[2016-11-16 14:30:26.667]  Tuned to 40
[2016-11-16 14:30:26.768]  Tuned to 41
[2016-11-16 14:30:26.868]  Tuned to 42
[2016-11-16 14:30:26.968]  Tuned to 43
[2016-11-16 14:30:27.069]  Tuned to 44
[2016-11-16 14:30:27.169]  Tuned to 45
[2016-11-16 14:30:27.269]  Tuned to 46
[2016-11-16 14:30:27.369]  Tuned to 47
[2016-11-16 14:30:27.470]  Tuned to 48
[2016-11-16 14:30:27.570]  Tuned to 49
[2016-11-16 14:30:27.670]  Tuned to 50
[2016-11-16 14:30:27.771]  Tuned to 51
[2016-11-16 14:30:27.871]  Tuned to 52
[2016-11-16 14:30:27.971]  Tuned to 53
[2016-11-16 14:30:28.072]  Tuned to 54
[2016-11-16 14:30:28.172]  Tuned to 55
[2016-11-16 14:30:28.272]  Tuned to 56
[2016-11-16 14:30:28.373]  Tuned to 57
[2016-11-16 14:30:28.473]  Tuned to 58
[2016-11-16 14:30:28.573]  Tuned to 59
[2016-11-16 14:30:28.674]  Tuned to 60
[2016-11-16 14:30:28.774]  Tuned to 61
[2016-11-16 14:30:28.875]  Tuned to 62
[2016-11-16 14:30:28.975]  Tuned to 63
[2016-11-16 14:30:29.075]  Tuned to 64
[2016-11-16 14:30:29.176]  Tuned to 65
[2016-11-16 14:30:29.276]  Tuned to 66
[2016-11-16 14:30:29.376]  Tuned to 67
[2016-11-16 14:30:29.477]  Tuned to 68
[2016-11-16 14:30:29.577]  Tuned to 69
[2016-11-16 14:30:29.677]  Tuned to 70
[2016-11-16 14:30:29.779]  Tuned to 71
[2016-11-16 14:30:29.879]  Tuned to 72
[2016-11-16 14:30:29.979]  Tuned to 73
[2016-11-16 14:30:30.080]  Tuned to 74
[2016-11-16 14:30:30.180]  Tuned to 75
[2016-11-16 14:30:30.280]  Tuned to 76
[2016-11-16 14:30:30.380]  Tuned to 77
[2016-11-16 14:30:30.481]  Tuned to 78
[2016-11-16 14:30:30.581]  Tuned to 79
[2016-11-16 14:30:30.681]  Tuned to 80
[2016-11-16 14:30:30.782]  Tuned to 81
[2016-11-16 14:30:30.882]  Tuned to 82
[2016-11-16 14:30:30.982]  Tuned to 83
[2016-11-16 14:30:31.083]  Tuned to 2
[2016-11-16 14:30:31.184]  Tuned to 3
[2016-11-16 14:30:31.285]  Tuned to 4
[2016-11-16 14:30:31.385]  Tuned to 5
[2016-11-16 14:30:31.485]  Tuned to 6
[2016-11-16 14:30:31.586]  Tuned to 7
[2016-11-16 14:30:31.686]  Tuned to 8
[2016-11-16 14:30:31.786]  Tuned to 9
[2016-11-16 14:30:31.886]  Tuned to 10
[2016-11-16 14:30:31.987]  Tuned to 11
[2016-11-16 14:30:32.087]  Tuned to 12
[2016-11-16 14:30:32.187]  Tuned to 13
[2016-11-16 14:30:32.288]  Tuned to 14
[2016-11-16 14:30:32.389]  Tuned to 15
[2016-11-16 14:30:32.489]  Tuned to 16
[2016-11-16 14:30:32.589]  Tuned to 17
[2016-11-16 14:30:32.690]  Tuned to 18
[2016-11-16 14:30:32.790]  Tuned to 19
[2016-11-16 14:30:32.890]  Tuned to 20
[2016-11-16 14:30:32.991]  Tuned to 21
[2016-11-16 14:30:33.092]  Tuned to 22
[2016-11-16 14:30:33.192]  Tuned to 23
[2016-11-16 14:30:33.293]  Tuned to 24
[2016-11-16 14:30:33.393]  Tuned to 25
[2016-11-16 14:30:33.493]  Tuned to 26
[2016-11-16 14:30:33.594]  Tuned to 27
[2016-11-16 14:30:33.694]  Tuned to 28
[2016-11-16 14:30:33.794]  Tuned to 29
[2016-11-16 14:30:33.895]  Tuned to 30
[2016-11-16 14:30:33.995]  Tuned to 31
[2016-11-16 14:30:34.095]  Tuned to 32
[2016-11-16 14:30:34.195]  Tuned to 33
[2016-11-16 14:30:34.296]  Tuned to 34
[2016-11-16 14:30:34.396]  Tuned to 35
[2016-11-16 14:30:34.497]  Tuned to 36
[2016-11-16 14:30:34.598]  Tuned to 37
[2016-11-16 14:30:34.698]  Tuned to 38
[2016-11-16 14:30:34.798]  Tuned to 39
[2016-11-16 14:30:34.899]  Tuned to 40
[2016-11-16 14:30:34.999]  Tuned to 41
[2016-11-16 14:30:35.099]  Tuned to 42
[2016-11-16 14:30:35.200]  Tuned to 43
[2016-11-16 14:30:35.300]  Tuned to 44
[2016-11-16 14:30:35.401]  Tuned to 45
[2016-11-16 14:30:35.501]  Tuned to 46
[2016-11-16 14:30:35.601]  Tuned to 47
[2016-11-16 14:30:35.702]  Tuned to 48
[2016-11-16 14:30:35.802]  Tuned to 49
[2016-11-16 14:30:35.902]  Tuned to 50
[2016-11-16 14:30:36.003]  Tuned to 51
[2016-11-16 14:30:36.103]  Tuned to 52
[2016-11-16 14:30:36.203]  Tuned to 53
[2016-11-16 14:30:36.303]  Tuned to 54
[2016-11-16 14:30:36.404]  Tuned to 55
[2016-11-16 14:30:36.504]  Tuned to 56
[2016-11-16 14:30:36.604]  Tuned to 57
[2016-11-16 14:30:36.706]  Tuned to 58
[2016-11-16 14:30:36.806]  Tuned to 59
[2016-11-16 14:30:36.907]  Tuned to 60
[2016-11-16 14:30:37.008]  Tuned to 61
[2016-11-16 14:30:37.108]  Tuned to 62
[2016-11-16 14:30:37.209]  Tuned to 63
[2016-11-16 14:30:37.309]  Tuned to 64
[2016-11-16 14:30:37.410]  Tuned to 65
[2016-11-16 14:30:37.510]  Tuned to 66
[2016-11-16 14:30:37.610]  Tuned to 67
[2016-11-16 14:30:37.710]  Tuned to 68
[2016-11-16 14:30:37.811]  Tuned to 69
[2016-11-16 14:30:37.911]  Tuned to 70
[2016-11-16 14:30:38.011]  Tuned to 71
[2016-11-16 14:30:38.112]  Tuned to 72
[2016-11-16 14:30:38.212]  Tuned to 73
[2016-11-16 14:30:38.312]  Tuned to 74
[2016-11-16 14:30:38.413]  Tuned to 75
[2016-11-16 14:30:38.513]  Tuned to 76
[2016-11-16 14:30:38.613]  Tuned to 77
[2016-11-16 14:30:38.714]  Tuned to 78
[2016-11-16 14:30:38.815]  Tuned to 79
[2016-11-16 14:30:38.915]  Tuned to 80
[2016-11-16 14:30:39.015]  Tuned to 81
[2016-11-16 14:30:39.115]  Tuned to 82
[2016-11-16 14:30:39.216]  Tuned to 83
[2016-11-16 14:30:39.316]  Tuned to 2
[2016-11-16 14:30:39.417]  Tuned to 3
[2016-11-16 14:30:39.517]  Tuned to 4
[2016-11-16 14:30:39.617]  Tuned to 5
[2016-11-16 14:30:39.717]  Tuned to 6
[2016-11-16 14:30:39.818]  Tuned to 7
[2016-11-16 14:30:39.918]  Tuned to 8
[2016-11-16 14:30:40.018]  Tuned to 9
[2016-11-16 14:30:40.119]  Tuned to 10
[2016-11-16 14:30:40.220]  Tuned to 11
[2016-11-16 14:30:40.321]  Tuned to 12
[2016-11-16 14:30:40.421]  Tuned to 13
[2016-11-16 14:30:40.521]  Tuned to 14
[2016-11-16 14:30:40.621]  Tuned to 15
[2016-11-16 14:30:40.722]  Tuned to 16
[2016-11-16 14:30:40.822]  Tuned to 17
[2016-11-16 14:30:40.922]  Tuned to 18
[2016-11-16 14:30:41.023]  Tuned to 19
[2016-11-16 14:30:41.123]  Tuned to 20
[2016-11-16 14:30:41.223]  Tuned to 21
[2016-11-16 14:30:41.324]  Tuned to 22
[2016-11-16 14:30:41.424]  Tuned to 23
[2016-11-16 14:30:41.524]  Tuned to 24
[2016-11-16 14:30:41.625]  Tuned to 25
[2016-11-16 14:30:41.725]  Tuned to 26
[2016-11-16 14:30:41.825]  Tuned to 27
[2016-11-16 14:30:41.925]  Tuned to 28
[2016-11-16 14:30:42.027]  Tuned to 29
[2016-11-16 14:30:42.127]  Tuned to 30
[2016-11-16 14:30:42.227]  Tuned to 31
[2016-11-16 14:30:42.329]  Tuned to 32
[2016-11-16 14:30:42.429]  Tuned to 33
[2016-11-16 14:30:42.529]  Tuned to 34
[2016-11-16 14:30:42.630]  Tuned to 35
[2016-11-16 14:30:42.730]  Tuned to 36
[2016-11-16 14:30:42.830]  Tuned to 37
[2016-11-16 14:30:42.931]  Tuned to 38
[2016-11-16 14:30:43.031]  Tuned to 39
[2016-11-16 14:30:43.131]  Tuned to 40
[2016-11-16 14:30:43.232]  Tuned to 41
[2016-11-16 14:30:43.332]  Tuned to 42
[2016-11-16 14:30:43.432]  Tuned to 43
[2016-11-16 14:30:43.532]  Tuned to 44
[2016-11-16 14:30:43.635]  Tuned to 45
[2016-11-16 14:30:43.735]  Tuned to 46
[2016-11-16 14:30:43.835]  Tuned to 47
[2016-11-16 14:30:43.936]  Tuned to 48
[2016-11-16 14:30:44.036]  Tuned to 49
[2016-11-16 14:30:44.136]  Tuned to 50
[2016-11-16 14:30:44.237]  Tuned to 51
[2016-11-16 14:30:44.337]  Tuned to 52
[2016-11-16 14:30:44.437]  Tuned to 53
[2016-11-16 14:30:44.538]  Tuned to 54
[2016-11-16 14:30:44.638]  Tuned to 55
[2016-11-16 14:30:44.738]  Tuned to 56
[2016-11-16 14:30:44.839]  Tuned to 57
[2016-11-16 14:30:44.939]  Tuned to 58
[2016-11-16 14:30:45.039]  Tuned to 59
[2016-11-16 14:30:45.140]  Tuned to 60
[2016-11-16 14:30:45.242]  Tuned to 61
[2016-11-16 14:30:45.343]  Tuned to 62
[2016-11-16 14:30:45.443]  Tuned to 63
[2016-11-16 14:30:45.543]  Tuned to 64
[2016-11-16 14:30:45.643]  Tuned to 65
[2016-11-16 14:30:45.744]  Tuned to 66
[2016-11-16 14:30:45.844]  Tuned to 67
[2016-11-16 14:30:45.944]  Tuned to 68
[2016-11-16 14:30:46.045]  Tuned to 69
[2016-11-16 14:30:46.145]  Tuned to 70
[2016-11-16 14:30:46.245]  Tuned to 71
[2016-11-16 14:30:46.346]  Tuned to 72
[2016-11-16 14:30:46.446]  Tuned to 73
[2016-11-16 14:30:46.546]  Tuned to 74
[2016-11-16 14:30:46.647]  Tuned to 75
[2016-11-16 14:30:46.747]  Tuned to 76
[2016-11-16 14:30:46.847]  Tuned to 77
[2016-11-16 14:30:46.948]  Tuned to 78
[2016-11-16 14:30:47.048]  Tuned to 79
[2016-11-16 14:30:47.148]  Tuned to 80
[2016-11-16 14:30:47.249]  Tuned to 81
[2016-11-16 14:30:47.349]  Tuned to 82
[2016-11-16 14:30:47.450]  Tuned to 83
[2016-11-16 14:30:47.550]  Tuned to 2
[2016-11-16 14:30:47.650]  Tuned to 3
[2016-11-16 14:30:47.751]  Tuned to 4
[2016-11-16 14:30:47.852]  Tuned to 5
[2016-11-16 14:30:47.952]  Tuned to 6
[2016-11-16 14:30:48.053]  Tuned to 7
[2016-11-16 14:30:48.153]  Tuned to 8
[2016-11-16 14:30:48.253]  Tuned to 9
[2016-11-16 14:30:48.354]  Tuned to 10
[2016-11-16 14:30:48.454]  Tuned to 11
[2016-11-16 14:30:48.554]  Tuned to 12
[2016-11-16 14:30:48.655]  Tuned to 13
[2016-11-16 14:30:48.755]  Tuned to 14
[2016-11-16 14:30:48.855]  Tuned to 15
[2016-11-16 14:30:48.956]  Tuned to 16
[2016-11-16 14:30:49.056]  Tuned to 17
[2016-11-16 14:30:49.156]  Tuned to 18
[2016-11-16 14:30:49.257]  Tuned to 19
[2016-11-16 14:30:49.357]  Tuned to 20
[2016-11-16 14:30:49.458]  Tuned to 21
[2016-11-16 14:30:49.558]  Tuned to 22
[2016-11-16 14:30:49.658]  Tuned to 23
[2016-11-16 14:30:49.758]  Tuned to 24
[2016-11-16 14:30:49.859]  Tuned to 25
[2016-11-16 14:30:49.959]  Tuned to 26
[2016-11-16 14:30:50.060]  Tuned to 27
[2016-11-16 14:30:50.161]  Tuned to 28
[2016-11-16 14:30:50.261]  Tuned to 29
[2016-11-16 14:30:50.361]  Tuned to 30
[2016-11-16 14:30:50.462]  Tuned to 31
[2016-11-16 14:30:50.562]  Tuned to 32
[2016-11-16 14:30:50.662]  Tuned to 33
[2016-11-16 14:30:50.762]  Tuned to 34
[2016-11-16 14:30:50.863]  Tuned to 35
[2016-11-16 14:30:50.963]  Tuned to 36
[2016-11-16 14:30:51.063]  Tuned to 37
[2016-11-16 14:30:51.164]  Tuned to 38
[2016-11-16 14:30:51.264]  Tuned to 39
[2016-11-16 14:30:51.364]  Tuned to 40
[2016-11-16 14:30:51.465]  Tuned to 41
[2016-11-16 14:30:51.565]  Tuned to 42
[2016-11-16 14:30:51.665]  Tuned to 43
[2016-11-16 14:30:51.766]  Tuned to 44
[2016-11-16 14:30:51.866]  Tuned to 45
[2016-11-16 14:30:51.966]  Tuned to 46
[2016-11-16 14:30:52.067]  Tuned to 47
[2016-11-16 14:30:52.167]  Tuned to 48
[2016-11-16 14:30:52.267]  Tuned to 49
[2016-11-16 14:30:52.368]  Tuned to 50
[2016-11-16 14:30:52.468]  Tuned to 51
[2016-11-16 14:30:52.568]  Tuned to 52
[2016-11-16 14:30:52.668]  Tuned to 53
[2016-11-16 14:30:52.769]  Tuned to 54
[2016-11-16 14:30:52.869]  Tuned to 55
[2016-11-16 14:30:52.970]  Tuned to 56
[2016-11-16 14:30:53.070]  Tuned to 57
[2016-11-16 14:30:53.170]  Tuned to 58
[2016-11-16 14:30:53.271]  Tuned to 59
[2016-11-16 14:30:53.371]  Tuned to 60
[2016-11-16 14:30:53.471]  Tuned to 61
[2016-11-16 14:30:53.571]  Tuned to 62
[2016-11-16 14:30:53.672]  Tuned to 63
[2016-11-16 14:30:53.772]  Tuned to 64
[2016-11-16 14:30:53.872]  Tuned to 65
[2016-11-16 14:30:53.973]  Tuned to 66
[2016-11-16 14:30:54.073]  Tuned to 67
[2016-11-16 14:30:54.173]  Tuned to 68
[2016-11-16 14:30:54.275]  Tuned to 69
[2016-11-16 14:30:54.375]  Tuned to 70
[2016-11-16 14:30:54.475]  Tuned to 71
[2016-11-16 14:30:54.575]  Tuned to 72
[2016-11-16 14:30:54.676]  Tuned to 73
[2016-11-16 14:30:54.777]  Tuned to 74
[2016-11-16 14:30:54.878]  Tuned to 75
[2016-11-16 14:30:54.978]  Tuned to 76
[2016-11-16 14:30:55.078]  Tuned to 77
[2016-11-16 14:30:55.178]  Tuned to 78
[2016-11-16 14:30:55.280]  Tuned to 79
[2016-11-16 14:30:55.381]  Tuned to 80
[2016-11-16 14:30:55.482]  Tuned to 81
[2016-11-16 14:30:55.582]  Tuned to 82
[2016-11-16 14:30:55.682]  Tuned to 83
[2016-11-16 14:30:55.782]  Tuned to 2
[2016-11-16 14:30:55.883]  Tuned to 3
[2016-11-16 14:30:55.983]  Tuned to 4
[2016-11-16 14:30:56.083]  Tuned to 5
[2016-11-16 14:30:56.184]  Tuned to 6
[2016-11-16 14:30:56.284]  Tuned to 7
[2016-11-16 14:30:56.384]  Tuned to 8
[2016-11-16 14:30:56.484]  Tuned to 9
[2016-11-16 14:30:56.585]  Tuned to 10
[2016-11-16 14:30:56.685]  Tuned to 11
[2016-11-16 14:30:56.787]  Tuned to 12
[2016-11-16 14:30:56.888]  Tuned to 13
[2016-11-16 14:30:56.988]  Tuned to 14
[2016-11-16 14:30:57.088]  Tuned to 15
[2016-11-16 14:30:57.189]  Tuned to 16
[2016-11-16 14:30:57.289]  Tuned to 17
[2016-11-16 14:30:57.389]  Tuned to 18
[2016-11-16 14:30:57.489]  Tuned to 19
[2016-11-16 14:30:57.590]  Tuned to 20
[2016-11-16 14:30:57.690]  Tuned to 21
[2016-11-16 14:30:57.790]  Tuned to 22
[2016-11-16 14:30:57.891]  Tuned to 23
[2016-11-16 14:30:57.991]  Tuned to 24
[2016-11-16 14:30:58.091]  Tuned to 25
[2016-11-16 14:30:58.192]  Tuned to 26
[2016-11-16 14:30:58.292]  Tuned to 27
[2016-11-16 14:30:58.392]  Tuned to 28
[2016-11-16 14:30:58.493]  Tuned to 29
[2016-11-16 14:30:58.593]  Tuned to 30
[2016-11-16 14:30:58.693]  Tuned to 31
[2016-11-16 14:30:58.793]  Tuned to 32
[2016-11-16 14:30:58.894]  Tuned to 33
[2016-11-16 14:30:58.994]  Tuned to 34
[2016-11-16 14:30:59.094]  Tuned to 35
[2016-11-16 14:30:59.195]  Tuned to 36
[2016-11-16 14:30:59.295]  Tuned to 37
[2016-11-16 14:30:59.395]  Tuned to 38
[2016-11-16 14:30:59.496]  Tuned to 39
[2016-11-16 14:30:59.596]  Tuned to 40
[2016-11-16 14:30:59.696]  Tuned to 41
[2016-11-16 14:30:59.796]  Tuned to 42
[2016-11-16 14:30:59.897]  Tuned to 43
[2016-11-16 14:30:59.997]  Tuned to 44
[2016-11-16 14:31:00.097]  Tuned to 45
[2016-11-16 14:31:00.198]  Tuned to 46
[2016-11-16 14:31:00.298]  Tuned to 47
[2016-11-16 14:31:00.398]  Tuned to 48
[2016-11-16 14:31:00.499]  Tuned to 49
[2016-11-16 14:31:00.599]  Tuned to 50
[2016-11-16 14:31:00.699]  Tuned to 51
[2016-11-16 14:31:00.802]  Tuned to 52
[2016-11-16 14:31:00.903]  Tuned to 53
[2016-11-16 14:31:01.003]  Tuned to 54
[2016-11-16 14:31:01.103]  Tuned to 55
[2016-11-16 14:31:01.204]  Tuned to 56
[2016-11-16 14:31:01.304]  Tuned to 57
[2016-11-16 14:31:01.405]  Tuned to 58
[2016-11-16 14:31:01.505]  Tuned to 59
[2016-11-16 14:31:01.605]  Tuned to 60
[2016-11-16 14:31:01.706]  Tuned to 61
[2016-11-16 14:31:01.806]  Tuned to 62
[2016-11-16 14:31:01.906]  Tuned to 63
[2016-11-16 14:31:02.006]  Tuned to 64
[2016-11-16 14:31:02.107]  Tuned to 65
[2016-11-16 14:31:02.207]  Tuned to 66
[2016-11-16 14:31:02.307]  Tuned to 67
[2016-11-16 14:31:02.408]  Tuned to 68
[2016-11-16 14:31:02.508]  Tuned to 69
[2016-11-16 14:31:02.608]  Tuned to 70
[2016-11-16 14:31:02.709]  Tuned to 71
[2016-11-16 14:31:02.809]  Tuned to 72
[2016-11-16 14:31:02.909]  Tuned to 73
[2016-11-16 14:31:03.010]  Tuned to 74
[2016-11-16 14:31:03.110]  Tuned to 75
[2016-11-16 14:31:03.210]  Tuned to 76
[2016-11-16 14:31:03.311]  Tuned to 77
[2016-11-16 14:31:03.411]  Tuned to 78
[2016-11-16 14:31:03.511]  Tuned to 79
[2016-11-16 14:31:03.611]  Tuned to 80
[2016-11-16 14:31:03.712]  Tuned to 81
[2016-11-16 14:31:03.812]  Tuned to 82
[2016-11-16 14:31:03.912]  Tuned to 83
[2016-11-16 14:31:04.013]  Tuned to 2
[2016-11-16 14:31:04.113]  Tuned to 3
[2016-11-16 14:31:04.213]  Tuned to 4
[2016-11-16 14:31:04.314]  Tuned to 5
[2016-11-16 14:31:04.414]  Tuned to 6
[2016-11-16 14:31:04.514]  Tuned to 7
[2016-11-16 14:31:04.615]  Tuned to 8
[2016-11-16 14:31:04.715]  Tuned to 9
[2016-11-16 14:31:04.816]  Tuned to 10
[2016-11-16 14:31:04.916]  Tuned to 11
[2016-11-16 14:31:05.016]  Tuned to 12
[2016-11-16 14:31:05.117]  Tuned to 13
[2016-11-16 14:31:05.217]  Tuned to 14
[2016-11-16 14:31:05.317]  Tuned to 15
[2016-11-16 14:31:05.418]  Tuned to 16
[2016-11-16 14:31:05.518]  Tuned to 17
[2016-11-16 14:31:05.618]  Tuned to 18
[2016-11-16 14:31:05.719]  Tuned to 19
[2016-11-16 14:31:05.819]  Tuned to 20
[2016-11-16 14:31:05.919]  Tuned to 21
[2016-11-16 14:31:06.020]  Tuned to 22
[2016-11-16 14:31:06.120]  Tuned to 23
[2016-11-16 14:31:06.220]  Tuned to 24
[2016-11-16 14:31:06.321]  Tuned to 25
[2016-11-16 14:31:06.421]  Tuned to 26
[2016-11-16 14:31:06.521]  Tuned to 27
[2016-11-16 14:31:06.621]  Tuned to 28
[2016-11-16 14:31:06.722]  Tuned to 29
[2016-11-16 14:31:06.823]  Tuned to 30
[2016-11-16 14:31:06.923]  Tuned to 31
[2016-11-16 14:31:07.023]  Tuned to 32
[2016-11-16 14:31:07.125]  Tuned to 33
[2016-11-16 14:31:07.225]  Tuned to 34
[2016-11-16 14:31:07.325]  Tuned to 35
[2016-11-16 14:31:07.426]  Tuned to 36
[2016-11-16 14:31:07.526]  Tuned to 37
[2016-11-16 14:31:07.626]  Tuned to 38
[2016-11-16 14:31:07.727]  Tuned to 39
[2016-11-16 14:31:07.827]  Tuned to 40
[2016-11-16 14:31:07.927]  Tuned to 41
[2016-11-16 14:31:08.028]  Tuned to 42
[2016-11-16 14:31:08.128]  Tuned to 43
[2016-11-16 14:31:08.228]  Tuned to 44
[2016-11-16 14:31:08.328]  Tuned to 45
[2016-11-16 14:31:08.429]  Tuned to 46
[2016-11-16 14:31:08.529]  Tuned to 47
[2016-11-16 14:31:08.629]  Tuned to 48
[2016-11-16 14:31:08.730]  Tuned to 49
[2016-11-16 14:31:08.830]  Tuned to 50
[2016-11-16 14:31:08.932]  Tuned to 51
[2016-11-16 14:31:09.032]  Tuned to 52
[2016-11-16 14:31:09.133]  Tuned to 53
[2016-11-16 14:31:09.233]  Tuned to 54
[2016-11-16 14:31:09.333]  Tuned to 55
[2016-11-16 14:31:09.433]  Tuned to 56
[2016-11-16 14:31:09.534]  Tuned to 57
[2016-11-16 14:31:09.634]  Tuned to 58
[2016-11-16 14:31:09.734]  Tuned to 59
[2016-11-16 14:31:09.835]  Tuned to 60
[2016-11-16 14:31:09.936]  Tuned to 61
[2016-11-16 14:31:10.036]  Tuned to 62
[2016-11-16 14:31:10.137]  Tuned to 63
[2016-11-16 14:31:10.237]  Tuned to 64
[2016-11-16 14:31:10.337]  Tuned to 65
[2016-11-16 14:31:10.437]  Tuned to 66
[2016-11-16 14:31:10.538]  Tuned to 67
[2016-11-16 14:31:10.638]  Tuned to 68
[2016-11-16 14:31:10.738]  Tuned to 69
[2016-11-16 14:31:10.839]  Tuned to 70
[2016-11-16 14:31:10.939]  Tuned to 71
[2016-11-16 14:31:11.039]  Tuned to 72
[2016-11-16 14:31:11.140]  Tuned to 73
[2016-11-16 14:31:11.240]  Tuned to 74
[2016-11-16 14:31:11.340]  Tuned to 75
[2016-11-16 14:31:11.441]  Tuned to 76
[2016-11-16 14:31:11.541]  Tuned to 77
[2016-11-16 14:31:11.641]  Tuned to 78
[2016-11-16 14:31:11.742]  Tuned to 79
[2016-11-16 14:31:11.845]  Tuned to 80
[2016-11-16 14:31:11.945]  Tuned to 81
[2016-11-16 14:31:12.046]  Tuned to 82
[2016-11-16 14:31:12.146]  Tuned to 83
[2016-11-16 14:31:12.246]  Tuned to 2
[2016-11-16 14:31:12.347]  Tuned to 3
[2016-11-16 14:31:12.447]  Tuned to 4
[2016-11-16 14:31:12.547]  Tuned to 5
[2016-11-16 14:31:12.648]  Tuned to 6
[2016-11-16 14:31:12.748]  Tuned to 7
[2016-11-16 14:31:12.850]  Tuned to 8
[2016-11-16 14:31:12.950]  Tuned to 9
[2016-11-16 14:31:13.051]  Tuned to 10
[2016-11-16 14:31:13.151]  Tuned to 11
[2016-11-16 14:31:13.251]  Tuned to 12
[2016-11-16 14:31:13.351]  Tuned to 13
[2016-11-16 14:31:13.452]  Tuned to 14
[2016-11-16 14:31:13.552]  Tuned to 15
[2016-11-16 14:31:13.652]  Tuned to 16
[2016-11-16 14:31:13.753]  Tuned to 17
[2016-11-16 14:31:13.853]  Tuned to 18
[2016-11-16 14:31:13.953]  Tuned to 19
[2016-11-16 14:31:14.056]  Tuned to 20
[2016-11-16 14:31:14.156]  Tuned to 21
[2016-11-16 14:31:14.256]  Tuned to 22
[2016-11-16 14:31:14.357]  Tuned to 23
[2016-11-16 14:31:14.457]  Tuned to 24
[2016-11-16 14:31:14.557]  Tuned to 25
[2016-11-16 14:31:14.657]  Tuned to 26
[2016-11-16 14:31:14.758]  Tuned to 27
[2016-11-16 14:31:14.858]  Tuned to 28
[2016-11-16 14:31:14.958]  Tuned to 29
[2016-11-16 14:31:15.059]  Tuned to 30
[2016-11-16 14:31:15.159]  Tuned to 31
[2016-11-16 14:31:15.259]  Tuned to 32
[2016-11-16 14:31:15.360]  Tuned to 33
[2016-11-16 14:31:15.460]  Tuned to 34
[2016-11-16 14:31:15.560]  Tuned to 35
[2016-11-16 14:31:15.663]  Tuned to 36
[2016-11-16 14:31:15.763]  Tuned to 37
[2016-11-16 14:31:15.863]  Tuned to 38
[2016-11-16 14:31:15.963]  Tuned to 39
[2016-11-16 14:31:16.064]  Tuned to 40
[2016-11-16 14:31:16.164]  Tuned to 41
[2016-11-16 14:31:16.265]  Tuned to 42
[2016-11-16 14:31:16.365]  Tuned to 43
[2016-11-16 14:31:16.466]  Tuned to 44
[2016-11-16 14:31:16.566]  Tuned to 45
[2016-11-16 14:31:16.666]  Tuned to 46
[2016-11-16 14:31:16.767]  Tuned to 47
[2016-11-16 14:31:16.867]  Tuned to 48
[2016-11-16 14:31:16.967]  Tuned to 49
[2016-11-16 14:31:17.068]  Tuned to 50
[2016-11-16 14:31:17.168]  Tuned to 51
[2016-11-16 14:31:17.268]  Tuned to 52
[2016-11-16 14:31:17.369]  Tuned to 53
[2016-11-16 14:31:17.470]  Tuned to 54
[2016-11-16 14:31:17.570]  Tuned to 55
[2016-11-16 14:31:17.671]  Tuned to 56
[2016-11-16 14:31:17.771]  Tuned to 57
[2016-11-16 14:31:17.872]  Tuned to 58
[2016-11-16 14:31:17.972]  Tuned to 59
[2016-11-16 14:31:18.072]  Tuned to 60
[2016-11-16 14:31:18.172]  Tuned to 61
[2016-11-16 14:31:18.273]  Tuned to 62
[2016-11-16 14:31:18.373]  Tuned to 63
[2016-11-16 14:31:18.473]  Tuned to 64
[2016-11-16 14:31:18.574]  Tuned to 65
[2016-11-16 14:31:18.674]  Tuned to 66
[2016-11-16 14:31:18.774]  Tuned to 67
[2016-11-16 14:31:18.875]  Tuned to 68
[2016-11-16 14:31:18.975]  Tuned to 69
[2016-11-16 14:31:19.075]  Tuned to 70
[2016-11-16 14:31:19.175]  Tuned to 71
[2016-11-16 14:31:19.276]  Tuned to 72
[2016-11-16 14:31:19.376]  Tuned to 73
[2016-11-16 14:31:19.477]  Tuned to 74
[2016-11-16 14:31:19.577]  Tuned to 75
[2016-11-16 14:31:19.677]  Tuned to 76
[2016-11-16 14:31:19.778]  Tuned to 77
[2016-11-16 14:31:19.878]  Tuned to 78
[2016-11-16 14:31:19.978]  Tuned to 79
[2016-11-16 14:31:20.080]  Tuned to 80
[2016-11-16 14:31:20.180]  Tuned to 81
[2016-11-16 14:31:20.280]  Tuned to 82
[2016-11-16 14:31:20.381]  Tuned to 83
[2016-11-16 14:31:20.481]  Tuned to 2
[2016-11-16 14:31:20.581]  Tuned to 3
[2016-11-16 14:31:20.682]  Tuned to 4
[2016-11-16 14:31:20.782]  Tuned to 5
[2016-11-16 14:31:20.882]  Tuned to 6
[2016-11-16 14:31:20.983]  Tuned to 7
[2016-11-16 14:31:21.083]  Tuned to 8
[2016-11-16 14:31:21.184]  Tuned to 9
[2016-11-16 14:31:21.287]  Tuned to 10
[2016-11-16 14:31:21.387]  Tuned to 11
[2016-11-16 14:31:21.487]  Tuned to 12
[2016-11-16 14:31:21.587]  Tuned to 13
[2016-11-16 14:31:21.688]  Tuned to 14
[2016-11-16 14:31:21.788]  Tuned to 15
[2016-11-16 14:31:21.888]  Tuned to 16
[2016-11-16 14:31:21.989]  Tuned to 17
[2016-11-16 14:31:22.090]  Tuned to 18
[2016-11-16 14:31:22.190]  Tuned to 19
[2016-11-16 14:31:22.290]  Tuned to 20
[2016-11-16 14:31:22.391]  Tuned to 21
[2016-11-16 14:31:22.491]  Tuned to 22
[2016-11-16 14:31:22.591]  Tuned to 23
[2016-11-16 14:31:22.692]  Tuned to 24
[2016-11-16 14:31:22.792]  Tuned to 25
[2016-11-16 14:31:22.893]  Tuned to 26
[2016-11-16 14:31:22.993]  Tuned to 27
[2016-11-16 14:31:23.094]  Tuned to 28
[2016-11-16 14:31:23.194]  Tuned to 29
[2016-11-16 14:31:23.294]  Tuned to 30
[2016-11-16 14:31:23.395]  Tuned to 31
[2016-11-16 14:31:23.495]  Tuned to 32
[2016-11-16 14:31:23.595]  Tuned to 33
[2016-11-16 14:31:23.696]  Tuned to 34
[2016-11-16 14:31:23.796]  Tuned to 35
[2016-11-16 14:31:23.896]  Tuned to 36
[2016-11-16 14:31:23.996]  Tuned to 37
[2016-11-16 14:31:24.097]  Tuned to 38
[2016-11-16 14:31:24.197]  Tuned to 39
[2016-11-16 14:31:24.297]  Tuned to 40
[2016-11-16 14:31:24.398]  Tuned to 41
[2016-11-16 14:31:24.498]  Tuned to 42
[2016-11-16 14:31:24.598]  Tuned to 43
[2016-11-16 14:31:24.699]  Tuned to 44
[2016-11-16 14:31:24.799]  Tuned to 45
[2016-11-16 14:31:24.899]  Tuned to 46
[2016-11-16 14:31:25.000]  Tuned to 47
[2016-11-16 14:31:25.100]  Tuned to 48
[2016-11-16 14:31:25.200]  Tuned to 49
[2016-11-16 14:31:25.300]  Tuned to 50
[2016-11-16 14:31:25.401]  Tuned to 51
[2016-11-16 14:31:25.501]  Tuned to 52
[2016-11-16 14:31:25.601]  Tuned to 53
[2016-11-16 14:31:25.702]  Tuned to 54
[2016-11-16 14:31:25.802]  Tuned to 55
[2016-11-16 14:31:25.902]  Tuned to 56
[2016-11-16 14:31:26.003]  Tuned to 57
[2016-11-16 14:31:26.103]  Tuned to 58
[2016-11-16 14:31:26.203]  Tuned to 59
[2016-11-16 14:31:26.303]  Tuned to 60
[2016-11-16 14:31:26.404]  Tuned to 61
[2016-11-16 14:31:26.504]  Tuned to 62
[2016-11-16 14:31:26.606]  Tuned to 63
[2016-11-16 14:31:26.707]  Tuned to 64
[2016-11-16 14:31:26.807]  Tuned to 65
[2016-11-16 14:31:26.907]  Tuned to 66
[2016-11-16 14:31:27.007]  Tuned to 67
[2016-11-16 14:31:27.108]  Tuned to 68
[2016-11-16 14:31:27.208]  Tuned to 69
[2016-11-16 14:31:27.308]  Tuned to 70
[2016-11-16 14:31:27.409]  Tuned to 71
[2016-11-16 14:31:27.509]  Tuned to 72
[2016-11-16 14:31:27.609]  Tuned to 73
[2016-11-16 14:31:27.710]  Tuned to 74
[2016-11-16 14:31:27.810]  Tuned to 75
[2016-11-16 14:31:27.910]  Tuned to 76
[2016-11-16 14:31:28.011]  Tuned to 77
[2016-11-16 14:31:28.111]  Tuned to 78
[2016-11-16 14:31:28.212]  Tuned to 79
[2016-11-16 14:31:28.312]  Tuned to 80
[2016-11-16 14:31:28.412]  Tuned to 81
[2016-11-16 14:31:28.512]  Tuned to 82
[2016-11-16 14:31:28.613]  Tuned to 83
[2016-11-16 14:31:28.713]  Tuned to 2
[2016-11-16 14:31:28.813]  Tuned to 3
[2016-11-16 14:31:28.914]  Tuned to 4
[2016-11-16 14:31:29.014]  Tuned to 5
[2016-11-16 14:31:29.114]  Tuned to 6
[2016-11-16 14:31:29.215]  Tuned to 7
[2016-11-16 14:31:29.315]  Tuned to 8
[2016-11-16 14:31:29.415]  Tuned to 9
[2016-11-16 14:31:29.516]  Tuned to 10
[2016-11-16 14:31:29.616]  Tuned to 11
[2016-11-16 14:31:29.717]  Tuned to 12
[2016-11-16 14:31:29.817]  Tuned to 13
[2016-11-16 14:31:29.917]  Tuned to 14
[2016-11-16 14:31:30.018]  Tuned to 15
[2016-11-16 14:31:30.118]  Tuned to 16
[2016-11-16 14:31:30.218]  Tuned to 17
[2016-11-16 14:31:30.318]  Tuned to 18
[2016-11-16 14:31:30.419]  Tuned to 19
[2016-11-16 14:31:30.519]  Tuned to 20
[2016-11-16 14:31:30.619]  Tuned to 21
[2016-11-16 14:31:30.720]  Tuned to 22
[2016-11-16 14:31:30.820]  Tuned to 23
[2016-11-16 14:31:30.920]  Tuned to 24
[2016-11-16 14:31:31.021]  Tuned to 25
[2016-11-16 14:31:31.122]  Tuned to 26
[2016-11-16 14:31:31.222]  Tuned to 27
[2016-11-16 14:31:31.322]  Tuned to 28
[2016-11-16 14:31:31.423]  Tuned to 29
[2016-11-16 14:31:31.523]  Tuned to 30
[2016-11-16 14:31:31.623]  Tuned to 31
[2016-11-16 14:31:31.724]  Tuned to 32
[2016-11-16 14:31:31.824]  Tuned to 33
[2016-11-16 14:31:31.924]  Tuned to 34
[2016-11-16 14:31:32.025]  Tuned to 35
[2016-11-16 14:31:32.125]  Tuned to 36
[2016-11-16 14:31:32.225]  Tuned to 37
[2016-11-16 14:31:32.325]  Tuned to 38
[2016-11-16 14:31:32.426]  Tuned to 39
[2016-11-16 14:31:32.526]  Tuned to 40
[2016-11-16 14:31:32.626]  Tuned to 41
[2016-11-16 14:31:32.727]  Tuned to 42
[2016-11-16 14:31:32.827]  Tuned to 43
[2016-11-16 14:31:32.927]  Tuned to 44
[2016-11-16 14:31:33.028]  Tuned to 45
[2016-11-16 14:31:33.128]  Tuned to 46
[2016-11-16 14:31:33.228]  Tuned to 47
[2016-11-16 14:31:33.329]  Tuned to 48
[2016-11-16 14:31:33.429]  Tuned to 49
[2016-11-16 14:31:33.530]  Tuned to 50
[2016-11-16 14:31:33.630]  Tuned to 51
[2016-11-16 14:31:33.730]  Tuned to 52
[2016-11-16 14:31:33.831]  Tuned to 53
[2016-11-16 14:31:33.931]  Tuned to 54
[2016-11-16 14:31:34.031]  Tuned to 55
[2016-11-16 14:31:34.131]  Tuned to 56
[2016-11-16 14:31:34.232]  Tuned to 57
[2016-11-16 14:31:34.332]  Tuned to 58
[2016-11-16 14:31:34.432]  Tuned to 59
[2016-11-16 14:31:34.533]  Tuned to 60
[2016-11-16 14:31:34.633]  Tuned to 61
[2016-11-16 14:31:34.733]  Tuned to 62
[2016-11-16 14:31:34.834]  Tuned to 63
[2016-11-16 14:31:34.934]  Tuned to 64
[2016-11-16 14:31:35.034]  Tuned to 65
[2016-11-16 14:31:35.134]  Tuned to 66
[2016-11-16 14:31:35.235]  Tuned to 67
[2016-11-16 14:31:35.335]  Tuned to 68
[2016-11-16 14:31:35.435]  Tuned to 69
[2016-11-16 14:31:35.537]  Tuned to 70
[2016-11-16 14:31:35.637]  Tuned to 71
[2016-11-16 14:31:35.738]  Tuned to 72
[2016-11-16 14:31:35.838]  Tuned to 73
[2016-11-16 14:31:35.938]  Tuned to 74
[2016-11-16 14:31:36.040]  Tuned to 75
[2016-11-16 14:31:36.140]  Tuned to 76
[2016-11-16 14:31:36.241]  Tuned to 77
[2016-11-16 14:31:36.341]  Tuned to 78
[2016-11-16 14:31:36.441]  Tuned to 79
[2016-11-16 14:31:36.542]  Tuned to 80
[2016-11-16 14:31:36.642]  Tuned to 81
[2016-11-16 14:31:36.742]  Tuned to 82
[2016-11-16 14:31:36.843]  Tuned to 83
[2016-11-16 14:31:36.943]  Tuned to 2
[2016-11-16 14:31:37.043]  Tuned to 3
[2016-11-16 14:31:37.144]  Tuned to 4
[2016-11-16 14:31:37.244]  Tuned to 5
[2016-11-16 14:31:37.344]  Tuned to 6
[2016-11-16 14:31:37.445]  Tuned to 7
[2016-11-16 14:31:37.545]  Tuned to 8
[2016-11-16 14:31:37.645]  Tuned to 9
[2016-11-16 14:31:37.746]  Tuned to 10
[2016-11-16 14:31:37.846]  Tuned to 11
[2016-11-16 14:31:37.946]  Tuned to 12
[2016-11-16 14:31:38.046]  Tuned to 13
[2016-11-16 14:31:38.147]  Tuned to 14
[2016-11-16 14:31:38.248]  Tuned to 15
[2016-11-16 14:31:38.348]  Tuned to 16
[2016-11-16 14:31:38.448]  Tuned to 17
[2016-11-16 14:31:38.549]  Tuned to 18
[2016-11-16 14:31:38.649]  Tuned to 19
[2016-11-16 14:31:38.750]  Tuned to 20
[2016-11-16 14:31:38.850]  Tuned to 21
[2016-11-16 14:31:38.951]  Tuned to 22
[2016-11-16 14:31:39.051]  Tuned to 23
[2016-11-16 14:31:39.151]  Tuned to 24
[2016-11-16 14:31:39.255]  Tuned to 25
[2016-11-16 14:31:39.355]  Tuned to 26
[2016-11-16 14:31:39.456]  Tuned to 27
[2016-11-16 14:31:39.556]  Tuned to 28
[2016-11-16 14:31:39.656]  Tuned to 29
[2016-11-16 14:31:39.756]  Tuned to 30
[2016-11-16 14:31:39.857]  Tuned to 31
[2016-11-16 14:31:39.957]  Tuned to 32
[2016-11-16 14:31:40.057]  Tuned to 33
[2016-11-16 14:31:40.158]  Tuned to 34
[2016-11-16 14:31:40.258]  Tuned to 35
[2016-11-16 14:31:40.359]  Tuned to 36
[2016-11-16 14:31:40.459]  Tuned to 37
[2016-11-16 14:31:40.559]  Tuned to 38
[2016-11-16 14:31:40.660]  Tuned to 39
[2016-11-16 14:31:40.760]  Tuned to 40
[2016-11-16 14:31:40.860]  Tuned to 41
[2016-11-16 14:31:40.960]  Tuned to 42
[2016-11-16 14:31:41.061]  Tuned to 43
[2016-11-16 14:31:41.161]  Tuned to 44
[2016-11-16 14:31:41.261]  Tuned to 45
[2016-11-16 14:31:41.361]  Tuned to 46
[2016-11-16 14:31:41.462]  Tuned to 47
[2016-11-16 14:31:41.562]  Tuned to 48
[2016-11-16 14:31:41.662]  Tuned to 49
[2016-11-16 14:31:41.763]  Tuned to 50
[2016-11-16 14:31:41.863]  Tuned to 51
[2016-11-16 14:31:41.963]  Tuned to 52
[2016-11-16 14:31:42.064]  Tuned to 53
[2016-11-16 14:31:42.164]  Tuned to 54
[2016-11-16 14:31:42.264]  Tuned to 55
[2016-11-16 14:31:42.364]  Tuned to 56
[2016-11-16 14:31:42.465]  Tuned to 57
[2016-11-16 14:31:42.565]  Tuned to 58
[2016-11-16 14:31:42.665]  Tuned to 59
[2016-11-16 14:31:42.766]  Tuned to 60
[2016-11-16 14:31:42.869]  Tuned to 61
[2016-11-16 14:31:42.969]  Tuned to 62
[2016-11-16 14:31:43.069]  Tuned to 63
[2016-11-16 14:31:43.170]  Tuned to 64
[2016-11-16 14:31:43.270]  Tuned to 65
[2016-11-16 14:31:43.370]  Tuned to 66
[2016-11-16 14:31:43.470]  Tuned to 67
[2016-11-16 14:31:43.571]  Tuned to 68
[2016-11-16 14:31:43.671]  Tuned to 69
[2016-11-16 14:31:43.773]  Tuned to 70
[2016-11-16 14:31:43.873]  Tuned to 71
[2016-11-16 14:31:43.974]  Tuned to 72
[2016-11-16 14:31:44.074]  Tuned to 73
[2016-11-16 14:31:44.175]  Tuned to 74
[2016-11-16 14:31:44.275]  Tuned to 75
[2016-11-16 14:31:44.375]  Tuned to 76
[2016-11-16 14:31:44.476]  Tuned to 77
[2016-11-16 14:31:44.576]  Tuned to 78
[2016-11-16 14:31:44.676]  Tuned to 79
[2016-11-16 14:31:44.776]  Tuned to 80
[2016-11-16 14:31:44.877]  Tuned to 81
[2016-11-16 14:31:44.978]  Tuned to 82
[2016-11-16 14:31:45.078]  Tuned to 83
[2016-11-16 14:31:45.179]  Tuned to 2
[2016-11-16 14:31:45.279]  Tuned to 3
[2016-11-16 14:31:45.379]  Tuned to 4
[2016-11-16 14:31:45.480]  Tuned to 5
[2016-11-16 14:31:45.580]  Tuned to 6
[2016-11-16 14:31:45.680]  Tuned to 7
[2016-11-16 14:31:45.781]  Tuned to 8
[2016-11-16 14:31:45.881]  Tuned to 9
[2016-11-16 14:31:45.982]  Tuned to 10
[2016-11-16 14:31:46.082]  Tuned to 11
[2016-11-16 14:31:46.182]  Tuned to 12
[2016-11-16 14:31:46.283]  Tuned to 13
[2016-11-16 14:31:46.383]  Tuned to 14
[2016-11-16 14:31:46.483]  Tuned to 15
[2016-11-16 14:31:46.584]  Tuned to 16
[2016-11-16 14:31:46.684]  Tuned to 17
[2016-11-16 14:31:46.784]  Tuned to 18
[2016-11-16 14:31:46.885]  Tuned to 19
[2016-11-16 14:31:46.985]  Tuned to 20
[2016-11-16 14:31:47.085]  Tuned to 21
[2016-11-16 14:31:47.185]  Tuned to 22
[2016-11-16 14:31:47.286]  Tuned to 23
[2016-11-16 14:31:47.386]  Tuned to 24
[2016-11-16 14:31:47.486]  Tuned to 25
[2016-11-16 14:31:47.587]  Tuned to 26
[2016-11-16 14:31:47.687]  Tuned to 27
[2016-11-16 14:31:47.787]  Tuned to 28
[2016-11-16 14:31:47.888]  Tuned to 29
[2016-11-16 14:31:47.988]  Tuned to 30
[2016-11-16 14:31:48.088]  Tuned to 31
[2016-11-16 14:31:48.188]  Tuned to 32
[2016-11-16 14:31:48.290]  Tuned to 33
[2016-11-16 14:31:48.390]  Tuned to 34
[2016-11-16 14:31:48.490]  Tuned to 35
[2016-11-16 14:31:48.591]  Tuned to 36
[2016-11-16 14:31:48.691]  Tuned to 37
[2016-11-16 14:31:48.791]  Tuned to 38
[2016-11-16 14:31:48.892]  Tuned to 39
[2016-11-16 14:31:48.992]  Tuned to 40
tail: output.txt: file truncated
[2016-11-16 14:31:52.748]  Using channels 2, 3, 4, 5, 6, 7, 8, 9, 10, 11, 12, 13, 14, 15, 16, 17, 18, 19, 20, 21, 22, 23, 24, 25, 26, 27, 28, 29, 30, 31, 32, 33, 34, 35, 36, 37, 38, 39, 40, 41, 42, 43, 44, 45, 46, 47, 48, 49, 50, 51, 52, 53, 54, 55, 56, 57, 58, 59, 60, 61, 62, 63, 64, 65, 66, 67, 68, 69, 70, 71, 72, 73, 74, 75, 76, 77, 78, 79, 80, 81, 82, 83
[2016-11-16 14:31:52.764]  Entered promiscuous mode
[2016-11-16 14:31:52.764]  Tuned to 2
[2016-11-16 14:31:52.864]  Tuned to 3
[2016-11-16 14:31:52.965]  Tuned to 4
[2016-11-16 14:31:53.065]  Tuned to 5
[2016-11-16 14:31:53.165]  Tuned to 6
[2016-11-16 14:31:53.266]  Tuned to 7
[2016-11-16 14:31:53.366]  Tuned to 8
[2016-11-16 14:31:53.467]  Tuned to 9
[2016-11-16 14:31:53.567]  Tuned to 10
[2016-11-16 14:31:53.667]  Tuned to 11
[2016-11-16 14:31:53.770]  Tuned to 12
[2016-11-16 14:31:53.871]  Tuned to 13
[2016-11-16 14:31:53.971]  Tuned to 14
[2016-11-16 14:31:54.072]  Tuned to 15
[2016-11-16 14:31:54.172]  Tuned to 16
[2016-11-16 14:31:54.272]  Tuned to 17
[2016-11-16 14:31:54.372]  Tuned to 18
[2016-11-16 14:31:54.473]  Tuned to 19
[2016-11-16 14:31:54.573]  Tuned to 20
[2016-11-16 14:31:54.673]  Tuned to 21
[2016-11-16 14:31:54.774]  Tuned to 22
[2016-11-16 14:31:54.874]  Tuned to 23
[2016-11-16 14:31:54.974]  Tuned to 24
[2016-11-16 14:31:55.075]  Tuned to 25
[2016-11-16 14:31:55.175]  Tuned to 26
[2016-11-16 14:31:55.275]  Tuned to 27
[2016-11-16 14:31:55.376]  Tuned to 28
[2016-11-16 14:31:55.476]  Tuned to 29
[2016-11-16 14:31:55.576]  Tuned to 30
[2016-11-16 14:31:55.677]  Tuned to 31
[2016-11-16 14:31:55.777]  Tuned to 32
[2016-11-16 14:31:55.877]  Tuned to 33
[2016-11-16 14:31:55.978]  Tuned to 34
[2016-11-16 14:31:56.078]  Tuned to 35
[2016-11-16 14:31:56.179]  Tuned to 36
[2016-11-16 14:31:56.279]  Tuned to 37
[2016-11-16 14:31:56.379]  Tuned to 38
[2016-11-16 14:31:56.480]  Tuned to 39
[2016-11-16 14:31:56.580]  Tuned to 40
[2016-11-16 14:31:56.680]  Tuned to 41
[2016-11-16 14:31:56.780]  Tuned to 42
[2016-11-16 14:31:56.881]  Tuned to 43
[2016-11-16 14:31:56.981]  Tuned to 44
[2016-11-16 14:31:57.083]  Tuned to 45
[2016-11-16 14:31:57.183]  Tuned to 46
[2016-11-16 14:31:57.283]  Tuned to 47
[2016-11-16 14:31:57.383]  Tuned to 48
[2016-11-16 14:31:57.484]  Tuned to 49
[2016-11-16 14:31:57.584]  Tuned to 50
[2016-11-16 14:31:57.685]  Tuned to 51
[2016-11-16 14:31:57.785]  Tuned to 52
[2016-11-16 14:31:57.885]  Tuned to 53
[2016-11-16 14:31:57.986]  Tuned to 54
[2016-11-16 14:31:58.086]  Tuned to 55
[2016-11-16 14:31:58.186]  Tuned to 56
[2016-11-16 14:31:58.287]  Tuned to 57
[2016-11-16 14:31:58.387]  Tuned to 58
[2016-11-16 14:31:58.487]  Tuned to 59
[2016-11-16 14:31:58.589]  Tuned to 60
[2016-11-16 14:31:58.690]  Tuned to 61
[2016-11-16 14:31:58.790]  Tuned to 62
[2016-11-16 14:31:58.891]  Tuned to 63
[2016-11-16 14:31:58.991]  Tuned to 64
[2016-11-16 14:31:59.093]  Tuned to 65
[2016-11-16 14:31:59.193]  Tuned to 66
[2016-11-16 14:31:59.294]  Tuned to 67
[2016-11-16 14:31:59.394]  Tuned to 68
[2016-11-16 14:31:59.494]  Tuned to 69
[2016-11-16 14:31:59.595]  Tuned to 70
[2016-11-16 14:31:59.695]  Tuned to 71
[2016-11-16 14:31:59.795]  Tuned to 72
[2016-11-16 14:31:59.895]  Tuned to 73
[2016-11-16 14:31:59.998]  Tuned to 74
[2016-11-16 14:32:00.098]  Tuned to 75
[2016-11-16 14:32:00.198]  Tuned to 76
[2016-11-16 14:32:00.299]  Tuned to 77
[2016-11-16 14:32:00.399]  Tuned to 78
[2016-11-16 14:32:00.499]  Tuned to 79
[2016-11-16 14:32:00.599]  Tuned to 80
[2016-11-16 14:32:00.700]  Tuned to 81
[2016-11-16 14:32:00.800]  Tuned to 82
[2016-11-16 14:32:00.900]  Tuned to 83
[2016-11-16 14:32:01.001]  Tuned to 2
[2016-11-16 14:32:01.101]  Tuned to 3
[2016-11-16 14:32:01.201]  Tuned to 4
[2016-11-16 14:32:01.302]  Tuned to 5
[2016-11-16 14:32:01.402]  Tuned to 6
[2016-11-16 14:32:01.502]  Tuned to 7
[2016-11-16 14:32:01.603]  Tuned to 8
[2016-11-16 14:32:01.703]  Tuned to 9
[2016-11-16 14:32:01.803]  Tuned to 10
[2016-11-16 14:32:01.904]  Tuned to 11
[2016-11-16 14:32:02.004]  Tuned to 12
[2016-11-16 14:32:02.104]  Tuned to 13
[2016-11-16 14:32:02.205]  Tuned to 14
[2016-11-16 14:32:02.305]  Tuned to 15
[2016-11-16 14:32:02.405]  Tuned to 16
[2016-11-16 14:32:02.505]  Tuned to 17
[2016-11-16 14:32:02.606]  Tuned to 18
[2016-11-16 14:32:02.706]  Tuned to 19
[2016-11-16 14:32:02.806]  Tuned to 20
[2016-11-16 14:32:02.907]  Tuned to 21
[2016-11-16 14:32:03.007]  Tuned to 22
[2016-11-16 14:32:03.107]  Tuned to 23
[2016-11-16 14:32:03.208]  Tuned to 24
[2016-11-16 14:32:03.308]  Tuned to 25
[2016-11-16 14:32:03.408]  Tuned to 26
[2016-11-16 14:32:03.508]  Tuned to 27
[2016-11-16 14:32:03.609]  Tuned to 28
[2016-11-16 14:32:03.709]  Tuned to 29
[2016-11-16 14:32:03.809]  Tuned to 30
[2016-11-16 14:32:03.910]  Tuned to 31
[2016-11-16 14:32:04.010]  Tuned to 32
[2016-11-16 14:32:04.110]  Tuned to 33
[2016-11-16 14:32:04.210]  Tuned to 34
[2016-11-16 14:32:04.311]  Tuned to 35
[2016-11-16 14:32:04.411]  Tuned to 36
[2016-11-16 14:32:04.511]  Tuned to 37
[2016-11-16 14:32:04.612]  Tuned to 38
[2016-11-16 14:32:04.712]  Tuned to 39
[2016-11-16 14:32:04.812]  Tuned to 40
[2016-11-16 14:32:04.913]  Tuned to 41
[2016-11-16 14:32:05.013]  Tuned to 42
[2016-11-16 14:32:05.113]  Tuned to 43
[2016-11-16 14:32:05.213]  Tuned to 44
[2016-11-16 14:32:05.314]  Tuned to 45
[2016-11-16 14:32:05.415]  Tuned to 46
[2016-11-16 14:32:05.515]  Tuned to 47
[2016-11-16 14:32:05.615]  Tuned to 48
[2016-11-16 14:32:05.716]  Tuned to 49
[2016-11-16 14:32:05.816]  Tuned to 50
[2016-11-16 14:32:05.916]  Tuned to 51
Traceback (most recent call last):
  File "../modules/mousejack/tools/nrf24-scanner.py", line 55, in <module>
    value = common.radio.receive_payload()
  File "/home/lain/Development/seniordesign/mithren/modules/mousejack/tools/lib/nrf24.py", line 108, in receive_payload
    self.send_usb_command(RECEIVE_PAYLOAD, ())
  File "/home/lain/Development/seniordesign/mithren/modules/mousejack/tools/lib/nrf24.py", line 149, in send_usb_command
    self.dongle.write(0x01, data, timeout=nrf24.usb_timeout)
  File "/usr/local/lib/python2.7/dist-packages/usb/core.py", line 948, in write
    self.__get_timeout(timeout)
  File "/usr/local/lib/python2.7/dist-packages/usb/backend/libusb1.py", line 824, in bulk_write
    timeout)
  File "/usr/local/lib/python2.7/dist-packages/usb/backend/libusb1.py", line 917, in __write
    timeout)
KeyboardInterrupt
tail: output.txt: file truncated
[2016-11-16 14:42:26.467]  Using channels 2, 3, 4, 5, 6, 7, 8, 9, 10, 11, 12, 13, 14, 15, 16, 17, 18, 19, 20, 21, 22, 23, 24, 25, 26, 27, 28, 29, 30, 31, 32, 33, 34, 35, 36, 37, 38, 39, 40, 41, 42, 43, 44, 45, 46, 47, 48, 49, 50, 51, 52, 53, 54, 55, 56, 57, 58, 59, 60, 61, 62, 63, 64, 65, 66, 67, 68, 69, 70, 71, 72, 73, 74, 75, 76, 77, 78, 79, 80, 81, 82, 83
[2016-11-16 14:42:26.489]  Entered promiscuous mode
[2016-11-16 14:42:26.490]  Tuned to 2
[2016-11-16 14:42:26.590]  Tuned to 3
[2016-11-16 14:42:26.690]  Tuned to 4
[2016-11-16 14:42:26.790]  Tuned to 5
[2016-11-16 14:42:26.891]  Tuned to 6
[2016-11-16 14:42:26.991]  Tuned to 7
[2016-11-16 14:42:27.091]  Tuned to 8
[2016-11-16 14:42:27.192]  Tuned to 9
[2016-11-16 14:42:27.292]  Tuned to 10
[2016-11-16 14:42:27.392]  Tuned to 11
[2016-11-16 14:42:27.494]  Tuned to 12
[2016-11-16 14:42:27.594]  Tuned to 13
[2016-11-16 14:42:27.694]  Tuned to 14
[2016-11-16 14:42:27.794]  Tuned to 15
[2016-11-16 14:42:27.895]  Tuned to 16
[2016-11-16 14:42:27.995]  Tuned to 17
[2016-11-16 14:42:28.095]  Tuned to 18
[2016-11-16 14:42:28.195]  Tuned to 19
[2016-11-16 14:42:28.296]  Tuned to 20
[2016-11-16 14:42:28.396]  Tuned to 21
[2016-11-16 14:42:28.497]  Tuned to 22
[2016-11-16 14:42:28.598]  Tuned to 23
[2016-11-16 14:42:28.698]  Tuned to 24
[2016-11-16 14:42:28.798]  Tuned to 25
[2016-11-16 14:42:28.899]  Tuned to 26
[2016-11-16 14:42:28.999]  Tuned to 27
[2016-11-16 14:42:29.099]  Tuned to 28
[2016-11-16 14:42:29.200]  Tuned to 29
[2016-11-16 14:42:29.300]  Tuned to 30
[2016-11-16 14:42:29.400]  Tuned to 31
[2016-11-16 14:42:29.501]  Tuned to 32
[2016-11-16 14:42:29.601]  Tuned to 33
[2016-11-16 14:42:29.702]  Tuned to 34
[2016-11-16 14:42:29.802]  Tuned to 35
[2016-11-16 14:42:29.902]  Tuned to 36
[2016-11-16 14:42:30.005]  Tuned to 37
[2016-11-16 14:42:30.106]  Tuned to 38
[2016-11-16 14:42:30.207]  Tuned to 39
[2016-11-16 14:42:30.307]  Tuned to 40
[2016-11-16 14:42:30.408]  Tuned to 41
[2016-11-16 14:42:30.508]  Tuned to 42
Traceback (most recent call last):
  File "../modules/mousejack/tools/nrf24-scanner.py", line 55, in <module>
    value = common.radio.receive_payload()
  File "/home/lain/Development/seniordesign/mithren/modules/mousejack/tools/lib/nrf24.py", line 109, in receive_payload
    return self.dongle.read(0x81, 64, timeout=nrf24.usb_timeout)
  File "/usr/local/lib/python2.7/dist-packages/usb/core.py", line 988, in read
    self.__get_timeout(timeout))
  File "/usr/local/lib/python2.7/dist-packages/usb/backend/libusb1.py", line 833, in bulk_read
    timeout)
  File "/usr/local/lib/python2.7/dist-packages/usb/backend/libusb1.py", line 933, in __read
    timeout)
KeyboardInterrupt
tail: output.txt: file truncated
[2016-11-16 14:42:43.268]  Using channels 2, 3, 4, 5, 6, 7, 8, 9, 10, 11, 12, 13, 14, 15, 16, 17, 18, 19, 20, 21, 22, 23, 24, 25, 26, 27, 28, 29, 30, 31, 32, 33, 34, 35, 36, 37, 38, 39, 40, 41, 42, 43, 44, 45, 46, 47, 48, 49, 50, 51, 52, 53, 54, 55, 56, 57, 58, 59, 60, 61, 62, 63, 64, 65, 66, 67, 68, 69, 70, 71, 72, 73, 74, 75, 76, 77, 78, 79, 80, 81, 82, 83
[2016-11-16 14:42:43.282]  Entered promiscuous mode
[2016-11-16 14:42:43.282]  Tuned to 2
[2016-11-16 14:42:43.383]  Tuned to 3
[2016-11-16 14:42:43.484]  Tuned to 4
[2016-11-16 14:42:43.584]  Tuned to 5
[2016-11-16 14:42:43.684]  Tuned to 6
[2016-11-16 14:42:43.785]  Tuned to 7
[2016-11-16 14:42:43.885]  Tuned to 8
[2016-11-16 14:42:43.985]  Tuned to 9
[2016-11-16 14:42:44.088]  Tuned to 10
[2016-11-16 14:42:44.189]  Tuned to 11
[2016-11-16 14:42:44.289]  Tuned to 12
[2016-11-16 14:42:44.390]  Tuned to 13
[2016-11-16 14:42:44.490]  Tuned to 14
[2016-11-16 14:42:44.590]  Tuned to 15
[2016-11-16 14:42:44.691]  Tuned to 16
[2016-11-16 14:42:44.791]  Tuned to 17
[2016-11-16 14:42:44.891]  Tuned to 18
[2016-11-16 14:42:44.992]  Tuned to 19
[2016-11-16 14:42:45.092]  Tuned to 20
[2016-11-16 14:42:45.193]  Tuned to 21
[2016-11-16 14:42:45.293]  Tuned to 22
[2016-11-16 14:42:45.395]  Tuned to 23
[2016-11-16 14:42:45.495]  Tuned to 24
[2016-11-16 14:42:45.596]  Tuned to 25
[2016-11-16 14:42:45.696]  Tuned to 26
[2016-11-16 14:42:45.796]  Tuned to 27
[2016-11-16 14:42:45.897]  Tuned to 28
[2016-11-16 14:42:45.997]  Tuned to 29
[2016-11-16 14:42:46.097]  Tuned to 30
[2016-11-16 14:42:46.198]  Tuned to 31
[2016-11-16 14:42:46.298]  Tuned to 32
[2016-11-16 14:42:46.398]  Tuned to 33
[2016-11-16 14:42:46.498]  Tuned to 34
[2016-11-16 14:42:46.599]  Tuned to 35
[2016-11-16 14:42:46.699]  Tuned to 36
[2016-11-16 14:42:46.800]  Tuned to 37
[2016-11-16 14:42:46.901]  Tuned to 38
[2016-11-16 14:42:47.003]  Tuned to 39
[2016-11-16 14:42:47.103]  Tuned to 40
[2016-11-16 14:42:47.204]  Tuned to 41
[2016-11-16 14:42:47.304]  Tuned to 42
[2016-11-16 14:42:47.404]  Tuned to 43
[2016-11-16 14:42:47.505]  Tuned to 44
[2016-11-16 14:42:47.605]  Tuned to 45
[2016-11-16 14:42:47.705]  Tuned to 46
[2016-11-16 14:42:47.806]  Tuned to 47
[2016-11-16 14:42:47.906]  Tuned to 48
[2016-11-16 14:42:48.006]  Tuned to 49
[2016-11-16 14:42:48.107]  Tuned to 50
[2016-11-16 14:42:48.207]  Tuned to 51
[2016-11-16 14:42:48.308]  Tuned to 52
[2016-11-16 14:42:48.408]  Tuned to 53
[2016-11-16 14:42:48.508]  Tuned to 54
[2016-11-16 14:42:48.608]  Tuned to 55
[2016-11-16 14:42:48.709]  Tuned to 56
[2016-11-16 14:42:48.809]  Tuned to 57
[2016-11-16 14:42:48.909]  Tuned to 58
[2016-11-16 14:42:49.011]  Tuned to 59
[2016-11-16 14:42:49.112]  Tuned to 60
[2016-11-16 14:42:49.212]  Tuned to 61
[2016-11-16 14:42:49.314]  Tuned to 62
[2016-11-16 14:42:49.414]  Tuned to 63
[2016-11-16 14:42:49.515]  Tuned to 64
[2016-11-16 14:42:49.615]  Tuned to 65
[2016-11-16 14:42:49.715]  Tuned to 66
[2016-11-16 14:42:49.815]  Tuned to 67
[2016-11-16 14:42:49.916]  Tuned to 68
[2016-11-16 14:42:50.016]  Tuned to 69
[2016-11-16 14:42:50.116]  Tuned to 70
[2016-11-16 14:42:50.217]  Tuned to 71
[2016-11-16 14:42:50.317]  Tuned to 72
[2016-11-16 14:42:50.417]  Tuned to 73
[2016-11-16 14:42:50.518]  Tuned to 74
[2016-11-16 14:42:50.618]  Tuned to 75
[2016-11-16 14:42:50.718]  Tuned to 76
[2016-11-16 14:42:50.819]  Tuned to 77
[2016-11-16 14:42:50.919]  Tuned to 78
[2016-11-16 14:42:51.020]  Tuned to 79
[2016-11-16 14:42:51.120]  Tuned to 80
[2016-11-16 14:42:51.220]  Tuned to 81
[2016-11-16 14:42:51.321]  Tuned to 82
[2016-11-16 14:42:51.421]  Tuned to 83
[2016-11-16 14:42:51.521]  Tuned to 2
[2016-11-16 14:42:51.622]  Tuned to 3
[2016-11-16 14:42:51.722]  Tuned to 4
[2016-11-16 14:42:51.822]  Tuned to 5
[2016-11-16 14:42:51.923]  Tuned to 6
[2016-11-16 14:42:52.023]  Tuned to 7
[2016-11-16 14:42:52.123]  Tuned to 8
[2016-11-16 14:42:52.224]  Tuned to 9
[2016-11-16 14:42:52.324]  Tuned to 10
[2016-11-16 14:42:52.424]  Tuned to 11
[2016-11-16 14:42:52.525]  Tuned to 12
[2016-11-16 14:42:52.625]  Tuned to 13
[2016-11-16 14:42:52.725]  Tuned to 14
[2016-11-16 14:42:52.826]  Tuned to 15
[2016-11-16 14:42:52.926]  Tuned to 16
[2016-11-16 14:42:53.026]  Tuned to 17
[2016-11-16 14:42:53.127]  Tuned to 18
[2016-11-16 14:42:53.227]  Tuned to 19
[2016-11-16 14:42:53.327]  Tuned to 20
[2016-11-16 14:42:53.428]  Tuned to 21
[2016-11-16 14:42:53.528]  Tuned to 22
[2016-11-16 14:42:53.628]  Tuned to 23
[2016-11-16 14:42:53.729]  Tuned to 24
[2016-11-16 14:42:53.829]  Tuned to 25
[2016-11-16 14:42:53.931]  Tuned to 26
[2016-11-16 14:42:54.031]  Tuned to 27
[2016-11-16 14:42:54.131]  Tuned to 28
[2016-11-16 14:42:54.232]  Tuned to 29
[2016-11-16 14:42:54.332]  Tuned to 30
[2016-11-16 14:42:54.432]  Tuned to 31
[2016-11-16 14:42:54.532]  Tuned to 32
[2016-11-16 14:42:54.633]  Tuned to 33
[2016-11-16 14:42:54.733]  Tuned to 34
[2016-11-16 14:42:54.833]  Tuned to 35
[2016-11-16 14:42:54.934]  Tuned to 36
[2016-11-16 14:42:55.034]  Tuned to 37
[2016-11-16 14:42:55.134]  Tuned to 38
[2016-11-16 14:42:55.234]  Tuned to 39
[2016-11-16 14:42:55.335]  Tuned to 40
[2016-11-16 14:42:55.435]  Tuned to 41
[2016-11-16 14:42:55.537]  Tuned to 42
[2016-11-16 14:42:55.637]  Tuned to 43
[2016-11-16 14:42:55.738]  Tuned to 44
[2016-11-16 14:42:55.838]  Tuned to 45
[2016-11-16 14:42:55.938]  Tuned to 46
[2016-11-16 14:42:56.038]  Tuned to 47
[2016-11-16 14:42:56.139]  Tuned to 48
[2016-11-16 14:42:56.239]  Tuned to 49
[2016-11-16 14:42:56.339]  Tuned to 50
[2016-11-16 14:42:56.440]  Tuned to 51
[2016-11-16 14:42:56.540]  Tuned to 52
[2016-11-16 14:42:56.640]  Tuned to 53
[2016-11-16 14:42:56.741]  Tuned to 54
[2016-11-16 14:42:56.841]  Tuned to 55
[2016-11-16 14:42:56.941]  Tuned to 56
[2016-11-16 14:42:57.042]  Tuned to 57
[2016-11-16 14:42:57.142]  Tuned to 58
[2016-11-16 14:42:57.242]  Tuned to 59
[2016-11-16 14:42:57.343]  Tuned to 60
[2016-11-16 14:42:57.443]  Tuned to 61
[2016-11-16 14:42:57.543]  Tuned to 62
[2016-11-16 14:42:57.644]  Tuned to 63
[2016-11-16 14:42:57.744]  Tuned to 64
[2016-11-16 14:42:57.844]  Tuned to 65
[2016-11-16 14:42:57.944]  Tuned to 66
[2016-11-16 14:42:58.045]  Tuned to 67
[2016-11-16 14:42:58.145]  Tuned to 68
[2016-11-16 14:42:58.245]  Tuned to 69
[2016-11-16 14:42:58.346]  Tuned to 70
[2016-11-16 14:42:58.446]  Tuned to 71
[2016-11-16 14:42:58.546]  Tuned to 72
[2016-11-16 14:42:58.647]  Tuned to 73
[2016-11-16 14:42:58.747]  Tuned to 74
[2016-11-16 14:42:58.847]  Tuned to 75
[2016-11-16 14:42:58.948]  Tuned to 76
[2016-11-16 14:42:59.048]  Tuned to 77
[2016-11-16 14:42:59.148]  Tuned to 78
[2016-11-16 14:42:59.248]  Tuned to 79
[2016-11-16 14:42:59.349]  Tuned to 80
[2016-11-16 14:42:59.449]  Tuned to 81
[2016-11-16 14:42:59.549]  Tuned to 82
[2016-11-16 14:42:59.650]  Tuned to 83
[2016-11-16 14:42:59.750]  Tuned to 2
[2016-11-16 14:42:59.850]  Tuned to 3
[2016-11-16 14:42:59.951]  Tuned to 4
[2016-11-16 14:43:00.051]  Tuned to 5
[2016-11-16 14:43:00.151]  Tuned to 6
[2016-11-16 14:43:00.251]  Tuned to 7
[2016-11-16 14:43:00.352]  Tuned to 8
[2016-11-16 14:43:00.454]  Tuned to 9
[2016-11-16 14:43:00.554]  Tuned to 10
[2016-11-16 14:43:00.654]  Tuned to 11
[2016-11-16 14:43:00.755]  Tuned to 12
[2016-11-16 14:43:00.855]  Tuned to 13
[2016-11-16 14:43:00.955]  Tuned to 14
[2016-11-16 14:43:01.056]  Tuned to 15
[2016-11-16 14:43:01.156]  Tuned to 16
[2016-11-16 14:43:01.256]  Tuned to 17
[2016-11-16 14:43:01.357]  Tuned to 18
[2016-11-16 14:43:01.457]  Tuned to 19
[2016-11-16 14:43:01.557]  Tuned to 20
[2016-11-16 14:43:01.658]  Tuned to 21
[2016-11-16 14:43:01.758]  Tuned to 22
[2016-11-16 14:43:01.858]  Tuned to 23
[2016-11-16 14:43:01.959]  Tuned to 24
[2016-11-16 14:43:02.059]  Tuned to 25
[2016-11-16 14:43:02.159]  Tuned to 26
[2016-11-16 14:43:02.260]  Tuned to 27
[2016-11-16 14:43:02.360]  Tuned to 28
[2016-11-16 14:43:02.460]  Tuned to 29
[2016-11-16 14:43:02.561]  Tuned to 30
[2016-11-16 14:43:02.661]  Tuned to 31
[2016-11-16 14:43:02.761]  Tuned to 32
[2016-11-16 14:43:02.861]  Tuned to 33
[2016-11-16 14:43:02.962]  Tuned to 34
[2016-11-16 14:43:03.062]  Tuned to 35
[2016-11-16 14:43:03.162]  Tuned to 36
[2016-11-16 14:43:03.263]  Tuned to 37
[2016-11-16 14:43:03.363]  Tuned to 38
[2016-11-16 14:43:03.464]  Tuned to 39
[2016-11-16 14:43:03.564]  Tuned to 40
[2016-11-16 14:43:03.664]  Tuned to 41
[2016-11-16 14:43:03.765]  Tuned to 42
[2016-11-16 14:43:03.865]  Tuned to 43
[2016-11-16 14:43:03.967]  Tuned to 44
[2016-11-16 14:43:04.067]  Tuned to 45
[2016-11-16 14:43:04.167]  Tuned to 46
[2016-11-16 14:43:04.268]  Tuned to 47
[2016-11-16 14:43:04.368]  Tuned to 48
[2016-11-16 14:43:04.468]  Tuned to 49
[2016-11-16 14:43:04.568]  Tuned to 50
[2016-11-16 14:43:04.669]  Tuned to 51
[2016-11-16 14:43:04.769]  Tuned to 52
[2016-11-16 14:43:04.872]  Tuned to 53
[2016-11-16 14:43:04.972]  Tuned to 54
[2016-11-16 14:43:05.073]  Tuned to 55
[2016-11-16 14:43:05.173]  Tuned to 56
[2016-11-16 14:43:05.274]  Tuned to 57
[2016-11-16 14:43:05.374]  Tuned to 58
[2016-11-16 14:43:05.474]  Tuned to 59
[2016-11-16 14:43:05.575]  Tuned to 60
[2016-11-16 14:43:05.675]  Tuned to 61
[2016-11-16 14:43:05.775]  Tuned to 62
[2016-11-16 14:43:05.875]  Tuned to 63
[2016-11-16 14:43:05.976]  Tuned to 64
[2016-11-16 14:43:06.076]  Tuned to 65
[2016-11-16 14:43:06.176]  Tuned to 66
[2016-11-16 14:43:06.277]  Tuned to 67
[2016-11-16 14:43:06.377]  Tuned to 68
[2016-11-16 14:43:06.477]  Tuned to 69
[2016-11-16 14:43:06.578]  Tuned to 70
[2016-11-16 14:43:06.678]  Tuned to 71
[2016-11-16 14:43:06.778]  Tuned to 72
[2016-11-16 14:43:06.879]  Tuned to 73
[2016-11-16 14:43:06.980]  Tuned to 74
[2016-11-16 14:43:07.080]  Tuned to 75
[2016-11-16 14:43:07.180]  Tuned to 76
[2016-11-16 14:43:07.280]  Tuned to 77
[2016-11-16 14:43:07.381]  Tuned to 78
[2016-11-16 14:43:07.481]  Tuned to 79
[2016-11-16 14:43:07.581]  Tuned to 80
[2016-11-16 14:43:07.682]  Tuned to 81
[2016-11-16 14:43:07.782]  Tuned to 82
[2016-11-16 14:43:07.882]  Tuned to 83
[2016-11-16 14:43:07.983]  Tuned to 2
[2016-11-16 14:43:08.083]  Tuned to 3
[2016-11-16 14:43:08.183]  Tuned to 4
[2016-11-16 14:43:08.283]  Tuned to 5
[2016-11-16 14:43:08.384]  Tuned to 6
[2016-11-16 14:43:08.484]  Tuned to 7
[2016-11-16 14:43:08.584]  Tuned to 8
[2016-11-16 14:43:08.685]  Tuned to 9
[2016-11-16 14:43:08.785]  Tuned to 10
[2016-11-16 14:43:08.885]  Tuned to 11
[2016-11-16 14:43:08.986]  Tuned to 12
[2016-11-16 14:43:09.086]  Tuned to 13
[2016-11-16 14:43:09.186]  Tuned to 14
[2016-11-16 14:43:09.287]  Tuned to 15
[2016-11-16 14:43:09.387]  Tuned to 16
[2016-11-16 14:43:09.487]  Tuned to 17
[2016-11-16 14:43:09.588]  Tuned to 18
[2016-11-16 14:43:09.688]  Tuned to 19
[2016-11-16 14:43:09.788]  Tuned to 20
[2016-11-16 14:43:09.888]  Tuned to 21
[2016-11-16 14:43:09.989]  Tuned to 22
[2016-11-16 14:43:10.089]  Tuned to 23
[2016-11-16 14:43:10.190]  Tuned to 24
[2016-11-16 14:43:10.290]  Tuned to 25
[2016-11-16 14:43:10.391]  Tuned to 26
[2016-11-16 14:43:10.491]  Tuned to 27
[2016-11-16 14:43:10.591]  Tuned to 28
[2016-11-16 14:43:10.692]  Tuned to 29
[2016-11-16 14:43:10.792]  Tuned to 30
[2016-11-16 14:43:10.892]  Tuned to 31
[2016-11-16 14:43:10.993]  Tuned to 32
[2016-11-16 14:43:11.093]  Tuned to 33
[2016-11-16 14:43:11.193]  Tuned to 34
[2016-11-16 14:43:11.293]  Tuned to 35
[2016-11-16 14:43:11.394]  Tuned to 36
[2016-11-16 14:43:11.494]  Tuned to 37
[2016-11-16 14:43:11.595]  Tuned to 38
[2016-11-16 14:43:11.696]  Tuned to 39
[2016-11-16 14:43:11.796]  Tuned to 40
[2016-11-16 14:43:11.896]  Tuned to 41
[2016-11-16 14:43:11.997]  Tuned to 42
[2016-11-16 14:43:12.097]  Tuned to 43
[2016-11-16 14:43:12.197]  Tuned to 44
[2016-11-16 14:43:12.298]  Tuned to 45
[2016-11-16 14:43:12.398]  Tuned to 46
[2016-11-16 14:43:12.498]  Tuned to 47
[2016-11-16 14:43:12.598]  Tuned to 48
[2016-11-16 14:43:12.699]  Tuned to 49
[2016-11-16 14:43:12.799]  Tuned to 50
[2016-11-16 14:43:12.899]  Tuned to 51
[2016-11-16 14:43:13.000]  Tuned to 52
[2016-11-16 14:43:13.100]  Tuned to 53
[2016-11-16 14:43:13.200]  Tuned to 54
[2016-11-16 14:43:13.301]  Tuned to 55
[2016-11-16 14:43:13.401]  Tuned to 56
[2016-11-16 14:43:13.501]  Tuned to 57
[2016-11-16 14:43:13.601]  Tuned to 58
[2016-11-16 14:43:13.703]  Tuned to 59
[2016-11-16 14:43:13.803]  Tuned to 60
[2016-11-16 14:43:13.904]  Tuned to 61
[2016-11-16 14:43:14.004]  Tuned to 62
[2016-11-16 14:43:14.104]  Tuned to 63
[2016-11-16 14:43:14.205]  Tuned to 64
[2016-11-16 14:43:14.305]  Tuned to 65
[2016-11-16 14:43:14.405]  Tuned to 66
[2016-11-16 14:43:14.506]  Tuned to 67
[2016-11-16 14:43:14.607]  Tuned to 68
[2016-11-16 14:43:14.707]  Tuned to 69
[2016-11-16 14:43:14.807]  Tuned to 70
[2016-11-16 14:43:14.908]  Tuned to 71
[2016-11-16 14:43:15.008]  Tuned to 72
[2016-11-16 14:43:15.108]  Tuned to 73
[2016-11-16 14:43:15.208]  Tuned to 74
[2016-11-16 14:43:15.309]  Tuned to 75
[2016-11-16 14:43:15.409]  Tuned to 76
[2016-11-16 14:43:15.510]  Tuned to 77
[2016-11-16 14:43:15.610]  Tuned to 78
[2016-11-16 14:43:15.710]  Tuned to 79
[2016-11-16 14:43:15.811]  Tuned to 80
[2016-11-16 14:43:15.911]  Tuned to 81
[2016-11-16 14:43:16.011]  Tuned to 82
[2016-11-16 14:43:16.112]  Tuned to 83
[2016-11-16 14:43:16.212]  Tuned to 2
[2016-11-16 14:43:16.312]  Tuned to 3
[2016-11-16 14:43:16.412]  Tuned to 4
[2016-11-16 14:43:16.513]  Tuned to 5
[2016-11-16 14:43:16.613]  Tuned to 6
[2016-11-16 14:43:16.713]  Tuned to 7
[2016-11-16 14:43:16.814]  Tuned to 8
[2016-11-16 14:43:16.914]  Tuned to 9
[2016-11-16 14:43:17.014]  Tuned to 10
[2016-11-16 14:43:17.115]  Tuned to 11
[2016-11-16 14:43:17.215]  Tuned to 12
[2016-11-16 14:43:17.315]  Tuned to 13
[2016-11-16 14:43:17.416]  Tuned to 14
[2016-11-16 14:43:17.516]  Tuned to 15
[2016-11-16 14:43:17.616]  Tuned to 16
[2016-11-16 14:43:17.716]  Tuned to 17
[2016-11-16 14:43:17.817]  Tuned to 18
[2016-11-16 14:43:17.917]  Tuned to 19
[2016-11-16 14:43:18.018]  Tuned to 20
[2016-11-16 14:43:18.118]  Tuned to 21
[2016-11-16 14:43:18.218]  Tuned to 22
[2016-11-16 14:43:18.318]  Tuned to 23
[2016-11-16 14:43:18.421]  Tuned to 24
[2016-11-16 14:43:18.522]  Tuned to 25
[2016-11-16 14:43:18.622]  Tuned to 26
[2016-11-16 14:43:18.722]  Tuned to 27
[2016-11-16 14:43:18.823]  Tuned to 28
[2016-11-16 14:43:18.923]  Tuned to 29
[2016-11-16 14:43:19.023]  Tuned to 30
[2016-11-16 14:43:19.123]  Tuned to 31
[2016-11-16 14:43:19.224]  Tuned to 32
[2016-11-16 14:43:19.325]  Tuned to 33
[2016-11-16 14:43:19.425]  Tuned to 34
[2016-11-16 14:43:19.526]  Tuned to 35
[2016-11-16 14:43:19.626]  Tuned to 36
[2016-11-16 14:43:19.726]  Tuned to 37
[2016-11-16 14:43:19.826]  Tuned to 38
[2016-11-16 14:43:19.927]  Tuned to 39
[2016-11-16 14:43:20.027]  Tuned to 40
[2016-11-16 14:43:20.127]  Tuned to 41
[2016-11-16 14:43:20.228]  Tuned to 42
[2016-11-16 14:43:20.328]  Tuned to 43
[2016-11-16 14:43:20.428]  Tuned to 44
[2016-11-16 14:43:20.529]  Tuned to 45
[2016-11-16 14:43:20.629]  Tuned to 46
[2016-11-16 14:43:20.729]  Tuned to 47
[2016-11-16 14:43:20.830]  Tuned to 48
[2016-11-16 14:43:20.930]  Tuned to 49
[2016-11-16 14:43:21.030]  Tuned to 50
[2016-11-16 14:43:21.132]  Tuned to 51
[2016-11-16 14:43:21.232]  Tuned to 52
[2016-11-16 14:43:21.332]  Tuned to 53
[2016-11-16 14:43:21.433]  Tuned to 54
[2016-11-16 14:43:21.533]  Tuned to 55
[2016-11-16 14:43:21.633]  Tuned to 56
[2016-11-16 14:43:21.734]  Tuned to 57
[2016-11-16 14:43:21.834]  Tuned to 58
[2016-11-16 14:43:21.934]  Tuned to 59
[2016-11-16 14:43:22.034]  Tuned to 60
[2016-11-16 14:43:22.136]  Tuned to 61
[2016-11-16 14:43:22.236]  Tuned to 62
[2016-11-16 14:43:22.337]  Tuned to 63
[2016-11-16 14:43:22.437]  Tuned to 64
[2016-11-16 14:43:22.537]  Tuned to 65
[2016-11-16 14:43:22.637]  Tuned to 66
[2016-11-16 14:43:22.738]  Tuned to 67
[2016-11-16 14:43:22.838]  Tuned to 68
[2016-11-16 14:43:22.938]  Tuned to 69
[2016-11-16 14:43:23.039]  Tuned to 70
[2016-11-16 14:43:23.139]  Tuned to 71
[2016-11-16 14:43:23.239]  Tuned to 72
[2016-11-16 14:43:23.340]  Tuned to 73
[2016-11-16 14:43:23.440]  Tuned to 74
[2016-11-16 14:43:23.540]  Tuned to 75
[2016-11-16 14:43:23.641]  Tuned to 76
[2016-11-16 14:43:23.742]  Tuned to 77
[2016-11-16 14:43:23.842]  Tuned to 78
[2016-11-16 14:43:23.942]  Tuned to 79
[2016-11-16 14:43:24.042]  Tuned to 80
[2016-11-16 14:43:24.143]  Tuned to 81
[2016-11-16 14:43:24.243]  Tuned to 82
[2016-11-16 14:43:24.343]  Tuned to 83
[2016-11-16 14:43:24.444]  Tuned to 2
[2016-11-16 14:43:24.544]  Tuned to 3
[2016-11-16 14:43:24.644]  Tuned to 4
[2016-11-16 14:43:24.745]  Tuned to 5
[2016-11-16 14:43:24.845]  Tuned to 6
[2016-11-16 14:43:24.945]  Tuned to 7
[2016-11-16 14:43:25.046]  Tuned to 8
[2016-11-16 14:43:25.146]  Tuned to 9
[2016-11-16 14:43:25.246]  Tuned to 10
[2016-11-16 14:43:25.347]  Tuned to 11
[2016-11-16 14:43:25.448]  Tuned to 12
[2016-11-16 14:43:25.548]  Tuned to 13
[2016-11-16 14:43:25.648]  Tuned to 14
[2016-11-16 14:43:25.748]  Tuned to 15
[2016-11-16 14:43:25.849]  Tuned to 16
[2016-11-16 14:43:25.949]  Tuned to 17
[2016-11-16 14:43:26.049]  Tuned to 18
[2016-11-16 14:43:26.150]  Tuned to 19
[2016-11-16 14:43:26.250]  Tuned to 20
[2016-11-16 14:43:26.351]  Tuned to 21
[2016-11-16 14:43:26.451]  Tuned to 22
[2016-11-16 14:43:26.551]  Tuned to 23
[2016-11-16 14:43:26.652]  Tuned to 24
[2016-11-16 14:43:26.752]  Tuned to 25
[2016-11-16 14:43:26.853]  Tuned to 26
[2016-11-16 14:43:26.953]  Tuned to 27
[2016-11-16 14:43:27.053]  Tuned to 28
[2016-11-16 14:43:27.153]  Tuned to 29
[2016-11-16 14:43:27.254]  Tuned to 30
[2016-11-16 14:43:27.354]  Tuned to 31
[2016-11-16 14:43:27.454]  Tuned to 32
[2016-11-16 14:43:27.555]  Tuned to 33
[2016-11-16 14:43:27.655]  Tuned to 34
[2016-11-16 14:43:27.755]  Tuned to 35
[2016-11-16 14:43:27.857]  Tuned to 36
[2016-11-16 14:43:27.957]  Tuned to 37
[2016-11-16 14:43:28.058]  Tuned to 38
[2016-11-16 14:43:28.159]  Tuned to 39
[2016-11-16 14:43:28.260]  Tuned to 40
[2016-11-16 14:43:28.361]  Tuned to 41
[2016-11-16 14:43:28.462]  Tuned to 42
[2016-11-16 14:43:28.562]  Tuned to 43
[2016-11-16 14:43:28.662]  Tuned to 44
[2016-11-16 14:43:28.763]  Tuned to 45
[2016-11-16 14:43:28.863]  Tuned to 46
[2016-11-16 14:43:28.963]  Tuned to 47
[2016-11-16 14:43:29.063]  Tuned to 48
[2016-11-16 14:43:29.164]  Tuned to 49
[2016-11-16 14:43:29.264]  Tuned to 50
[2016-11-16 14:43:29.364]  Tuned to 51
[2016-11-16 14:43:29.465]  Tuned to 52
[2016-11-16 14:43:29.565]  Tuned to 53
[2016-11-16 14:43:29.666]  Tuned to 54
[2016-11-16 14:43:29.766]  Tuned to 55
[2016-11-16 14:43:29.866]  Tuned to 56
[2016-11-16 14:43:29.967]  Tuned to 57
[2016-11-16 14:43:30.067]  Tuned to 58
[2016-11-16 14:43:30.167]  Tuned to 59
[2016-11-16 14:43:30.268]  Tuned to 60
[2016-11-16 14:43:30.368]  Tuned to 61
[2016-11-16 14:43:30.468]  Tuned to 62
[2016-11-16 14:43:30.569]  Tuned to 63
[2016-11-16 14:43:30.669]  Tuned to 64
[2016-11-16 14:43:30.769]  Tuned to 65
[2016-11-16 14:43:30.870]  Tuned to 66
[2016-11-16 14:43:30.970]  Tuned to 67
[2016-11-16 14:43:31.070]  Tuned to 68
[2016-11-16 14:43:31.171]  Tuned to 69
[2016-11-16 14:43:31.271]  Tuned to 70
[2016-11-16 14:43:31.371]  Tuned to 71
[2016-11-16 14:43:31.472]  Tuned to 72
[2016-11-16 14:43:31.572]  Tuned to 73
[2016-11-16 14:43:31.672]  Tuned to 74
[2016-11-16 14:43:31.772]  Tuned to 75
[2016-11-16 14:43:31.873]  Tuned to 76
[2016-11-16 14:43:31.973]  Tuned to 77
[2016-11-16 14:43:32.073]  Tuned to 78
[2016-11-16 14:43:32.174]  Tuned to 79
[2016-11-16 14:43:32.274]  Tuned to 80
[2016-11-16 14:43:32.374]  Tuned to 81
[2016-11-16 14:43:32.477]  Tuned to 82
[2016-11-16 14:43:32.577]  Tuned to 83
[2016-11-16 14:43:32.677]  Tuned to 2
[2016-11-16 14:43:32.778]  Tuned to 3
[2016-11-16 14:43:32.878]  Tuned to 4
[2016-11-16 14:43:32.978]  Tuned to 5
[2016-11-16 14:43:33.078]  Tuned to 6
[2016-11-16 14:43:33.179]  Tuned to 7
[2016-11-16 14:43:33.279]  Tuned to 8
[2016-11-16 14:43:33.379]  Tuned to 9
[2016-11-16 14:43:33.480]  Tuned to 10
[2016-11-16 14:43:33.580]  Tuned to 11
[2016-11-16 14:43:33.680]  Tuned to 12
[2016-11-16 14:43:33.782]  Tuned to 13
[2016-11-16 14:43:33.883]  Tuned to 14
[2016-11-16 14:43:33.983]  Tuned to 15
[2016-11-16 14:43:34.084]  Tuned to 16
[2016-11-16 14:43:34.184]  Tuned to 17
[2016-11-16 14:43:34.284]  Tuned to 18
[2016-11-16 14:43:34.385]  Tuned to 19
[2016-11-16 14:43:34.485]  Tuned to 20
[2016-11-16 14:43:34.586]  Tuned to 21
[2016-11-16 14:43:34.686]  Tuned to 22
[2016-11-16 14:43:34.786]  Tuned to 23
[2016-11-16 14:43:34.886]  Tuned to 24
[2016-11-16 14:43:34.987]  Tuned to 25
[2016-11-16 14:43:35.087]  Tuned to 26
[2016-11-16 14:43:35.187]  Tuned to 27
[2016-11-16 14:43:35.288]  Tuned to 28
[2016-11-16 14:43:35.388]  Tuned to 29
[2016-11-16 14:43:35.490]  Tuned to 30
[2016-11-16 14:43:35.590]  Tuned to 31
[2016-11-16 14:43:35.690]  Tuned to 32
[2016-11-16 14:43:35.791]  Tuned to 33
[2016-11-16 14:43:35.891]  Tuned to 34
[2016-11-16 14:43:35.991]  Tuned to 35
[2016-11-16 14:43:36.092]  Tuned to 36
[2016-11-16 14:43:36.192]  Tuned to 37
[2016-11-16 14:43:36.292]  Tuned to 38
[2016-11-16 14:43:36.393]  Tuned to 39
[2016-11-16 14:43:36.493]  Tuned to 40
[2016-11-16 14:43:36.593]  Tuned to 41
[2016-11-16 14:43:36.694]  Tuned to 42
[2016-11-16 14:43:36.794]  Tuned to 43
[2016-11-16 14:43:36.894]  Tuned to 44
[2016-11-16 14:43:36.994]  Tuned to 45
[2016-11-16 14:43:37.095]  Tuned to 46
[2016-11-16 14:43:37.195]  Tuned to 47
[2016-11-16 14:43:37.295]  Tuned to 48
[2016-11-16 14:43:37.396]  Tuned to 49
[2016-11-16 14:43:37.496]  Tuned to 50
[2016-11-16 14:43:37.596]  Tuned to 51
[2016-11-16 14:43:37.697]  Tuned to 52
[2016-11-16 14:43:37.797]  Tuned to 53
[2016-11-16 14:43:37.897]  Tuned to 54
[2016-11-16 14:43:37.997]  Tuned to 55
[2016-11-16 14:43:38.098]  Tuned to 56
[2016-11-16 14:43:38.198]  Tuned to 57
[2016-11-16 14:43:38.298]  Tuned to 58
[2016-11-16 14:43:38.399]  Tuned to 59
[2016-11-16 14:43:38.499]  Tuned to 60
[2016-11-16 14:43:38.599]  Tuned to 61
[2016-11-16 14:43:38.700]  Tuned to 62
[2016-11-16 14:43:38.800]  Tuned to 63
[2016-11-16 14:43:38.900]  Tuned to 64
[2016-11-16 14:43:39.001]  Tuned to 65
[2016-11-16 14:43:39.101]  Tuned to 66
[2016-11-16 14:43:39.201]  Tuned to 67
[2016-11-16 14:43:39.302]  Tuned to 68
[2016-11-16 14:43:39.402]  Tuned to 69
[2016-11-16 14:43:39.503]  Tuned to 70
[2016-11-16 14:43:39.603]  Tuned to 71
[2016-11-16 14:43:39.703]  Tuned to 72
[2016-11-16 14:43:39.804]  Tuned to 73
[2016-11-16 14:43:39.904]  Tuned to 74
[2016-11-16 14:43:40.004]  Tuned to 75
[2016-11-16 14:43:40.104]  Tuned to 76
[2016-11-16 14:43:40.206]  Tuned to 77
[2016-11-16 14:43:40.307]  Tuned to 78
[2016-11-16 14:43:40.407]  Tuned to 79
[2016-11-16 14:43:40.507]  Tuned to 80
[2016-11-16 14:43:40.607]  Tuned to 81
[2016-11-16 14:43:40.708]  Tuned to 82
[2016-11-16 14:43:40.808]  Tuned to 83
[2016-11-16 14:43:40.908]  Tuned to 2
[2016-11-16 14:43:41.009]  Tuned to 3
[2016-11-16 14:43:41.109]  Tuned to 4
[2016-11-16 14:43:41.209]  Tuned to 5
[2016-11-16 14:43:41.310]  Tuned to 6
[2016-11-16 14:43:41.410]  Tuned to 7
[2016-11-16 14:43:41.510]  Tuned to 8
[2016-11-16 14:43:41.611]  Tuned to 9
[2016-11-16 14:43:41.711]  Tuned to 10
[2016-11-16 14:43:41.811]  Tuned to 11
[2016-11-16 14:43:41.912]  Tuned to 12
[2016-11-16 14:43:42.012]  Tuned to 13
[2016-11-16 14:43:42.112]  Tuned to 14
[2016-11-16 14:43:42.213]  Tuned to 15
[2016-11-16 14:43:42.313]  Tuned to 16
[2016-11-16 14:43:42.413]  Tuned to 17
[2016-11-16 14:43:42.513]  Tuned to 18
[2016-11-16 14:43:42.614]  Tuned to 19
[2016-11-16 14:43:42.714]  Tuned to 20
[2016-11-16 14:43:42.814]  Tuned to 21
[2016-11-16 14:43:42.915]  Tuned to 22
[2016-11-16 14:43:43.015]  Tuned to 23
[2016-11-16 14:43:43.115]  Tuned to 24
[2016-11-16 14:43:43.216]  Tuned to 25
[2016-11-16 14:43:43.316]  Tuned to 26
[2016-11-16 14:43:43.416]  Tuned to 27
[2016-11-16 14:43:43.517]  Tuned to 28
[2016-11-16 14:43:43.617]  Tuned to 29
[2016-11-16 14:43:43.717]  Tuned to 30
[2016-11-16 14:43:43.818]  Tuned to 31
[2016-11-16 14:43:43.918]  Tuned to 32
[2016-11-16 14:43:44.018]  Tuned to 33
[2016-11-16 14:43:44.119]  Tuned to 34
[2016-11-16 14:43:44.219]  Tuned to 35
[2016-11-16 14:43:44.319]  Tuned to 36
[2016-11-16 14:43:44.419]  Tuned to 37
[2016-11-16 14:43:44.520]  Tuned to 38
[2016-11-16 14:43:44.622]  Tuned to 39
[2016-11-16 14:43:44.722]  Tuned to 40
[2016-11-16 14:43:44.823]  Tuned to 41
[2016-11-16 14:43:44.923]  Tuned to 42
[2016-11-16 14:43:45.023]  Tuned to 43
[2016-11-16 14:43:45.125]  Tuned to 44
[2016-11-16 14:43:45.225]  Tuned to 45
[2016-11-16 14:43:45.326]  Tuned to 46
[2016-11-16 14:43:45.426]  Tuned to 47
[2016-11-16 14:43:45.526]  Tuned to 48
[2016-11-16 14:43:45.627]  Tuned to 49
[2016-11-16 14:43:45.727]  Tuned to 50
[2016-11-16 14:43:45.827]  Tuned to 51
[2016-11-16 14:43:45.928]  Tuned to 52
[2016-11-16 14:43:46.028]  Tuned to 53
[2016-11-16 14:43:46.128]  Tuned to 54
[2016-11-16 14:43:46.229]  Tuned to 55
[2016-11-16 14:43:46.329]  Tuned to 56
[2016-11-16 14:43:46.429]  Tuned to 57
[2016-11-16 14:43:46.530]  Tuned to 58
[2016-11-16 14:43:46.630]  Tuned to 59
[2016-11-16 14:43:46.730]  Tuned to 60
[2016-11-16 14:43:46.832]  Tuned to 61
[2016-11-16 14:43:46.933]  Tuned to 62
[2016-11-16 14:43:47.033]  Tuned to 63
[2016-11-16 14:43:47.133]  Tuned to 64
[2016-11-16 14:43:47.234]  Tuned to 65
[2016-11-16 14:43:47.334]  Tuned to 66
[2016-11-16 14:43:47.437]  Tuned to 67
[2016-11-16 14:43:47.537]  Tuned to 68
[2016-11-16 14:43:47.637]  Tuned to 69
[2016-11-16 14:43:47.738]  Tuned to 70
[2016-11-16 14:43:47.838]  Tuned to 71
[2016-11-16 14:43:47.938]  Tuned to 72
[2016-11-16 14:43:48.039]  Tuned to 73
[2016-11-16 14:43:48.139]  Tuned to 74
[2016-11-16 14:43:48.239]  Tuned to 75
[2016-11-16 14:43:48.339]  Tuned to 76
[2016-11-16 14:43:48.440]  Tuned to 77
[2016-11-16 14:43:48.540]  Tuned to 78
[2016-11-16 14:43:48.640]  Tuned to 79
[2016-11-16 14:43:48.741]  Tuned to 80
[2016-11-16 14:43:48.841]  Tuned to 81
[2016-11-16 14:43:48.941]  Tuned to 82
[2016-11-16 14:43:49.042]  Tuned to 83
[2016-11-16 14:43:49.142]  Tuned to 2
[2016-11-16 14:43:49.243]  Tuned to 3
[2016-11-16 14:43:49.343]  Tuned to 4
[2016-11-16 14:43:49.443]  Tuned to 5
[2016-11-16 14:43:49.544]  Tuned to 6
[2016-11-16 14:43:49.644]  Tuned to 7
[2016-11-16 14:43:49.744]  Tuned to 8
[2016-11-16 14:43:49.845]  Tuned to 9
[2016-11-16 14:43:49.945]  Tuned to 10
[2016-11-16 14:43:50.045]  Tuned to 11
[2016-11-16 14:43:50.145]  Tuned to 12
[2016-11-16 14:43:50.246]  Tuned to 13
[2016-11-16 14:43:50.348]  Tuned to 14
[2016-11-16 14:43:50.448]  Tuned to 15
[2016-11-16 14:43:50.548]  Tuned to 16
[2016-11-16 14:43:50.649]  Tuned to 17
[2016-11-16 14:43:50.749]  Tuned to 18
[2016-11-16 14:43:50.849]  Tuned to 19
[2016-11-16 14:43:50.949]  Tuned to 20
[2016-11-16 14:43:51.050]  Tuned to 21
[2016-11-16 14:43:51.150]  Tuned to 22
[2016-11-16 14:43:51.251]  Tuned to 23
[2016-11-16 14:43:51.351]  Tuned to 24
[2016-11-16 14:43:51.451]  Tuned to 25
[2016-11-16 14:43:51.552]  Tuned to 26
[2016-11-16 14:43:51.652]  Tuned to 27
[2016-11-16 14:43:51.752]  Tuned to 28
[2016-11-16 14:43:51.854]  Tuned to 29
[2016-11-16 14:43:51.955]  Tuned to 30
[2016-11-16 14:43:52.055]  Tuned to 31
[2016-11-16 14:43:52.155]  Tuned to 32
[2016-11-16 14:43:52.256]  Tuned to 33
[2016-11-16 14:43:52.356]  Tuned to 34
[2016-11-16 14:43:52.457]  Tuned to 35
[2016-11-16 14:43:52.557]  Tuned to 36
[2016-11-16 14:43:52.657]  Tuned to 37
[2016-11-16 14:43:52.760]  Tuned to 38
[2016-11-16 14:43:52.860]  Tuned to 39
[2016-11-16 14:43:52.960]  Tuned to 40
[2016-11-16 14:43:53.061]  Tuned to 41
[2016-11-16 14:43:53.161]  Tuned to 42
[2016-11-16 14:43:53.261]  Tuned to 43
[2016-11-16 14:43:53.363]  Tuned to 44
[2016-11-16 14:43:53.464]  Tuned to 45
[2016-11-16 14:43:53.564]  Tuned to 46
[2016-11-16 14:43:53.664]  Tuned to 47
[2016-11-16 14:43:53.764]  Tuned to 48
[2016-11-16 14:43:53.865]  Tuned to 49
[2016-11-16 14:43:53.965]  Tuned to 50
[2016-11-16 14:43:54.065]  Tuned to 51
[2016-11-16 14:43:54.166]  Tuned to 52
[2016-11-16 14:43:54.266]  Tuned to 53
[2016-11-16 14:43:54.366]  Tuned to 54
[2016-11-16 14:43:54.467]  Tuned to 55
[2016-11-16 14:43:54.567]  Tuned to 56
[2016-11-16 14:43:54.667]  Tuned to 57
[2016-11-16 14:43:54.768]  Tuned to 58
Traceback (most recent call last):
  File "../modules/mousejack/tools/nrf24-scanner.py", line 55, in <module>
    value = common.radio.receive_payload()
  File "/home/lain/Development/seniordesign/mithren/modules/mousejack/tools/lib/nrf24.py", line 109, in receive_payload
    return self.dongle.read(0x81, 64, timeout=nrf24.usb_timeout)
  File "/usr/local/lib/python2.7/dist-packages/usb/core.py", line 988, in read
    self.__get_timeout(timeout))
  File "/usr/local/lib/python2.7/dist-packages/usb/backend/libusb1.py", line 833, in bulk_read
    timeout)
  File "/usr/local/lib/python2.7/dist-packages/usb/backend/libusb1.py", line 933, in __read
    timeout)
KeyboardInterrupt
tail: output.txt: file truncated
[2016-11-16 14:43:57.746]  Using channels 2, 3, 4, 5, 6, 7, 8, 9, 10, 11, 12, 13, 14, 15, 16, 17, 18, 19, 20, 21, 22, 23, 24, 25, 26, 27, 28, 29, 30, 31, 32, 33, 34, 35, 36, 37, 38, 39, 40, 41, 42, 43, 44, 45, 46, 47, 48, 49, 50, 51, 52, 53, 54, 55, 56, 57, 58, 59, 60, 61, 62, 63, 64, 65, 66, 67, 68, 69, 70, 71, 72, 73, 74, 75, 76, 77, 78, 79, 80, 81, 82, 83
[2016-11-16 14:43:57.759]  Entered promiscuous mode
[2016-11-16 14:43:57.759]  Tuned to 2
[2016-11-16 14:43:57.860]  Tuned to 3
[2016-11-16 14:43:57.960]  Tuned to 4
[2016-11-16 14:43:58.060]  Tuned to 5
[2016-11-16 14:43:58.160]  Tuned to 6
[2016-11-16 14:43:58.261]  Tuned to 7
[2016-11-16 14:43:58.361]  Tuned to 8
[2016-11-16 14:43:58.461]  Tuned to 9
[2016-11-16 14:43:58.562]  Tuned to 10
[2016-11-16 14:43:58.662]  Tuned to 11
[2016-11-16 14:43:58.762]  Tuned to 12
[2016-11-16 14:43:58.862]  Tuned to 13
[2016-11-16 14:43:58.963]  Tuned to 14
[2016-11-16 14:43:59.063]  Tuned to 15
[2016-11-16 14:43:59.163]  Tuned to 16
[2016-11-16 14:43:59.264]  Tuned to 17
[2016-11-16 14:43:59.364]  Tuned to 18
[2016-11-16 14:43:59.464]  Tuned to 19
[2016-11-16 14:43:59.565]  Tuned to 20
[2016-11-16 14:43:59.665]  Tuned to 21
[2016-11-16 14:43:59.765]  Tuned to 22
[2016-11-16 14:43:59.865]  Tuned to 23
[2016-11-16 14:43:59.966]  Tuned to 24
[2016-11-16 14:44:00.066]  Tuned to 25
[2016-11-16 14:44:00.166]  Tuned to 26
[2016-11-16 14:44:00.269]  Tuned to 27
[2016-11-16 14:44:00.369]  Tuned to 28
[2016-11-16 14:44:00.470]  Tuned to 29
[2016-11-16 14:44:00.570]  Tuned to 30
[2016-11-16 14:44:00.670]  Tuned to 31
[2016-11-16 14:44:00.771]  Tuned to 32
[2016-11-16 14:44:00.871]  Tuned to 33
[2016-11-16 14:44:00.971]  Tuned to 34
[2016-11-16 14:44:01.071]  Tuned to 35
[2016-11-16 14:44:01.172]  Tuned to 36
[2016-11-16 14:44:01.272]  Tuned to 37
[2016-11-16 14:44:01.373]  Tuned to 38
[2016-11-16 14:44:01.473]  Tuned to 39
[2016-11-16 14:44:01.573]  Tuned to 40
[2016-11-16 14:44:01.674]  Tuned to 41
[2016-11-16 14:44:01.774]  Tuned to 42
[2016-11-16 14:44:01.874]  Tuned to 43
[2016-11-16 14:44:01.975]  Tuned to 44
[2016-11-16 14:44:02.075]  Tuned to 45
[2016-11-16 14:44:02.175]  Tuned to 46
[2016-11-16 14:44:02.276]  Tuned to 47
[2016-11-16 14:44:02.376]  Tuned to 48
[2016-11-16 14:44:02.476]  Tuned to 49
[2016-11-16 14:44:02.576]  Tuned to 50
[2016-11-16 14:44:02.678]  Tuned to 51
[2016-11-16 14:44:02.779]  Tuned to 52
[2016-11-16 14:44:02.879]  Tuned to 53
[2016-11-16 14:44:02.979]  Tuned to 54
[2016-11-16 14:44:03.080]  Tuned to 55
[2016-11-16 14:44:03.180]  Tuned to 56
[2016-11-16 14:44:03.280]  Tuned to 57
[2016-11-16 14:44:03.380]  Tuned to 58
[2016-11-16 14:44:03.481]  Tuned to 59
[2016-11-16 14:44:03.581]  Tuned to 60
[2016-11-16 14:44:03.681]  Tuned to 61
[2016-11-16 14:44:03.782]  Tuned to 62
[2016-11-16 14:44:03.882]  Tuned to 63
[2016-11-16 14:44:03.982]  Tuned to 64
[2016-11-16 14:44:04.083]  Tuned to 65
[2016-11-16 14:44:04.183]  Tuned to 66
[2016-11-16 14:44:04.283]  Tuned to 67
[2016-11-16 14:44:04.384]  Tuned to 68
[2016-11-16 14:44:04.484]  Tuned to 69
[2016-11-16 14:44:04.585]  Tuned to 70
[2016-11-16 14:44:04.685]  Tuned to 71
[2016-11-16 14:44:04.785]  Tuned to 72
[2016-11-16 14:44:04.886]  Tuned to 73
[2016-11-16 14:44:04.986]  Tuned to 74
[2016-11-16 14:44:05.086]  Tuned to 75
[2016-11-16 14:44:05.186]  Tuned to 76
[2016-11-16 14:44:05.287]  Tuned to 77
[2016-11-16 14:44:05.387]  Tuned to 78
[2016-11-16 14:44:05.487]  Tuned to 79
[2016-11-16 14:44:05.588]  Tuned to 80
[2016-11-16 14:44:05.688]  Tuned to 81
[2016-11-16 14:44:05.788]  Tuned to 82
[2016-11-16 14:44:05.889]  Tuned to 83
[2016-11-16 14:44:05.989]  Tuned to 2
[2016-11-16 14:44:06.089]  Tuned to 3
[2016-11-16 14:44:06.190]  Tuned to 4
[2016-11-16 14:44:06.290]  Tuned to 5
[2016-11-16 14:44:06.390]  Tuned to 6
[2016-11-16 14:44:06.491]  Tuned to 7
[2016-11-16 14:44:06.591]  Tuned to 8
[2016-11-16 14:44:06.693]  Tuned to 9
[2016-11-16 14:44:06.793]  Tuned to 10
[2016-11-16 14:44:06.893]  Tuned to 11
[2016-11-16 14:44:06.995]  Tuned to 12
[2016-11-16 14:44:07.096]  Tuned to 13
[2016-11-16 14:44:07.196]  Tuned to 14
[2016-11-16 14:44:07.296]  Tuned to 15
[2016-11-16 14:44:07.397]  Tuned to 16
[2016-11-16 14:44:07.497]  Tuned to 17
[2016-11-16 14:44:07.597]  Tuned to 18
[2016-11-16 14:44:07.698]  Tuned to 19
[2016-11-16 14:44:07.798]  Tuned to 20
[2016-11-16 14:44:07.898]  Tuned to 21
[2016-11-16 14:44:07.998]  Tuned to 22
[2016-11-16 14:44:08.099]  Tuned to 23
[2016-11-16 14:44:08.199]  Tuned to 24
[2016-11-16 14:44:08.299]  Tuned to 25
[2016-11-16 14:44:08.400]  Tuned to 26
[2016-11-16 14:44:08.500]  Tuned to 27
[2016-11-16 14:44:08.600]  Tuned to 28
[2016-11-16 14:44:08.701]  Tuned to 29
[2016-11-16 14:44:08.801]  Tuned to 30
[2016-11-16 14:44:08.901]  Tuned to 31
[2016-11-16 14:44:09.001]  Tuned to 32
[2016-11-16 14:44:09.102]  Tuned to 33
[2016-11-16 14:44:09.202]  Tuned to 34
[2016-11-16 14:44:09.302]  Tuned to 35
[2016-11-16 14:44:09.403]  Tuned to 36
[2016-11-16 14:44:09.503]  Tuned to 37
[2016-11-16 14:44:09.603]  Tuned to 38
[2016-11-16 14:44:09.704]  Tuned to 39
[2016-11-16 14:44:09.804]  Tuned to 40
[2016-11-16 14:44:09.906]  Tuned to 41
[2016-11-16 14:44:10.006]  Tuned to 42
[2016-11-16 14:44:10.107]  Tuned to 43
[2016-11-16 14:44:10.207]  Tuned to 44
[2016-11-16 14:44:10.307]  Tuned to 45
[2016-11-16 14:44:10.408]  Tuned to 46
[2016-11-16 14:44:10.508]  Tuned to 47
[2016-11-16 14:44:10.608]  Tuned to 48
[2016-11-16 14:44:10.709]  Tuned to 49
[2016-11-16 14:44:10.809]  Tuned to 50
[2016-11-16 14:44:10.909]  Tuned to 51
[2016-11-16 14:44:11.009]  Tuned to 52
[2016-11-16 14:44:11.110]  Tuned to 53
[2016-11-16 14:44:11.210]  Tuned to 54
[2016-11-16 14:44:11.310]  Tuned to 55
[2016-11-16 14:44:11.411]  Tuned to 56
[2016-11-16 14:44:11.512]  Tuned to 57
[2016-11-16 14:44:11.612]  Tuned to 58
[2016-11-16 14:44:11.713]  Tuned to 59
[2016-11-16 14:44:11.813]  Tuned to 60
[2016-11-16 14:44:11.913]  Tuned to 61
[2016-11-16 14:44:12.014]  Tuned to 62
[2016-11-16 14:44:12.114]  Tuned to 63
[2016-11-16 14:44:12.214]  Tuned to 64
[2016-11-16 14:44:12.314]  Tuned to 65
[2016-11-16 14:44:12.415]  Tuned to 66
[2016-11-16 14:44:12.515]  Tuned to 67
[2016-11-16 14:44:12.615]  Tuned to 68
[2016-11-16 14:44:12.716]  Tuned to 69
[2016-11-16 14:44:12.816]  Tuned to 70
[2016-11-16 14:44:12.916]  Tuned to 71
[2016-11-16 14:44:13.017]  Tuned to 72
[2016-11-16 14:44:13.117]  Tuned to 73
[2016-11-16 14:44:13.217]  Tuned to 74
[2016-11-16 14:44:13.320]  Tuned to 75
[2016-11-16 14:44:13.420]  Tuned to 76
[2016-11-16 14:44:13.520]  Tuned to 77
[2016-11-16 14:44:13.621]  Tuned to 78
[2016-11-16 14:44:13.721]  Tuned to 79
[2016-11-16 14:44:13.821]  Tuned to 80
[2016-11-16 14:44:13.922]  Tuned to 81
[2016-11-16 14:44:14.022]  Tuned to 82
[2016-11-16 14:44:14.122]  Tuned to 83
[2016-11-16 14:44:14.223]  Tuned to 2
[2016-11-16 14:44:14.323]  Tuned to 3
[2016-11-16 14:44:14.423]  Tuned to 4
[2016-11-16 14:44:14.524]  Tuned to 5
[2016-11-16 14:44:14.624]  Tuned to 6
[2016-11-16 14:44:14.724]  Tuned to 7
[2016-11-16 14:44:14.824]  Tuned to 8
[2016-11-16 14:44:14.927]  Tuned to 9
[2016-11-16 14:44:15.027]  Tuned to 10
[2016-11-16 14:44:15.128]  Tuned to 11
[2016-11-16 14:44:15.228]  Tuned to 12
[2016-11-16 14:44:15.329]  Tuned to 13
[2016-11-16 14:44:15.430]  Tuned to 14
[2016-11-16 14:44:15.530]  Tuned to 15
[2016-11-16 14:44:15.631]  Tuned to 16
[2016-11-16 14:44:15.731]  Tuned to 17
[2016-11-16 14:44:15.831]  Tuned to 18
[2016-11-16 14:44:15.932]  Tuned to 19
[2016-11-16 14:44:16.032]  Tuned to 20
[2016-11-16 14:44:16.132]  Tuned to 21
[2016-11-16 14:44:16.232]  Tuned to 22
[2016-11-16 14:44:16.333]  Tuned to 23
[2016-11-16 14:44:16.433]  Tuned to 24
[2016-11-16 14:44:16.533]  Tuned to 25
[2016-11-16 14:44:16.634]  Tuned to 26
[2016-11-16 14:44:16.735]  Tuned to 27
[2016-11-16 14:44:16.835]  Tuned to 28
[2016-11-16 14:44:16.935]  Tuned to 29
[2016-11-16 14:44:17.036]  Tuned to 30
[2016-11-16 14:44:17.136]  Tuned to 31
[2016-11-16 14:44:17.237]  Tuned to 32
[2016-11-16 14:44:17.337]  Tuned to 33
[2016-11-16 14:44:17.437]  Tuned to 34
[2016-11-16 14:44:17.538]  Tuned to 35
[2016-11-16 14:44:17.638]  Tuned to 36
[2016-11-16 14:44:17.738]  Tuned to 37
[2016-11-16 14:44:17.839]  Tuned to 38
[2016-11-16 14:44:17.939]  Tuned to 39
[2016-11-16 14:44:18.039]  Tuned to 40
[2016-11-16 14:44:18.139]  Tuned to 41
[2016-11-16 14:44:18.240]  Tuned to 42
[2016-11-16 14:44:18.340]  Tuned to 43
[2016-11-16 14:44:18.440]  Tuned to 44
[2016-11-16 14:44:18.541]  Tuned to 45
[2016-11-16 14:44:18.641]  Tuned to 46
[2016-11-16 14:44:18.741]  Tuned to 47
[2016-11-16 14:44:18.842]  Tuned to 48
[2016-11-16 14:44:18.942]  Tuned to 49
[2016-11-16 14:44:19.042]  Tuned to 50
[2016-11-16 14:44:19.143]  Tuned to 51
[2016-11-16 14:44:19.243]  Tuned to 52
[2016-11-16 14:44:19.343]  Tuned to 53
[2016-11-16 14:44:19.444]  Tuned to 54
[2016-11-16 14:44:19.544]  Tuned to 55
[2016-11-16 14:44:19.644]  Tuned to 56
[2016-11-16 14:44:19.744]  Tuned to 57
[2016-11-16 14:44:19.845]  Tuned to 58
[2016-11-16 14:44:19.945]  Tuned to 59
[2016-11-16 14:44:20.045]  Tuned to 60
[2016-11-16 14:44:20.146]  Tuned to 61
[2016-11-16 14:44:20.246]  Tuned to 62
[2016-11-16 14:44:20.347]  Tuned to 63
[2016-11-16 14:44:20.447]  Tuned to 64
[2016-11-16 14:44:20.548]  Tuned to 65
[2016-11-16 14:44:20.648]  Tuned to 66
[2016-11-16 14:44:20.749]  Tuned to 67
[2016-11-16 14:44:20.849]  Tuned to 68
[2016-11-16 14:44:20.950]  Tuned to 69
[2016-11-16 14:44:21.050]  Tuned to 70
[2016-11-16 14:44:21.151]  Tuned to 71
[2016-11-16 14:44:21.251]  Tuned to 72
[2016-11-16 14:44:21.351]  Tuned to 73
[2016-11-16 14:44:21.452]  Tuned to 74
[2016-11-16 14:44:21.552]  Tuned to 75
[2016-11-16 14:44:21.652]  Tuned to 76
[2016-11-16 14:44:21.753]  Tuned to 77
[2016-11-16 14:44:21.853]  Tuned to 78
[2016-11-16 14:44:21.953]  Tuned to 79
[2016-11-16 14:44:22.054]  Tuned to 80
[2016-11-16 14:44:22.154]  Tuned to 81
[2016-11-16 14:44:22.254]  Tuned to 82
[2016-11-16 14:44:22.355]  Tuned to 83
[2016-11-16 14:44:22.455]  Tuned to 2
[2016-11-16 14:44:22.555]  Tuned to 3
[2016-11-16 14:44:22.655]  Tuned to 4
[2016-11-16 14:44:22.756]  Tuned to 5
[2016-11-16 14:44:22.856]  Tuned to 6
[2016-11-16 14:44:22.957]  Tuned to 7
[2016-11-16 14:44:23.057]  Tuned to 8
[2016-11-16 14:44:23.157]  Tuned to 9
[2016-11-16 14:44:23.258]  Tuned to 10
[2016-11-16 14:44:23.358]  Tuned to 11
[2016-11-16 14:44:23.458]  Tuned to 12
[2016-11-16 14:44:23.558]  Tuned to 13
[2016-11-16 14:44:23.659]  Tuned to 14
[2016-11-16 14:44:23.759]  Tuned to 15
[2016-11-16 14:44:23.859]  Tuned to 16
[2016-11-16 14:44:23.960]  Tuned to 17
[2016-11-16 14:44:24.060]  Tuned to 18
[2016-11-16 14:44:24.160]  Tuned to 19
[2016-11-16 14:44:24.261]  Tuned to 20
[2016-11-16 14:44:24.361]  Tuned to 21
[2016-11-16 14:44:24.461]  Tuned to 22
[2016-11-16 14:44:24.561]  Tuned to 23
[2016-11-16 14:44:24.662]  Tuned to 24
[2016-11-16 14:44:24.762]  Tuned to 25
[2016-11-16 14:44:24.863]  Tuned to 26
[2016-11-16 14:44:24.963]  Tuned to 27
[2016-11-16 14:44:25.063]  Tuned to 28
[2016-11-16 14:44:25.164]  Tuned to 29
[2016-11-16 14:44:25.265]  Tuned to 30
[2016-11-16 14:44:25.365]  Tuned to 31
[2016-11-16 14:44:25.466]  Tuned to 32
[2016-11-16 14:44:25.567]  Tuned to 33
[2016-11-16 14:44:25.668]  Tuned to 34
[2016-11-16 14:44:25.769]  Tuned to 35
[2016-11-16 14:44:25.870]  Tuned to 36
[2016-11-16 14:44:25.970]  Tuned to 37
[2016-11-16 14:44:26.070]  Tuned to 38
[2016-11-16 14:44:26.171]  Tuned to 39
[2016-11-16 14:44:26.271]  Tuned to 40
[2016-11-16 14:44:26.371]  Tuned to 41
[2016-11-16 14:44:26.472]  Tuned to 42
[2016-11-16 14:44:26.572]  Tuned to 43
[2016-11-16 14:44:26.672]  Tuned to 44
[2016-11-16 14:44:26.773]  Tuned to 45
[2016-11-16 14:44:26.873]  Tuned to 46
[2016-11-16 14:44:26.973]  Tuned to 47
[2016-11-16 14:44:27.074]  Tuned to 48
[2016-11-16 14:44:27.174]  Tuned to 49
[2016-11-16 14:44:27.274]  Tuned to 50
[2016-11-16 14:44:27.375]  Tuned to 51
[2016-11-16 14:44:27.475]  Tuned to 52
[2016-11-16 14:44:27.575]  Tuned to 53
[2016-11-16 14:44:27.676]  Tuned to 54
[2016-11-16 14:44:27.776]  Tuned to 55
[2016-11-16 14:44:27.877]  Tuned to 56
[2016-11-16 14:44:27.978]  Tuned to 57
[2016-11-16 14:44:28.078]  Tuned to 58
[2016-11-16 14:44:28.178]  Tuned to 59
[2016-11-16 14:44:28.278]  Tuned to 60
[2016-11-16 14:44:28.379]  Tuned to 61
[2016-11-16 14:44:28.479]  Tuned to 62
[2016-11-16 14:44:28.579]  Tuned to 63
[2016-11-16 14:44:28.680]  Tuned to 64
[2016-11-16 14:44:28.780]  Tuned to 65
[2016-11-16 14:44:28.880]  Tuned to 66
[2016-11-16 14:44:28.981]  Tuned to 67
[2016-11-16 14:44:29.081]  Tuned to 68
[2016-11-16 14:44:29.181]  Tuned to 69
[2016-11-16 14:44:29.282]  Tuned to 70
[2016-11-16 14:44:29.382]  Tuned to 71
[2016-11-16 14:44:29.482]  Tuned to 72
[2016-11-16 14:44:29.582]  Tuned to 73
[2016-11-16 14:44:29.683]  Tuned to 74
[2016-11-16 14:44:29.783]  Tuned to 75
[2016-11-16 14:44:29.883]  Tuned to 76
[2016-11-16 14:44:29.984]  Tuned to 77
[2016-11-16 14:44:30.084]  Tuned to 78
[2016-11-16 14:44:30.184]  Tuned to 79
[2016-11-16 14:44:30.285]  Tuned to 80
[2016-11-16 14:44:30.385]  Tuned to 81
[2016-11-16 14:44:30.485]  Tuned to 82
[2016-11-16 14:44:30.585]  Tuned to 83
[2016-11-16 14:44:30.686]  Tuned to 2
[2016-11-16 14:44:30.786]  Tuned to 3
[2016-11-16 14:44:30.886]  Tuned to 4
[2016-11-16 14:44:30.986]  Tuned to 5
[2016-11-16 14:44:31.087]  Tuned to 6
[2016-11-16 14:44:31.187]  Tuned to 7
[2016-11-16 14:44:31.287]  Tuned to 8
[2016-11-16 14:44:31.388]  Tuned to 9
[2016-11-16 14:44:31.488]  Tuned to 10
[2016-11-16 14:44:31.588]  Tuned to 11
[2016-11-16 14:44:31.689]  Tuned to 12
[2016-11-16 14:44:31.789]  Tuned to 13
[2016-11-16 14:44:31.889]  Tuned to 14
[2016-11-16 14:44:31.989]  Tuned to 15
[2016-11-16 14:44:32.090]  Tuned to 16
[2016-11-16 14:44:32.190]  Tuned to 17
[2016-11-16 14:44:32.290]  Tuned to 18
[2016-11-16 14:44:32.391]  Tuned to 19
[2016-11-16 14:44:32.491]  Tuned to 20
[2016-11-16 14:44:32.591]  Tuned to 21
[2016-11-16 14:44:32.691]  Tuned to 22
[2016-11-16 14:44:32.792]  Tuned to 23
[2016-11-16 14:44:32.892]  Tuned to 24
[2016-11-16 14:44:32.993]  Tuned to 25
[2016-11-16 14:44:33.093]  Tuned to 26
[2016-11-16 14:44:33.193]  Tuned to 27
[2016-11-16 14:44:33.294]  Tuned to 28
[2016-11-16 14:44:33.394]  Tuned to 29
[2016-11-16 14:44:33.494]  Tuned to 30
[2016-11-16 14:44:33.594]  Tuned to 31
[2016-11-16 14:44:33.695]  Tuned to 32
[2016-11-16 14:44:33.795]  Tuned to 33
[2016-11-16 14:44:33.895]  Tuned to 34
[2016-11-16 14:44:33.996]  Tuned to 35
[2016-11-16 14:44:34.096]  Tuned to 36
[2016-11-16 14:44:34.196]  Tuned to 37
[2016-11-16 14:44:34.297]  Tuned to 38
[2016-11-16 14:44:34.397]  Tuned to 39
[2016-11-16 14:44:34.497]  Tuned to 40
[2016-11-16 14:44:34.598]  Tuned to 41
[2016-11-16 14:44:34.698]  Tuned to 42
[2016-11-16 14:44:34.798]  Tuned to 43
[2016-11-16 14:44:34.899]  Tuned to 44
[2016-11-16 14:44:35.000]  Tuned to 45
[2016-11-16 14:44:35.101]  Tuned to 46
[2016-11-16 14:44:35.201]  Tuned to 47
[2016-11-16 14:44:35.301]  Tuned to 48
[2016-11-16 14:44:35.401]  Tuned to 49
[2016-11-16 14:44:35.502]  Tuned to 50
[2016-11-16 14:44:35.602]  Tuned to 51
[2016-11-16 14:44:35.702]  Tuned to 52
[2016-11-16 14:44:35.803]  Tuned to 53
[2016-11-16 14:44:35.903]  Tuned to 54
[2016-11-16 14:44:36.003]  Tuned to 55
[2016-11-16 14:44:36.104]  Tuned to 56
[2016-11-16 14:44:36.204]  Tuned to 57
[2016-11-16 14:44:36.304]  Tuned to 58
[2016-11-16 14:44:36.405]  Tuned to 59
[2016-11-16 14:44:36.505]  Tuned to 60
[2016-11-16 14:44:36.605]  Tuned to 61
[2016-11-16 14:44:36.706]  Tuned to 62
[2016-11-16 14:44:36.806]  Tuned to 63
[2016-11-16 14:44:36.906]  Tuned to 64
[2016-11-16 14:44:37.007]  Tuned to 65
[2016-11-16 14:44:37.107]  Tuned to 66
[2016-11-16 14:44:37.207]  Tuned to 67
[2016-11-16 14:44:37.308]  Tuned to 68
[2016-11-16 14:44:37.408]  Tuned to 69
[2016-11-16 14:44:37.508]  Tuned to 70
[2016-11-16 14:44:37.608]  Tuned to 71
[2016-11-16 14:44:37.709]  Tuned to 72
[2016-11-16 14:44:37.809]  Tuned to 73
[2016-11-16 14:44:37.910]  Tuned to 74
[2016-11-16 14:44:38.010]  Tuned to 75
[2016-11-16 14:44:38.110]  Tuned to 76
[2016-11-16 14:44:38.211]  Tuned to 77
[2016-11-16 14:44:38.311]  Tuned to 78
[2016-11-16 14:44:38.411]  Tuned to 79
[2016-11-16 14:44:38.512]  Tuned to 80
[2016-11-16 14:44:38.612]  Tuned to 81
[2016-11-16 14:44:38.712]  Tuned to 82
[2016-11-16 14:44:38.813]  Tuned to 83
[2016-11-16 14:44:38.913]  Tuned to 2
[2016-11-16 14:44:39.013]  Tuned to 3
[2016-11-16 14:44:39.114]  Tuned to 4
[2016-11-16 14:44:39.214]  Tuned to 5
[2016-11-16 14:44:39.315]  Tuned to 6
[2016-11-16 14:44:39.415]  Tuned to 7
[2016-11-16 14:44:39.517]  Tuned to 8
[2016-11-16 14:44:39.617]  Tuned to 9
[2016-11-16 14:44:39.718]  Tuned to 10
[2016-11-16 14:44:39.818]  Tuned to 11
[2016-11-16 14:44:39.919]  Tuned to 12
[2016-11-16 14:44:40.019]  Tuned to 13
[2016-11-16 14:44:40.119]  Tuned to 14
[2016-11-16 14:44:40.221]  Tuned to 15
[2016-11-16 14:44:40.321]  Tuned to 16
[2016-11-16 14:44:40.422]  Tuned to 17
[2016-11-16 14:44:40.522]  Tuned to 18
[2016-11-16 14:44:40.622]  Tuned to 19
[2016-11-16 14:44:40.723]  Tuned to 20
[2016-11-16 14:44:40.823]  Tuned to 21
[2016-11-16 14:44:40.923]  Tuned to 22
[2016-11-16 14:44:41.023]  Tuned to 23
[2016-11-16 14:44:41.124]  Tuned to 24
[2016-11-16 14:44:41.224]  Tuned to 25
[2016-11-16 14:44:41.324]  Tuned to 26
[2016-11-16 14:44:41.427]  Tuned to 27
[2016-11-16 14:44:41.528]  Tuned to 28
[2016-11-16 14:44:41.628]  Tuned to 29
[2016-11-16 14:44:41.728]  Tuned to 30
[2016-11-16 14:44:41.829]  Tuned to 31
[2016-11-16 14:44:41.929]  Tuned to 32
[2016-11-16 14:44:42.029]  Tuned to 33
[2016-11-16 14:44:42.130]  Tuned to 34
[2016-11-16 14:44:42.230]  Tuned to 35
[2016-11-16 14:44:42.330]  Tuned to 36
[2016-11-16 14:44:42.431]  Tuned to 37
[2016-11-16 14:44:42.531]  Tuned to 38
[2016-11-16 14:44:42.631]  Tuned to 39
[2016-11-16 14:44:42.732]  Tuned to 40
[2016-11-16 14:44:42.832]  Tuned to 41
[2016-11-16 14:44:42.932]  Tuned to 42
[2016-11-16 14:44:43.033]  Tuned to 43
[2016-11-16 14:44:43.133]  Tuned to 44
[2016-11-16 14:44:43.233]  Tuned to 45
[2016-11-16 14:44:43.334]  Tuned to 46
[2016-11-16 14:44:43.434]  Tuned to 47
[2016-11-16 14:44:43.535]  Tuned to 48
[2016-11-16 14:44:43.635]  Tuned to 49
[2016-11-16 14:44:43.735]  Tuned to 50
[2016-11-16 14:44:43.836]  Tuned to 51
[2016-11-16 14:44:43.936]  Tuned to 52
[2016-11-16 14:44:44.037]  Tuned to 53
[2016-11-16 14:44:44.138]  Tuned to 54
[2016-11-16 14:44:44.239]  Tuned to 55
[2016-11-16 14:44:44.340]  Tuned to 56
[2016-11-16 14:44:44.440]  Tuned to 57
[2016-11-16 14:44:44.540]  Tuned to 58
[2016-11-16 14:44:44.641]  Tuned to 59
[2016-11-16 14:44:44.741]  Tuned to 60
[2016-11-16 14:44:44.841]  Tuned to 61
[2016-11-16 14:44:44.942]  Tuned to 62
[2016-11-16 14:44:45.042]  Tuned to 63
[2016-11-16 14:44:45.143]  Tuned to 64
[2016-11-16 14:44:45.245]  Tuned to 65
[2016-11-16 14:44:45.346]  Tuned to 66
[2016-11-16 14:44:45.447]  Tuned to 67
[2016-11-16 14:44:45.547]  Tuned to 68
[2016-11-16 14:44:45.648]  Tuned to 69
[2016-11-16 14:44:45.748]  Tuned to 70
[2016-11-16 14:44:45.848]  Tuned to 71
[2016-11-16 14:44:45.949]  Tuned to 72
[2016-11-16 14:44:46.049]  Tuned to 73
[2016-11-16 14:44:46.149]  Tuned to 74
[2016-11-16 14:44:46.250]  Tuned to 75
[2016-11-16 14:44:46.350]  Tuned to 76
[2016-11-16 14:44:46.450]  Tuned to 77
[2016-11-16 14:44:46.551]  Tuned to 78
[2016-11-16 14:44:46.651]  Tuned to 79
[2016-11-16 14:44:46.751]  Tuned to 80
[2016-11-16 14:44:46.852]  Tuned to 81
[2016-11-16 14:44:46.952]  Tuned to 82
[2016-11-16 14:44:47.052]  Tuned to 83
[2016-11-16 14:44:47.153]  Tuned to 2
[2016-11-16 14:44:47.253]  Tuned to 3
[2016-11-16 14:44:47.353]  Tuned to 4
[2016-11-16 14:44:47.454]  Tuned to 5
[2016-11-16 14:44:47.554]  Tuned to 6
[2016-11-16 14:44:47.654]  Tuned to 7
[2016-11-16 14:44:47.754]  Tuned to 8
[2016-11-16 14:44:47.855]  Tuned to 9
[2016-11-16 14:44:47.955]  Tuned to 10
[2016-11-16 14:44:48.055]  Tuned to 11
[2016-11-16 14:44:48.156]  Tuned to 12
[2016-11-16 14:44:48.256]  Tuned to 13
[2016-11-16 14:44:48.356]  Tuned to 14
[2016-11-16 14:44:48.457]  Tuned to 15
[2016-11-16 14:44:48.557]  Tuned to 16
[2016-11-16 14:44:48.657]  Tuned to 17
[2016-11-16 14:44:48.758]  Tuned to 18
[2016-11-16 14:44:48.858]  Tuned to 19
[2016-11-16 14:44:48.958]  Tuned to 20
[2016-11-16 14:44:49.058]  Tuned to 21
[2016-11-16 14:44:49.160]  Tuned to 22
[2016-11-16 14:44:49.260]  Tuned to 23
[2016-11-16 14:44:49.361]  Tuned to 24
[2016-11-16 14:44:49.461]  Tuned to 25
[2016-11-16 14:44:49.561]  Tuned to 26
[2016-11-16 14:44:49.662]  Tuned to 27
[2016-11-16 14:44:49.762]  Tuned to 28
[2016-11-16 14:44:49.862]  Tuned to 29
[2016-11-16 14:44:49.962]  Tuned to 30
[2016-11-16 14:44:50.063]  Tuned to 31
[2016-11-16 14:44:50.163]  Tuned to 32
[2016-11-16 14:44:50.263]  Tuned to 33
[2016-11-16 14:44:50.364]  Tuned to 34
[2016-11-16 14:44:50.464]  Tuned to 35
[2016-11-16 14:44:50.564]  Tuned to 36
[2016-11-16 14:44:50.665]  Tuned to 37
[2016-11-16 14:44:50.765]  Tuned to 38
[2016-11-16 14:44:50.865]  Tuned to 39
[2016-11-16 14:44:50.966]  Tuned to 40
[2016-11-16 14:44:51.066]  Tuned to 41
[2016-11-16 14:44:51.166]  Tuned to 42
[2016-11-16 14:44:51.267]  Tuned to 43
[2016-11-16 14:44:51.367]  Tuned to 44
[2016-11-16 14:44:51.468]  Tuned to 45
[2016-11-16 14:44:51.568]  Tuned to 46
[2016-11-16 14:44:51.669]  Tuned to 47
[2016-11-16 14:44:51.769]  Tuned to 48
[2016-11-16 14:44:51.869]  Tuned to 49
[2016-11-16 14:44:51.971]  Tuned to 50
[2016-11-16 14:44:52.071]  Tuned to 51
[2016-11-16 14:44:52.171]  Tuned to 52
[2016-11-16 14:44:52.272]  Tuned to 53
[2016-11-16 14:44:52.372]  Tuned to 54
[2016-11-16 14:44:52.472]  Tuned to 55
[2016-11-16 14:44:52.572]  Tuned to 56
[2016-11-16 14:44:52.673]  Tuned to 57
[2016-11-16 14:44:52.775]  Tuned to 58
[2016-11-16 14:44:52.875]  Tuned to 59
[2016-11-16 14:44:52.976]  Tuned to 60
[2016-11-16 14:44:53.076]  Tuned to 61
[2016-11-16 14:44:53.176]  Tuned to 62
[2016-11-16 14:44:53.277]  Tuned to 63
[2016-11-16 14:44:53.377]  Tuned to 64
[2016-11-16 14:44:53.477]  Tuned to 65
[2016-11-16 14:44:53.578]  Tuned to 66
[2016-11-16 14:44:53.678]  Tuned to 67
[2016-11-16 14:44:53.778]  Tuned to 68
[2016-11-16 14:44:53.879]  Tuned to 69
[2016-11-16 14:44:53.979]  Tuned to 70
[2016-11-16 14:44:54.079]  Tuned to 71
[2016-11-16 14:44:54.180]  Tuned to 72
[2016-11-16 14:44:54.280]  Tuned to 73
[2016-11-16 14:44:54.381]  Tuned to 74
[2016-11-16 14:44:54.481]  Tuned to 75
[2016-11-16 14:44:54.581]  Tuned to 76
[2016-11-16 14:44:54.682]  Tuned to 77
[2016-11-16 14:44:54.782]  Tuned to 78
[2016-11-16 14:44:54.882]  Tuned to 79
[2016-11-16 14:44:54.983]  Tuned to 80
[2016-11-16 14:44:55.084]  Tuned to 81
[2016-11-16 14:44:55.185]  Tuned to 82
[2016-11-16 14:44:55.285]  Tuned to 83
[2016-11-16 14:44:55.385]  Tuned to 2
[2016-11-16 14:44:55.486]  Tuned to 3
[2016-11-16 14:44:55.586]  Tuned to 4
[2016-11-16 14:44:55.686]  Tuned to 5
[2016-11-16 14:44:55.786]  Tuned to 6
[2016-11-16 14:44:55.887]  Tuned to 7
[2016-11-16 14:44:55.987]  Tuned to 8
[2016-11-16 14:44:56.087]  Tuned to 9
[2016-11-16 14:44:56.188]  Tuned to 10
[2016-11-16 14:44:56.288]  Tuned to 11
[2016-11-16 14:44:56.390]  Tuned to 12
[2016-11-16 14:44:56.490]  Tuned to 13
[2016-11-16 14:44:56.590]  Tuned to 14
[2016-11-16 14:44:56.691]  Tuned to 15
[2016-11-16 14:44:56.791]  Tuned to 16
[2016-11-16 14:44:56.891]  Tuned to 17
[2016-11-16 14:44:56.992]  Tuned to 18
[2016-11-16 14:44:57.092]  Tuned to 19
[2016-11-16 14:44:57.192]  Tuned to 20
[2016-11-16 14:44:57.293]  Tuned to 21
[2016-11-16 14:44:57.393]  Tuned to 22
[2016-11-16 14:44:57.493]  Tuned to 23
[2016-11-16 14:44:57.594]  Tuned to 24
[2016-11-16 14:44:57.695]  Tuned to 25
[2016-11-16 14:44:57.795]  Tuned to 26
[2016-11-16 14:44:57.895]  Tuned to 27
[2016-11-16 14:44:57.996]  Tuned to 28
[2016-11-16 14:44:58.096]  Tuned to 29
[2016-11-16 14:44:58.196]  Tuned to 30
[2016-11-16 14:44:58.297]  Tuned to 31
[2016-11-16 14:44:58.397]  Tuned to 32
[2016-11-16 14:44:58.497]  Tuned to 33
[2016-11-16 14:44:58.599]  Tuned to 34
[2016-11-16 14:44:58.699]  Tuned to 35
[2016-11-16 14:44:58.799]  Tuned to 36
[2016-11-16 14:44:58.900]  Tuned to 37
[2016-11-16 14:44:59.000]  Tuned to 38
[2016-11-16 14:44:59.100]  Tuned to 39
[2016-11-16 14:44:59.200]  Tuned to 40
[2016-11-16 14:44:59.301]  Tuned to 41
[2016-11-16 14:44:59.401]  Tuned to 42
[2016-11-16 14:44:59.504]  Tuned to 43
[2016-11-16 14:44:59.605]  Tuned to 44
[2016-11-16 14:44:59.706]  Tuned to 45
[2016-11-16 14:44:59.806]  Tuned to 46
[2016-11-16 14:44:59.907]  Tuned to 47
[2016-11-16 14:45:00.007]  Tuned to 48
[2016-11-16 14:45:00.107]  Tuned to 49
[2016-11-16 14:45:00.208]  Tuned to 50
[2016-11-16 14:45:00.308]  Tuned to 51
[2016-11-16 14:45:00.408]  Tuned to 52
[2016-11-16 14:45:00.509]  Tuned to 53
[2016-11-16 14:45:00.609]  Tuned to 54
[2016-11-16 14:45:00.709]  Tuned to 55
[2016-11-16 14:45:00.809]  Tuned to 56
[2016-11-16 14:45:00.910]  Tuned to 57
[2016-11-16 14:45:01.010]  Tuned to 58
[2016-11-16 14:45:01.110]  Tuned to 59
[2016-11-16 14:45:01.211]  Tuned to 60
[2016-11-16 14:45:01.311]  Tuned to 61
[2016-11-16 14:45:01.411]  Tuned to 62
[2016-11-16 14:45:01.512]  Tuned to 63
[2016-11-16 14:45:01.612]  Tuned to 64
[2016-11-16 14:45:01.712]  Tuned to 65
[2016-11-16 14:45:01.813]  Tuned to 66
[2016-11-16 14:45:01.913]  Tuned to 67
[2016-11-16 14:45:02.013]  Tuned to 68
[2016-11-16 14:45:02.114]  Tuned to 69
[2016-11-16 14:45:02.214]  Tuned to 70
[2016-11-16 14:45:02.314]  Tuned to 71
[2016-11-16 14:45:02.415]  Tuned to 72
[2016-11-16 14:45:02.515]  Tuned to 73
[2016-11-16 14:45:02.615]  Tuned to 74
[2016-11-16 14:45:02.716]  Tuned to 75
[2016-11-16 14:45:02.816]  Tuned to 76
[2016-11-16 14:45:02.916]  Tuned to 77
[2016-11-16 14:45:03.016]  Tuned to 78
[2016-11-16 14:45:03.117]  Tuned to 79
[2016-11-16 14:45:03.217]  Tuned to 80
[2016-11-16 14:45:03.317]  Tuned to 81
[2016-11-16 14:45:03.418]  Tuned to 82
[2016-11-16 14:45:03.518]  Tuned to 83
[2016-11-16 14:45:03.618]  Tuned to 2
[2016-11-16 14:45:03.719]  Tuned to 3
[2016-11-16 14:45:03.819]  Tuned to 4
[2016-11-16 14:45:03.919]  Tuned to 5
[2016-11-16 14:45:04.020]  Tuned to 6
[2016-11-16 14:45:04.120]  Tuned to 7
[2016-11-16 14:45:04.220]  Tuned to 8
[2016-11-16 14:45:04.320]  Tuned to 9
[2016-11-16 14:45:04.421]  Tuned to 10
[2016-11-16 14:45:04.521]  Tuned to 11
[2016-11-16 14:45:04.621]  Tuned to 12
[2016-11-16 14:45:04.723]  Tuned to 13
[2016-11-16 14:45:04.823]  Tuned to 14
[2016-11-16 14:45:04.924]  Tuned to 15
[2016-11-16 14:45:05.024]  Tuned to 16
[2016-11-16 14:45:05.124]  Tuned to 17
[2016-11-16 14:45:05.224]  Tuned to 18
[2016-11-16 14:45:05.325]  Tuned to 19
[2016-11-16 14:45:05.425]  Tuned to 20
[2016-11-16 14:45:05.525]  Tuned to 21
[2016-11-16 14:45:05.626]  Tuned to 22
[2016-11-16 14:45:05.726]  Tuned to 23
[2016-11-16 14:45:05.826]  Tuned to 24
[2016-11-16 14:45:05.927]  Tuned to 25
[2016-11-16 14:45:06.027]  Tuned to 26
[2016-11-16 14:45:06.127]  Tuned to 27
[2016-11-16 14:45:06.228]  Tuned to 28
[2016-11-16 14:45:06.328]  Tuned to 29
[2016-11-16 14:45:06.428]  Tuned to 30
[2016-11-16 14:45:06.529]  Tuned to 31
[2016-11-16 14:45:06.629]  Tuned to 32
[2016-11-16 14:45:06.729]  Tuned to 33
[2016-11-16 14:45:06.829]  Tuned to 34
[2016-11-16 14:45:06.930]  Tuned to 35
[2016-11-16 14:45:07.030]  Tuned to 36
[2016-11-16 14:45:07.130]  Tuned to 37
[2016-11-16 14:45:07.231]  Tuned to 38
[2016-11-16 14:45:07.331]  Tuned to 39
[2016-11-16 14:45:07.431]  Tuned to 40
[2016-11-16 14:45:07.532]  Tuned to 41
[2016-11-16 14:45:07.632]  Tuned to 42
[2016-11-16 14:45:07.733]  Tuned to 43
[2016-11-16 14:45:07.833]  Tuned to 44
[2016-11-16 14:45:07.934]  Tuned to 45
[2016-11-16 14:45:08.034]  Tuned to 46
[2016-11-16 14:45:08.134]  Tuned to 47
[2016-11-16 14:45:08.234]  Tuned to 48
[2016-11-16 14:45:08.335]  Tuned to 49
[2016-11-16 14:45:08.435]  Tuned to 50
[2016-11-16 14:45:08.535]  Tuned to 51
[2016-11-16 14:45:08.636]  Tuned to 52
[2016-11-16 14:45:08.736]  Tuned to 53
[2016-11-16 14:45:08.836]  Tuned to 54
[2016-11-16 14:45:08.937]  Tuned to 55
[2016-11-16 14:45:09.037]  Tuned to 56
[2016-11-16 14:45:09.137]  Tuned to 57
[2016-11-16 14:45:09.238]  Tuned to 58
[2016-11-16 14:45:09.339]  Tuned to 59
[2016-11-16 14:45:09.440]  Tuned to 60
[2016-11-16 14:45:09.540]  Tuned to 61
[2016-11-16 14:45:09.640]  Tuned to 62
[2016-11-16 14:45:09.740]  Tuned to 63
[2016-11-16 14:45:09.841]  Tuned to 64
[2016-11-16 14:45:09.941]  Tuned to 65
[2016-11-16 14:45:10.041]  Tuned to 66
[2016-11-16 14:45:10.142]  Tuned to 67
[2016-11-16 14:45:10.242]  Tuned to 68
[2016-11-16 14:45:10.342]  Tuned to 69
[2016-11-16 14:45:10.443]  Tuned to 70
[2016-11-16 14:45:10.543]  Tuned to 71
[2016-11-16 14:45:10.643]  Tuned to 72
[2016-11-16 14:45:10.743]  Tuned to 73
[2016-11-16 14:45:10.844]  Tuned to 74
[2016-11-16 14:45:10.944]  Tuned to 75
[2016-11-16 14:45:11.044]  Tuned to 76
[2016-11-16 14:45:11.145]  Tuned to 77
[2016-11-16 14:45:11.245]  Tuned to 78
[2016-11-16 14:45:11.345]  Tuned to 79
[2016-11-16 14:45:11.446]  Tuned to 80
[2016-11-16 14:45:11.546]  Tuned to 81
[2016-11-16 14:45:11.646]  Tuned to 82
[2016-11-16 14:45:11.748]  Tuned to 83
[2016-11-16 14:45:11.848]  Tuned to 2
[2016-11-16 14:45:11.949]  Tuned to 3
[2016-11-16 14:45:12.049]  Tuned to 4
[2016-11-16 14:45:12.150]  Tuned to 5
[2016-11-16 14:45:12.250]  Tuned to 6
[2016-11-16 14:45:12.351]  Tuned to 7
[2016-11-16 14:45:12.451]  Tuned to 8
[2016-11-16 14:45:12.551]  Tuned to 9
[2016-11-16 14:45:12.652]  Tuned to 10
[2016-11-16 14:45:12.752]  Tuned to 11
[2016-11-16 14:45:12.852]  Tuned to 12
[2016-11-16 14:45:12.953]  Tuned to 13
[2016-11-16 14:45:13.053]  Tuned to 14
[2016-11-16 14:45:13.153]  Tuned to 15
[2016-11-16 14:45:13.254]  Tuned to 16
[2016-11-16 14:45:13.354]  Tuned to 17
[2016-11-16 14:45:13.454]  Tuned to 18
[2016-11-16 14:45:13.554]  Tuned to 19
[2016-11-16 14:45:13.655]  Tuned to 20
[2016-11-16 14:45:13.755]  Tuned to 21
[2016-11-16 14:45:13.855]  Tuned to 22
[2016-11-16 14:45:13.956]  Tuned to 23
[2016-11-16 14:45:14.056]  Tuned to 24
[2016-11-16 14:45:14.156]  Tuned to 25
[2016-11-16 14:45:14.257]  Tuned to 26
[2016-11-16 14:45:14.357]  Tuned to 27
[2016-11-16 14:45:14.457]  Tuned to 28
[2016-11-16 14:45:14.557]  Tuned to 29
[2016-11-16 14:45:14.658]  Tuned to 30
[2016-11-16 14:45:14.758]  Tuned to 31
[2016-11-16 14:45:14.858]  Tuned to 32
[2016-11-16 14:45:14.958]  Tuned to 33
[2016-11-16 14:45:15.059]  Tuned to 34
[2016-11-16 14:45:15.159]  Tuned to 35
[2016-11-16 14:45:15.259]  Tuned to 36
[2016-11-16 14:45:15.360]  Tuned to 37
[2016-11-16 14:45:15.460]  Tuned to 38
[2016-11-16 14:45:15.560]  Tuned to 39
[2016-11-16 14:45:15.661]  Tuned to 40
[2016-11-16 14:45:15.761]  Tuned to 41
[2016-11-16 14:45:15.861]  Tuned to 42
[2016-11-16 14:45:15.962]  Tuned to 43
[2016-11-16 14:45:16.062]  Tuned to 44
[2016-11-16 14:45:16.162]  Tuned to 45
[2016-11-16 14:45:16.263]  Tuned to 46
[2016-11-16 14:45:16.363]  Tuned to 47
[2016-11-16 14:45:16.463]  Tuned to 48
[2016-11-16 14:45:16.564]  Tuned to 49
[2016-11-16 14:45:16.664]  Tuned to 50
[2016-11-16 14:45:16.764]  Tuned to 51
[2016-11-16 14:45:16.865]  Tuned to 52
[2016-11-16 14:45:16.965]  Tuned to 53
[2016-11-16 14:45:17.065]  Tuned to 54
[2016-11-16 14:45:17.168]  Tuned to 55
[2016-11-16 14:45:17.268]  Tuned to 56
[2016-11-16 14:45:17.368]  Tuned to 57
[2016-11-16 14:45:17.469]  Tuned to 58
[2016-11-16 14:45:17.569]  Tuned to 59
[2016-11-16 14:45:17.669]  Tuned to 60
[2016-11-16 14:45:17.770]  Tuned to 61
[2016-11-16 14:45:17.870]  Tuned to 62
[2016-11-16 14:45:17.970]  Tuned to 63
[2016-11-16 14:45:18.071]  Tuned to 64
[2016-11-16 14:45:18.171]  Tuned to 65
[2016-11-16 14:45:18.271]  Tuned to 66
[2016-11-16 14:45:18.371]  Tuned to 67
[2016-11-16 14:45:18.472]  Tuned to 68
[2016-11-16 14:45:18.572]  Tuned to 69
[2016-11-16 14:45:18.672]  Tuned to 70
[2016-11-16 14:45:18.773]  Tuned to 71
[2016-11-16 14:45:18.874]  Tuned to 72
[2016-11-16 14:45:18.974]  Tuned to 73
[2016-11-16 14:45:19.075]  Tuned to 74
[2016-11-16 14:45:19.175]  Tuned to 75
[2016-11-16 14:45:19.275]  Tuned to 76
[2016-11-16 14:45:19.376]  Tuned to 77
[2016-11-16 14:45:19.476]  Tuned to 78
[2016-11-16 14:45:19.576]  Tuned to 79
[2016-11-16 14:45:19.678]  Tuned to 80
[2016-11-16 14:45:19.779]  Tuned to 81
[2016-11-16 14:45:19.880]  Tuned to 82
[2016-11-16 14:45:19.980]  Tuned to 83
[2016-11-16 14:45:20.080]  Tuned to 2
[2016-11-16 14:45:20.181]  Tuned to 3
[2016-11-16 14:45:20.281]  Tuned to 4
[2016-11-16 14:45:20.381]  Tuned to 5
[2016-11-16 14:45:20.482]  Tuned to 6
[2016-11-16 14:45:20.582]  Tuned to 7
[2016-11-16 14:45:20.682]  Tuned to 8
[2016-11-16 14:45:20.783]  Tuned to 9
[2016-11-16 14:45:20.883]  Tuned to 10
[2016-11-16 14:45:20.983]  Tuned to 11
[2016-11-16 14:45:21.084]  Tuned to 12
[2016-11-16 14:45:21.184]  Tuned to 13
[2016-11-16 14:45:21.284]  Tuned to 14
[2016-11-16 14:45:21.384]  Tuned to 15
[2016-11-16 14:45:21.485]  Tuned to 16
[2016-11-16 14:45:21.585]  Tuned to 17
[2016-11-16 14:45:21.685]  Tuned to 18
[2016-11-16 14:45:21.786]  Tuned to 19
[2016-11-16 14:45:21.886]  Tuned to 20
[2016-11-16 14:45:21.986]  Tuned to 21
[2016-11-16 14:45:22.087]  Tuned to 22
[2016-11-16 14:45:22.187]  Tuned to 23
[2016-11-16 14:45:22.287]  Tuned to 24
[2016-11-16 14:45:22.387]  Tuned to 25
[2016-11-16 14:45:22.490]  Tuned to 26
[2016-11-16 14:45:22.590]  Tuned to 27
[2016-11-16 14:45:22.691]  Tuned to 28
[2016-11-16 14:45:22.791]  Tuned to 29
[2016-11-16 14:45:22.891]  Tuned to 30
[2016-11-16 14:45:22.992]  Tuned to 31
[2016-11-16 14:45:23.092]  Tuned to 32
[2016-11-16 14:45:23.192]  Tuned to 33
[2016-11-16 14:45:23.293]  Tuned to 34
[2016-11-16 14:45:23.393]  Tuned to 35
[2016-11-16 14:45:23.493]  Tuned to 36
[2016-11-16 14:45:23.593]  Tuned to 37
[2016-11-16 14:45:23.695]  Tuned to 38
[2016-11-16 14:45:23.795]  Tuned to 39
[2016-11-16 14:45:23.896]  Tuned to 40
[2016-11-16 14:45:23.996]  Tuned to 41
[2016-11-16 14:45:24.096]  Tuned to 42
[2016-11-16 14:45:24.196]  Tuned to 43
[2016-11-16 14:45:24.297]  Tuned to 44
[2016-11-16 14:45:24.397]  Tuned to 45
[2016-11-16 14:45:24.497]  Tuned to 46
[2016-11-16 14:45:24.598]  Tuned to 47
[2016-11-16 14:45:24.698]  Tuned to 48
[2016-11-16 14:45:24.798]  Tuned to 49
[2016-11-16 14:45:24.899]  Tuned to 50
[2016-11-16 14:45:25.000]  Tuned to 51
[2016-11-16 14:45:25.101]  Tuned to 52
[2016-11-16 14:45:25.201]  Tuned to 53
[2016-11-16 14:45:25.301]  Tuned to 54
[2016-11-16 14:45:25.401]  Tuned to 55
[2016-11-16 14:45:25.502]  Tuned to 56
[2016-11-16 14:45:25.602]  Tuned to 57
[2016-11-16 14:45:25.703]  Tuned to 58
[2016-11-16 14:45:25.803]  Tuned to 59
[2016-11-16 14:45:25.903]  Tuned to 60
[2016-11-16 14:45:26.004]  Tuned to 61
[2016-11-16 14:45:26.104]  Tuned to 62
[2016-11-16 14:45:26.204]  Tuned to 63
[2016-11-16 14:45:26.305]  Tuned to 64
[2016-11-16 14:45:26.408]  Tuned to 65
[2016-11-16 14:45:26.508]  Tuned to 66
[2016-11-16 14:45:26.609]  Tuned to 67
[2016-11-16 14:45:26.709]  Tuned to 68
[2016-11-16 14:45:26.809]  Tuned to 69
[2016-11-16 14:45:26.910]  Tuned to 70
[2016-11-16 14:45:27.010]  Tuned to 71
[2016-11-16 14:45:27.110]  Tuned to 72
[2016-11-16 14:45:27.210]  Tuned to 73
[2016-11-16 14:45:27.311]  Tuned to 74
[2016-11-16 14:45:27.411]  Tuned to 75
[2016-11-16 14:45:27.511]  Tuned to 76
[2016-11-16 14:45:27.612]  Tuned to 77
[2016-11-16 14:45:27.712]  Tuned to 78
[2016-11-16 14:45:27.812]  Tuned to 79
[2016-11-16 14:45:27.913]  Tuned to 80
[2016-11-16 14:45:28.014]  Tuned to 81
[2016-11-16 14:45:28.115]  Tuned to 82
[2016-11-16 14:45:28.216]  Tuned to 83
[2016-11-16 14:45:28.316]  Tuned to 2
[2016-11-16 14:45:28.416]  Tuned to 3
[2016-11-16 14:45:28.517]  Tuned to 4
[2016-11-16 14:45:28.617]  Tuned to 5
[2016-11-16 14:45:28.717]  Tuned to 6
[2016-11-16 14:45:28.818]  Tuned to 7
[2016-11-16 14:45:28.918]  Tuned to 8
[2016-11-16 14:45:29.018]  Tuned to 9
[2016-11-16 14:45:29.119]  Tuned to 10
[2016-11-16 14:45:29.219]  Tuned to 11
[2016-11-16 14:45:29.319]  Tuned to 12
[2016-11-16 14:45:29.420]  Tuned to 13
[2016-11-16 14:45:29.520]  Tuned to 14
[2016-11-16 14:45:29.620]  Tuned to 15
[2016-11-16 14:45:29.721]  Tuned to 16
[2016-11-16 14:45:29.821]  Tuned to 17
[2016-11-16 14:45:29.921]  Tuned to 18
[2016-11-16 14:45:30.022]  Tuned to 19
[2016-11-16 14:45:30.122]  Tuned to 20
[2016-11-16 14:45:30.222]  Tuned to 21
[2016-11-16 14:45:30.323]  Tuned to 22
[2016-11-16 14:45:30.423]  Tuned to 23
[2016-11-16 14:45:30.523]  Tuned to 24
[2016-11-16 14:45:30.623]  Tuned to 25
[2016-11-16 14:45:30.724]  Tuned to 26
[2016-11-16 14:45:30.824]  Tuned to 27
[2016-11-16 14:45:30.924]  Tuned to 28
[2016-11-16 14:45:31.025]  Tuned to 29
[2016-11-16 14:45:31.125]  Tuned to 30
[2016-11-16 14:45:31.225]  Tuned to 31
[2016-11-16 14:45:31.326]  Tuned to 32
[2016-11-16 14:45:31.426]  Tuned to 33
[2016-11-16 14:45:31.526]  Tuned to 34
[2016-11-16 14:45:31.628]  Tuned to 35
[2016-11-16 14:45:31.729]  Tuned to 36
[2016-11-16 14:45:31.830]  Tuned to 37
[2016-11-16 14:45:31.930]  Tuned to 38
[2016-11-16 14:45:32.030]  Tuned to 39
[2016-11-16 14:45:32.131]  Tuned to 40
[2016-11-16 14:45:32.231]  Tuned to 41
[2016-11-16 14:45:32.331]  Tuned to 42
[2016-11-16 14:45:32.431]  Tuned to 43
[2016-11-16 14:45:32.532]  Tuned to 44
[2016-11-16 14:45:32.632]  Tuned to 45
[2016-11-16 14:45:32.732]  Tuned to 46
[2016-11-16 14:45:32.833]  Tuned to 47
[2016-11-16 14:45:32.933]  Tuned to 48
[2016-11-16 14:45:33.033]  Tuned to 49
[2016-11-16 14:45:33.134]  Tuned to 50
[2016-11-16 14:45:33.234]  Tuned to 51
[2016-11-16 14:45:33.334]  Tuned to 52
[2016-11-16 14:45:33.435]  Tuned to 53
[2016-11-16 14:45:33.535]  Tuned to 54
[2016-11-16 14:45:33.635]  Tuned to 55
[2016-11-16 14:45:33.736]  Tuned to 56
[2016-11-16 14:45:33.836]  Tuned to 57
[2016-11-16 14:45:33.936]  Tuned to 58
[2016-11-16 14:45:34.037]  Tuned to 59
[2016-11-16 14:45:34.138]  Tuned to 60
[2016-11-16 14:45:34.238]  Tuned to 61
[2016-11-16 14:45:34.338]  Tuned to 62
[2016-11-16 14:45:34.439]  Tuned to 63
[2016-11-16 14:45:34.539]  Tuned to 64
[2016-11-16 14:45:34.639]  Tuned to 65
[2016-11-16 14:45:34.740]  Tuned to 66
[2016-11-16 14:45:34.840]  Tuned to 67
[2016-11-16 14:45:34.940]  Tuned to 68
[2016-11-16 14:45:35.041]  Tuned to 69
[2016-11-16 14:45:35.142]  Tuned to 70
[2016-11-16 14:45:35.242]  Tuned to 71
[2016-11-16 14:45:35.342]  Tuned to 72
[2016-11-16 14:45:35.443]  Tuned to 73
[2016-11-16 14:45:35.543]  Tuned to 74
[2016-11-16 14:45:35.643]  Tuned to 75
[2016-11-16 14:45:35.744]  Tuned to 76
[2016-11-16 14:45:35.844]  Tuned to 77
[2016-11-16 14:45:35.944]  Tuned to 78
[2016-11-16 14:45:36.044]  Tuned to 79
[2016-11-16 14:45:36.145]  Tuned to 80
[2016-11-16 14:45:36.245]  Tuned to 81
[2016-11-16 14:45:36.345]  Tuned to 82
[2016-11-16 14:45:36.446]  Tuned to 83
[2016-11-16 14:45:36.546]  Tuned to 2
[2016-11-16 14:45:36.646]  Tuned to 3
[2016-11-16 14:45:36.747]  Tuned to 4
[2016-11-16 14:45:36.847]  Tuned to 5
[2016-11-16 14:45:36.947]  Tuned to 6
[2016-11-16 14:45:37.048]  Tuned to 7
[2016-11-16 14:45:37.148]  Tuned to 8
[2016-11-16 14:45:37.248]  Tuned to 9
[2016-11-16 14:45:37.349]  Tuned to 10
[2016-11-16 14:45:37.449]  Tuned to 11
[2016-11-16 14:45:37.549]  Tuned to 12
[2016-11-16 14:45:37.650]  Tuned to 13
[2016-11-16 14:45:37.750]  Tuned to 14
[2016-11-16 14:45:37.850]  Tuned to 15
[2016-11-16 14:45:37.950]  Tuned to 16
[2016-11-16 14:45:38.051]  Tuned to 17
[2016-11-16 14:45:38.151]  Tuned to 18
[2016-11-16 14:45:38.251]  Tuned to 19
[2016-11-16 14:45:38.352]  Tuned to 20
[2016-11-16 14:45:38.452]  Tuned to 21
[2016-11-16 14:45:38.552]  Tuned to 22
[2016-11-16 14:45:38.654]  Tuned to 23
[2016-11-16 14:45:38.754]  Tuned to 24
[2016-11-16 14:45:38.854]  Tuned to 25
[2016-11-16 14:45:38.954]  Tuned to 26
[2016-11-16 14:45:39.055]  Tuned to 27
[2016-11-16 14:45:39.155]  Tuned to 28
[2016-11-16 14:45:39.255]  Tuned to 29
[2016-11-16 14:45:39.356]  Tuned to 30
[2016-11-16 14:45:39.456]  Tuned to 31
[2016-11-16 14:45:39.556]  Tuned to 32
[2016-11-16 14:45:39.656]  Tuned to 33
[2016-11-16 14:45:39.757]  Tuned to 34
[2016-11-16 14:45:39.857]  Tuned to 35
[2016-11-16 14:45:39.957]  Tuned to 36
[2016-11-16 14:45:40.058]  Tuned to 37
[2016-11-16 14:45:40.158]  Tuned to 38
[2016-11-16 14:45:40.258]  Tuned to 39
[2016-11-16 14:45:40.358]  Tuned to 40
[2016-11-16 14:45:40.459]  Tuned to 41
[2016-11-16 14:45:40.559]  Tuned to 42
[2016-11-16 14:45:40.659]  Tuned to 43
[2016-11-16 14:45:40.760]  Tuned to 44
[2016-11-16 14:45:40.860]  Tuned to 45
[2016-11-16 14:45:40.960]  Tuned to 46
[2016-11-16 14:45:41.061]  Tuned to 47
[2016-11-16 14:45:41.161]  Tuned to 48
[2016-11-16 14:45:41.261]  Tuned to 49
[2016-11-16 14:45:41.362]  Tuned to 50
[2016-11-16 14:45:41.462]  Tuned to 51
[2016-11-16 14:45:41.562]  Tuned to 52
[2016-11-16 14:45:41.662]  Tuned to 53
[2016-11-16 14:45:41.763]  Tuned to 54
[2016-11-16 14:45:41.863]  Tuned to 55
[2016-11-16 14:45:41.963]  Tuned to 56
[2016-11-16 14:45:42.064]  Tuned to 57
[2016-11-16 14:45:42.164]  Tuned to 58
[2016-11-16 14:45:42.266]  Tuned to 59
[2016-11-16 14:45:42.366]  Tuned to 60
[2016-11-16 14:45:42.467]  Tuned to 61
[2016-11-16 14:45:42.567]  Tuned to 62
[2016-11-16 14:45:42.667]  Tuned to 63
[2016-11-16 14:45:42.768]  Tuned to 64
[2016-11-16 14:45:42.868]  Tuned to 65
[2016-11-16 14:45:42.968]  Tuned to 66
[2016-11-16 14:45:43.068]  Tuned to 67
[2016-11-16 14:45:43.169]  Tuned to 68
[2016-11-16 14:45:43.269]  Tuned to 69
[2016-11-16 14:45:43.369]  Tuned to 70
[2016-11-16 14:45:43.470]  Tuned to 71
[2016-11-16 14:45:43.570]  Tuned to 72
[2016-11-16 14:45:43.670]  Tuned to 73
[2016-11-16 14:45:43.770]  Tuned to 74
[2016-11-16 14:45:43.871]  Tuned to 75
[2016-11-16 14:45:43.971]  Tuned to 76
[2016-11-16 14:45:44.071]  Tuned to 77
[2016-11-16 14:45:44.172]  Tuned to 78
[2016-11-16 14:45:44.274]  Tuned to 79
[2016-11-16 14:45:44.375]  Tuned to 80
[2016-11-16 14:45:44.476]  Tuned to 81
[2016-11-16 14:45:44.578]  Tuned to 82
[2016-11-16 14:45:44.678]  Tuned to 83
[2016-11-16 14:45:44.779]  Tuned to 2
[2016-11-16 14:45:44.879]  Tuned to 3
[2016-11-16 14:45:44.979]  Tuned to 4
[2016-11-16 14:45:45.080]  Tuned to 5
[2016-11-16 14:45:45.180]  Tuned to 6
[2016-11-16 14:45:45.280]  Tuned to 7
[2016-11-16 14:45:45.381]  Tuned to 8
[2016-11-16 14:45:45.481]  Tuned to 9
[2016-11-16 14:45:45.581]  Tuned to 10
[2016-11-16 14:45:45.681]  Tuned to 11
[2016-11-16 14:45:45.782]  Tuned to 12
[2016-11-16 14:45:45.882]  Tuned to 13
[2016-11-16 14:45:45.982]  Tuned to 14
[2016-11-16 14:45:46.083]  Tuned to 15
[2016-11-16 14:45:46.183]  Tuned to 16
[2016-11-16 14:45:46.283]  Tuned to 17
[2016-11-16 14:45:46.384]  Tuned to 18
[2016-11-16 14:45:46.484]  Tuned to 19
[2016-11-16 14:45:46.584]  Tuned to 20
[2016-11-16 14:45:46.685]  Tuned to 21
[2016-11-16 14:45:46.785]  Tuned to 22
[2016-11-16 14:45:46.886]  Tuned to 23
[2016-11-16 14:45:46.986]  Tuned to 24
[2016-11-16 14:45:47.087]  Tuned to 25
[2016-11-16 14:45:47.187]  Tuned to 26
[2016-11-16 14:45:47.287]  Tuned to 27
[2016-11-16 14:45:47.387]  Tuned to 28
[2016-11-16 14:45:47.488]  Tuned to 29
[2016-11-16 14:45:47.588]  Tuned to 30
[2016-11-16 14:45:47.688]  Tuned to 31
[2016-11-16 14:45:47.789]  Tuned to 32
[2016-11-16 14:45:47.889]  Tuned to 33
[2016-11-16 14:45:47.989]  Tuned to 34
[2016-11-16 14:45:48.091]  Tuned to 35
[2016-11-16 14:45:48.193]  Tuned to 36
[2016-11-16 14:45:48.293]  Tuned to 37
[2016-11-16 14:45:48.394]  Tuned to 38
[2016-11-16 14:45:48.494]  Tuned to 39
[2016-11-16 14:45:48.595]  Tuned to 40
[2016-11-16 14:45:48.695]  Tuned to 41
[2016-11-16 14:45:48.795]  Tuned to 42
[2016-11-16 14:45:48.895]  Tuned to 43
[2016-11-16 14:45:48.996]  Tuned to 44
[2016-11-16 14:45:49.096]  Tuned to 45
[2016-11-16 14:45:49.196]  Tuned to 46
[2016-11-16 14:45:49.297]  Tuned to 47
[2016-11-16 14:45:49.397]  Tuned to 48
[2016-11-16 14:45:49.497]  Tuned to 49
[2016-11-16 14:45:49.598]  Tuned to 50
[2016-11-16 14:45:49.698]  Tuned to 51
[2016-11-16 14:45:49.798]  Tuned to 52
[2016-11-16 14:45:49.899]  Tuned to 53
[2016-11-16 14:45:49.999]  Tuned to 54
[2016-11-16 14:45:50.099]  Tuned to 55
[2016-11-16 14:45:50.199]  Tuned to 56
[2016-11-16 14:45:50.300]  Tuned to 57
[2016-11-16 14:45:50.400]  Tuned to 58
[2016-11-16 14:45:50.500]  Tuned to 59
[2016-11-16 14:45:50.601]  Tuned to 60
[2016-11-16 14:45:50.701]  Tuned to 61
[2016-11-16 14:45:50.801]  Tuned to 62
[2016-11-16 14:45:50.902]  Tuned to 63
[2016-11-16 14:45:51.002]  Tuned to 64
[2016-11-16 14:45:51.103]  Tuned to 65
[2016-11-16 14:45:51.203]  Tuned to 66
[2016-11-16 14:45:51.303]  Tuned to 67
[2016-11-16 14:45:51.404]  Tuned to 68
[2016-11-16 14:45:51.504]  Tuned to 69
[2016-11-16 14:45:51.604]  Tuned to 70
[2016-11-16 14:45:51.705]  Tuned to 71
[2016-11-16 14:45:51.805]  Tuned to 72
[2016-11-16 14:45:51.905]  Tuned to 73
[2016-11-16 14:45:52.005]  Tuned to 74
[2016-11-16 14:45:52.106]  Tuned to 75
[2016-11-16 14:45:52.206]  Tuned to 76
[2016-11-16 14:45:52.306]  Tuned to 77
[2016-11-16 14:45:52.407]  Tuned to 78
[2016-11-16 14:45:52.507]  Tuned to 79
[2016-11-16 14:45:52.607]  Tuned to 80
[2016-11-16 14:45:52.708]  Tuned to 81
[2016-11-16 14:45:52.808]  Tuned to 82
[2016-11-16 14:45:52.908]  Tuned to 83
[2016-11-16 14:45:53.009]  Tuned to 2
[2016-11-16 14:45:53.109]  Tuned to 3
[2016-11-16 14:45:53.209]  Tuned to 4
[2016-11-16 14:45:53.310]  Tuned to 5
[2016-11-16 14:45:53.410]  Tuned to 6
[2016-11-16 14:45:53.510]  Tuned to 7
[2016-11-16 14:45:53.610]  Tuned to 8
[2016-11-16 14:45:53.711]  Tuned to 9
[2016-11-16 14:45:53.811]  Tuned to 10
[2016-11-16 14:45:53.911]  Tuned to 11
[2016-11-16 14:45:54.012]  Tuned to 12
[2016-11-16 14:45:54.112]  Tuned to 13
[2016-11-16 14:45:54.212]  Tuned to 14
[2016-11-16 14:45:54.313]  Tuned to 15
[2016-11-16 14:45:54.413]  Tuned to 16
[2016-11-16 14:45:54.513]  Tuned to 17
[2016-11-16 14:45:54.614]  Tuned to 18
[2016-11-16 14:45:54.714]  Tuned to 19
[2016-11-16 14:45:54.814]  Tuned to 20
[2016-11-16 14:45:54.915]  Tuned to 21
[2016-11-16 14:45:55.015]  Tuned to 22
[2016-11-16 14:45:55.115]  Tuned to 23
[2016-11-16 14:45:55.216]  Tuned to 24
[2016-11-16 14:45:55.316]  Tuned to 25
[2016-11-16 14:45:55.416]  Tuned to 26
[2016-11-16 14:45:55.517]  Tuned to 27
[2016-11-16 14:45:55.617]  Tuned to 28
[2016-11-16 14:45:55.717]  Tuned to 29
[2016-11-16 14:45:55.818]  Tuned to 30
[2016-11-16 14:45:55.918]  Tuned to 31
[2016-11-16 14:45:56.018]  Tuned to 32
[2016-11-16 14:45:56.119]  Tuned to 33
[2016-11-16 14:45:56.219]  Tuned to 34
[2016-11-16 14:45:56.320]  Tuned to 35
[2016-11-16 14:45:56.420]  Tuned to 36
[2016-11-16 14:45:56.521]  Tuned to 37
[2016-11-16 14:45:56.621]  Tuned to 38
[2016-11-16 14:45:56.721]  Tuned to 39
[2016-11-16 14:45:56.822]  Tuned to 40
[2016-11-16 14:45:56.922]  Tuned to 41
[2016-11-16 14:45:57.022]  Tuned to 42
[2016-11-16 14:45:57.123]  Tuned to 43
[2016-11-16 14:45:57.223]  Tuned to 44
[2016-11-16 14:45:57.323]  Tuned to 45
[2016-11-16 14:45:57.425]  Tuned to 46
[2016-11-16 14:45:57.526]  Tuned to 47
[2016-11-16 14:45:57.626]  Tuned to 48
[2016-11-16 14:45:57.726]  Tuned to 49
[2016-11-16 14:45:57.827]  Tuned to 50
[2016-11-16 14:45:57.927]  Tuned to 51
[2016-11-16 14:45:58.027]  Tuned to 52
[2016-11-16 14:45:58.127]  Tuned to 53
[2016-11-16 14:45:58.228]  Tuned to 54
[2016-11-16 14:45:58.328]  Tuned to 55
[2016-11-16 14:45:58.429]  Tuned to 56
[2016-11-16 14:45:58.529]  Tuned to 57
[2016-11-16 14:45:58.629]  Tuned to 58
[2016-11-16 14:45:58.730]  Tuned to 59
[2016-11-16 14:45:58.830]  Tuned to 60
[2016-11-16 14:45:58.931]  Tuned to 61
[2016-11-16 14:45:59.031]  Tuned to 62
[2016-11-16 14:45:59.131]  Tuned to 63
[2016-11-16 14:45:59.232]  Tuned to 64
[2016-11-16 14:45:59.333]  Tuned to 65
[2016-11-16 14:45:59.435]  Tuned to 66
[2016-11-16 14:45:59.535]  Tuned to 67
[2016-11-16 14:45:59.635]  Tuned to 68
[2016-11-16 14:45:59.735]  Tuned to 69
[2016-11-16 14:45:59.836]  Tuned to 70
[2016-11-16 14:45:59.936]  Tuned to 71
[2016-11-16 14:46:00.037]  Tuned to 72
[2016-11-16 14:46:00.137]  Tuned to 73
[2016-11-16 14:46:00.237]  Tuned to 74
[2016-11-16 14:46:00.338]  Tuned to 75
[2016-11-16 14:46:00.438]  Tuned to 76
[2016-11-16 14:46:00.538]  Tuned to 77
[2016-11-16 14:46:00.638]  Tuned to 78
[2016-11-16 14:46:00.739]  Tuned to 79
[2016-11-16 14:46:00.839]  Tuned to 80
[2016-11-16 14:46:00.939]  Tuned to 81
[2016-11-16 14:46:01.040]  Tuned to 82
[2016-11-16 14:46:01.140]  Tuned to 83
[2016-11-16 14:46:01.240]  Tuned to 2
[2016-11-16 14:46:01.341]  Tuned to 3
[2016-11-16 14:46:01.441]  Tuned to 4
[2016-11-16 14:46:01.541]  Tuned to 5
[2016-11-16 14:46:01.642]  Tuned to 6
[2016-11-16 14:46:01.742]  Tuned to 7
[2016-11-16 14:46:01.843]  Tuned to 8
[2016-11-16 14:46:01.943]  Tuned to 9
[2016-11-16 14:46:02.043]  Tuned to 10
[2016-11-16 14:46:02.144]  Tuned to 11
[2016-11-16 14:46:02.244]  Tuned to 12
[2016-11-16 14:46:02.344]  Tuned to 13
[2016-11-16 14:46:02.444]  Tuned to 14
[2016-11-16 14:46:02.545]  Tuned to 15
[2016-11-16 14:46:02.645]  Tuned to 16
[2016-11-16 14:46:02.745]  Tuned to 17
[2016-11-16 14:46:02.846]  Tuned to 18
[2016-11-16 14:46:02.947]  Tuned to 19
[2016-11-16 14:46:03.048]  Tuned to 20
[2016-11-16 14:46:03.148]  Tuned to 21
[2016-11-16 14:46:03.248]  Tuned to 22
[2016-11-16 14:46:03.349]  Tuned to 23
[2016-11-16 14:46:03.449]  Tuned to 24
[2016-11-16 14:46:03.549]  Tuned to 25
[2016-11-16 14:46:03.650]  Tuned to 26
[2016-11-16 14:46:03.750]  Tuned to 27
[2016-11-16 14:46:03.850]  Tuned to 28
[2016-11-16 14:46:03.950]  Tuned to 29
[2016-11-16 14:46:04.051]  Tuned to 30
[2016-11-16 14:46:04.151]  Tuned to 31
[2016-11-16 14:46:04.251]  Tuned to 32
[2016-11-16 14:46:04.352]  Tuned to 33
[2016-11-16 14:46:04.452]  Tuned to 34
[2016-11-16 14:46:04.552]  Tuned to 35
[2016-11-16 14:46:04.653]  Tuned to 36
[2016-11-16 14:46:04.753]  Tuned to 37
[2016-11-16 14:46:04.853]  Tuned to 38
[2016-11-16 14:46:04.954]  Tuned to 39
[2016-11-16 14:46:05.054]  Tuned to 40
[2016-11-16 14:46:05.154]  Tuned to 41
[2016-11-16 14:46:05.254]  Tuned to 42
[2016-11-16 14:46:05.355]  Tuned to 43
[2016-11-16 14:46:05.456]  Tuned to 44
[2016-11-16 14:46:05.556]  Tuned to 45
[2016-11-16 14:46:05.657]  Tuned to 46
[2016-11-16 14:46:05.757]  Tuned to 47
[2016-11-16 14:46:05.857]  Tuned to 48
[2016-11-16 14:46:05.958]  Tuned to 49
[2016-11-16 14:46:06.058]  Tuned to 50
[2016-11-16 14:46:06.158]  Tuned to 51
[2016-11-16 14:46:06.259]  Tuned to 52
[2016-11-16 14:46:06.359]  Tuned to 53
[2016-11-16 14:46:06.459]  Tuned to 54
[2016-11-16 14:46:06.560]  Tuned to 55
[2016-11-16 14:46:06.661]  Tuned to 56
[2016-11-16 14:46:06.761]  Tuned to 57
[2016-11-16 14:46:06.862]  Tuned to 58
[2016-11-16 14:46:06.962]  Tuned to 59
[2016-11-16 14:46:07.062]  Tuned to 60
[2016-11-16 14:46:07.165]  Tuned to 61
[2016-11-16 14:46:07.265]  Tuned to 62
[2016-11-16 14:46:07.366]  Tuned to 63
[2016-11-16 14:46:07.466]  Tuned to 64
[2016-11-16 14:46:07.566]  Tuned to 65
[2016-11-16 14:46:07.667]  Tuned to 66
[2016-11-16 14:46:07.769]  Tuned to 67
[2016-11-16 14:46:07.869]  Tuned to 68
[2016-11-16 14:46:07.969]  Tuned to 69
[2016-11-16 14:46:08.070]  Tuned to 70
[2016-11-16 14:46:08.170]  Tuned to 71
[2016-11-16 14:46:08.270]  Tuned to 72
[2016-11-16 14:46:08.371]  Tuned to 73
[2016-11-16 14:46:08.471]  Tuned to 74
[2016-11-16 14:46:08.571]  Tuned to 75
[2016-11-16 14:46:08.672]  Tuned to 76
[2016-11-16 14:46:08.772]  Tuned to 77
[2016-11-16 14:46:08.872]  Tuned to 78
[2016-11-16 14:46:08.973]  Tuned to 79
[2016-11-16 14:46:09.073]  Tuned to 80
[2016-11-16 14:46:09.173]  Tuned to 81
[2016-11-16 14:46:09.274]  Tuned to 82
[2016-11-16 14:46:09.374]  Tuned to 83
[2016-11-16 14:46:09.474]  Tuned to 2
[2016-11-16 14:46:09.574]  Tuned to 3
[2016-11-16 14:46:09.675]  Tuned to 4
[2016-11-16 14:46:09.775]  Tuned to 5
[2016-11-16 14:46:09.875]  Tuned to 6
[2016-11-16 14:46:09.976]  Tuned to 7
[2016-11-16 14:46:10.076]  Tuned to 8
[2016-11-16 14:46:10.177]  Tuned to 9
[2016-11-16 14:46:10.277]  Tuned to 10
[2016-11-16 14:46:10.378]  Tuned to 11
[2016-11-16 14:46:10.478]  Tuned to 12
[2016-11-16 14:46:10.578]  Tuned to 13
[2016-11-16 14:46:10.679]  Tuned to 14
[2016-11-16 14:46:10.780]  Tuned to 15
[2016-11-16 14:46:10.880]  Tuned to 16
[2016-11-16 14:46:10.980]  Tuned to 17
[2016-11-16 14:46:11.081]  Tuned to 18
[2016-11-16 14:46:11.181]  Tuned to 19
[2016-11-16 14:46:11.281]  Tuned to 20
[2016-11-16 14:46:11.382]  Tuned to 21
[2016-11-16 14:46:11.482]  Tuned to 22
[2016-11-16 14:46:11.584]  Tuned to 23
[2016-11-16 14:46:11.684]  Tuned to 24
[2016-11-16 14:46:11.784]  Tuned to 25
[2016-11-16 14:46:11.885]  Tuned to 26
[2016-11-16 14:46:11.985]  Tuned to 27
[2016-11-16 14:46:12.085]  Tuned to 28
[2016-11-16 14:46:12.186]  Tuned to 29
[2016-11-16 14:46:12.287]  Tuned to 30
[2016-11-16 14:46:12.388]  Tuned to 31
[2016-11-16 14:46:12.488]  Tuned to 32
[2016-11-16 14:46:12.588]  Tuned to 33
[2016-11-16 14:46:12.689]  Tuned to 34
[2016-11-16 14:46:12.789]  Tuned to 35
[2016-11-16 14:46:12.889]  Tuned to 36
[2016-11-16 14:46:12.989]  Tuned to 37
[2016-11-16 14:46:13.091]  Tuned to 38
[2016-11-16 14:46:13.193]  Tuned to 39
[2016-11-16 14:46:13.293]  Tuned to 40
[2016-11-16 14:46:13.394]  Tuned to 41
[2016-11-16 14:46:13.494]  Tuned to 42
[2016-11-16 14:46:13.594]  Tuned to 43
[2016-11-16 14:46:13.695]  Tuned to 44
[2016-11-16 14:46:13.795]  Tuned to 45
[2016-11-16 14:46:13.895]  Tuned to 46
[2016-11-16 14:46:13.996]  Tuned to 47
[2016-11-16 14:46:14.096]  Tuned to 48
[2016-11-16 14:46:14.196]  Tuned to 49
[2016-11-16 14:46:14.297]  Tuned to 50
[2016-11-16 14:46:14.397]  Tuned to 51
[2016-11-16 14:46:14.498]  Tuned to 52
[2016-11-16 14:46:14.598]  Tuned to 53
[2016-11-16 14:46:14.698]  Tuned to 54
[2016-11-16 14:46:14.798]  Tuned to 55
[2016-11-16 14:46:14.899]  Tuned to 56
[2016-11-16 14:46:14.999]  Tuned to 57
[2016-11-16 14:46:15.099]  Tuned to 58
[2016-11-16 14:46:15.200]  Tuned to 59
[2016-11-16 14:46:15.300]  Tuned to 60
[2016-11-16 14:46:15.400]  Tuned to 61
[2016-11-16 14:46:15.501]  Tuned to 62
[2016-11-16 14:46:15.601]  Tuned to 63
[2016-11-16 14:46:15.701]  Tuned to 64
[2016-11-16 14:46:15.802]  Tuned to 65
[2016-11-16 14:46:15.902]  Tuned to 66
[2016-11-16 14:46:16.002]  Tuned to 67
[2016-11-16 14:46:16.103]  Tuned to 68
[2016-11-16 14:46:16.203]  Tuned to 69
[2016-11-16 14:46:16.303]  Tuned to 70
[2016-11-16 14:46:16.404]  Tuned to 71
[2016-11-16 14:46:16.504]  Tuned to 72
[2016-11-16 14:46:16.604]  Tuned to 73
[2016-11-16 14:46:16.704]  Tuned to 74
[2016-11-16 14:46:16.805]  Tuned to 75
[2016-11-16 14:46:16.905]  Tuned to 76
[2016-11-16 14:46:17.005]  Tuned to 77
[2016-11-16 14:46:17.106]  Tuned to 78
[2016-11-16 14:46:17.206]  Tuned to 79
[2016-11-16 14:46:17.307]  Tuned to 80
[2016-11-16 14:46:17.407]  Tuned to 81
[2016-11-16 14:46:17.507]  Tuned to 82
[2016-11-16 14:46:17.607]  Tuned to 83
[2016-11-16 14:46:17.708]  Tuned to 2
[2016-11-16 14:46:17.808]  Tuned to 3
[2016-11-16 14:46:17.908]  Tuned to 4
[2016-11-16 14:46:18.009]  Tuned to 5
[2016-11-16 14:46:18.109]  Tuned to 6
[2016-11-16 14:46:18.209]  Tuned to 7
[2016-11-16 14:46:18.310]  Tuned to 8
[2016-11-16 14:46:18.410]  Tuned to 9
[2016-11-16 14:46:18.510]  Tuned to 10
[2016-11-16 14:46:18.611]  Tuned to 11
[2016-11-16 14:46:18.711]  Tuned to 12
[2016-11-16 14:46:18.811]  Tuned to 13
[2016-11-16 14:46:18.912]  Tuned to 14
[2016-11-16 14:46:19.012]  Tuned to 15
[2016-11-16 14:46:19.112]  Tuned to 16
[2016-11-16 14:46:19.213]  Tuned to 17
[2016-11-16 14:46:19.313]  Tuned to 18
[2016-11-16 14:46:19.413]  Tuned to 19
[2016-11-16 14:46:19.513]  Tuned to 20
[2016-11-16 14:46:19.614]  Tuned to 21
[2016-11-16 14:46:19.714]  Tuned to 22
[2016-11-16 14:46:19.814]  Tuned to 23
[2016-11-16 14:46:19.915]  Tuned to 24
[2016-11-16 14:46:20.015]  Tuned to 25
[2016-11-16 14:46:20.115]  Tuned to 26
[2016-11-16 14:46:20.216]  Tuned to 27
[2016-11-16 14:46:20.316]  Tuned to 28
[2016-11-16 14:46:20.416]  Tuned to 29
[2016-11-16 14:46:20.516]  Tuned to 30
[2016-11-16 14:46:20.617]  Tuned to 31
[2016-11-16 14:46:20.717]  Tuned to 32
[2016-11-16 14:46:20.817]  Tuned to 33
[2016-11-16 14:46:20.918]  Tuned to 34
[2016-11-16 14:46:21.018]  Tuned to 35
[2016-11-16 14:46:21.118]  Tuned to 36
[2016-11-16 14:46:21.218]  Tuned to 37
[2016-11-16 14:46:21.319]  Tuned to 38
[2016-11-16 14:46:21.419]  Tuned to 39
[2016-11-16 14:46:21.519]  Tuned to 40
[2016-11-16 14:46:21.620]  Tuned to 41
[2016-11-16 14:46:21.721]  Tuned to 42
[2016-11-16 14:46:21.821]  Tuned to 43
[2016-11-16 14:46:21.922]  Tuned to 44
[2016-11-16 14:46:22.022]  Tuned to 45
[2016-11-16 14:46:22.122]  Tuned to 46
[2016-11-16 14:46:22.223]  Tuned to 47
[2016-11-16 14:46:22.323]  Tuned to 48
[2016-11-16 14:46:22.425]  Tuned to 49
[2016-11-16 14:46:22.525]  Tuned to 50
[2016-11-16 14:46:22.625]  Tuned to 51
[2016-11-16 14:46:22.726]  Tuned to 52
[2016-11-16 14:46:22.826]  Tuned to 53
[2016-11-16 14:46:22.926]  Tuned to 54
[2016-11-16 14:46:23.026]  Tuned to 55
[2016-11-16 14:46:23.127]  Tuned to 56
[2016-11-16 14:46:23.227]  Tuned to 57
[2016-11-16 14:46:23.328]  Tuned to 58
[2016-11-16 14:46:23.428]  Tuned to 59
[2016-11-16 14:46:23.528]  Tuned to 60
[2016-11-16 14:46:23.629]  Tuned to 61
[2016-11-16 14:46:23.729]  Tuned to 62
[2016-11-16 14:46:23.829]  Tuned to 63
[2016-11-16 14:46:23.929]  Tuned to 64
[2016-11-16 14:46:24.030]  Tuned to 65
[2016-11-16 14:46:24.130]  Tuned to 66
[2016-11-16 14:46:24.230]  Tuned to 67
[2016-11-16 14:46:24.331]  Tuned to 68
[2016-11-16 14:46:24.431]  Tuned to 69
[2016-11-16 14:46:24.531]  Tuned to 70
[2016-11-16 14:46:24.632]  Tuned to 71
[2016-11-16 14:46:24.732]  Tuned to 72
[2016-11-16 14:46:24.832]  Tuned to 73
[2016-11-16 14:46:24.933]  Tuned to 74
[2016-11-16 14:46:25.033]  Tuned to 75
[2016-11-16 14:46:25.133]  Tuned to 76
[2016-11-16 14:46:25.234]  Tuned to 77
[2016-11-16 14:46:25.334]  Tuned to 78
[2016-11-16 14:46:25.434]  Tuned to 79
[2016-11-16 14:46:25.534]  Tuned to 80
[2016-11-16 14:46:25.635]  Tuned to 81
[2016-11-16 14:46:25.735]  Tuned to 82
[2016-11-16 14:46:25.835]  Tuned to 83
[2016-11-16 14:46:25.936]  Tuned to 2
[2016-11-16 14:46:26.036]  Tuned to 3
[2016-11-16 14:46:26.136]  Tuned to 4
[2016-11-16 14:46:26.236]  Tuned to 5
[2016-11-16 14:46:26.337]  Tuned to 6
[2016-11-16 14:46:26.437]  Tuned to 7
[2016-11-16 14:46:26.537]  Tuned to 8
[2016-11-16 14:46:26.638]  Tuned to 9
[2016-11-16 14:46:26.738]  Tuned to 10
[2016-11-16 14:46:26.838]  Tuned to 11
[2016-11-16 14:46:26.939]  Tuned to 12
[2016-11-16 14:46:27.039]  Tuned to 13
[2016-11-16 14:46:27.139]  Tuned to 14
[2016-11-16 14:46:27.240]  Tuned to 15
[2016-11-16 14:46:27.340]  Tuned to 16
[2016-11-16 14:46:27.440]  Tuned to 17
[2016-11-16 14:46:27.542]  Tuned to 18
[2016-11-16 14:46:27.642]  Tuned to 19
[2016-11-16 14:46:27.743]  Tuned to 20
[2016-11-16 14:46:27.843]  Tuned to 21
[2016-11-16 14:46:27.943]  Tuned to 22
[2016-11-16 14:46:28.043]  Tuned to 23
[2016-11-16 14:46:28.144]  Tuned to 24
[2016-11-16 14:46:28.244]  Tuned to 25
[2016-11-16 14:46:28.344]  Tuned to 26
[2016-11-16 14:46:28.445]  Tuned to 27
[2016-11-16 14:46:28.545]  Tuned to 28
[2016-11-16 14:46:28.645]  Tuned to 29
[2016-11-16 14:46:28.746]  Tuned to 30
[2016-11-16 14:46:28.846]  Tuned to 31
[2016-11-16 14:46:28.946]  Tuned to 32
[2016-11-16 14:46:29.046]  Tuned to 33
[2016-11-16 14:46:29.147]  Tuned to 34
[2016-11-16 14:46:29.247]  Tuned to 35
[2016-11-16 14:46:29.348]  Tuned to 36
[2016-11-16 14:46:29.449]  Tuned to 37
[2016-11-16 14:46:29.549]  Tuned to 38
[2016-11-16 14:46:29.650]  Tuned to 39
[2016-11-16 14:46:29.750]  Tuned to 40
[2016-11-16 14:46:29.850]  Tuned to 41
[2016-11-16 14:46:29.951]  Tuned to 42
[2016-11-16 14:46:30.053]  Tuned to 43
[2016-11-16 14:46:30.153]  Tuned to 44
[2016-11-16 14:46:30.254]  Tuned to 45
[2016-11-16 14:46:30.355]  Tuned to 46
[2016-11-16 14:46:30.455]  Tuned to 47
[2016-11-16 14:46:30.555]  Tuned to 48
[2016-11-16 14:46:30.655]  Tuned to 49
[2016-11-16 14:46:30.756]  Tuned to 50
[2016-11-16 14:46:30.856]  Tuned to 51
[2016-11-16 14:46:30.956]  Tuned to 52
[2016-11-16 14:46:31.057]  Tuned to 53
[2016-11-16 14:46:31.158]  Tuned to 54
[2016-11-16 14:46:31.258]  Tuned to 55
[2016-11-16 14:46:31.358]  Tuned to 56
[2016-11-16 14:46:31.459]  Tuned to 57
[2016-11-16 14:46:31.559]  Tuned to 58
[2016-11-16 14:46:31.659]  Tuned to 59
[2016-11-16 14:46:31.760]  Tuned to 60
[2016-11-16 14:46:31.860]  Tuned to 61
[2016-11-16 14:46:31.960]  Tuned to 62
[2016-11-16 14:46:32.060]  Tuned to 63
[2016-11-16 14:46:32.161]  Tuned to 64
[2016-11-16 14:46:32.261]  Tuned to 65
[2016-11-16 14:46:32.362]  Tuned to 66
[2016-11-16 14:46:32.463]  Tuned to 67
[2016-11-16 14:46:32.563]  Tuned to 68
[2016-11-16 14:46:32.663]  Tuned to 69
[2016-11-16 14:46:32.764]  Tuned to 70
[2016-11-16 14:46:32.864]  Tuned to 71
[2016-11-16 14:46:32.964]  Tuned to 72
[2016-11-16 14:46:33.065]  Tuned to 73
[2016-11-16 14:46:33.165]  Tuned to 74
[2016-11-16 14:46:33.265]  Tuned to 75
[2016-11-16 14:46:33.366]  Tuned to 76
[2016-11-16 14:46:33.466]  Tuned to 77
[2016-11-16 14:46:33.566]  Tuned to 78
[2016-11-16 14:46:33.668]  Tuned to 79
[2016-11-16 14:46:33.768]  Tuned to 80
[2016-11-16 14:46:33.871]  Tuned to 81
[2016-11-16 14:46:33.971]  Tuned to 82
[2016-11-16 14:46:34.071]  Tuned to 83
[2016-11-16 14:46:34.171]  Tuned to 2
[2016-11-16 14:46:34.272]  Tuned to 3
[2016-11-16 14:46:34.372]  Tuned to 4
[2016-11-16 14:46:34.472]  Tuned to 5
[2016-11-16 14:46:34.573]  Tuned to 6
[2016-11-16 14:46:34.673]  Tuned to 7
[2016-11-16 14:46:34.773]  Tuned to 8
[2016-11-16 14:46:34.874]  Tuned to 9
[2016-11-16 14:46:34.974]  Tuned to 10
[2016-11-16 14:46:35.074]  Tuned to 11
[2016-11-16 14:46:35.174]  Tuned to 12
[2016-11-16 14:46:35.275]  Tuned to 13
[2016-11-16 14:46:35.375]  Tuned to 14
[2016-11-16 14:46:35.475]  Tuned to 15
[2016-11-16 14:46:35.576]  Tuned to 16
[2016-11-16 14:46:35.676]  Tuned to 17
[2016-11-16 14:46:35.776]  Tuned to 18
[2016-11-16 14:46:35.876]  Tuned to 19
[2016-11-16 14:46:35.977]  Tuned to 20
[2016-11-16 14:46:36.077]  Tuned to 21
[2016-11-16 14:46:36.177]  Tuned to 22
[2016-11-16 14:46:36.278]  Tuned to 23
[2016-11-16 14:46:36.378]  Tuned to 24
[2016-11-16 14:46:36.478]  Tuned to 25
[2016-11-16 14:46:36.579]  Tuned to 26
[2016-11-16 14:46:36.679]  Tuned to 27
[2016-11-16 14:46:36.780]  Tuned to 28
[2016-11-16 14:46:36.881]  Tuned to 29
[2016-11-16 14:46:36.981]  Tuned to 30
[2016-11-16 14:46:37.081]  Tuned to 31
[2016-11-16 14:46:37.182]  Tuned to 32
[2016-11-16 14:46:37.282]  Tuned to 33
[2016-11-16 14:46:37.382]  Tuned to 34
[2016-11-16 14:46:37.482]  Tuned to 35
[2016-11-16 14:46:37.583]  Tuned to 36
[2016-11-16 14:46:37.683]  Tuned to 37
[2016-11-16 14:46:37.783]  Tuned to 38
[2016-11-16 14:46:37.884]  Tuned to 39
[2016-11-16 14:46:37.985]  Tuned to 40
[2016-11-16 14:46:38.085]  Tuned to 41
[2016-11-16 14:46:38.186]  Tuned to 42
[2016-11-16 14:46:38.287]  Tuned to 43
[2016-11-16 14:46:38.387]  Tuned to 44
[2016-11-16 14:46:38.487]  Tuned to 45
[2016-11-16 14:46:38.589]  Tuned to 46
[2016-11-16 14:46:38.689]  Tuned to 47
[2016-11-16 14:46:38.789]  Tuned to 48
[2016-11-16 14:46:38.889]  Tuned to 49
[2016-11-16 14:46:38.991]  Tuned to 50
[2016-11-16 14:46:39.091]  Tuned to 51
[2016-11-16 14:46:39.192]  Tuned to 52
[2016-11-16 14:46:39.292]  Tuned to 53
[2016-11-16 14:46:39.392]  Tuned to 54
[2016-11-16 14:46:39.493]  Tuned to 55
[2016-11-16 14:46:39.593]  Tuned to 56
[2016-11-16 14:46:39.693]  Tuned to 57
[2016-11-16 14:46:39.794]  Tuned to 58
[2016-11-16 14:46:39.894]  Tuned to 59
[2016-11-16 14:46:39.994]  Tuned to 60
[2016-11-16 14:46:40.094]  Tuned to 61
[2016-11-16 14:46:40.195]  Tuned to 62
[2016-11-16 14:46:40.295]  Tuned to 63
[2016-11-16 14:46:40.396]  Tuned to 64
[2016-11-16 14:46:40.497]  Tuned to 65
[2016-11-16 14:46:40.598]  Tuned to 66
[2016-11-16 14:46:40.698]  Tuned to 67
[2016-11-16 14:46:40.798]  Tuned to 68
[2016-11-16 14:46:40.898]  Tuned to 69
[2016-11-16 14:46:40.999]  Tuned to 70
[2016-11-16 14:46:41.099]  Tuned to 71
[2016-11-16 14:46:41.199]  Tuned to 72
[2016-11-16 14:46:41.300]  Tuned to 73
[2016-11-16 14:46:41.400]  Tuned to 74
[2016-11-16 14:46:41.500]  Tuned to 75
[2016-11-16 14:46:41.601]  Tuned to 76
[2016-11-16 14:46:41.702]  Tuned to 77
[2016-11-16 14:46:41.803]  Tuned to 78
[2016-11-16 14:46:41.903]  Tuned to 79
[2016-11-16 14:46:42.003]  Tuned to 80
[2016-11-16 14:46:42.104]  Tuned to 81
[2016-11-16 14:46:42.204]  Tuned to 82
[2016-11-16 14:46:42.304]  Tuned to 83
[2016-11-16 14:46:42.405]  Tuned to 2
[2016-11-16 14:46:42.506]  Tuned to 3
[2016-11-16 14:46:42.606]  Tuned to 4
[2016-11-16 14:46:42.706]  Tuned to 5
[2016-11-16 14:46:42.807]  Tuned to 6
[2016-11-16 14:46:42.907]  Tuned to 7
[2016-11-16 14:46:43.007]  Tuned to 8
[2016-11-16 14:46:43.108]  Tuned to 9
[2016-11-16 14:46:43.208]  Tuned to 10
[2016-11-16 14:46:43.308]  Tuned to 11
[2016-11-16 14:46:43.409]  Tuned to 12
[2016-11-16 14:46:43.509]  Tuned to 13
[2016-11-16 14:46:43.610]  Tuned to 14
[2016-11-16 14:46:43.710]  Tuned to 15
[2016-11-16 14:46:43.811]  Tuned to 16
[2016-11-16 14:46:43.911]  Tuned to 17
[2016-11-16 14:46:44.011]  Tuned to 18
[2016-11-16 14:46:44.111]  Tuned to 19
[2016-11-16 14:46:44.212]  Tuned to 20
[2016-11-16 14:46:44.312]  Tuned to 21
[2016-11-16 14:46:44.412]  Tuned to 22
[2016-11-16 14:46:44.513]  Tuned to 23
[2016-11-16 14:46:44.615]  Tuned to 24
[2016-11-16 14:46:44.716]  Tuned to 25
[2016-11-16 14:46:44.816]  Tuned to 26
[2016-11-16 14:46:44.916]  Tuned to 27
[2016-11-16 14:46:45.017]  Tuned to 28
[2016-11-16 14:46:45.117]  Tuned to 29
[2016-11-16 14:46:45.217]  Tuned to 30
[2016-11-16 14:46:45.318]  Tuned to 31
[2016-11-16 14:46:45.418]  Tuned to 32
[2016-11-16 14:46:45.518]  Tuned to 33
[2016-11-16 14:46:45.619]  Tuned to 34
[2016-11-16 14:46:45.719]  Tuned to 35
[2016-11-16 14:46:45.819]  Tuned to 36
[2016-11-16 14:46:45.920]  Tuned to 37
[2016-11-16 14:46:46.020]  Tuned to 38
[2016-11-16 14:46:46.120]  Tuned to 39
[2016-11-16 14:46:46.220]  Tuned to 40
[2016-11-16 14:46:46.323]  Tuned to 41
[2016-11-16 14:46:46.423]  Tuned to 42
[2016-11-16 14:46:46.523]  Tuned to 43
[2016-11-16 14:46:46.624]  Tuned to 44
[2016-11-16 14:46:46.724]  Tuned to 45
[2016-11-16 14:46:46.824]  Tuned to 46
[2016-11-16 14:46:46.925]  Tuned to 47
[2016-11-16 14:46:47.025]  Tuned to 48
[2016-11-16 14:46:47.125]  Tuned to 49
[2016-11-16 14:46:47.225]  Tuned to 50
[2016-11-16 14:46:47.326]  Tuned to 51
[2016-11-16 14:46:47.426]  Tuned to 52
[2016-11-16 14:46:47.527]  Tuned to 53
[2016-11-16 14:46:47.627]  Tuned to 54
[2016-11-16 14:46:47.727]  Tuned to 55
[2016-11-16 14:46:47.827]  Tuned to 56
[2016-11-16 14:46:47.928]  Tuned to 57
[2016-11-16 14:46:48.028]  Tuned to 58
[2016-11-16 14:46:48.128]  Tuned to 59
[2016-11-16 14:46:48.229]  Tuned to 60
[2016-11-16 14:46:48.329]  Tuned to 61
[2016-11-16 14:46:48.431]  Tuned to 62
[2016-11-16 14:46:48.531]  Tuned to 63
[2016-11-16 14:46:48.631]  Tuned to 64
[2016-11-16 14:46:48.732]  Tuned to 65
[2016-11-16 14:46:48.832]  Tuned to 66
[2016-11-16 14:46:48.932]  Tuned to 67
[2016-11-16 14:46:49.032]  Tuned to 68
[2016-11-16 14:46:49.133]  Tuned to 69
[2016-11-16 14:46:49.233]  Tuned to 70
[2016-11-16 14:46:49.333]  Tuned to 71
[2016-11-16 14:46:49.434]  Tuned to 72
[2016-11-16 14:46:49.534]  Tuned to 73
[2016-11-16 14:46:49.634]  Tuned to 74
[2016-11-16 14:46:49.735]  Tuned to 75
[2016-11-16 14:46:49.835]  Tuned to 76
[2016-11-16 14:46:49.935]  Tuned to 77
[2016-11-16 14:46:50.036]  Tuned to 78
[2016-11-16 14:46:50.136]  Tuned to 79
[2016-11-16 14:46:50.236]  Tuned to 80
[2016-11-16 14:46:50.336]  Tuned to 81
[2016-11-16 14:46:50.437]  Tuned to 82
[2016-11-16 14:46:50.537]  Tuned to 83
[2016-11-16 14:46:50.637]  Tuned to 2
[2016-11-16 14:46:50.738]  Tuned to 3
[2016-11-16 14:46:50.838]  Tuned to 4
[2016-11-16 14:46:50.938]  Tuned to 5
[2016-11-16 14:46:51.038]  Tuned to 6
[2016-11-16 14:46:51.139]  Tuned to 7
[2016-11-16 14:46:51.239]  Tuned to 8
[2016-11-16 14:46:51.342]  Tuned to 9
[2016-11-16 14:46:51.442]  Tuned to 10
[2016-11-16 14:46:51.542]  Tuned to 11
[2016-11-16 14:46:51.642]  Tuned to 12
[2016-11-16 14:46:51.743]  Tuned to 13
[2016-11-16 14:46:51.843]  Tuned to 14
[2016-11-16 14:46:51.943]  Tuned to 15
[2016-11-16 14:46:52.044]  Tuned to 16
[2016-11-16 14:46:52.144]  Tuned to 17
[2016-11-16 14:46:52.244]  Tuned to 18
[2016-11-16 14:46:52.345]  Tuned to 19
[2016-11-16 14:46:52.445]  Tuned to 20
[2016-11-16 14:46:52.545]  Tuned to 21
[2016-11-16 14:46:52.645]  Tuned to 22
[2016-11-16 14:46:52.746]  Tuned to 23
[2016-11-16 14:46:52.846]  Tuned to 24
[2016-11-16 14:46:52.947]  Tuned to 25
[2016-11-16 14:46:53.047]  Tuned to 26
[2016-11-16 14:46:53.147]  Tuned to 27
[2016-11-16 14:46:53.248]  Tuned to 28
[2016-11-16 14:46:53.348]  Tuned to 29
[2016-11-16 14:46:53.448]  Tuned to 30
[2016-11-16 14:46:53.548]  Tuned to 31
[2016-11-16 14:46:53.649]  Tuned to 32
[2016-11-16 14:46:53.749]  Tuned to 33
[2016-11-16 14:46:53.851]  Tuned to 34
[2016-11-16 14:46:53.951]  Tuned to 35
[2016-11-16 14:46:54.051]  Tuned to 36
[2016-11-16 14:46:54.152]  Tuned to 37
[2016-11-16 14:46:54.252]  Tuned to 38
[2016-11-16 14:46:54.352]  Tuned to 39
[2016-11-16 14:46:54.453]  Tuned to 40
[2016-11-16 14:46:54.553]  Tuned to 41
[2016-11-16 14:46:54.653]  Tuned to 42
[2016-11-16 14:46:54.754]  Tuned to 43
[2016-11-16 14:46:54.854]  Tuned to 44
[2016-11-16 14:46:54.955]  Tuned to 45
[2016-11-16 14:46:55.055]  Tuned to 46
[2016-11-16 14:46:55.155]  Tuned to 47
[2016-11-16 14:46:55.256]  Tuned to 48
[2016-11-16 14:46:55.356]  Tuned to 49
[2016-11-16 14:46:55.456]  Tuned to 50
[2016-11-16 14:46:55.557]  Tuned to 51
[2016-11-16 14:46:55.657]  Tuned to 52
[2016-11-16 14:46:55.757]  Tuned to 53
[2016-11-16 14:46:55.860]  Tuned to 54
[2016-11-16 14:46:55.960]  Tuned to 55
[2016-11-16 14:46:56.061]  Tuned to 56
[2016-11-16 14:46:56.161]  Tuned to 57
[2016-11-16 14:46:56.261]  Tuned to 58
[2016-11-16 14:46:56.362]  Tuned to 59
[2016-11-16 14:46:56.462]  Tuned to 60
[2016-11-16 14:46:56.562]  Tuned to 61
[2016-11-16 14:46:56.663]  Tuned to 62
[2016-11-16 14:46:56.763]  Tuned to 63
[2016-11-16 14:46:56.863]  Tuned to 64
[2016-11-16 14:46:56.964]  Tuned to 65
[2016-11-16 14:46:57.064]  Tuned to 66
[2016-11-16 14:46:57.164]  Tuned to 67
[2016-11-16 14:46:57.265]  Tuned to 68
[2016-11-16 14:46:57.365]  Tuned to 69
[2016-11-16 14:46:57.465]  Tuned to 70
[2016-11-16 14:46:57.566]  Tuned to 71
[2016-11-16 14:46:57.666]  Tuned to 72
[2016-11-16 14:46:57.766]  Tuned to 73
[2016-11-16 14:46:57.868]  Tuned to 74
[2016-11-16 14:46:57.968]  Tuned to 75
[2016-11-16 14:46:58.069]  Tuned to 76
[2016-11-16 14:46:58.169]  Tuned to 77
[2016-11-16 14:46:58.269]  Tuned to 78
[2016-11-16 14:46:58.369]  Tuned to 79
[2016-11-16 14:46:58.470]  Tuned to 80
[2016-11-16 14:46:58.571]  Tuned to 81
[2016-11-16 14:46:58.671]  Tuned to 82
[2016-11-16 14:46:58.771]  Tuned to 83
[2016-11-16 14:46:58.872]  Tuned to 2
[2016-11-16 14:46:58.973]  Tuned to 3
[2016-11-16 14:46:59.073]  Tuned to 4
[2016-11-16 14:46:59.174]  Tuned to 5
[2016-11-16 14:46:59.274]  Tuned to 6
[2016-11-16 14:46:59.374]  Tuned to 7
[2016-11-16 14:46:59.475]  Tuned to 8
[2016-11-16 14:46:59.575]  Tuned to 9
[2016-11-16 14:46:59.675]  Tuned to 10
[2016-11-16 14:46:59.775]  Tuned to 11
[2016-11-16 14:46:59.877]  Tuned to 12
[2016-11-16 14:46:59.978]  Tuned to 13
[2016-11-16 14:47:00.078]  Tuned to 14
[2016-11-16 14:47:00.178]  Tuned to 15
[2016-11-16 14:47:00.278]  Tuned to 16
[2016-11-16 14:47:00.379]  Tuned to 17
[2016-11-16 14:47:00.479]  Tuned to 18
[2016-11-16 14:47:00.579]  Tuned to 19
[2016-11-16 14:47:00.680]  Tuned to 20
[2016-11-16 14:47:00.780]  Tuned to 21
[2016-11-16 14:47:00.880]  Tuned to 22
[2016-11-16 14:47:00.981]  Tuned to 23
[2016-11-16 14:47:01.081]  Tuned to 24
[2016-11-16 14:47:01.182]  Tuned to 25
[2016-11-16 14:47:01.282]  Tuned to 26
[2016-11-16 14:47:01.382]  Tuned to 27
[2016-11-16 14:47:01.482]  Tuned to 28
[2016-11-16 14:47:01.583]  Tuned to 29
[2016-11-16 14:47:01.683]  Tuned to 30
[2016-11-16 14:47:01.785]  Tuned to 31
[2016-11-16 14:47:01.885]  Tuned to 32
[2016-11-16 14:47:01.985]  Tuned to 33
[2016-11-16 14:47:02.086]  Tuned to 34
[2016-11-16 14:47:02.186]  Tuned to 35
[2016-11-16 14:47:02.286]  Tuned to 36
[2016-11-16 14:47:02.387]  Tuned to 37
[2016-11-16 14:47:02.487]  Tuned to 38
[2016-11-16 14:47:02.588]  Tuned to 39
[2016-11-16 14:47:02.688]  Tuned to 40
[2016-11-16 14:47:02.788]  Tuned to 41
[2016-11-16 14:47:02.888]  Tuned to 42
[2016-11-16 14:47:02.989]  Tuned to 43
[2016-11-16 14:47:03.089]  Tuned to 44
[2016-11-16 14:47:03.189]  Tuned to 45
[2016-11-16 14:47:03.290]  Tuned to 46
[2016-11-16 14:47:03.390]  Tuned to 47
[2016-11-16 14:47:03.490]  Tuned to 48
[2016-11-16 14:47:03.591]  Tuned to 49
[2016-11-16 14:47:03.691]  Tuned to 50
[2016-11-16 14:47:03.791]  Tuned to 51
[2016-11-16 14:47:03.891]  Tuned to 52
[2016-11-16 14:47:03.992]  Tuned to 53
[2016-11-16 14:47:04.092]  Tuned to 54
tail: output.txt: file truncated
                                                                                                                                                                                                                                                                                                                                                                                                                                                                                                                                                                                                                                                                                                                                                                                                                                                                                                                                                                                                                                                                                                                                                                                                                                                                                                                                                                                                                                                                                                                                                                                                                                                                                                                                                                                                                                                                                                                                                                                                                                                                                                                                                                                                                                                                                                                                                                                                                                                                                                                                                                                                                                                                                                                                                                                                                                                                                                                                                                                                                                                                                                                                                                                                                                                                                                                                                                                                                                                                                                                                                                                                                                                                                                                                                                                                                                                                                                                                                                                                                                                                                                                                                                                                                                                                                                                                                                                                                                                                                                                                                                                                                                                                                                                                                                                                                                                                                                                                                                                                                                                                                                                                                                                                                                                                                                                                                                                                                                                                                                                                                                                                                                                                                                                                                                                                                                                                                                                                                                                                                                                                                                                                                                                                                                                                                                                                                                                                                                                                                                                                                                                                                                                                                                                                                                                                                                                                                                                                                                                                                                                                                                                                                                                                                                                                                                                                                                                                                                                                                                                                                                                                                                                                                                                                                                                                                                                                                                                                                                                                                                                                                                                                                                                                                                                                                                                                                                                                                                                                                                                                                                                                                                                                                                                                                                                                                                                                                                                                                                                                                                                                                                                                                                                                                                                                                                                                                                                                                                                                                                                                                                                                                                                                                                                                                                                                                                                                                                                                                                                                                                                                                                                                                                                                                                                                                                                                                                                                                                                                                                                                                                                                                                                                                                                                                                                                                                                                                                                                                                                                                                                                                                                                                                                                                                                                                                                                                                                                                                                                                                                                                                                                                                                                                                                                                                                                                                                                                                                                                                                                                                                                                                                                                                                                                                                                                                                                                                                                                                                                                                                                                                                                                                                                                                                                                                                                                                                                                                                                                                                                                                                                                                                                                                                                                                                                                                                                                                                                                                                                                                                                                                                                                                                                                                                                                                                                                                                                                                                                                                                                                                                                                                                                                                                                                                                                                                                                                                                                                                                                                                                                                                                                                                                                                                                                                                                                                                                                                                                                                                                                                                                                                                                                                                                                                                                                                                                                                                                                                                                                                                                                                                                                                                                                                                                                                                                                                                                                                                                                                                                                                                                                                                                                                                                                                                                                                                                                                                                                                                                                                                                                                                                                                                                                                                                                                                                                                                                                                                                                                                                                                                                                                                                                                                                                                                                                                                                                                                                                                                                                                                                                                                                                                                                                                                                                                                                                                                                                                                                                                                                                                                                                                                                                                                                                                                                                                                                                                                                                                                                                                                                                                                                                                                                                                                                                                                                                                                                                                                                                                                                                                                                                                                                                                                                                                                                                                                                                                                                                                                                                                                                                                                                                                                                                                                                                                                                                                                                                                                                                                                                                                                                                                                                                                                                                                                                                                                                                                                                                                                                                                                                                                                                                                                                                                                                                                                                                                                                                                                                                                                                                                                                                                                                                                                                                                                                                                                                                                                                                                                                                                                                                                                                                                                                                                                                                                                                                                                                                                                                                                                                                                                                                                                                                                                                                                                                                                                                                                                                                                                                                                                                                                                                                                                                                                                                                                                                                                                                                                                                                                                                                                                                                                                                                                                                                                                                                                                                                                                                                                                                                                                                                                                                                                                                                                                                                                                                                                                                                                                                                                                                                                                                                                                                                                                                                                                                                                                                                                                                                                                                                                                                                                                                                                                                                                                                                                                                                                                                                                                                                                                                                                                                                                                                                                                                                                                                                                                                                                                                                                                                                                                                                                                                                                                                                                                                                                                                                                                                                                                                                                                                                                                                                                                                                                                                                                                                                                                                                                                                                                                                                                                                                                                                                                                                                                                                                                                                                                                                                                                                                                                                                                                                                                                                                                                                                                                                                                                                                                                                                                                                                                                                                                                                                                                                                                                                                                                                                                                                                                                                                                                                                                                                                                                                                                                                                                                                                                                                                                                                                                                                                                                                                                                                                                                                                                                                                                                                                                                                                                                                                                                                                                                                                                                                                                                                                                                                                                                                                                                                                                                                                                                                                                                                                                                                                                                                                                                                                                                                                                                                                                                                                                                                                                                                                                                                                                                                                                                                                                                                                                                                                                                                                                                                                                                                                                                                                                                                                                                                                                                                                                                                                                                                                                                                                                                                                                                                                                                                                                                                                                                                                                                                                                                                                                                                                                                                                                                                                                                                                                                                                                                                                                                                                                                                                                                                                                                                                                                                                                                                                                                                                                                                                                                                                                                                                                                                                                                                                                                                                                                                                                                                                                                                                                                                                                                                                                                                                                                                                                                                                                                                                                                                                                                                                                                                                                                                                                                                                                                                                                                                                                                                                                                                                                                                                                                                                                                                                                                                                                                                                                                                                                                                                                                                                                                                                                                                                                                                                                                                                                                                                                                                                                                                                                                                                                                                                                                                                                                                                                                                                                                                                                                                                                                                                                                                                                                                                                                                                                                                                                                                                                                                                                                                                                                                                                                                                                                                                                                                                                                                                                                                                                                                                                                                                                                                                                                                                                                                                                                                                                                                                                                                                                                                                                                                                                                                                                                                                                                                                                                                                                                                                                                                                                                                                                                                                                                                                                                                                                                                                                                                                                                                                                                                                                                                                                                                                                                                                                                                                                                                                                                                                                                                                                                                                                                                                                                                                                                                                                                                                                                                                                                                                                                                                                                                                                                                                                                                                                                                                                                                                                                                                                                                                                                                                                                                                                                                                                                                                                                                                                                                                                                                                                                                                                                                                                                                                                                                                                                                                                                                                                                                                                                                                                                                                                                                                                                                                                                                                                                                                                                                                                                                                                                                                                                                                                                                                                                                                                                                                                                                                                                                                                                                                                                                                                                                                                                                                                                                                                                                                                                                                                                                                                                                                                                                                                                                                                                                                                                                                                                                                                                                                                                                                                                                                                                                                                                                                                                                                                                                                                                                                                                                                                                                                                                                                                                                                                                                                                                                                                                                                                                                                                                                                                                                                                                                                                                                                                                                                                                                                                                                                                                                                                                                                                                                                                                                                                                                                                                                                                                                                                                                                                                                                                                                                                                                                                                                                                                                                                                                                                                                                                                                                                                                                                                                                                                                                                                                                                                                                                                                                                                                                                                                                                                                                                                                                                                                                                                                                                                                                                                                                                                                                                                                                                                                                                                                                                                                                                                                                                                                                                                                                                                                                                                                                                                                                                                                                                                                                                                                                                                                                                                                                                                                                                                                                                                                                                                                                                                                                                                                                                                                                                                                                                                                                                                                                                                                                                                                                                                                                                                                                                                                                                                                                                                                                                                                                                                                                                                                                                                                                                                                                                                                                                                                                                                                                                                                                                                                                                                                                                                                                                                                                                                                                                                                                                                                                                                                                                                                                                                                                                                                                                                                                                                                                                                                                                                                                                                                                                                                                                                                                                                                                                                                                                                                                                                                                                                                                                                                                                                                                                                                                                                                                                                                                                                                                                                                                                                                                                                                                                                                                                                                                                                                                                                                                                                                                                                                                                                                                                                                                                                                                                                                                                                                                                                                                                                                                                                                                                                                                                                                                                                                                                                                                                                                                                                                                                                                                                                                                                                                                                                                                                                                                                                                                                                                                                                                                                                                                                                                                                                                                                                                                                                                                                                                                                                                                                                                                                                                                                                                                                                                                                                                                                                                                                                                                                                                                                                                                                                                                                                                                                                                                                                                                                                                                                                                                                                                                                                                                                                                                                                                                                                                                                                                                                                                                                                                                                                                                                                                                                                                                                                                                                                                                                                                                                                                                                                                                                                                                                                                                                                                                                                                                                                                                                                                                                                                                                                                                                                                                                                                                                                                                                                                                                                                                                                                                                                                                                                                                                                                                                                                                                                                                                                                                                                                                                                                                                                                                                                                                                                                                                                                                                                                                                                                                                                                                                                                                                                                                                                                                                                                                                                                                                                                                                                                                                                                                                                                                                                                                                                                                                                                                                                                                                                                                                                                                                                                                                                                                                                                                                                                                                                                                                                                                                                                                                                                                                                                                                                                                                                                                                                                                                                                                                                                                                                                                                                                                                                                                                                                                                                                                                                                                                                                                                                                                                                                                                                                                                                                                                                                                                                                                                                                                                                                                                                                                                                                                                                                                                                                                                                                                                                                                                                                                                                                                                                                                                                                                                                                                                                                                                                                                                                                                                                                                                                                                                                                                                                                                                                                                                                                                                                                                                                                                                                                                                                                                                                                                                                                                                                                                                                                                                                                                                                                                                                                                                                                                                                                                                                                                                                                                                                                                                                                                                                                                                                                                                                                                                                                                                                                                                                                                                                                                                                                                                                                                                                                                                                                                                                                                                                                                                                                                                                                                                                                                                                                                                                                                                                                                                                                                                                                                                                                                                                                                                                                                                                                                                                                                                                                                                                                                                                                                                                                                                                                                                                                                                                                                                                                                                                                                                                                                                                                                                                                                                                                                                                                                                                                                                                                                                                                                                                                                                                                                                                                                                                                                                                                                                                                                                                                                                                                                                                                                                                                                                                                                                                                                                                                                                                                                                                                                                                                                                                                                                                                                                                                                                                                                                                                                                                                                                                                                                                                                                                                                                                                                                                                                                                                                                                                                                                                                                                                                                                                                                                                                                                                                                                                                                                                                                                                                                                                                                                                                                                                                                                                                                                                                                                                                                                                                                                                                                                                                                                                                                                                                                                                                                                                                                                                                                                                                                                                                                                                                                                                                                                                                                                                                                                                                                                                                                                                                                                                                                                                                                                                                                                                                                                                                                                                                                                                                                                                                                                                                                                                                                                                                                                                                                                                                                                                                                                                                                                                                                                                                                                                                                                                                                                                                                                                                                                                                                                                                                                                                                                                                                                                                                                                                                                                                                                                                                                                                                                                                                                                                                                                                                                                                                                                                                                                                                                                                                                                                                                                                                                                                                                                                                                                                                                                                                                                                                                                                                                                                                                                                                                                                                                                                                                                                                                                                                                                                                                                                                                                                                                                                                                                                                                                                                                                                                                                                                                                                                                                                                                                                                                                                                                                                                                                                                                                                                                                                                                                                                                                                                                                                                                                                                                                                                                                                                                                                                                                                                                                                                                                                                                                                                                                                                                                                                                                                                                                                                                                                                                                                                                                                                                                                                                                                                                                                                                                                                                                                                                                                                                                                                                                                            [2016-11-16 14:47:04.192]  Tuned to 55
[2016-11-16 14:47:04.293]  Tuned to 56
[2016-11-16 14:47:04.393]  Tuned to 57
[2016-11-16 14:47:04.493]  Tuned to 58
[2016-11-16 14:47:04.594]  Tuned to 59
[2016-11-16 14:47:04.694]  Tuned to 60
[2016-11-16 14:47:04.794]  Tuned to 61
[2016-11-16 14:47:04.895]  Tuned to 62
[2016-11-16 14:47:04.995]  Tuned to 63
[2016-11-16 14:47:05.095]  Tuned to 64
[2016-11-16 14:47:05.195]  Tuned to 65
[2016-11-16 14:47:05.296]  Tuned to 66
[2016-11-16 14:47:05.396]  Tuned to 67
[2016-11-16 14:47:05.496]  Tuned to 68
[2016-11-16 14:47:05.597]  Tuned to 69
[2016-11-16 14:47:05.698]  Tuned to 70
[2016-11-16 14:47:05.798]  Tuned to 71
[2016-11-16 14:47:05.898]  Tuned to 72
[2016-11-16 14:47:05.998]  Tuned to 73
[2016-11-16 14:47:06.099]  Tuned to 74
[2016-11-16 14:47:06.199]  Tuned to 75
[2016-11-16 14:47:06.299]  Tuned to 76
[2016-11-16 14:47:06.400]  Tuned to 77
[2016-11-16 14:47:06.500]  Tuned to 78
[2016-11-16 14:47:06.600]  Tuned to 79
[2016-11-16 14:47:06.700]  Tuned to 80
[2016-11-16 14:47:06.801]  Tuned to 81
[2016-11-16 14:47:06.901]  Tuned to 82
[2016-11-16 14:47:07.001]  Tuned to 83
[2016-11-16 14:47:07.102]  Tuned to 2
[2016-11-16 14:47:07.202]  Tuned to 3
[2016-11-16 14:47:07.302]  Tuned to 4
[2016-11-16 14:47:07.403]  Tuned to 5
[2016-11-16 14:47:07.503]  Tuned to 6
[2016-11-16 14:47:07.603]  Tuned to 7
[2016-11-16 14:47:07.703]  Tuned to 8
[2016-11-16 14:47:07.804]  Tuned to 9
[2016-11-16 14:47:07.904]  Tuned to 10
[2016-11-16 14:47:08.004]  Tuned to 11
[2016-11-16 14:47:08.106]  Tuned to 12
[2016-11-16 14:47:08.206]  Tuned to 13
[2016-11-16 14:47:08.306]  Tuned to 14
[2016-11-16 14:47:08.407]  Tuned to 15
[2016-11-16 14:47:08.507]  Tuned to 16
[2016-11-16 14:47:08.607]  Tuned to 17
[2016-11-16 14:47:08.708]  Tuned to 18
[2016-11-16 14:47:08.808]  Tuned to 19
[2016-11-16 14:47:08.908]  Tuned to 20
[2016-11-16 14:47:09.008]  Tuned to 21
[2016-11-16 14:47:09.109]  Tuned to 22
[2016-11-16 14:47:09.209]  Tuned to 23
[2016-11-16 14:47:09.309]  Tuned to 24
[2016-11-16 14:47:09.410]  Tuned to 25
[2016-11-16 14:47:09.510]  Tuned to 26
[2016-11-16 14:47:09.610]  Tuned to 27
[2016-11-16 14:47:09.711]  Tuned to 28
[2016-11-16 14:47:09.811]  Tuned to 29
[2016-11-16 14:47:09.911]  Tuned to 30
[2016-11-16 14:47:10.011]  Tuned to 31
[2016-11-16 14:47:10.112]  Tuned to 32
[2016-11-16 14:47:10.212]  Tuned to 33
[2016-11-16 14:47:10.313]  Tuned to 34
[2016-11-16 14:47:10.414]  Tuned to 35
[2016-11-16 14:47:10.514]  Tuned to 36
[2016-11-16 14:47:10.614]  Tuned to 37
[2016-11-16 14:47:10.714]  Tuned to 38
[2016-11-16 14:47:10.815]  Tuned to 39
[2016-11-16 14:47:10.915]  Tuned to 40
[2016-11-16 14:47:11.015]  Tuned to 41
[2016-11-16 14:47:11.116]  Tuned to 42
[2016-11-16 14:47:11.216]  Tuned to 43
[2016-11-16 14:47:11.316]  Tuned to 44
[2016-11-16 14:47:11.417]  Tuned to 45
[2016-11-16 14:47:11.517]  Tuned to 46
[2016-11-16 14:47:11.617]  Tuned to 47
[2016-11-16 14:47:11.718]  Tuned to 48
[2016-11-16 14:47:11.818]  Tuned to 49
[2016-11-16 14:47:11.918]  Tuned to 50
[2016-11-16 14:47:12.019]  Tuned to 51
[2016-11-16 14:47:12.120]  Tuned to 52
[2016-11-16 14:47:12.221]  Tuned to 53
[2016-11-16 14:47:12.321]  Tuned to 54
[2016-11-16 14:47:12.421]  Tuned to 55
[2016-11-16 14:47:12.521]  Tuned to 56
[2016-11-16 14:47:12.622]  Tuned to 57
[2016-11-16 14:47:12.722]  Tuned to 58
[2016-11-16 14:47:12.823]  Tuned to 59
[2016-11-16 14:47:12.923]  Tuned to 60
[2016-11-16 14:47:13.023]  Tuned to 61
[2016-11-16 14:47:13.124]  Tuned to 62
[2016-11-16 14:47:13.224]  Tuned to 63
[2016-11-16 14:47:13.324]  Tuned to 64
[2016-11-16 14:47:13.425]  Tuned to 65
[2016-11-16 14:47:13.525]  Tuned to 66
[2016-11-16 14:47:13.627]  Tuned to 67
[2016-11-16 14:47:13.727]  Tuned to 68
[2016-11-16 14:47:13.827]  Tuned to 69
[2016-11-16 14:47:13.928]  Tuned to 70
[2016-11-16 14:47:14.028]  Tuned to 71
[2016-11-16 14:47:14.128]  Tuned to 72
[2016-11-16 14:47:14.229]  Tuned to 73
[2016-11-16 14:47:14.330]  Tuned to 74
[2016-11-16 14:47:14.431]  Tuned to 75
[2016-11-16 14:47:14.533]  Tuned to 76
[2016-11-16 14:47:14.633]  Tuned to 77
[2016-11-16 14:47:14.734]  Tuned to 78
[2016-11-16 14:47:14.836]  Tuned to 79
[2016-11-16 14:47:14.937]  Tuned to 80
[2016-11-16 14:47:15.037]  Tuned to 81
[2016-11-16 14:47:15.137]  Tuned to 82
[2016-11-16 14:47:15.237]  Tuned to 83
[2016-11-16 14:47:15.338]  Tuned to 2
[2016-11-16 14:47:15.438]  Tuned to 3
[2016-11-16 14:47:15.538]  Tuned to 4
[2016-11-16 14:47:15.639]  Tuned to 5
[2016-11-16 14:47:15.739]  Tuned to 6
[2016-11-16 14:47:15.839]  Tuned to 7
[2016-11-16 14:47:15.940]  Tuned to 8
[2016-11-16 14:47:16.040]  Tuned to 9
[2016-11-16 14:47:16.140]  Tuned to 10
[2016-11-16 14:47:16.240]  Tuned to 11
[2016-11-16 14:47:16.341]  Tuned to 12
[2016-11-16 14:47:16.441]  Tuned to 13
[2016-11-16 14:47:16.541]  Tuned to 14
[2016-11-16 14:47:16.641]  Tuned to 15
[2016-11-16 14:47:16.742]  Tuned to 16
[2016-11-16 14:47:16.842]  Tuned to 17
[2016-11-16 14:47:16.942]  Tuned to 18
[2016-11-16 14:47:17.043]  Tuned to 19
[2016-11-16 14:47:17.144]  Tuned to 20
[2016-11-16 14:47:17.244]  Tuned to 21
[2016-11-16 14:47:17.345]  Tuned to 22
[2016-11-16 14:47:17.445]  Tuned to 23
[2016-11-16 14:47:17.546]  Tuned to 24
[2016-11-16 14:47:17.646]  Tuned to 25
[2016-11-16 14:47:17.746]  Tuned to 26
[2016-11-16 14:47:17.847]  Tuned to 27
[2016-11-16 14:47:17.948]  Tuned to 28
[2016-11-16 14:47:18.048]  Tuned to 29
[2016-11-16 14:47:18.149]  Tuned to 30
[2016-11-16 14:47:18.249]  Tuned to 31
[2016-11-16 14:47:18.349]  Tuned to 32
[2016-11-16 14:47:18.450]  Tuned to 33
[2016-11-16 14:47:18.550]  Tuned to 34
[2016-11-16 14:47:18.650]  Tuned to 35
[2016-11-16 14:47:18.751]  Tuned to 36
[2016-11-16 14:47:18.851]  Tuned to 37
[2016-11-16 14:47:18.951]  Tuned to 38
[2016-11-16 14:47:19.051]  Tuned to 39
[2016-11-16 14:47:19.152]  Tuned to 40
[2016-11-16 14:47:19.252]  Tuned to 41
[2016-11-16 14:47:19.352]  Tuned to 42
[2016-11-16 14:47:19.453]  Tuned to 43
[2016-11-16 14:47:19.553]  Tuned to 44
[2016-11-16 14:47:19.653]  Tuned to 45
[2016-11-16 14:47:19.754]  Tuned to 46
[2016-11-16 14:47:19.854]  Tuned to 47
[2016-11-16 14:47:19.954]  Tuned to 48
[2016-11-16 14:47:20.055]  Tuned to 49
[2016-11-16 14:47:20.155]  Tuned to 50
[2016-11-16 14:47:20.255]  Tuned to 51
[2016-11-16 14:47:20.356]  Tuned to 52
[2016-11-16 14:47:20.457]  Tuned to 53
[2016-11-16 14:47:20.558]  Tuned to 54
[2016-11-16 14:47:20.658]  Tuned to 55
[2016-11-16 14:47:20.758]  Tuned to 56
[2016-11-16 14:47:20.858]  Tuned to 57
[2016-11-16 14:47:20.959]  Tuned to 58
[2016-11-16 14:47:21.059]  Tuned to 59
[2016-11-16 14:47:21.159]  Tuned to 60
[2016-11-16 14:47:21.260]  Tuned to 61
[2016-11-16 14:47:21.360]  Tuned to 62
[2016-11-16 14:47:21.460]  Tuned to 63
[2016-11-16 14:47:21.560]  Tuned to 64
[2016-11-16 14:47:21.661]  Tuned to 65
[2016-11-16 14:47:21.762]  Tuned to 66
[2016-11-16 14:47:21.863]  Tuned to 67
[2016-11-16 14:47:21.965]  Tuned to 68
[2016-11-16 14:47:22.065]  Tuned to 69
[2016-11-16 14:47:22.165]  Tuned to 70
[2016-11-16 14:47:22.266]  Tuned to 71
[2016-11-16 14:47:22.366]  Tuned to 72
[2016-11-16 14:47:22.466]  Tuned to 73
[2016-11-16 14:47:22.567]  Tuned to 74
[2016-11-16 14:47:22.667]  Tuned to 75
[2016-11-16 14:47:22.767]  Tuned to 76
[2016-11-16 14:47:22.868]  Tuned to 77
[2016-11-16 14:47:22.968]  Tuned to 78
[2016-11-16 14:47:23.068]  Tuned to 79
[2016-11-16 14:47:23.168]  Tuned to 80
[2016-11-16 14:47:23.269]  Tuned to 81
[2016-11-16 14:47:23.369]  Tuned to 82
[2016-11-16 14:47:23.469]  Tuned to 83
[2016-11-16 14:47:23.570]  Tuned to 2
[2016-11-16 14:47:23.670]  Tuned to 3
[2016-11-16 14:47:23.770]  Tuned to 4
[2016-11-16 14:47:23.871]  Tuned to 5
[2016-11-16 14:47:23.971]  Tuned to 6
[2016-11-16 14:47:24.071]  Tuned to 7
[2016-11-16 14:47:24.171]  Tuned to 8
[2016-11-16 14:47:24.272]  Tuned to 9
[2016-11-16 14:47:24.373]  Tuned to 10
[2016-11-16 14:47:24.474]  Tuned to 11
[2016-11-16 14:47:24.574]  Tuned to 12
[2016-11-16 14:47:24.674]  Tuned to 13
[2016-11-16 14:47:24.775]  Tuned to 14
[2016-11-16 14:47:24.875]  Tuned to 15
[2016-11-16 14:47:24.975]  Tuned to 16
[2016-11-16 14:47:25.076]  Tuned to 17
[2016-11-16 14:47:25.176]  Tuned to 18
[2016-11-16 14:47:25.276]  Tuned to 19
[2016-11-16 14:47:25.376]  Tuned to 20
[2016-11-16 14:47:25.477]  Tuned to 21
[2016-11-16 14:47:25.577]  Tuned to 22
[2016-11-16 14:47:25.677]  Tuned to 23
[2016-11-16 14:47:25.778]  Tuned to 24
[2016-11-16 14:47:25.878]  Tuned to 25
[2016-11-16 14:47:25.978]  Tuned to 26
[2016-11-16 14:47:26.078]  Tuned to 27
[2016-11-16 14:47:26.180]  Tuned to 28
[2016-11-16 14:47:26.280]  Tuned to 29
[2016-11-16 14:47:26.381]  Tuned to 30
[2016-11-16 14:47:26.481]  Tuned to 31
[2016-11-16 14:47:26.581]  Tuned to 32
[2016-11-16 14:47:26.684]  Tuned to 33
[2016-11-16 14:47:26.784]  Tuned to 34
[2016-11-16 14:47:26.884]  Tuned to 35
[2016-11-16 14:47:26.985]  Tuned to 36
[2016-11-16 14:47:27.085]  Tuned to 37
[2016-11-16 14:47:27.185]  Tuned to 38
[2016-11-16 14:47:27.286]  Tuned to 39
[2016-11-16 14:47:27.386]  Tuned to 40
[2016-11-16 14:47:27.486]  Tuned to 41
[2016-11-16 14:47:27.586]  Tuned to 42
[2016-11-16 14:47:27.687]  Tuned to 43
[2016-11-16 14:47:27.787]  Tuned to 44
[2016-11-16 14:47:27.887]  Tuned to 45
[2016-11-16 14:47:27.988]  Tuned to 46
[2016-11-16 14:47:28.088]  Tuned to 47
[2016-11-16 14:47:28.188]  Tuned to 48
[2016-11-16 14:47:28.288]  Tuned to 49
[2016-11-16 14:47:28.389]  Tuned to 50
[2016-11-16 14:47:28.489]  Tuned to 51
[2016-11-16 14:47:28.590]  Tuned to 52
[2016-11-16 14:47:28.690]  Tuned to 53
[2016-11-16 14:47:28.791]  Tuned to 54
[2016-11-16 14:47:28.891]  Tuned to 55
[2016-11-16 14:47:28.991]  Tuned to 56
[2016-11-16 14:47:29.091]  Tuned to 57
[2016-11-16 14:47:29.192]  Tuned to 58
[2016-11-16 14:47:29.292]  Tuned to 59
[2016-11-16 14:47:29.392]  Tuned to 60
[2016-11-16 14:47:29.493]  Tuned to 61
[2016-11-16 14:47:29.593]  Tuned to 62
[2016-11-16 14:47:29.693]  Tuned to 63
[2016-11-16 14:47:29.794]  Tuned to 64
[2016-11-16 14:47:29.894]  Tuned to 65
[2016-11-16 14:47:29.995]  Tuned to 66
[2016-11-16 14:47:30.095]  Tuned to 67
[2016-11-16 14:47:30.195]  Tuned to 68
[2016-11-16 14:47:30.296]  Tuned to 69
[2016-11-16 14:47:30.396]  Tuned to 70
[2016-11-16 14:47:30.497]  Tuned to 71
[2016-11-16 14:47:30.597]  Tuned to 72
[2016-11-16 14:47:30.697]  Tuned to 73
[2016-11-16 14:47:30.799]  Tuned to 74
[2016-11-16 14:47:30.899]  Tuned to 75
[2016-11-16 14:47:31.000]  Tuned to 76
[2016-11-16 14:47:31.101]  Tuned to 77
[2016-11-16 14:47:31.201]  Tuned to 78
[2016-11-16 14:47:31.302]  Tuned to 79
[2016-11-16 14:47:31.402]  Tuned to 80
[2016-11-16 14:47:31.502]  Tuned to 81
[2016-11-16 14:47:31.603]  Tuned to 82
[2016-11-16 14:47:31.703]  Tuned to 83
[2016-11-16 14:47:31.803]  Tuned to 2
tail: output.txt: file truncated
                                                                                                                                                                                                                                                                                                                                                                                                                                                                                                                                                                                                                                                                                                                                                                                                                                                                                                                                                                                                                                                                                                                                                                                                                                                                                                                                                                                                                                                                                                                                                                                                                                                                                                                                                                                                                                                                                                                                                                                                                                                                                                                                                                                                                                                                                                                                                                                                                                                                                                                                                                                                                                                                                                                                                                                                                                                                                                                                                                                                                                                                                                                                                                                                                                                                                                                                                                                                                                                                                                                                                                                                                                                                                                                                                                                                                                                                                                                                                                                                                                                                                                                                                                                                                                                                                                                                                                                                                                                                                                                                                                                                                                                                                                                                                                                                                                                                                                                                                                                                                                                                                                                                                                                                                                                                                                                                                                                                                                                                                                                                                                                                                                                                                                                                                                                                                                                                                                                                                                                                                                                                                                                                                                                                                                                                                                                                                                                                                                                                                                                                                                                                                                                                                                                                                                                                                                                                                                                                                                                                                                                                                                                                                                                                                                                                                                                                                                                                                                                                                                                                                                                                                                                                                                                                                                                                                                                                                                                                                                                                                                                                                                                                                                                                                                                                                                                                                                                                                                                                                                                                                                                                                                                                                                                                                                                                                                                                                                                                                                                                                                                                                                                                                                                                                                                                                                                                                                                                                                                                                                                                                                                                                                                                                                                                                                                                                                                                                                                                                                                                                                                                                                                                                                                                                                                                                                                                                                                                                                                                                                                                                                                                                                                                                                                                                                                                                                                                                                                                                                                                                                                                                                                                                                                                                                                                                                                                                                                                                                                                                                                                                                                                                                                                                                                                                                                                                                                                                                                                                                                                                                                                                                                                                                                                                                                                                                                                                                                                                                                                                                                                                                                                                                                                                                                                                                                                                                                                                                                                                                                                                                                                                                                                                                                                                                                                                                                                                                                                                                                                                                                                                                                                                                                                                                                                                                                                                                                                                                                                                                                                                                                                                                                                                                                                                                                                                                                                                                                                                                                                                                                                                                                                                                                                                                                                                                                                                                                                                                                                                                                                                                                                                                                                                                                                                                                                                                                                                                                                                                                                                                                                                                                                                                                                                                                                                                                                                                                                                                                                                                                                                                                                                                                                                                                                                                                                                                                                                                                                                                                                                                                                                                                                                                                                                                                                                                                                                                                                                                                                                                                                                                                                                                                                                                                                                                                                                                                                                                                                                                                                                                                                                                                                                                                                                                                                                                                                                                                                                                                                                                                                                                                                                                                                                                                                                                                                                                                                                                                                                                                                                                                                                                                                                                                                                                                                                                                                                                                                                                                                                                                                                                                                                                                                                                                                                                                                                                                                                                                                                                                                                                                                                                                                                                                                                                                                                                                                                                                                                                                                                                                                                                                                                                                                                                                                                                                                                                                                                                                                                                                                                                                                                                                                                                                                                                                                                                                                                                                                                                                                                                                                                                                                                                                                                                                                                                                                                                                                                                                                                                                                                                                                                                                                                                                                                                                                                                                                                                                                                                                                                                                                                                                                                                                                                                                                                                                                                                                                                                                                                                                                                                                                                                                                                                                                                                                                                                                                                                                                                                                                                                                                                                                                                                                                                                                                                                                                                                                                                                                                                                                                                                                                                                                                                                                                                                                                                                                                                                                                                                                                                                                                                                                                                                                                                                                                                                                                                                                                                                                                                                                                                                                                                                                                                                                                                                                                                                                                                                                                                                                                                                                                                                                                                                                                                                                                                                                                                                                                                                                                                                                                                                                                                                                                                                                                                                                                                                                                                                                                                                                                                                                                                                                                                                                                                                                                                                                                                                                                                                                                                                                                                                                                                                                                                                                                                                                                                                                                                                                                                                                                                                                                                                                                                                                                                                                                                                                                                                                                                                                                                                                                                                                                                                                                                                                                                                                                                                                                                                                                                                                                                                                                                                                                                                                                                                                                                                                                                                                                                                                                                                                                                                                                                                                                                                                                                                                                                                                                                                                                                                                                                                                                                                                                                                                                                                                                                                                                                                                                                                                                                                                                                                                                                                                                                                                                                                                                                                                                                                                                                                                                                                                                                                                                                                                                                                                                                                                                                                                                                                                                                                                                                                                                                                                                                                                                                                                                                                                                                                                                                                                                                                                                                                                                                                                                                                                                                                                                                                                                                                                                                                                                                                                                                                                                                                                                                                                                                                                                                                                                                                                                                                                                                                                                                                                                                                                                                                                                                                                                                                                                                                                                                                                                                                                                                                                                                                                                                                                                                                                                                                                                                                                                                                                                                                                                                                                                                                                                                                                                                                                                                                                                                                                                                                                                                                                                                                                                                                                                                                                                                                                                                                                                                                                                                                                                                                                                                                                                                                                                                                                                                                                                                                                                                                                                                                                                                                                                                                                                                                                                                                                                                                                                                                                                                                                                                                                                                                                                                                                                                                                                                                                                                                                                                                                                                                                                                                                                                                                                                                                                                                                                                                                                                                                                                                                                                                                                                                                                                                                                                                                                                                                                                                                                                                                                                                                                                                                                                                                                                                                                                                                                                                                                                                                                                                                                                                                                                                                                                                                                                                                                                                                                                                                                                                                                                                                                                                                                                                                                                                                                                                                                                                                                                                                                                                                                                                                                                                                                                                                                                                                                                                                                                                                                                                                                                                                                                                                                                                                                                                                                                                                                                                                                                                                                                                                                                                                                                                                                                                                                                                                                                                                                                                                                                                                                                                                                                                                                                                                                                                                                                                                                                                                                                                                                                                                                                                                                                                                                                                                                                                                                                                                                                                                                                                                                                                                                                                                                                                                                                                                                                                                                                                                                                                                                                                                                                                                                                                                                                                                                                                                                                                                                                                                                                                                                                                                                                                                                                                                                                                                                                                                                                                                                                                                                                                                                                                                                                                                                                                                                                                                                                                                                                                                                                                                                                                                                                                                                                                                                                                                                                                                                                                                                                                                                                                                                                                                                                                                                                                                                                                                                                                                                                                                                                                                                                                                                                                                                                                                                                                                                                                                                                                                                                                                                                                                                                                                                                                                                                                                                                                                                                                                                                                                                                                                                                                                                                                                                                                                                                                                                                                                                                                                                                                                                                                                                                                                                                                                                                                                                                                                                                                                                                                                                                                                                                                                                                                                                                                                                                                                                                                                                                                                                                                                                                                                                                                                                                                                                                                                                                                                                                                                                                                                                                                                                                                                                                                                                                                                                                                                                                                                                                                                                                                                                                                                                                                                                                                                                                                                                                                                                                                                                                                                                                                                                                                                                                                                                                                                                                                                                                                                                                                                                                                                                                                                                                                                                                                                                                                                                                                                                                                                                                                                                                                                                                                                                                                                                                                                                                                                                                                                                                                                                                                                                                                                                                                                                                                                                                                                                                                                                                                                                                                                                                                                                                                                                                                                                                                                                                                                                                                                                                                                                                                                                                                                                                                                                                                                                                                                                                                                                                                                                                                                                                                                                                                                                                                                                                                                                                                                                                                                                                                                                                                                                                                                                                                                                                                                                                                                                                                                                                                                                                                                                                                                                                                                                                                                                                                                                                                                                                                                                                                                                                                                                                                                                                                                                                                                                                                                                                                                                                                                                                                                                                                                                                                                                                                                                                                                                                                                                                                                                                                                                                                                                                                                                                                                                                                                                                                                                                                                                                                                                                                                                                                                                                                                                                                                                                                                                                                                                                                                                                                                                                                                                                                                                                                                                                                                                                                                                                                                                                                                                                                                                                                                                                                                                                                                                                                                                                                                                                                                                                                                                                                                                                                                                                                                                                                                                                                                                                                                                                                                                                                                                                                                                                                                                                                                                                                                                                                                                                                                                                                                                                                                                                                                                                                                                                                                                                                                                                                                                                                                                                                                                                                                                                                                                                                                                                                                                                                                                                                                                                                                                                                                                                                                                                                                                                                                                                                                                                                                                                                                                                                                                                                                                                                                                                                                                                                                                                                                                                                                                                                                                                                                                                                                                                                                                                                                                                                                                                                                                                                                                                                                                                                                                                                                                                                                                                                                                                                                                                                                                                                                                                                                                                                                                                                                                                                                                                                                                                                                                                                                                                                                                                                                                                                                                                                                                                                                                                                                                                                                                                                                                                                                                                                                                                                                                                                                                                                                                                                                                                                                                                                                                                                                                                                                                                                                                                                                                                                                                                                                                                                                                                                                                                                                                                                                                                                                                                                                                                                                                                                                                                                                                                                                                                                                                                                                                                                                                                                                                                                                                                                                                                                                                                                                                                                                                                                                                                                                                                                                                                                                                                                                                                                                                                                                                                                                                                                                                                                                                                                                                                                                                                                                                                                                                                                                                                                                                                                                                                                                                                                                                                                                                                                                                                                                                                                                                                                                                                                                                                                                                                                                                                                                                                                                                                                                                                                                                                                                                                                                                                                                                                                                                                                                                                                                                                                                                                                                                                                                                                                                                                                                                                                                                                                                                                                                                                                                                                                                                                                                                                                                                                                                                                                                                                                                                                                                                                                                                                                                                                                                                                                                                                                                                                                                                                                                                                                                                                                                                                                                                                                                                                                                                                                                                                                                                                                                                                                                                                                                                                                                                                                                                                                                                                                                                                                                                                                                                                                                                                                                                                                                                                                                                                                                                                                                                                                                                                                                                                                                                                                                                                                                                                                                                                                                                                                                                                                                                                                                                                                                                                                                                                                                                                                                                                                                                                                                                                                                                                                                                                                                                                                                                                                                                                                                                                                                                                                                                                                                                                                                                                                                                                                                                                                                                                                                                                                                                                                                                                                                                                                                                                                                                                                                                                                                                                                                                                                                                                                                                                                                                                                                                                                                                                                                                                                                                                                                                                                                                                                                                                                                                                                                                                                                                                                                                                                                                                                                                                                                                                                                                                                                                                                                                                                                                                                                                                                                                                                                                                                                                                                                                                                                                                                                                                                                                                                                                                                                                                                                                                                                                                                                                                                                                                                                                                                                                                                                                                                                                                                                                                                                                                                                                                                                                                                                                                                                                                                                                                                                                                                                                                                                                                                                                                                                                                                                                                                                                                                                                                                                                                                                                                                                                                                                                                                                                                                                                                                                                                                                                                                                                                                                                                                                                                                                                                                                                                                                                                                                                                                                                                                                                                                                                                                                                                                                                                                                                                                                                                                                                                                                                                                                                                                                                                                                                                                                                                                                                                                                                                                                                                                                                                                                                                                                                                                                                                                                                                                                                                                                                                                                                                                                                                                                                                                                                                                                                                                                                                                                                                                                                                                                                                                                                                                                                                                                                                                                                                                                                                                                                                                                                                                                                                                                                                                                                                                                                                                                                                                                                                                                                                                                                                                                                                                                                                                                                                                                                                                                                                                                                                                                                                                                                                                                                                                                                                                                                                                                                                                                                                                                                                                                                                                                                                                                                                                                                                                                                                                                                                                                                                                                                                                                                                                                                                                                                                                                                                                                                                                                                                                                                                                                                                                                                                                                                                                                                                                                                                                                                                                                                                                                                                                                                                                                                                                                                                                                                                                                                                                                                                                                                                                                                                                                                                                                                                                                                                                                                                                                                                                                                                                                                                                                                                                                                                                                                                                                                                                                                                                                                                                                                                                                                                                                                                                                                                                                                                                                                                                                                                                                                                                                                                                                                                                                                                                                                                                                                                                                                                                                                                                                                                                                                                                                                                                                                                                                                                                                                                                                                                                                                                                                                                                                                                                                                                                                                                                                                                                                                                                                                                                                                                                                                                                                                                                                                                                                                                                                                                                                                                                                                                                                                                                                                                                                                                                                                                                                                                                                                                                                                                                                                                                                                                                                                                                                                                                                                                                                                                                                                                                                                                                                                                                                                                                                                                                                                                                                                                                                                                                                                                                                                                                                                                                                                                                                                                                                                                                                                                                                                                                                                                                                                                                                                                                                                                                                                                                                                                                                                                                                                                                                               [2016-11-16 14:47:31.903]  Tuned to 3
[2016-11-16 14:47:32.004]  Tuned to 4
[2016-11-16 14:47:32.104]  Tuned to 5
[2016-11-16 14:47:32.204]  Tuned to 6
[2016-11-16 14:47:32.304]  Tuned to 7
[2016-11-16 14:47:32.405]  Tuned to 8
[2016-11-16 14:47:32.505]  Tuned to 9
[2016-11-16 14:47:32.605]  Tuned to 10
[2016-11-16 14:47:32.706]  Tuned to 11
[2016-11-16 14:47:32.806]  Tuned to 12
[2016-11-16 14:47:32.906]  Tuned to 13
[2016-11-16 14:47:33.006]  Tuned to 14
[2016-11-16 14:47:33.107]  Tuned to 15
[2016-11-16 14:47:33.207]  Tuned to 16
[2016-11-16 14:47:33.308]  Tuned to 17
[2016-11-16 14:47:33.408]  Tuned to 18
[2016-11-16 14:47:33.508]  Tuned to 19
[2016-11-16 14:47:33.608]  Tuned to 20
[2016-11-16 14:47:33.709]  Tuned to 21
[2016-11-16 14:47:33.809]  Tuned to 22
[2016-11-16 14:47:33.909]  Tuned to 23
[2016-11-16 14:47:34.010]  Tuned to 24
[2016-11-16 14:47:34.110]  Tuned to 25
[2016-11-16 14:47:34.210]  Tuned to 26
[2016-11-16 14:47:34.310]  Tuned to 27
[2016-11-16 14:47:34.411]  Tuned to 28
[2016-11-16 14:47:34.513]  Tuned to 29
[2016-11-16 14:47:34.614]  Tuned to 30
[2016-11-16 14:47:34.714]  Tuned to 31
[2016-11-16 14:47:34.814]  Tuned to 32
[2016-11-16 14:47:34.914]  Tuned to 33
[2016-11-16 14:47:35.015]  Tuned to 34
[2016-11-16 14:47:35.115]  Tuned to 35
[2016-11-16 14:47:35.216]  Tuned to 36
[2016-11-16 14:47:35.316]  Tuned to 37
[2016-11-16 14:47:35.416]  Tuned to 38
[2016-11-16 14:47:35.517]  Tuned to 39
[2016-11-16 14:47:35.617]  Tuned to 40
[2016-11-16 14:47:35.717]  Tuned to 41
[2016-11-16 14:47:35.817]  Tuned to 42
[2016-11-16 14:47:35.918]  Tuned to 43
[2016-11-16 14:47:36.018]  Tuned to 44
[2016-11-16 14:47:36.119]  Tuned to 45
[2016-11-16 14:47:36.219]  Tuned to 46
[2016-11-16 14:47:36.319]  Tuned to 47
[2016-11-16 14:47:36.420]  Tuned to 48
[2016-11-16 14:47:36.520]  Tuned to 49
[2016-11-16 14:47:36.620]  Tuned to 50
[2016-11-16 14:47:36.721]  Tuned to 51
[2016-11-16 14:47:36.821]  Tuned to 52
[2016-11-16 14:47:36.921]  Tuned to 53
[2016-11-16 14:47:37.022]  Tuned to 54
[2016-11-16 14:47:37.122]  Tuned to 55
[2016-11-16 14:47:37.222]  Tuned to 56
[2016-11-16 14:47:37.323]  Tuned to 57
[2016-11-16 14:47:37.423]  Tuned to 58
[2016-11-16 14:47:37.526]  Tuned to 59
[2016-11-16 14:47:37.626]  Tuned to 60
[2016-11-16 14:47:37.726]  Tuned to 61
[2016-11-16 14:47:37.827]  Tuned to 62
[2016-11-16 14:47:37.927]  Tuned to 63
[2016-11-16 14:47:38.027]  Tuned to 64
[2016-11-16 14:47:38.127]  Tuned to 65
[2016-11-16 14:47:38.228]  Tuned to 66
[2016-11-16 14:47:38.328]  Tuned to 67
[2016-11-16 14:47:38.428]  Tuned to 68
[2016-11-16 14:47:38.529]  Tuned to 69
[2016-11-16 14:47:38.629]  Tuned to 70
[2016-11-16 14:47:38.729]  Tuned to 71
[2016-11-16 14:47:38.830]  Tuned to 72
[2016-11-16 14:47:38.932]  Tuned to 73
[2016-11-16 14:47:39.032]  Tuned to 74
[2016-11-16 14:47:39.132]  Tuned to 75
[2016-11-16 14:47:39.233]  Tuned to 76
[2016-11-16 14:47:39.333]  Tuned to 77
[2016-11-16 14:47:39.433]  Tuned to 78
[2016-11-16 14:47:39.534]  Tuned to 79
[2016-11-16 14:47:39.634]  Tuned to 80
[2016-11-16 14:47:39.734]  Tuned to 81
[2016-11-16 14:47:39.834]  Tuned to 82
[2016-11-16 14:47:39.935]  Tuned to 83
[2016-11-16 14:47:40.035]  Tuned to 2
[2016-11-16 14:47:40.135]  Tuned to 3
[2016-11-16 14:47:40.236]  Tuned to 4
[2016-11-16 14:47:40.336]  Tuned to 5
[2016-11-16 14:47:40.436]  Tuned to 6
[2016-11-16 14:47:40.537]  Tuned to 7
[2016-11-16 14:47:40.637]  Tuned to 8
[2016-11-16 14:47:40.737]  Tuned to 9
[2016-11-16 14:47:40.838]  Tuned to 10
[2016-11-16 14:47:40.938]  Tuned to 11
[2016-11-16 14:47:41.038]  Tuned to 12
[2016-11-16 14:47:41.139]  Tuned to 13
[2016-11-16 14:47:41.239]  Tuned to 14
[2016-11-16 14:47:41.339]  Tuned to 15
[2016-11-16 14:47:41.440]  Tuned to 16
[2016-11-16 14:47:41.540]  Tuned to 17
[2016-11-16 14:47:41.640]  Tuned to 18
[2016-11-16 14:47:41.741]  Tuned to 19
[2016-11-16 14:47:41.841]  Tuned to 20
[2016-11-16 14:47:41.941]  Tuned to 21
[2016-11-16 14:47:42.042]  Tuned to 22
[2016-11-16 14:47:42.142]  Tuned to 23
[2016-11-16 14:47:42.242]  Tuned to 24
[2016-11-16 14:47:42.343]  Tuned to 25
[2016-11-16 14:47:42.443]  Tuned to 26
[2016-11-16 14:47:42.543]  Tuned to 27
[2016-11-16 14:47:42.644]  Tuned to 28
[2016-11-16 14:47:42.744]  Tuned to 29
[2016-11-16 14:47:42.844]  Tuned to 30
[2016-11-16 14:47:42.945]  Tuned to 31
[2016-11-16 14:47:43.045]  Tuned to 32
[2016-11-16 14:47:43.145]  Tuned to 33
[2016-11-16 14:47:43.246]  Tuned to 34
[2016-11-16 14:47:43.346]  Tuned to 35
[2016-11-16 14:47:43.446]  Tuned to 36
[2016-11-16 14:47:43.547]  Tuned to 37
[2016-11-16 14:47:43.647]  Tuned to 38
[2016-11-16 14:47:43.748]  Tuned to 39
[2016-11-16 14:47:43.848]  Tuned to 40
[2016-11-16 14:47:43.948]  Tuned to 41
[2016-11-16 14:47:44.049]  Tuned to 42
tail: output.txt: file truncated
                                                                                                                                                                                                                                                                                                                                                                                                                                                                                                                                                                                                                                                                                                                                                                                                                                                                                                                                                                                                                                                                                                                                                                                                                                                                                                                                                                                                                                                                                                                                                                                                                                                                                                                                                                                                                                                                                                                                                                                                                                                                                                                                                                                                                                                                                                                                                                                                                                                                                                                                                                                                                                                                                                                                                                                                                                                                                                                                                                                                                                                                                                                                                                                                                                                                                                                                                                                                                                                                                                                                                                                                                                                                                                                                                                                                                                                                                                                                                                                                                                                                                                                                                                                                                                                                                                                                                                                                                                                                                                                                                                                                                                                                                                                                                                                                                                                                                                                                                                                                                                                                                                                                                                                                                                                                                                                                                                                                                                                                                                                                                                                                                                                                                                                                                                                                                                                                                                                                                                                                                                                                                                                                                                                                                                                                                                                                                                                                                                                                                                                                                                                                                                                                                                                                                                                                                                                                                                                                                                                                                                                                                                                                                                                                                                                                                                                                                                                                                                                                                                                                                                                                                                                                                                                                                                                                                                                                                                                                                                                                                                                                                                                                                                                                                                                                                                                                                                                                                                                                                                                                                                                                                                                                                                                                                                                                                                                                                                                                                                                                                                                                                                                                                                                                                                                                                                                                                                                                                                                                                                                                                                                                                                                                                                                                                                                                                                                                                                                                                                                                                                                                                                                                                                                                                                                                                                                                                                                                                                                                                                                                                                                                                                                                                                                                                                                                                                                                                                                                                                                                                                                                                                                                                                                                                                                                                                                                                                                                                                                                                                                                                                                                                                                                                                                                                                                                                                                                                                                                                                                                                                                                                                                                                                                                                                                                                                                                                                                                                                                                                                                                                                                                                                                                                                                                                                                                                                                                                                                                                                                                                                                                                                                                                                                                                                                                                                                                                                                                                                                                                                                                                                                                                                                                                                                                                                                                                                                                                                                                                                                                                                                                                                                                                                                                                                                                                                                                                                                                                                                                                                                                                                                                                                                                                                                                                                                                                                                                                                                                                                                                                                                                                                                                                                                                                                                                                                                                                                                                                                                                                                                                                                                                                                                                                                                                                                                                                                                                                                                                                                                                                                                                                                                                                                                                                                                                                                                                                                                                                                                                                                                                                                                                                                                                                                                                                                                                                                                                                                                                                                                                                                                                                                                                                                                                                                                                                                                                                                                                                                                                                                                                                                                                                                                                                                                                                                                                                                                                                                                                                                                                                                                                                                                                                                                                                                                                                                                                                                                                                                                                                                                                                                                                                                                                                                                                                                                                                                                                                                                                                                                                                                                                                                                                                                                                                                                                                                                                                                                                                                                                                                                                                                                                                                                                                                                                                                                                                                                                                                                                                                                                                                                                                                                                                                                                                                                                                                                                                                                                                                                                                                                                                                                                                                                                                                                                                                                                                                                                                                                                                                                                                                                                                                                                                                                                                                                                                                                                                                                                                                                                                                                                                                                                                                                                                                                                                                                                                                                                                                                                                                                                                                                                                                                                                                                                                                                                                                                                                                                                                                                                                                                                                                                                                                                                                                                                                                                                                                                                                                                                                                                                                                                                                                                                                                                                                                                                                                                                                                                                                                                                                                                                                                                                                                                                                                                                                                                                                                                                                                                                                                                                                                                                                                                                                                                                                                                                                                                                                                                                                                                                                                                                                                                                                                                                                                                                                                                                                                                                                                                                                                                                                                                                                                                                                                                                                                                                                                                                                                                                                                                                                                                                                                                                                                                                                                                                                                                                                                                                                                                                                                                                                                                                                                                                                                                                                                                                                                                                                                                                                                                                                                                                                                                                                                                                                                                                                                                                                                                                                                                                                                                                                                                                                                                                                                                                                                                                                                                                                                                                                                                                                                                                                                                                                                                                                                                                                                                                                                                                                                                                                                                                                                                                                                                                                                                                                                                                                                                                                                                                                                                                                                                                                                                                                                                                                                                                                                                                                                                                                                                                                                                                                                                                                                                                                                                                                                                                                                                                                                                                                                                                                                                                                                                                                                                                                                                                                                                                                                                                                                                                                                                                                                                                                                                                                                                                                                                                                                                                                                                                                                                                                                                                                                                                                                                                                                                                                                                                                                                                                                                                                                                                                                                                                                                                                                                                                                                                                                                                                                                                                                                                                                                                                                                                                                                                                                                                                                                                                                                                                                                                                                                                                                                                                                                                                                                                                                                                                                                                                                                                                                                                                                                                                                                                                                                                                                                                                                                                                                                                                                                                                                                                                                                                                                                                                                                                                                                                                                                                                                                                                                                                                                                                                                                                                                                                                                                                                                                                                                                                                                                                                                                                                                                                                                                                                                                                                                                                                                                                                                                                                                                                                                                                                                                                                                                                                                                                                                                                                                                                                                                                                                                                                                                                                                                                                                                                                                                                                                                                                                                                                                                                                                                                                                                                                                                                                                                                                                                                                                                                                                                                                                                                                                                                                                                                                                                                                                                                                                                                                                                                                                                                                                                                                                                                                                                                                                                                                                                                                                                                                                                                                                                                                                                                                                                                                                                                                                                                                                                                                                                                                                                                                                                                                                                                                                                                                                                                                                                                                                                                                                                                                                                                                                                                                                                                                                                                                                                                                                                                                                                                                                                                                                                                                                                                                                                                                                                                                                                                                                                                                                                                                                                                                                                                                                                                                                                                                                                                                                                                                                                                                                                                                                                                                                                                                                                                                                                                                                                                                                                                                                                                                                                                                                                                                                                                                                                                                                                                                                                                                                                                                                                                                                                                                                                                                                                                                                                                                                                                                                                                                                                                                                                                                                                                                                                                                                                                                                                                                                                                                                                                                                                                                                                                                                                                                                                                                                                                                                                                                                                                                                                                                                                                                                                                                                                                                                                                                                                                                                                                                                                                                                                                                                                                                                                                                                                                                                                                                                                                                                                                                                                                                                                                                                                                                                                                                                                                                                                                                                                                                                                                                                                                                                                                                                                                                                                                                                                                                                                                                                                                                                                                                                                                                                                                                                                                                                                                                                                                                                                                                                                                                                                                                                                                                                                                                                                                                                                                                                                                                                                                                                                                                                                                                                                                                                                                                                                                                                                                                                                                                                                                                                                                                                                                                                                                                                                                                                                                                                                                                                                                                                                                                                                                                                                                                                                                                                                                                                                                                                                                                                                                                                                                                                                                                                                                                                                                                                                                                                                                                                                                                                                                                                                                                                                                                                                                                                                                                                                                                                                                                                                                                                                                                                                                                                                                                                                                                                                                                                                                                                                                                                                                                                                                                                                                                                                                                                                                                                                                                                                                                                                                                                                                                                                                                                                                                                                                                                                                                                                                                                                                                                                                                                                                                                                                                                                                                                                                                                                                                                                                                                                                                                                                                                                                                                                                                                                                                                                                                                                                                                                                                                                                                                                                                                                                                                                                                                                                                                                                                                                                                                                                                                                                                                                                                                                                                                                                                                                                                                                                                                                                                                                                                                                                                                                                                                                                                                                                                                                                                                                                                                                                                                                                                                                                                                                                                                                                                                                                                                                                                                                                                                                                                                                                                                                                                                                                                                                                                                                                                                                                                                                                                                                                                                                                                                                                                                                                                                                                                                                                                                                                                                                                                                                                                                                                                                                                                                                                                                                                                                                                                                                                                                                                                                                                                                                                                                                                                                                                                                                                                                                                                                                                                                                                                                                                                                                                                                                                                                                                                                                                                                                                                                                                                                                                                                                                                                                                                                                                                                                                                                                                                                                                                                                                                                                                                                                                                                                                                                                                                                                                                                                                                                                                                                                                                                                                                                                                                                                                                                                                                                                                                                                                                                                                                                                                                                                                                                                                                                                                                                                                                                                                                                                                                                                                                                                                                                                                                                                                                                                                                                                                                                                                                                                                                                                                                                                                                                                                                                                                                                                                                                                                                                                                                                                                                                                                                                                                                                                                                                                                                                                                                                                                                                                                                                                                                                                                                                                                                                                                                                                                                                                                                                                                                                                                                                                                                                                                                                                                                                                                                                                                                                                                                                                                                                                                                                                                                                                                                                                                                                                                                                                                                                                                                                                                                                                                                                                                                                                                                                                                                                                                                                                                                                                                                                                                                                                                                                                                                                                                                                                                                                                                                                                                                                                                                                                                                                                                                                                                                                                                                                                                                                                                                                                                                                                                                                                                                                                                                                                                                                                                                                                                                                                                                                                                                                                                                                                                                                                                                                                                                                                                                                                                                                                                                                                                                                                                                                                                                                                                                                                                                                                                                                                                                                                                                                                                                                                                                                                                                                                                                                                                                                                                                                                                                                                                                                                                                                                                                                                                                                                                                                                                                                                                                                                                                                                                                                                                                                                                                                                                                                                                                                                                                                                                                                                                                                                                                                                                                                                                                                                                                                                                                                                                                                                                                                                                                                                                                                                                                                                                                                                                                                                                                                                                                                                                                                                                                                                                                                                                                                                                                                                                                                                                                                                                                                                                                                                                                                                                                                                                                                                                                                                                                                                                                                                                                                                                                                                                                                                                                                                                                                                                                                                                                                                                                                                                                                                                                                                                                                                                                                                                                                                                                                                                                                                                                                                                                                                                                                                                                                                                                                                                                                                                                                                                                                                                                                                                                                                                                                                                                                                                                                                                                                                                                                                                                                                                                                                                                                                                                                                                                                                                                                                                                                                                                                                                                                                                                                                                                                                                                                                                                                                                                                                                                                                                                                                                                                                                                                                                                                                                                                                                                                                                                                                                                                                                                                                                                                                                                                                                                                                                                                                                                                                                                                                                                                                                                                                                                                                                                                                                                                                                                                                                                                                                                                                                                                                                                                                                                                                                                                                                                                                                                                                                                                                                                                                                                                                                                                                                                                                                                                                                                                                                                                                                                                                                                                                                                                                                                                                                                                                                                                                                                                                                                                                                                                                                                                                                                                                                                                                                                                                                                                                                                                                                                                                                                                                                                                                                                                                                                                                                                                                                                                                                                                                                                                                                                                                                                                                                                                                                                                                                                                                                                                                                                                                                                                                                                                                                                                                                                                                                                                                                                                                                                                                                                                                                                                                                                                                                                                                                                                                                                                                                                                                                                                                                                                                                                                                                                                                                                                                                                                                                                                                                                                                                                                                                                                                                                                                                                                                                                                                                                                                                                                                                                                                                                                                                                                                                                                                                                                                                                                                                                                                                                                                                                                                                                                                                                                                                                                                                                                                                                                                                                                                                                                                                                                                                                                                                                                                                                                                                                                                                                                                                                                                                                                                                                                                                                                                                                                                                                                                                                                                                                                                                                                                                                                                                                                                                                                                                                                                                                                                                                                                                                                                                                                                                                                                                                                                                                                                                                                                                                                                                                                                                                                                                                                                                                                                                                                                                                                                                                                                                                                                                                                                                                                                                                                                                                                                                                                                                                                                                                                                                                                                                                                                                                                                                                                                                                                                                                                                                                                                                                                                                                                                                                                                                                                                                                                                                                                                                                                                                                                                                                                                                                                                                                                                                                                                                                                                                                                                                                                                                                                                                                                                                                                                                                                                                                                                                                                                                                                                                                                                                                                                                                                                                                                                                                                                                                                                                                                                                                                                                                                                                                                                                                                                                                                                                                                                                                                                                                                                                                                                                                                                                                                                                                                                                                                                                                                                                                                                                                                                                                                                                                                                                                                                                                                                                                                                                                                                                                                                                                                                                                                                                                                                                                                                                                                                                                                                                                                                                                                                                                                                                                                                                                                                                                                                                                                                                                                                                                                                                                                                                                                                                                                                                                                                                                                                                                                                                                                                                                                                                                                                                                                                                                                                                                                                                                                                                                                                                                                                                                                                                                                                                                                                                                                                                                                                                                                                                                                                                                                                                                                                                                                                                                                                                                                                                                                                                                                                                                                                                                                                                                                                                                                                                                                                                                                                                                                                                                                                                                                                                                                                                                                                                                                                                                                                                                                                                                                                                                                                                                                                                                                                                                                                                                                                                                                                                                                                                                                                                                                                                                                                                                                                                                                                                                                                                                                                                                                                                                                                                                                                                                                                                                                                                                                                                                                                                                                                                                                                                                                                                                                                                                                                                                                                                                                                                                                                                                                                                                                                                                                                                                                                                                                                                                                                                                                                                                                                                                                                                                                                                                                                                                                                                                                                                                                                                                                                                                                                                                                                                                                                                                                                                                                                                                                                                                                                                                                                                                                                                                                                                                                                                                                                                                                                                                                                                                                                                                                                                                                                                                                                                                                                                                                                                                                                                                                                                                                                                      [2016-11-16 14:47:44.149]  Tuned to 43
[2016-11-16 14:47:44.249]  Tuned to 44
[2016-11-16 14:47:44.350]  Tuned to 45
[2016-11-16 14:47:44.450]  Tuned to 46
[2016-11-16 14:47:44.550]  Tuned to 47
[2016-11-16 14:47:44.651]  Tuned to 48
[2016-11-16 14:47:44.751]  Tuned to 49
[2016-11-16 14:47:44.853]  Tuned to 50
[2016-11-16 14:47:44.953]  Tuned to 51
[2016-11-16 14:47:45.054]  Tuned to 52
[2016-11-16 14:47:45.154]  Tuned to 53
[2016-11-16 14:47:45.254]  Tuned to 54
[2016-11-16 14:47:45.355]  Tuned to 55
[2016-11-16 14:47:45.455]  Tuned to 56
[2016-11-16 14:47:45.557]  Tuned to 57
[2016-11-16 14:47:45.657]  Tuned to 58
[2016-11-16 14:47:45.758]  Tuned to 59
[2016-11-16 14:47:45.858]  Tuned to 60
[2016-11-16 14:47:45.958]  Tuned to 61
[2016-11-16 14:47:46.059]  Tuned to 62
[2016-11-16 14:47:46.159]  Tuned to 63
[2016-11-16 14:47:46.259]  Tuned to 64
[2016-11-16 14:47:46.360]  Tuned to 65
[2016-11-16 14:47:46.460]  Tuned to 66
[2016-11-16 14:47:46.560]  Tuned to 67
[2016-11-16 14:47:46.661]  Tuned to 68
[2016-11-16 14:47:46.761]  Tuned to 69
[2016-11-16 14:47:46.861]  Tuned to 70
[2016-11-16 14:47:46.962]  Tuned to 71
[2016-11-16 14:47:47.062]  Tuned to 72
[2016-11-16 14:47:47.162]  Tuned to 73
[2016-11-16 14:47:47.262]  Tuned to 74
[2016-11-16 14:47:47.363]  Tuned to 75
[2016-11-16 14:47:47.464]  Tuned to 76
[2016-11-16 14:47:47.564]  Tuned to 77
[2016-11-16 14:47:47.664]  Tuned to 78
[2016-11-16 14:47:47.765]  Tuned to 79
[2016-11-16 14:47:47.865]  Tuned to 80
[2016-11-16 14:47:47.965]  Tuned to 81
[2016-11-16 14:47:48.066]  Tuned to 82
[2016-11-16 14:47:48.166]  Tuned to 83
[2016-11-16 14:47:48.266]  Tuned to 2
[2016-11-16 14:47:48.367]  Tuned to 3
[2016-11-16 14:47:48.467]  Tuned to 4
[2016-11-16 14:47:48.567]  Tuned to 5
[2016-11-16 14:47:48.667]  Tuned to 6
[2016-11-16 14:47:48.768]  Tuned to 7
[2016-11-16 14:47:48.868]  Tuned to 8
[2016-11-16 14:47:48.968]  Tuned to 9
[2016-11-16 14:47:49.069]  Tuned to 10
[2016-11-16 14:47:49.169]  Tuned to 11
[2016-11-16 14:47:49.269]  Tuned to 12
[2016-11-16 14:47:49.370]  Tuned to 13
[2016-11-16 14:47:49.470]  Tuned to 14
[2016-11-16 14:47:49.570]  Tuned to 15
[2016-11-16 14:47:49.671]  Tuned to 16
[2016-11-16 14:47:49.771]  Tuned to 17
[2016-11-16 14:47:49.871]  Tuned to 18
[2016-11-16 14:47:49.972]  Tuned to 19
[2016-11-16 14:47:50.072]  Tuned to 20
[2016-11-16 14:47:50.172]  Tuned to 21
[2016-11-16 14:47:50.272]  Tuned to 22
[2016-11-16 14:47:50.373]  Tuned to 23
[2016-11-16 14:47:50.473]  Tuned to 24
[2016-11-16 14:47:50.573]  Tuned to 25
[2016-11-16 14:47:50.674]  Tuned to 26
[2016-11-16 14:47:50.774]  Tuned to 27
[2016-11-16 14:47:50.875]  Tuned to 28
[2016-11-16 14:47:50.975]  Tuned to 29
[2016-11-16 14:47:51.075]  Tuned to 30
[2016-11-16 14:47:51.175]  Tuned to 31
[2016-11-16 14:47:51.276]  Tuned to 32
[2016-11-16 14:47:51.376]  Tuned to 33
[2016-11-16 14:47:51.476]  Tuned to 34
[2016-11-16 14:47:51.576]  Tuned to 35
[2016-11-16 14:47:51.677]  Tuned to 36
[2016-11-16 14:47:51.777]  Tuned to 37
[2016-11-16 14:47:51.879]  Tuned to 38
[2016-11-16 14:47:51.979]  Tuned to 39
[2016-11-16 14:47:52.079]  Tuned to 40
[2016-11-16 14:47:52.179]  Tuned to 41
[2016-11-16 14:47:52.280]  Tuned to 42
[2016-11-16 14:47:52.380]  Tuned to 43
[2016-11-16 14:47:52.480]  Tuned to 44
[2016-11-16 14:47:52.581]  Tuned to 45
[2016-11-16 14:47:52.681]  Tuned to 46
[2016-11-16 14:47:52.782]  Tuned to 47
[2016-11-16 14:47:52.882]  Tuned to 48
[2016-11-16 14:47:52.982]  Tuned to 49
[2016-11-16 14:47:53.083]  Tuned to 50
[2016-11-16 14:47:53.183]  Tuned to 51
[2016-11-16 14:47:53.283]  Tuned to 52
[2016-11-16 14:47:53.384]  Tuned to 53
[2016-11-16 14:47:53.484]  Tuned to 54
[2016-11-16 14:47:53.586]  Tuned to 55
[2016-11-16 14:47:53.686]  Tuned to 56
[2016-11-16 14:47:53.786]  Tuned to 57
[2016-11-16 14:47:53.887]  Tuned to 58
[2016-11-16 14:47:53.987]  Tuned to 59
[2016-11-16 14:47:54.087]  Tuned to 60
[2016-11-16 14:47:54.188]  Tuned to 61
[2016-11-16 14:47:54.288]  Tuned to 62
[2016-11-16 14:47:54.388]  Tuned to 63
[2016-11-16 14:47:54.489]  Tuned to 64
[2016-11-16 14:47:54.589]  Tuned to 65
[2016-11-16 14:47:54.689]  Tuned to 66
[2016-11-16 14:47:54.789]  Tuned to 67
[2016-11-16 14:47:54.890]  Tuned to 68
[2016-11-16 14:47:54.990]  Tuned to 69
[2016-11-16 14:47:55.090]  Tuned to 70
[2016-11-16 14:47:55.191]  Tuned to 71
[2016-11-16 14:47:55.292]  Tuned to 72
[2016-11-16 14:47:55.392]  Tuned to 73
[2016-11-16 14:47:55.492]  Tuned to 74
[2016-11-16 14:47:55.593]  Tuned to 75
[2016-11-16 14:47:55.693]  Tuned to 76
[2016-11-16 14:47:55.793]  Tuned to 77
[2016-11-16 14:47:55.894]  Tuned to 78
[2016-11-16 14:47:55.994]  Tuned to 79
[2016-11-16 14:47:56.094]  Tuned to 80
[2016-11-16 14:47:56.195]  Tuned to 81
[2016-11-16 14:47:56.295]  Tuned to 82
[2016-11-16 14:47:56.395]  Tuned to 83
[2016-11-16 14:47:56.496]  Tuned to 2
[2016-11-16 14:47:56.596]  Tuned to 3
[2016-11-16 14:47:56.696]  Tuned to 4
[2016-11-16 14:47:56.797]  Tuned to 5
[2016-11-16 14:47:56.897]  Tuned to 6
[2016-11-16 14:47:56.997]  Tuned to 7
[2016-11-16 14:47:57.098]  Tuned to 8
[2016-11-16 14:47:57.198]  Tuned to 9
[2016-11-16 14:47:57.298]  Tuned to 10
[2016-11-16 14:47:57.398]  Tuned to 11
[2016-11-16 14:47:57.499]  Tuned to 12
[2016-11-16 14:47:57.599]  Tuned to 13
[2016-11-16 14:47:57.699]  Tuned to 14
[2016-11-16 14:47:57.800]  Tuned to 15
[2016-11-16 14:47:57.900]  Tuned to 16
[2016-11-16 14:47:58.000]  Tuned to 17
[2016-11-16 14:47:58.101]  Tuned to 18
[2016-11-16 14:47:58.201]  Tuned to 19
[2016-11-16 14:47:58.301]  Tuned to 20
[2016-11-16 14:47:58.401]  Tuned to 21
[2016-11-16 14:47:58.502]  Tuned to 22
[2016-11-16 14:47:58.602]  Tuned to 23
tail: output.txt: file truncated
                                                                                                                                                                                                                                                                                                                                                                                                                                                                                                                                                                                                                                                                                                                                                                                                                                                                                                                                                                                                                                                                                                                                                                                                                                                                                                                                                                                                                                                                                                                                                                                                                                                                                                                                                                                                                                                                                                                                                                                                                                                                                                                                                                                                                                                                                                                                                                                                                                                                                                                                                                                                                                                                                                                                                                                                                                                                                                                                                                                                                                                                                                                                                                                                                                                                                                                                                                                                                                                                                                                                                                                                                                                                                                                                                                                                                                                                                                                                                                                                                                                                                                                                                                                                                                                                                                                                                                                                                                                                                                                                                                                                                                                                                                                                                                                                                                                                                                                                                                                                                                                                                                                                                                                                                                                                                                                                                                                                                                                                                                                                                                                                                                                                                                                                                                                                                                                                                                                                                                                                                                                                                                                                                                                                                                                                                                                                                                                                                                                                                                                                                                                                                                                                                                                                                                                                                                                                                                                                                                                                                                                                                                                                                                                                                                                                                                                                                                                                                                                                                                                                                                                                                                                                                                                                                                                                                                                                                                                                                                                                                                                                                                                                                                                                                                                                                                                                                                                                                                                                                                                                                                                                                                                                                                                                                                                                                                                                                                                                                                                                                                                                                                                                                                                                                                                                                                                                                                                                                                                                                                                                                                                                                                                                                                                                                                                                                                                                                                                                                                                                                                                                                                                                                                                                                                                                                                                                                                                                                                                                                                                                                                                                                                                                                                                                                                                                                                                                                                                                                                                                                                                                                                                                                                                                                                                                                                                                                                                                                                                                                                                                                                                                                                                                                                                                                                                                                                                                                                                                                                                                                                                                                                                                                                                                                                                                                                                                                                                                                                                                                                                                                                                                                                                                                                                                                                                                                                                                                                                                                                                                                                                                                                                                                                                                                                                                                                                                                                                                                                                                                                                                                                                                                                                                                                                                                                                                                                                                                                                                                                                                                                                                                                                                                                                                                                                                                                                                                                                                                                                                                                                                                                                                                                                                                                                                                                                                                                                                                                                                                                                                                                                                                                                                                                                                                                                                                                                                                                                                                                                                                                                                                                                                                                                                                                                                                                                                                                                                                                                                                                                                                                                                                                                                                                                                                                                                                                                                                                                                                                                                                                                                                                                                                                                                                                                                                                                                                                                                                                                                                                                                                                                                                                                                                                                                                                                                                                                                                                                                                                                                                                                                                                                                                                                                                                                                                                                                                                                                                                                                                                                                                                                                                                                                                                                                                                                                                                                                                                                                                                                                                                                                                                                                                                                                                                                                                                                                                                                                                                                                                                                                                                                                                                                                                                                                                                                                                                                                                                                                                                                                                                                                                                                                                                                                                                                                                                                                                                                                                                                                                                                                                                                                                                                                                                                                                                                                                                                                                                                                                                                                                                                                                                                                                                                                                                                                                                                                                                                                                                                                                                                                                                                                                                                                                                                                                                                                                                                                                                                                                                                                                                                                                                                                                                                                                                                                                                                                                                                                                                                                                                                                                                                                                                                                                                                                                                                                                                                                                                                                                                                                                                                                                                                                                                                                                                                                                                                                                                                                                                                                                                                                                                                                                                                                                                                                                                                                                                                                                                                                                                                                                                                                                                                                                                                                                                                                                                                                                                                                                                                                                                                                                                                                                                                                                                                                                                                                                                                                                                                                                                                                                                                                                                                                                                                                                                                                                                                                                                                                                                                                                                                                                                                                                                                                                                                                                                                                                                                                                                                                                                                                                                                                                                                                                                                                                                                                                                                                                                                                                                                                                                                                                                                                                                                                                                                                                                                                                                                                                                                                                                                                                                                                                                                                                                                                                                                                                                                                                                                                                                                                                                                                                                                                                                                                                                                                                                                                                                                                                                                                                                                                                                                                                                                                                                                                                                                                                                                                                                                                                                                                                                                                                                                                                                                                                                                                                                                                                                                                                                                                                                                                                                                                                                                                                                                                                                                                                                                                                                                                                                                                                                                                                                                                                                                                                                                                                                                                                                                                                                                                                                                                                                                                                                                                                                                                                                                                                                                                                                                                                                                                                                                                                                                                                                                                                                                                                                                                                                                                                                                                                                                                                                                                                                                                                                                                                                                                                                                                                                                                                                                                                                                                                                                                                                                                                                                                                                                                                                                                                                                                                                                                                                                                                                                                                                                                                                                                                                                                                                                                                                                                                                                                                                                                                                                                                                                                                                                                                                                                                                                                                                                                                                                                                                                                                                                                                                                                                                                                                                                                                                                                                                                                                                                                                                                                                                                                                                                                                                                                                                                                                                                                                                                                                                                                                                                                                                                                                                                                                                                                                                                                                                                                                                                                                                                                                                                                                                                                                                                                                                                                                                                                                                                                                                                                                                                                                                                                                                                                                                                                                                                                                                                                                                                                                                                                                                                                                                                                                                                                                                                                                                                                                                                                                                                                                                                                                                                                                                                                                                                                                                                                                                                                                                                                                                                                                                                                                                                                                                                                                                                                                                                                                                                                                                                                                                                                                                                                                                                                                                                                                                                                                                                                                                                                                                                                                                                                                                                                                                                                                                                                                                                                                                                                                                                                                                                                                                                                                                                                                                                                                                                                                                                                                                                                                                                                                                                                                                                                                                                                                                                                                                                                                                                                                                                                                                                                                                                                                                                                                                                                                                                                                                                                                                                                                                                                                                                                                                                                                                                                                                                                                                                                                                                                                                                                                                                                                                                                                                                                                                                                                                                                                                                                                                                                                                                                                                                                                                                                                                                                                                                                                                                                                                                                                                                                                                                                                                                                                                                                                                                                                                                                                                                                                                                                                                                                                                                                                                                                                                                                                                                                                                                                                                                                                                                                                                                                                                                                                                                                                                                                                                                                                                                                                                                                                                                                                                                                                                                                                                                                                                                                                                                                                                                                                                                                                                                                                                                                                                                                                                                                                                                                                                                                                                                                                                                                                                                                                                                                                                                                                                                                                                                                                                                                                                                                                                                                                                                                                                                                                                                                                                                                                                                                                                                                                                                                                                                                                                                                                                                                                                                                                                                                                                                                                                                                                                                                                                                                                                                                                                                                                                                                                                                                                                                                                                                                                                                                                                                                                                                                                                                                                                                                                                                                                                                                                                                                                                                                                                                                                                                                                                                                                                                                                                                                                                                                                                                                                                                                                                                                                                                                                                                                                                                                                                                                                                                                                                                                                                                                                                                                                                                                                                                                                                                                                                                                                                                                                                                                                                                                                                                                                                                                                                                                                                                                                                                                                                                                                                                                                                                                                                                                                                                                                                                                                                                                                                                                                                                                                                                                                                                                                                                                                                                                                                                                                                                                                                                                                                                                                                                                                                                                                                                                                                                                                                                                                                                                                                                                                                                                                                                                                                                                                                                                                                                                                                                                                                                                                                                                                                                                                                                                                                                                                                                                                                                                                                                                                                                                                                                                                                                                                                                                                                                                                                                                                                                                                                                                                                                                                                                                                                                                                                                                                                                                                                                                                                                                                                                                                                                                                                                                                                                                                                                                                                                                                                                                                                                                                                                                                                                                                                                                                                                                                                                                                                                                                                                                                                                                                                                                                                                                                                                                                                                                                                                                                                                                                                                                                                                                                                                                                                                                                                                                                                                                                                                                                                                                                                                                                                                                                                                                                                                                                                                                                                                                                                                                                                                                                                                                                                                                                                                                                                                                                                                                                                                                                                                                                                                                                                                                                                                                                                                                                                                                                                                                                                                                                                                                                                                                                                                                                                                                                                                                                                                                                                                                                                                                                                                                                                                                                                                                                                                                                                                                                                                                                                                                                                                                                                                                                                                                                                                                                                                                                                                                                                                                                                                                                                                                                                                                                                                                                                                                                                                                                                                                                                                                                                                                                                                                                                                                                                                                                                                                                                                                                                                                                                                                                                                                                                                                                                                                                                                                                                                                                                                                                                                                                                                                                                                                                                                                                                                                                                                                                                                                                                                                                                                                                                                                                                                                                                                                                                                                                                                                                                                                                                                                                                                                                                                                                                                                                                                                                                                                                                                                                                                                                                                                                                                                                                                                                                                                                                                                                                                                                                                                                                                                                                                                                                                                                                                                                                                                                                                                                                                                                                                                                                                                                                                                                                                                                                                                                                                                                                                                                                                                                                                                                                                                                                                                                                                                                                                                                                                                                                                                                                                                                                                                                                                                                                                                                                                                                                                                                                                                                                                                                                                                                                                                                                                                                                                                                                                                                                                                                                                                                                                                                                                                                                                                                                                                                                                                                                                                                                                                                                                                                                                                                                                                                                                                                                                                                                                                                                                                                                                                                                                                                                                                                                                                                                                                                                                                                                                                                                                                                                                                                                                                                                                                                                                                                                                                                                                                                                                                                                                                                                                                                                                                                                                                                                                                                                                                                                                                                                                                                                                                                                                                                                                                                                                                                                                                                                                                                                                                                                                                                                                                                                                                                                                                                                                                                                                                                                                                                                                                                                                                                                                                                                                                                                                                                                                                                                                                                                                                                                                                                                                                                                                                                                                                                                                                                                                                                                                                                                                                                                                                                                                                                                                                                                                                                                                                                                                                                                                                                                                                                                                                                                                                                                                                                                                                                                                                                                                                                                                                                                                                                                                                                                                                                                                                                                                                                                                                                                                                                                                                                                                                                                                                                                                                                                                                                                                                                                                                                                                                                                                                                                                                                                                                                                                                                                                                                                                                                                                                                                                                                                                                                                                                                                                                                                                                                                                                                                                                                                                                                                                                                                                                                                                                                                                                                                                                                                                                                                                                                                                                                                                                                                                                                                                                                                                                                                                                                                                                                                                                                                                                                                                                                                                                                                                                                                                                                                                                                                                                                                                                                                                                                                                                                                                                                                                                                                                                                                                                                                                                                                                                                                                                                                                                                                                                                                                                                                                                                                                                                                                                                                                                                                                                                                                                                                                                                                                                                                                                                                                                                                                                                                                                                                                                                                                                                                                                                                                                                                                                                                                                                                                                                                                                                                                                                                                                                                                                                                                                                                                                                                                                                                                                                                                                                                                                                                                                                                                                                                                                                                                                                                                                                                                                                                                                                                                                                                                                                                                                                                                                                                                                                                                                                                                                                                                                                                                                                                                                                                                                                                                                                                                                                                                                                                                                                                                                                                                                                                                                                                                                                                                                                                                                                                                                                                                                                                                                                                                                                                                                                                                                                                                                                                                                                                                                                                                                                                                                                                                                                                                                                                                                                                                                                                                                                                                                                                                                                                                                                                                                                                                                                                                                                                                                                                                                                                                                                                                                                                                                                                                                                                                                                                                                                                                                                                                                                                                                                                                                                                                                                                                                                                                                                                                                                                                                                                                                                                                                                                                                                                                                                                                                                                                                                                                                                                                                                                                                                                                                                                                                                                                                                                                                                                                                                                                                                                                                                                                                                                                                                                                                                                                                                                                                                                                                                                                                                                                                                                                                                                                                                                                                                                                                                                                                                                                                                                                                                                                                                                                                                                                                                                                                                                                                                                                                                                                                                                                                                                                                                                                                                                                                                                                                                                                                                                                                                                                                                                                                                                                                                                                                                                                                                                                                                                                                                                                                                                                                                                                                                                                                                                                                                                                                                                                                                                                                                                                                                                                                                                                                                                                                                                                                                                                                                                                                                                                                                                                                                                                                                                                                                                                                                                                                                                                                                                                                                                                                                                                                                                                                                                                                                                                                                                                                                                                                                                                                                                                                                                                                                                                                                                                                                                                                                                                                                                                                                                                                                                                                                                                                                                                                                                                                                                                                                                                                                                                                                                                                                                                                                                                                                                                                                                                                                                                                                                                                                                                                                                                                                                                                                                                                                                                                                                                                                                                                                                                                                                                                                                                                                                                                                                                                                                                                                                                                                                                                                                                                                                                                                                                                                                                                                                                                                                                                                                                                                                                                                                                                                                                                                                                                                                                                                                                                                                                                                                                                                                                                                                                                                                                                                                                                                                                                                                                                                                                                                                                                                                                                                                                                                                                                                                                                                                                                                                                                                                                                                                                                                                                                                                                                                                                                                                                                                                                                                                                                                                                                                                                                                                                                                                                                                                                                                                                                                                                                                                                                                                                                                                                                                                                                                                                                                                                                                                                                                                                                                                                                                                                                                                                                                                                                                                                                                                                                                                                                                                                                                                                                                                                                                                                                                                                                                                                                                                                                                                                                                                                                                                                                                                                                                                                                                                                                                                                                                                                                                                                                                                                                                                                                                                                                                                                                                                                                                                                                                                                                                                                                                                                                                                                                                                                                                                                                                                                                                                                                                                                                                                                                                                                                                                                                                                                                                                                                                                                                                                                                                                                                                                                                                                                                                                                                                                                                                                                                                                                                                                                                                                                                                                                                                                                                                                                                                                                                                                                                                                                                                                                                                                                                                                                                                                                                                                                                                                                                                                                                                                                                                                                                                                                                                                                                                                                                                                                                                                                                                                                                                                                                                                                                                                                                                                                                                                                                                                                                                                                                                                                                                                                                                                                                                                                                                                                                                                                                                                                                                                                                                                                                                                                                                                                                                                                                                                                                                                                                                                                                                                                                                                                                                                                                                                                                                                                                                                                                                                                                                                                                                                                                                                                                                                                                                                                                                                                                                                                                                                                                                                                                                                                                                                                                                                                                                                                                                                                                                                                                             [2016-11-16 14:47:58.702]  Tuned to 24
[2016-11-16 14:47:58.803]  Tuned to 25
[2016-11-16 14:47:58.903]  Tuned to 26
[2016-11-16 14:47:59.003]  Tuned to 27
[2016-11-16 14:47:59.104]  Tuned to 28
[2016-11-16 14:47:59.204]  Tuned to 29
[2016-11-16 14:47:59.305]  Tuned to 30
[2016-11-16 14:47:59.405]  Tuned to 31
[2016-11-16 14:47:59.505]  Tuned to 32
[2016-11-16 14:47:59.606]  Tuned to 33
[2016-11-16 14:47:59.706]  Tuned to 34
[2016-11-16 14:47:59.807]  Tuned to 35
[2016-11-16 14:47:59.907]  Tuned to 36
[2016-11-16 14:48:00.007]  Tuned to 37
[2016-11-16 14:48:00.108]  Tuned to 38
[2016-11-16 14:48:00.208]  Tuned to 39
[2016-11-16 14:48:00.308]  Tuned to 40
[2016-11-16 14:48:00.409]  Tuned to 41
[2016-11-16 14:48:00.511]  Tuned to 42
[2016-11-16 14:48:00.611]  Tuned to 43
[2016-11-16 14:48:00.712]  Tuned to 44
[2016-11-16 14:48:00.812]  Tuned to 45
[2016-11-16 14:48:00.912]  Tuned to 46
[2016-11-16 14:48:01.013]  Tuned to 47
[2016-11-16 14:48:01.113]  Tuned to 48
[2016-11-16 14:48:01.213]  Tuned to 49
[2016-11-16 14:48:01.313]  Tuned to 50
[2016-11-16 14:48:01.414]  Tuned to 51
[2016-11-16 14:48:01.514]  Tuned to 52
[2016-11-16 14:48:01.615]  Tuned to 53
[2016-11-16 14:48:01.715]  Tuned to 54
[2016-11-16 14:48:01.815]  Tuned to 55
[2016-11-16 14:48:01.916]  Tuned to 56
[2016-11-16 14:48:02.016]  Tuned to 57
[2016-11-16 14:48:02.117]  Tuned to 58
[2016-11-16 14:48:02.218]  Tuned to 59
[2016-11-16 14:48:02.318]  Tuned to 60
[2016-11-16 14:48:02.418]  Tuned to 61
[2016-11-16 14:48:02.519]  Tuned to 62
[2016-11-16 14:48:02.619]  Tuned to 63
[2016-11-16 14:48:02.719]  Tuned to 64
[2016-11-16 14:48:02.819]  Tuned to 65
[2016-11-16 14:48:02.920]  Tuned to 66
[2016-11-16 14:48:03.020]  Tuned to 67
[2016-11-16 14:48:03.120]  Tuned to 68
[2016-11-16 14:48:03.221]  Tuned to 69
[2016-11-16 14:48:03.321]  Tuned to 70
[2016-11-16 14:48:03.422]  Tuned to 71
[2016-11-16 14:48:03.523]  Tuned to 72
[2016-11-16 14:48:03.623]  Tuned to 73
[2016-11-16 14:48:03.723]  Tuned to 74
[2016-11-16 14:48:03.823]  Tuned to 75
[2016-11-16 14:48:03.924]  Tuned to 76
[2016-11-16 14:48:04.024]  Tuned to 77
[2016-11-16 14:48:04.125]  Tuned to 78
[2016-11-16 14:48:04.225]  Tuned to 79
[2016-11-16 14:48:04.325]  Tuned to 80
[2016-11-16 14:48:04.426]  Tuned to 81
[2016-11-16 14:48:04.526]  Tuned to 82
[2016-11-16 14:48:04.626]  Tuned to 83
[2016-11-16 14:48:04.726]  Tuned to 2
[2016-11-16 14:48:04.827]  Tuned to 3
[2016-11-16 14:48:04.927]  Tuned to 4
[2016-11-16 14:48:05.028]  Tuned to 5
[2016-11-16 14:48:05.128]  Tuned to 6
[2016-11-16 14:48:05.228]  Tuned to 7
[2016-11-16 14:48:05.329]  Tuned to 8
[2016-11-16 14:48:05.429]  Tuned to 9
[2016-11-16 14:48:05.529]  Tuned to 10
[2016-11-16 14:48:05.629]  Tuned to 11
[2016-11-16 14:48:05.730]  Tuned to 12
[2016-11-16 14:48:05.830]  Tuned to 13
[2016-11-16 14:48:05.931]  Tuned to 14
[2016-11-16 14:48:06.031]  Tuned to 15
[2016-11-16 14:48:06.132]  Tuned to 16
[2016-11-16 14:48:06.232]  Tuned to 17
[2016-11-16 14:48:06.332]  Tuned to 18
[2016-11-16 14:48:06.432]  Tuned to 19
[2016-11-16 14:48:06.533]  Tuned to 20
[2016-11-16 14:48:06.633]  Tuned to 21
[2016-11-16 14:48:06.733]  Tuned to 22
[2016-11-16 14:48:06.834]  Tuned to 23
[2016-11-16 14:48:06.934]  Tuned to 24
[2016-11-16 14:48:07.034]  Tuned to 25
[2016-11-16 14:48:07.135]  Tuned to 26
[2016-11-16 14:48:07.235]  Tuned to 27
[2016-11-16 14:48:07.335]  Tuned to 28
[2016-11-16 14:48:07.435]  Tuned to 29
[2016-11-16 14:48:07.536]  Tuned to 30
[2016-11-16 14:48:07.636]  Tuned to 31
[2016-11-16 14:48:07.736]  Tuned to 32
[2016-11-16 14:48:07.837]  Tuned to 33
[2016-11-16 14:48:07.939]  Tuned to 34
[2016-11-16 14:48:08.039]  Tuned to 35
[2016-11-16 14:48:08.139]  Tuned to 36
[2016-11-16 14:48:08.240]  Tuned to 37
[2016-11-16 14:48:08.340]  Tuned to 38
[2016-11-16 14:48:08.440]  Tuned to 39
[2016-11-16 14:48:08.541]  Tuned to 40
[2016-11-16 14:48:08.642]  Tuned to 41
[2016-11-16 14:48:08.742]  Tuned to 42
[2016-11-16 14:48:08.842]  Tuned to 43
[2016-11-16 14:48:08.943]  Tuned to 44
[2016-11-16 14:48:09.044]  Tuned to 45
[2016-11-16 14:48:09.144]  Tuned to 46
[2016-11-16 14:48:09.245]  Tuned to 47
[2016-11-16 14:48:09.345]  Tuned to 48
[2016-11-16 14:48:09.445]  Tuned to 49
[2016-11-16 14:48:09.545]  Tuned to 50
[2016-11-16 14:48:09.646]  Tuned to 51
[2016-11-16 14:48:09.746]  Tuned to 52
[2016-11-16 14:48:09.846]  Tuned to 53
[2016-11-16 14:48:09.947]  Tuned to 54
[2016-11-16 14:48:10.047]  Tuned to 55
[2016-11-16 14:48:10.148]  Tuned to 56
[2016-11-16 14:48:10.249]  Tuned to 57
[2016-11-16 14:48:10.349]  Tuned to 58
[2016-11-16 14:48:10.449]  Tuned to 59
[2016-11-16 14:48:10.549]  Tuned to 60
[2016-11-16 14:48:10.650]  Tuned to 61
[2016-11-16 14:48:10.750]  Tuned to 62
[2016-11-16 14:48:10.850]  Tuned to 63
[2016-11-16 14:48:10.951]  Tuned to 64
[2016-11-16 14:48:11.051]  Tuned to 65
[2016-11-16 14:48:11.151]  Tuned to 66
[2016-11-16 14:48:11.252]  Tuned to 67
[2016-11-16 14:48:11.352]  Tuned to 68
[2016-11-16 14:48:11.452]  Tuned to 69
[2016-11-16 14:48:11.552]  Tuned to 70
[2016-11-16 14:48:11.653]  Tuned to 71
[2016-11-16 14:48:11.754]  Tuned to 72
[2016-11-16 14:48:11.854]  Tuned to 73
[2016-11-16 14:48:11.954]  Tuned to 74
[2016-11-16 14:48:12.054]  Tuned to 75
[2016-11-16 14:48:12.155]  Tuned to 76
[2016-11-16 14:48:12.255]  Tuned to 77
[2016-11-16 14:48:12.355]  Tuned to 78
[2016-11-16 14:48:12.456]  Tuned to 79
[2016-11-16 14:48:12.556]  Tuned to 80
[2016-11-16 14:48:12.656]  Tuned to 81
[2016-11-16 14:48:12.756]  Tuned to 82
[2016-11-16 14:48:12.857]  Tuned to 83
[2016-11-16 14:48:12.957]  Tuned to 2
[2016-11-16 14:48:13.057]  Tuned to 3
[2016-11-16 14:48:13.158]  Tuned to 4
[2016-11-16 14:48:13.258]  Tuned to 5
[2016-11-16 14:48:13.358]  Tuned to 6
[2016-11-16 14:48:13.459]  Tuned to 7
[2016-11-16 14:48:13.559]  Tuned to 8
[2016-11-16 14:48:13.660]  Tuned to 9
[2016-11-16 14:48:13.760]  Tuned to 10
[2016-11-16 14:48:13.860]  Tuned to 11
[2016-11-16 14:48:13.960]  Tuned to 12
[2016-11-16 14:48:14.061]  Tuned to 13
[2016-11-16 14:48:14.161]  Tuned to 14
[2016-11-16 14:48:14.261]  Tuned to 15
[2016-11-16 14:48:14.362]  Tuned to 16
[2016-11-16 14:48:14.462]  Tuned to 17
[2016-11-16 14:48:14.562]  Tuned to 18
[2016-11-16 14:48:14.662]  Tuned to 19
[2016-11-16 14:48:14.763]  Tuned to 20
[2016-11-16 14:48:14.863]  Tuned to 21
[2016-11-16 14:48:14.963]  Tuned to 22
[2016-11-16 14:48:15.064]  Tuned to 23
[2016-11-16 14:48:15.164]  Tuned to 24
[2016-11-16 14:48:15.264]  Tuned to 25
[2016-11-16 14:48:15.365]  Tuned to 26
[2016-11-16 14:48:15.465]  Tuned to 27
[2016-11-16 14:48:15.565]  Tuned to 28
[2016-11-16 14:48:15.665]  Tuned to 29
[2016-11-16 14:48:15.766]  Tuned to 30
[2016-11-16 14:48:15.866]  Tuned to 31
[2016-11-16 14:48:15.966]  Tuned to 32
[2016-11-16 14:48:16.067]  Tuned to 33
[2016-11-16 14:48:16.167]  Tuned to 34
[2016-11-16 14:48:16.267]  Tuned to 35
[2016-11-16 14:48:16.368]  Tuned to 36
[2016-11-16 14:48:16.468]  Tuned to 37
[2016-11-16 14:48:16.569]  Tuned to 38
[2016-11-16 14:48:16.669]  Tuned to 39
[2016-11-16 14:48:16.770]  Tuned to 40
[2016-11-16 14:48:16.870]  Tuned to 41
[2016-11-16 14:48:16.970]  Tuned to 42
[2016-11-16 14:48:17.070]  Tuned to 43
[2016-11-16 14:48:17.171]  Tuned to 44
[2016-11-16 14:48:17.271]  Tuned to 45
[2016-11-16 14:48:17.371]  Tuned to 46
[2016-11-16 14:48:17.472]  Tuned to 47
[2016-11-16 14:48:17.572]  Tuned to 48
[2016-11-16 14:48:17.672]  Tuned to 49
[2016-11-16 14:48:17.773]  Tuned to 50
[2016-11-16 14:48:17.873]  Tuned to 51
[2016-11-16 14:48:17.973]  Tuned to 52
[2016-11-16 14:48:18.074]  Tuned to 53
[2016-11-16 14:48:18.174]  Tuned to 54
[2016-11-16 14:48:18.274]  Tuned to 55
[2016-11-16 14:48:18.375]  Tuned to 56
[2016-11-16 14:48:18.475]  Tuned to 57
[2016-11-16 14:48:18.575]  Tuned to 58
[2016-11-16 14:48:18.675]  Tuned to 59
[2016-11-16 14:48:18.776]  Tuned to 60
[2016-11-16 14:48:18.876]  Tuned to 61
[2016-11-16 14:48:18.976]  Tuned to 62
[2016-11-16 14:48:19.077]  Tuned to 63
[2016-11-16 14:48:19.177]  Tuned to 64
[2016-11-16 14:48:19.277]  Tuned to 65
[2016-11-16 14:48:19.378]  Tuned to 66
[2016-11-16 14:48:19.478]  Tuned to 67
[2016-11-16 14:48:19.578]  Tuned to 68
[2016-11-16 14:48:19.678]  Tuned to 69
[2016-11-16 14:48:19.779]  Tuned to 70
[2016-11-16 14:48:19.879]  Tuned to 71
[2016-11-16 14:48:19.980]  Tuned to 72
[2016-11-16 14:48:20.080]  Tuned to 73
[2016-11-16 14:48:20.180]  Tuned to 74
[2016-11-16 14:48:20.281]  Tuned to 75
[2016-11-16 14:48:20.381]  Tuned to 76
[2016-11-16 14:48:20.481]  Tuned to 77
[2016-11-16 14:48:20.581]  Tuned to 78
[2016-11-16 14:48:20.682]  Tuned to 79
[2016-11-16 14:48:20.782]  Tuned to 80
[2016-11-16 14:48:20.885]  Tuned to 81
[2016-11-16 14:48:20.985]  Tuned to 82
[2016-11-16 14:48:21.086]  Tuned to 83
[2016-11-16 14:48:21.186]  Tuned to 2
[2016-11-16 14:48:21.286]  Tuned to 3
[2016-11-16 14:48:21.386]  Tuned to 4
[2016-11-16 14:48:21.487]  Tuned to 5
[2016-11-16 14:48:21.587]  Tuned to 6
[2016-11-16 14:48:21.687]  Tuned to 7
[2016-11-16 14:48:21.789]  Tuned to 8
[2016-11-16 14:48:21.889]  Tuned to 9
[2016-11-16 14:48:21.989]  Tuned to 10
[2016-11-16 14:48:22.090]  Tuned to 11
[2016-11-16 14:48:22.190]  Tuned to 12
[2016-11-16 14:48:22.290]  Tuned to 13
[2016-11-16 14:48:22.391]  Tuned to 14
[2016-11-16 14:48:22.491]  Tuned to 15
[2016-11-16 14:48:22.591]  Tuned to 16
[2016-11-16 14:48:22.691]  Tuned to 17
[2016-11-16 14:48:22.792]  Tuned to 18
[2016-11-16 14:48:22.892]  Tuned to 19
[2016-11-16 14:48:22.992]  Tuned to 20
[2016-11-16 14:48:23.093]  Tuned to 21
[2016-11-16 14:48:23.193]  Tuned to 22
[2016-11-16 14:48:23.293]  Tuned to 23
[2016-11-16 14:48:23.394]  Tuned to 24
[2016-11-16 14:48:23.494]  Tuned to 25
[2016-11-16 14:48:23.594]  Tuned to 26
[2016-11-16 14:48:23.695]  Tuned to 27
[2016-11-16 14:48:23.795]  Tuned to 28
[2016-11-16 14:48:23.895]  Tuned to 29
[2016-11-16 14:48:23.995]  Tuned to 30
[2016-11-16 14:48:24.096]  Tuned to 31
[2016-11-16 14:48:24.196]  Tuned to 32
[2016-11-16 14:48:24.296]  Tuned to 33
[2016-11-16 14:48:24.397]  Tuned to 34
[2016-11-16 14:48:24.497]  Tuned to 35
[2016-11-16 14:48:24.597]  Tuned to 36
[2016-11-16 14:48:24.697]  Tuned to 37
[2016-11-16 14:48:24.798]  Tuned to 38
[2016-11-16 14:48:24.898]  Tuned to 39
[2016-11-16 14:48:24.998]  Tuned to 40
[2016-11-16 14:48:25.099]  Tuned to 41
[2016-11-16 14:48:25.199]  Tuned to 42
[2016-11-16 14:48:25.299]  Tuned to 43
[2016-11-16 14:48:25.400]  Tuned to 44
[2016-11-16 14:48:25.500]  Tuned to 45
[2016-11-16 14:48:25.601]  Tuned to 46
[2016-11-16 14:48:25.701]  Tuned to 47
[2016-11-16 14:48:25.801]  Tuned to 48
[2016-11-16 14:48:25.901]  Tuned to 49
[2016-11-16 14:48:26.002]  Tuned to 50
[2016-11-16 14:48:26.102]  Tuned to 51
[2016-11-16 14:48:26.202]  Tuned to 52
[2016-11-16 14:48:26.303]  Tuned to 53
[2016-11-16 14:48:26.403]  Tuned to 54
[2016-11-16 14:48:26.503]  Tuned to 55
[2016-11-16 14:48:26.604]  Tuned to 56
[2016-11-16 14:48:26.704]  Tuned to 57
[2016-11-16 14:48:26.804]  Tuned to 58
[2016-11-16 14:48:26.904]  Tuned to 59
[2016-11-16 14:48:27.005]  Tuned to 60
[2016-11-16 14:48:27.105]  Tuned to 61
[2016-11-16 14:48:27.205]  Tuned to 62
[2016-11-16 14:48:27.306]  Tuned to 63
[2016-11-16 14:48:27.406]  Tuned to 64
[2016-11-16 14:48:27.506]  Tuned to 65
[2016-11-16 14:48:27.607]  Tuned to 66
[2016-11-16 14:48:27.707]  Tuned to 67
[2016-11-16 14:48:27.807]  Tuned to 68
[2016-11-16 14:48:27.908]  Tuned to 69
[2016-11-16 14:48:28.008]  Tuned to 70
[2016-11-16 14:48:28.108]  Tuned to 71
[2016-11-16 14:48:28.209]  Tuned to 72
[2016-11-16 14:48:28.309]  Tuned to 73
[2016-11-16 14:48:28.409]  Tuned to 74
[2016-11-16 14:48:28.509]  Tuned to 75
[2016-11-16 14:48:28.610]  Tuned to 76
[2016-11-16 14:48:28.710]  Tuned to 77
[2016-11-16 14:48:28.810]  Tuned to 78
[2016-11-16 14:48:28.911]  Tuned to 79
[2016-11-16 14:48:29.011]  Tuned to 80
[2016-11-16 14:48:29.111]  Tuned to 81
[2016-11-16 14:48:29.212]  Tuned to 82
[2016-11-16 14:48:29.312]  Tuned to 83
[2016-11-16 14:48:29.412]  Tuned to 2
[2016-11-16 14:48:29.513]  Tuned to 3
[2016-11-16 14:48:29.613]  Tuned to 4
[2016-11-16 14:48:29.711]   4  23  95:C6:99:2D:4F  3D:AB:29:5A:D4:AB:93:6E:5C:D1:0B:5A:95:09:94:85:6E:BA:A8:ED:31:32:CD
[2016-11-16 14:48:29.713]  Tuned to 5
[2016-11-16 14:48:29.813]  Tuned to 6
[2016-11-16 14:48:29.914]  Tuned to 7
[2016-11-16 14:48:30.014]  Tuned to 8
[2016-11-16 14:48:30.114]  Tuned to 9
[2016-11-16 14:48:30.215]  Tuned to 10
[2016-11-16 14:48:30.315]  Tuned to 11
[2016-11-16 14:48:30.415]  Tuned to 12
[2016-11-16 14:48:30.517]  Tuned to 13
[2016-11-16 14:48:30.617]  Tuned to 14
[2016-11-16 14:48:30.718]  Tuned to 15
[2016-11-16 14:48:30.818]  Tuned to 16
[2016-11-16 14:48:30.918]  Tuned to 17
[2016-11-16 14:48:31.019]  Tuned to 18
[2016-11-16 14:48:31.119]  Tuned to 19
[2016-11-16 14:48:31.220]  Tuned to 20
[2016-11-16 14:48:31.320]  Tuned to 21
[2016-11-16 14:48:31.420]  Tuned to 22
[2016-11-16 14:48:31.521]  Tuned to 23
[2016-11-16 14:48:31.621]  Tuned to 24
[2016-11-16 14:48:31.721]  Tuned to 25
[2016-11-16 14:48:31.821]  Tuned to 26
[2016-11-16 14:48:31.922]  Tuned to 27
[2016-11-16 14:48:32.022]  Tuned to 28
[2016-11-16 14:48:32.122]  Tuned to 29
[2016-11-16 14:48:32.222]  Tuned to 30
[2016-11-16 14:48:32.323]  Tuned to 31
[2016-11-16 14:48:32.423]  Tuned to 32
[2016-11-16 14:48:32.523]  Tuned to 33
[2016-11-16 14:48:32.624]  Tuned to 34
[2016-11-16 14:48:32.724]  Tuned to 35
[2016-11-16 14:48:32.824]  Tuned to 36
[2016-11-16 14:48:32.925]  Tuned to 37
[2016-11-16 14:48:33.025]  Tuned to 38
[2016-11-16 14:48:33.125]  Tuned to 39
[2016-11-16 14:48:33.226]  Tuned to 40
[2016-11-16 14:48:33.326]  Tuned to 41
[2016-11-16 14:48:33.426]  Tuned to 42
[2016-11-16 14:48:33.527]  Tuned to 43
[2016-11-16 14:48:33.628]  Tuned to 44
[2016-11-16 14:48:33.729]  Tuned to 45
[2016-11-16 14:48:33.830]  Tuned to 46
[2016-11-16 14:48:33.932]  Tuned to 47
[2016-11-16 14:48:34.032]  Tuned to 48
[2016-11-16 14:48:34.132]  Tuned to 49
[2016-11-16 14:48:34.233]  Tuned to 50
[2016-11-16 14:48:34.333]  Tuned to 51
[2016-11-16 14:48:34.433]  Tuned to 52
[2016-11-16 14:48:34.534]  Tuned to 53
[2016-11-16 14:48:34.634]  Tuned to 54
[2016-11-16 14:48:34.734]  Tuned to 55
[2016-11-16 14:48:34.835]  Tuned to 56
[2016-11-16 14:48:34.935]  Tuned to 57
[2016-11-16 14:48:35.035]  Tuned to 58
[2016-11-16 14:48:35.136]  Tuned to 59
[2016-11-16 14:48:35.236]  Tuned to 60
[2016-11-16 14:48:35.338]  Tuned to 61
[2016-11-16 14:48:35.438]  Tuned to 62
[2016-11-16 14:48:35.539]  Tuned to 63
[2016-11-16 14:48:35.639]  Tuned to 64
[2016-11-16 14:48:35.740]  Tuned to 65
[2016-11-16 14:48:35.840]  Tuned to 66
[2016-11-16 14:48:35.940]  Tuned to 67
[2016-11-16 14:48:36.040]  Tuned to 68
[2016-11-16 14:48:36.141]  Tuned to 69
[2016-11-16 14:48:36.241]  Tuned to 70
[2016-11-16 14:48:36.343]  Tuned to 71
[2016-11-16 14:48:36.443]  Tuned to 72
[2016-11-16 14:48:36.543]  Tuned to 73
[2016-11-16 14:48:36.643]  Tuned to 74
[2016-11-16 14:48:36.744]  Tuned to 75
[2016-11-16 14:48:36.844]  Tuned to 76
[2016-11-16 14:48:36.944]  Tuned to 77
[2016-11-16 14:48:37.046]  Tuned to 78
[2016-11-16 14:48:37.146]  Tuned to 79
[2016-11-16 14:48:37.247]  Tuned to 80
[2016-11-16 14:48:37.347]  Tuned to 81
[2016-11-16 14:48:37.447]  Tuned to 82
[2016-11-16 14:48:37.548]  Tuned to 83
[2016-11-16 14:48:37.648]  Tuned to 2
[2016-11-16 14:48:37.748]  Tuned to 3
[2016-11-16 14:48:37.849]  Tuned to 4
[2016-11-16 14:48:37.949]  Tuned to 5
[2016-11-16 14:48:38.049]  Tuned to 6
[2016-11-16 14:48:38.150]  Tuned to 7
[2016-11-16 14:48:38.250]  Tuned to 8
[2016-11-16 14:48:38.350]  Tuned to 9
[2016-11-16 14:48:38.450]  Tuned to 10
[2016-11-16 14:48:38.551]  Tuned to 11
[2016-11-16 14:48:38.651]  Tuned to 12
[2016-11-16 14:48:38.751]  Tuned to 13
[2016-11-16 14:48:38.852]  Tuned to 14
[2016-11-16 14:48:38.952]  Tuned to 15
[2016-11-16 14:48:39.052]  Tuned to 16
[2016-11-16 14:48:39.154]  Tuned to 17
[2016-11-16 14:48:39.255]  Tuned to 18
[2016-11-16 14:48:39.355]  Tuned to 19
[2016-11-16 14:48:39.455]  Tuned to 20
[2016-11-16 14:48:39.555]  Tuned to 21
[2016-11-16 14:48:39.656]  Tuned to 22
[2016-11-16 14:48:39.756]  Tuned to 23
[2016-11-16 14:48:39.856]  Tuned to 24
[2016-11-16 14:48:39.957]  Tuned to 25
[2016-11-16 14:48:40.057]  Tuned to 26
[2016-11-16 14:48:40.158]  Tuned to 27
[2016-11-16 14:48:40.258]  Tuned to 28
[2016-11-16 14:48:40.358]  Tuned to 29
[2016-11-16 14:48:40.459]  Tuned to 30
[2016-11-16 14:48:40.559]  Tuned to 31
[2016-11-16 14:48:40.659]  Tuned to 32
[2016-11-16 14:48:40.760]  Tuned to 33
[2016-11-16 14:48:40.860]  Tuned to 34
[2016-11-16 14:48:40.961]  Tuned to 35
[2016-11-16 14:48:41.062]  Tuned to 36
[2016-11-16 14:48:41.162]  Tuned to 37
[2016-11-16 14:48:41.262]  Tuned to 38
[2016-11-16 14:48:41.362]  Tuned to 39
[2016-11-16 14:48:41.464]  Tuned to 40
[2016-11-16 14:48:41.565]  Tuned to 41
[2016-11-16 14:48:41.665]  Tuned to 42
[2016-11-16 14:48:41.765]  Tuned to 43
[2016-11-16 14:48:41.866]  Tuned to 44
[2016-11-16 14:48:41.966]  Tuned to 45
[2016-11-16 14:48:42.066]  Tuned to 46
[2016-11-16 14:48:42.167]  Tuned to 47
[2016-11-16 14:48:42.267]  Tuned to 48
[2016-11-16 14:48:42.367]  Tuned to 49
[2016-11-16 14:48:42.468]  Tuned to 50
[2016-11-16 14:48:42.568]  Tuned to 51
[2016-11-16 14:48:42.668]  Tuned to 52
[2016-11-16 14:48:42.769]  Tuned to 53
[2016-11-16 14:48:42.869]  Tuned to 54
[2016-11-16 14:48:42.969]  Tuned to 55
[2016-11-16 14:48:43.070]  Tuned to 56
[2016-11-16 14:48:43.170]  Tuned to 57
[2016-11-16 14:48:43.270]  Tuned to 58
[2016-11-16 14:48:43.370]  Tuned to 59
[2016-11-16 14:48:43.471]  Tuned to 60
[2016-11-16 14:48:43.571]  Tuned to 61
[2016-11-16 14:48:43.671]  Tuned to 62
[2016-11-16 14:48:43.772]  Tuned to 63
[2016-11-16 14:48:43.872]  Tuned to 64
[2016-11-16 14:48:43.972]  Tuned to 65
[2016-11-16 14:48:44.073]  Tuned to 66
[2016-11-16 14:48:44.173]  Tuned to 67
[2016-11-16 14:48:44.273]  Tuned to 68
[2016-11-16 14:48:44.373]  Tuned to 69
[2016-11-16 14:48:44.474]  Tuned to 70
[2016-11-16 14:48:44.574]  Tuned to 71
[2016-11-16 14:48:44.674]  Tuned to 72
[2016-11-16 14:48:44.777]  Tuned to 73
[2016-11-16 14:48:44.877]  Tuned to 74
[2016-11-16 14:48:44.977]  Tuned to 75
[2016-11-16 14:48:45.078]  Tuned to 76
[2016-11-16 14:48:45.178]  Tuned to 77
[2016-11-16 14:48:45.278]  Tuned to 78
[2016-11-16 14:48:45.379]  Tuned to 79
[2016-11-16 14:48:45.479]  Tuned to 80
[2016-11-16 14:48:45.580]  Tuned to 81
[2016-11-16 14:48:45.680]  Tuned to 82
[2016-11-16 14:48:45.781]  Tuned to 83
[2016-11-16 14:48:45.881]  Tuned to 2
[2016-11-16 14:48:45.981]  Tuned to 3
[2016-11-16 14:48:46.082]  Tuned to 4
[2016-11-16 14:48:46.182]  Tuned to 5
[2016-11-16 14:48:46.282]  Tuned to 6
[2016-11-16 14:48:46.382]  Tuned to 7
[2016-11-16 14:48:46.483]  Tuned to 8
tail: output.txt: file truncated
                                                                                                                                                                                                                                                                                                                                                                                                                                                                                                                                                                                                                                                                                                                                                                                                                                                                                                                                                                                                                                                                                                                                                                                                                                                                                                                                                                                                                                                                                                                                                                                                                                                                                                                                                                                                                                                                                                                                                                                                                                                                                                                                                                                                                                                                                                                                                                                                                                                                                                                                                                                                                                                                                                                                                                                                                                                                                                                                                                                                                                                                                                                                                                                                                                                                                                                                                                                                                                                                                                                                                                                                                                                                                                                                                                                                                                                                                                                                                                                                                                                                                                                                                                                                                                                                                                                                                                                                                                                                                                                                                                                                                                                                                                                                                                                                                                                                                                                                                                                                                                                                                                                                                                                                                                                                                                                                                                                                                                                                                                                                                                                                                                                                                                                                                                                                                                                                                                                                                                                                                                                                                                                                                                                                                                                                                                                                                                                                                                                                                                                                                                                                                                                                                                                                                                                                                                                                                                                                                                                                                                                                                                                                                                                                                                                                                                                                                                                                                                                                                                                                                                                                                                                                                                                                                                                                                                                                                                                                                                                                                                                                                                                                                                                                                                                                                                                                                                                                                                                                                                                                                                                                                                                                                                                                                                                                                                                                                                                                                                                                                                                                                                                                                                                                                                                                                                                                                                                                                                                                                                                                                                                                                                                                                                                                                                                                                                                                                                                                                                                                                                                                                                                                                                                                                                                                                                                                                                                                                                                                                                                                                                                                                                                                                                                                                                                                                                                                                                                                                                                                                                                                                                                                                                                                                                                                                                                                                                                                                                                                                                                                                                                                                                                                                                                                                                                                                                                                                                                                                                                                                                                                                                                                                                                                                                                                                                                                                                                                                                                                                                                                                                                                                                                                                                                                                                                                                                                                                                                                                                                                                                                                                                                                                                                                                                                                                                                                                                                                                                                                                                                                                                                                                                                                                                                                                                                                                                                                                                                                                                                                                                                                                                                                                                                                                                                                                                                                                                                                                                                                                                                                                                                                                                                                                                                                                                                                                                                                                                                                                                                                                                                                                                                                                                                                                                                                                                                                                                                                                                                                                                                                                                                                                                                                                                                                                                                                                                                                                                                                                                                                                                                                                                                                                                                                                                                                                                                                                                                                                                                                                                                                                                                                                                                                                                                                                                                                                                                                                                                                                                                                                                                                                                                                                                                                                                                                                                                                                                                                                                                                                                                                                                                                                                                                                                                                                                                                                                                                                                                                                                                                                                                                                                                                                                                                                                                                                                                                                                                                                                                                                                                                                                                                                                                                                                                                                                                                                                                                                                                                                                                                                                                                                                                                                                                                                                                                                                                                                                                                                                                                                                                                                                                                                                                                                                                                                                                                                                                                                                                                                                                                                                                                                                                                                                                                                                                                                                                                                                                                                                                                                                                                                                                                                                                                                                                                                                                                                                                                                                                                                                                                                                                                                                                                                                                                                                                                                                                                                                                                                                                                                                                                                                                                                                                                                                                                                                                                                                                                                                                                                                                                                                                                                                                                                                                                                                                                                                                                                                                                                                                                                                                                                                                                                                                                                                                                                                                                                                                                                                                                                                                                                                                                                                                                                                                                                                                                                                                                                                                                                                                                                                                                                                                                                                                                                                                                                                                                                                                                                                                                                                                                                                                                                                                                                                                                                                                                                                                                                                                                                                                                                                                                                                                                                                                                                                                                                                                                                                                                                                                                                                                                                                                                                                                                                                                                                                                                                                                                                                                                                                                                                                                                                                                                                                                                                                                                                                                                                                                                                                                                                                                                                                                                                                                                                                                                                                                                                                                                                                                                                                                                                                                                                                                                                                                                                                                                                                                                                                                                                                                                                                                                                                                                                                                                                                                                                                                                                                                                                                                                                                                                                                                                                                                                                                                                                                                                                                                                                                                                                                                                                                                                                                                                                                                                                                                                                                                                                                                                                                                                                                                                                                                                                                                                                                                                                                                                                                                                                                                                                                                                                                                                                                                                                                                                                                                                                                                                                                                                                                                                                                                                                                                                                                                                                                                                                                                                                                                                                                                                                                                                                                                                                                                                                                                                                                                                                                                                                                                                                                                                                                                                                                                                                                                                                                                                                                                                                                                                                                                                                                                                                                                                                                                                                                                                                                                                                                                                                                                                                                                                                                                                                                                                                                                                                                                                                                                                                                                                                                                                                                                                                                                                                                                                                                                                                                                                                                                                                                                                                                                                                                                                                                                                                                                                                                                                                                                                                                                                                                                                                                                                                                                                                                                                                                                                                                                                                                                                                                                                                                                                                                                                                                                                                                                                                                                                                                                                                                                                                                                                                                                                                                                                                                                                                                                                                                                                                                                                                                                                                                                                                                                                                                                                                                                                                                                                                                                                                                                                                                                                                                                                                                                                                                                                                                                                                                                                                                                                                                                                                                                                                                                                                                                                                                                                                                                                                                                                                                                                                                                                                                                                                                                                                                                                                                                                                                                                                                                                                                                                                                                                                                                                                                                                                                                                                                                                                                                                                                                                                                                                                                                                                                                                                                                                                                                                                                                                                                                                                                                                                                                                                                                                                                                                                                                                                                                                                                                                                                                                                                                                                                                                                                                                                                                                                                                                                                                                                                                                                                                                                                                                                                                                                                                                                                                                                                                                                                                                                                                                                                                                                                                                                                                                                                                                                                                                                                                                                                                                                                                                                                                                                                                                                                                                                                                                                                                                                                                                                                                                                                                                                                                                                                                                                                                                                                                                                                                                                                                                                                                                                                                                                                                                                                                                                                                                                                                                                                                                                                                                                                                                                                                                                                                                                                                                                                                                                                                                                                                                                                                                                                                                                                                                                                                                                                                                                                                                                                                                                                                                                                                                                                                                                                                                                                                                                                                                                                                                                                                                                                                                                                                                                                                                                                                                                                                                                                                                                                                                                                                                                                                                                                                                                                                                                                                                                                                                                                                                                                                                                                                                                                                                                                                                                                                                                                                                                                                                                                                                                                                                                                                                                                                                                                                                                                                                                                                                                                                                                                                                                                                                                                                                                                                                                                                                                                                                                                                                                                                                                                                                                                                                                                                                                                                                                                                                                                                                                                                                                                                                                                                                                                                                                                                                                                                                                                                                                                                                                                                                                                                                                                                                                                                                                                                                                                                                                                                                                                                                                                                                                                                                                                                                                                                                                                                                                                                                                                                                                                                                                                                                                                                                                                                                                                                                                                                                                                                                                                                                                                                                                                                                                                                                                                                                                                                                                                                                                                                                                                                                                                                                                                                                                                                                                                                                                                                                                                                                                                                                                                                                                                                                                                                                                                                                                                                                                                                                                                                                                                                                                                                                                                                                                                                                                                                                                                                                                                                                                                                                                                                                                                                                                                                                                                                                                                                                                                                                                                                                                                                                                                                                                                                                                                                                                                                                                                                                                                                                                                                                                                                                                                                                                                                                                                                                                                                                                                                                                                                                                                                                                                                                                                                                                                                                                                                                                                                                                                                                                                                                                                                                                                                                                                                                                                                                                                                                                                                                                                                                                                                                                                                                                                                                                                                                                                                                                                                                                                                                                                                                                                                                                                                                                                                                                                                                                                                                                                                                                                                                                                                                                                                                                                                                                                                                                                                                                                                                                                                                                                                                                                                                                                                                                                                                                                                                                                                                                                                                                                                                                                                                                                                                                                                                                                                                                                                                                                                                                                                                                                                                                                                                                                                                                                                                                                                                                                                                                                                                                                                                                                                                                                                                                                                                                                                                                                                                                                                                                                                                                                                                                                                                                                                                                                                                                                                                                                                                                                                                                                                                                                                                                                                                                                                                                                                                                                                                                                                                                                                                                                                                                                                                                                                                                                                                                                                                                                                                                                                                                                                                                                                                                                                                                                                                                                                                                                                                                                                                                                                                                                                                                                                                                                                                                                                                                                                                                                                                                                                                                                                                                                                                                                                                                                                                                                                                                                                                                                                                                                                                                                                                                                                                                                                                                                                                                                                                                                                                                                                                                                                                                                                                                                                                                                                                                                                                                                                                                                                                                                                                                                                                                                                                                                                                                                                                                                                                                                                                                                                                                                                                                                                                                                                                                                                                                                                                                                                                                                                                                                                                                                                                                                                                                                                                                                                                                                                                                                                                                                                                                                                                                                                                                                                                                                                                                                                                                                                                                                                                                                                                                                                                                                                                                                                                                                                                                                                                                                                                                                                                                                                                                                                                                                                                                                                                                                                                                                                                                                                                                                                                                                                                                                                                                                                                                                                                                                                                                                                                                                                                                                                                                                                                                                                                                                                                                                                                                                                                                                                                                                                                                                                                                                                                                                                                                                                                                                                                                                                                                                                                                                                                                                                                                                                                                                                                                                                                                                                                                                                                                                                                                                                                                                                                                                                                                                                                                                                                                                                                                                                                                                                                                                                                                                                                                                                                                                                                                                                                                                                                                                                                                                                                                                                                                                                                                                                                                                                                                                                                                                                                                                                                                                                                                                                                                                                                                                                                                                                                                                                                                                                                                                                                                                                                                                                                                                                                                                                                                                                                                                                                                                                                                                                                                                                                                                                                                                                                                                                                                                                                                                                                                                                                                                                                                                                                                                                                                                                                                                                                                                                                                                                                                                                                                                                                                                                                                                                                                                                                                                                                                                                                                                                                                                                                                                                                                                                                                                                                                                                                                                                                                                                                                                                                                                                                                                                                                                                                                                                                                                                                                                                                                                                                                                                                                                                                                                                                                                                                                                                                                                                                                                                                                                                                                                                                                                                                                                                                                                                                                                                                                                                                                                                                                                                                                                                                                                                                                                                                                                                                                                                                                                                                                                                                                                                                                                                                                                                                                                                                                                                                                                                                                                                                                                                                                                                                                                                                                                                                                                                                                                                                                                                                                                                                                                                                                                                                                                                                                                                                                                                                                                                                                                                                                                                                                                                                                                                                                                                                                                                                                                                                                                                                                                                                                                                                                                                                                                                                                                                                                                                                                                                                                                                                                                                                                                                                                                                                                                                                                                                                                                                                                                                                                                                                                                                                                                                                                                                                                                                                                                                                                                                                                                                                                                                                                                                                                                                                                                                                                                                                                                                                                                                                                                                                                                                                                                                                                                                                                                                                                                                                                                                                                                                                                                                                                                                                                                                                                                                                                                                                                                                                                                                                                                                                                                                                                                                                                                                                                                                                                                                                                                                                                                                                                                                                                                                                                                                                                                                                                                                                                                                                                                                                                                                                                                                                                                                                                                                                                                                                                                                                                                                                                                                                                                                                                                                                                                                                                                                                                                                                                                                                                                                                                                                                                                                                                                                                                                                                                                                                                                                                                                                                                                                                                                                                                                                                                                                                                                                                                                                                                                                                                                                                                                                                                                                                                                                                                                                                                                                                                                                                                                                                                                                                                                                                                                                                                                                                                                                                                                                                                                                                                                                                                                                                                                                                                                                                                                                                                                                                                                                                                                                                                                                                                                                                                                                                                                                                                                                                                                                                                                                                                                                                                                                                                                                                                                                                                                                                                                                                                                                                                                                                                                                                                                                                                                                                                                                                                                                                                                                                                                                                                                                                                                                                                                                                                                                                                                                                                                                                                                                                                                                                                                                                                                                                                                                                                                                                                                                                                                                                                                                                                                                                                                                                                                                                                                                                                                                                                                                                                                                                                                                                                                                                                                                                                                                                                                                                                                                                                                                                                                                                                                                                                                                                                                                                                                                                                                                                                                                                                                                                                                                                                                                                                                                                                                                                                                                                                                                                                                                                                                                                                                                                                                                                                                                                                                                                                                                                                                                                                                                                                                                                                                                                                                                                                                                                                                                                                                                                                                                                                                                                                                                                                                                                                                                                                                                                                                                                                                                                                                                                                                                                                                                                                                                                                                                                                                                                                                                                                                                                                                                                                                                                                                                                                                                                                                                                                                                                                                                                                                                                                                                                                                                                                                                                                                                                                                                                                                                                                                                                                                                                                                                                                                                                                                                                                                                                                                                                                                                                                                                                                                                                                                                                                                                                                                                                                                                                                                                                                                                                                                                                                                                                                                                                                                                                                                                                                                                                                                                                                                                                                                                                                                                                                                                                                                                                                                                                                                                                                                                                                                                                                                                                                                                                                                                                                                                                                                                                                                                                                                                                                                                                                                                                                                                                                                                                                                                                                                                                                                                                                                                                                                                                                                                                                                                                                                                                                                                                                                                                                                                                                                                                                                                                                                                                                                                                                                                                                                                                                                                                                                                                                                                                                                                                                                                                                                                                                                                                                                                                                                                                                                                                                                                                                                                                                                                                                                                                                                                                                                                                                                                                                                                                                                                                                                                                                                                                                                                                                                                                                                                                                                                                                                                                                                                                                                                                                                                                                                                                                                                                                                                                                                                                                                                                                                                                                                                                                                                                                                                                                                                                                                                                                                                                                                                                                                                                                                                                                                                                                                                                                                                                                                                                                                                                                                                                                                                                                                                                                                                                                                                                                                                                                                                                                                                                                                                                                                                                                                                                                                                                                                                                                                                                                                                                                                                                                                                                                                                                                                                                                                                                                                                                                                                                                                                                                                                                                                                                                                                                                                                                                                                                                                                                                                                                                                                                                                                                                                                                                                                                                                                                                                                                                                                                                                                                                                                                                                                                                                                                                                                                                                                                                                                                                                                                                                                                                                                                                                                                                                                                                                                                                                                                                                                                                                                                                                                                                                                                                                                                                                                                                                                                                                                                                                                                                                                                                                                                                                                                                                                                                                                                                                                                                                                                                                                                                                                                                                                                                                                                                                                                                                                                                                                                                                                                                                                                                                                                                                                                                                                                                                                                                                                                                                                                                                                                                                                                                                                                                                                                                                                                                                                                                                                                                                                                                                                                                                                                                                                                                                                                                                                                                                                                                                                                                                                                                                                                                                                                                                                                                                                                                                                                                                                                                                                                                                                                                                                                                                                                                                                                                                                                                                                                                                                                                                                                                                                                                                                                                                                                                                                                                                                                                                                                                                                                                                                                                                                                                                                                                                                                                                                                                                                                                                                                                                                                                                                                                                                                                                                                                                                                                                                                                                                                                                                                                                                                                                                                                                                                                                                                                                                                                                                                                                                                                                                                                                                                                                                                                                                                                                                                                                                                                                                                                                                                                                                                                                                                                                                                                                                                                                                                                                                                                                                                                                                                                                                                                                                                                                                                                                                                                                                                                                                                                                                                                                                                                                                                                                                                                                                                                                                                                                                                                                                                                                                                                                                                                                                                                                                                                                                                                                                                                                                                                                                                                                                                                                                                                                                                                                                                                                                                                                                                                                                                                                                                                                                                                                                                                                                                                                                                                                                                                                                                                                                                                                                                                                                                                                                                                                                                                                                                                                                                                                                                                                                                                                                                                                                                                                                                                                                                                                                                                                                                                                                                                                                                                                                                                                                                                                                                                                                                                                                                                                                                                                                                                                                                                                                                                                                                                                                                                                                                                                                                                                                                                                                                                                                                                                                                                                                                                                                                                                                                                                                                                                                                                                                                                                                                                                                                                                                                                                                                                                                                                                                                                                                                                                                                                                                                                                                                                                                                                                                                                                                                                                                                                                                                                                                                                                                                                                                                                                                                                                                                                                                                                                                                                                                                                                                                                                                                                                                                                                                                                                                                                                                                                                                                                                                                                                                                                                                                                                                                                                                                                                                                                                                                                                                                                                                                                                                                                                                                                                                                                                                                                                                                                                                                                                                                                                                                                                                                                                                                                                                                                                                                                                                                                                                                                                                                                                                                                                                                                                                                                                                                                                                                                                                                                                                                                                                                                                                                                                                                                                                                                                                                                                                                                                                                                                                                                                                                                                                                                                                                                                                                                                                                                                                                                                                                                                                                                                                                                                                                                                                                                                                                                                                                                                                                                                                                                                                                                                                                                                                                                                                                                                                                                                                                                                                                                                                                                                                                                                                                                                                                                                                                                                                                                                                                                                                                                                                                                                                                                                                                 [2016-11-16 14:48:46.583]  Tuned to 9
[2016-11-16 14:48:46.683]  Tuned to 10
[2016-11-16 14:48:46.784]  Tuned to 11
[2016-11-16 14:48:46.884]  Tuned to 12
[2016-11-16 14:48:46.985]  Tuned to 13
[2016-11-16 14:48:47.085]  Tuned to 14
[2016-11-16 14:48:47.186]  Tuned to 15
[2016-11-16 14:48:47.286]  Tuned to 16
[2016-11-16 14:48:47.386]  Tuned to 17
[2016-11-16 14:48:47.486]  Tuned to 18
[2016-11-16 14:48:47.587]  Tuned to 19
[2016-11-16 14:48:47.687]  Tuned to 20
[2016-11-16 14:48:47.787]  Tuned to 21
[2016-11-16 14:48:47.888]  Tuned to 22
[2016-11-16 14:48:47.988]  Tuned to 23
[2016-11-16 14:48:48.088]  Tuned to 24
[2016-11-16 14:48:48.189]  Tuned to 25
[2016-11-16 14:48:48.289]  Tuned to 26
[2016-11-16 14:48:48.390]  Tuned to 27
[2016-11-16 14:48:48.491]  Tuned to 28
[2016-11-16 14:48:48.591]  Tuned to 29
[2016-11-16 14:48:48.691]  Tuned to 30
[2016-11-16 14:48:48.792]  Tuned to 31
[2016-11-16 14:48:48.892]  Tuned to 32
[2016-11-16 14:48:48.992]  Tuned to 33
[2016-11-16 14:48:49.093]  Tuned to 34
[2016-11-16 14:48:49.193]  Tuned to 35
[2016-11-16 14:48:49.293]  Tuned to 36
[2016-11-16 14:48:49.394]  Tuned to 37
[2016-11-16 14:48:49.494]  Tuned to 38
[2016-11-16 14:48:49.594]  Tuned to 39
[2016-11-16 14:48:49.695]  Tuned to 40
[2016-11-16 14:48:49.795]  Tuned to 41
[2016-11-16 14:48:49.895]  Tuned to 42
[2016-11-16 14:48:49.997]  Tuned to 43
[2016-11-16 14:48:50.097]  Tuned to 44
[2016-11-16 14:48:50.198]  Tuned to 45
[2016-11-16 14:48:50.299]  Tuned to 46
[2016-11-16 14:48:50.399]  Tuned to 47
[2016-11-16 14:48:50.500]  Tuned to 48
[2016-11-16 14:48:50.600]  Tuned to 49
[2016-11-16 14:48:50.700]  Tuned to 50
[2016-11-16 14:48:50.801]  Tuned to 51
[2016-11-16 14:48:50.901]  Tuned to 52
[2016-11-16 14:48:51.003]  Tuned to 53
[2016-11-16 14:48:51.104]  Tuned to 54
[2016-11-16 14:48:51.204]  Tuned to 55
[2016-11-16 14:48:51.304]  Tuned to 56
[2016-11-16 14:48:51.405]  Tuned to 57
[2016-11-16 14:48:51.505]  Tuned to 58
[2016-11-16 14:48:51.605]  Tuned to 59
[2016-11-16 14:48:51.706]  Tuned to 60
[2016-11-16 14:48:51.806]  Tuned to 61
[2016-11-16 14:48:51.906]  Tuned to 62
[2016-11-16 14:48:52.007]  Tuned to 63
[2016-11-16 14:48:52.107]  Tuned to 64
[2016-11-16 14:48:52.207]  Tuned to 65
[2016-11-16 14:48:52.308]  Tuned to 66
[2016-11-16 14:48:52.408]  Tuned to 67
[2016-11-16 14:48:52.508]  Tuned to 68
[2016-11-16 14:48:52.608]  Tuned to 69
[2016-11-16 14:48:52.709]  Tuned to 70
[2016-11-16 14:48:52.809]  Tuned to 71
[2016-11-16 14:48:52.909]  Tuned to 72
[2016-11-16 14:48:53.010]  Tuned to 73
[2016-11-16 14:48:53.110]  Tuned to 74
[2016-11-16 14:48:53.210]  Tuned to 75
[2016-11-16 14:48:53.311]  Tuned to 76
[2016-11-16 14:48:53.411]  Tuned to 77
[2016-11-16 14:48:53.511]  Tuned to 78
[2016-11-16 14:48:53.612]  Tuned to 79
[2016-11-16 14:48:53.712]  Tuned to 80
[2016-11-16 14:48:53.812]  Tuned to 81
[2016-11-16 14:48:53.912]  Tuned to 82
[2016-11-16 14:48:54.013]  Tuned to 83
[2016-11-16 14:48:54.113]  Tuned to 2
[2016-11-16 14:48:54.213]  Tuned to 3
[2016-11-16 14:48:54.314]  Tuned to 4
[2016-11-16 14:48:54.414]  Tuned to 5
[2016-11-16 14:48:54.514]  Tuned to 6
[2016-11-16 14:48:54.615]  Tuned to 7
[2016-11-16 14:48:54.715]  Tuned to 8
[2016-11-16 14:48:54.815]  Tuned to 9
[2016-11-16 14:48:54.915]  Tuned to 10
[2016-11-16 14:48:55.016]  Tuned to 11
[2016-11-16 14:48:55.116]  Tuned to 12
[2016-11-16 14:48:55.217]  Tuned to 13
[2016-11-16 14:48:55.317]  Tuned to 14
[2016-11-16 14:48:55.417]  Tuned to 15
[2016-11-16 14:48:55.518]  Tuned to 16
[2016-11-16 14:48:55.619]  Tuned to 17
[2016-11-16 14:48:55.719]  Tuned to 18
[2016-11-16 14:48:55.820]  Tuned to 19
[2016-11-16 14:48:55.920]  Tuned to 20
[2016-11-16 14:48:56.020]  Tuned to 21
[2016-11-16 14:48:56.121]  Tuned to 22
[2016-11-16 14:48:56.223]  Tuned to 23
[2016-11-16 14:48:56.324]  Tuned to 24
[2016-11-16 14:48:56.424]  Tuned to 25
[2016-11-16 14:48:56.524]  Tuned to 26
[2016-11-16 14:48:56.624]  Tuned to 27
[2016-11-16 14:48:56.725]  Tuned to 28
[2016-11-16 14:48:56.826]  Tuned to 29
[2016-11-16 14:48:56.927]  Tuned to 30
[2016-11-16 14:48:57.027]  Tuned to 31
[2016-11-16 14:48:57.127]  Tuned to 32
[2016-11-16 14:48:57.227]  Tuned to 33
[2016-11-16 14:48:57.330]  Tuned to 34
[2016-11-16 14:48:57.430]  Tuned to 35
[2016-11-16 14:48:57.531]  Tuned to 36
[2016-11-16 14:48:57.631]  Tuned to 37
[2016-11-16 14:48:57.731]  Tuned to 38
[2016-11-16 14:48:57.832]  Tuned to 39
[2016-11-16 14:48:57.932]  Tuned to 40
[2016-11-16 14:48:58.032]  Tuned to 41
[2016-11-16 14:48:58.132]  Tuned to 42
[2016-11-16 14:48:58.233]  Tuned to 43
[2016-11-16 14:48:58.333]  Tuned to 44
[2016-11-16 14:48:58.434]  Tuned to 45
[2016-11-16 14:48:58.534]  Tuned to 46
[2016-11-16 14:48:58.634]  Tuned to 47
[2016-11-16 14:48:58.735]  Tuned to 48
[2016-11-16 14:48:58.835]  Tuned to 49
[2016-11-16 14:48:58.935]  Tuned to 50
[2016-11-16 14:48:59.036]  Tuned to 51
[2016-11-16 14:48:59.136]  Tuned to 52
[2016-11-16 14:48:59.236]  Tuned to 53
[2016-11-16 14:48:59.337]  Tuned to 54
[2016-11-16 14:48:59.437]  Tuned to 55
[2016-11-16 14:48:59.537]  Tuned to 56
[2016-11-16 14:48:59.638]  Tuned to 57
[2016-11-16 14:48:59.738]  Tuned to 58
[2016-11-16 14:48:59.838]  Tuned to 59
[2016-11-16 14:48:59.939]  Tuned to 60
[2016-11-16 14:49:00.039]  Tuned to 61
[2016-11-16 14:49:00.139]  Tuned to 62
[2016-11-16 14:49:00.240]  Tuned to 63
[2016-11-16 14:49:00.340]  Tuned to 64
[2016-11-16 14:49:00.440]  Tuned to 65
[2016-11-16 14:49:00.540]  Tuned to 66
[2016-11-16 14:49:00.641]  Tuned to 67
[2016-11-16 14:49:00.741]  Tuned to 68
[2016-11-16 14:49:00.841]  Tuned to 69
[2016-11-16 14:49:00.942]  Tuned to 70
[2016-11-16 14:49:01.042]  Tuned to 71
[2016-11-16 14:49:01.142]  Tuned to 72
[2016-11-16 14:49:01.243]  Tuned to 73
[2016-11-16 14:49:01.343]  Tuned to 74
[2016-11-16 14:49:01.443]  Tuned to 75
[2016-11-16 14:49:01.544]  Tuned to 76
[2016-11-16 14:49:01.644]  Tuned to 77
[2016-11-16 14:49:01.745]  Tuned to 78
[2016-11-16 14:49:01.845]  Tuned to 79
[2016-11-16 14:49:01.945]  Tuned to 80
[2016-11-16 14:49:02.046]  Tuned to 81
[2016-11-16 14:49:02.146]  Tuned to 82
[2016-11-16 14:49:02.246]  Tuned to 83
[2016-11-16 14:49:02.347]  Tuned to 2
[2016-11-16 14:49:02.447]  Tuned to 3
[2016-11-16 14:49:02.548]  Tuned to 4
[2016-11-16 14:49:02.648]  Tuned to 5
[2016-11-16 14:49:02.748]  Tuned to 6
[2016-11-16 14:49:02.849]  Tuned to 7
[2016-11-16 14:49:02.949]  Tuned to 8
[2016-11-16 14:49:03.049]  Tuned to 9
[2016-11-16 14:49:03.150]  Tuned to 10
[2016-11-16 14:49:03.250]  Tuned to 11
[2016-11-16 14:49:03.350]  Tuned to 12
[2016-11-16 14:49:03.451]  Tuned to 13
[2016-11-16 14:49:03.551]  Tuned to 14
[2016-11-16 14:49:03.651]  Tuned to 15
[2016-11-16 14:49:03.751]  Tuned to 16
[2016-11-16 14:49:03.852]  Tuned to 17
[2016-11-16 14:49:03.952]  Tuned to 18
[2016-11-16 14:49:04.052]  Tuned to 19
[2016-11-16 14:49:04.153]  Tuned to 20
[2016-11-16 14:49:04.253]  Tuned to 21
[2016-11-16 14:49:04.353]  Tuned to 22
[2016-11-16 14:49:04.454]  Tuned to 23
[2016-11-16 14:49:04.554]  Tuned to 24
[2016-11-16 14:49:04.654]  Tuned to 25
[2016-11-16 14:49:04.755]  Tuned to 26
[2016-11-16 14:49:04.855]  Tuned to 27
[2016-11-16 14:49:04.956]  Tuned to 28
[2016-11-16 14:49:05.057]  Tuned to 29
[2016-11-16 14:49:05.158]  Tuned to 30
[2016-11-16 14:49:05.259]  Tuned to 31
[2016-11-16 14:49:05.360]  Tuned to 32
[2016-11-16 14:49:05.461]  Tuned to 33
[2016-11-16 14:49:05.561]  Tuned to 34
[2016-11-16 14:49:05.661]  Tuned to 35
[2016-11-16 14:49:05.762]  Tuned to 36
[2016-11-16 14:49:05.862]  Tuned to 37
[2016-11-16 14:49:05.962]  Tuned to 38
[2016-11-16 14:49:06.063]  Tuned to 39
[2016-11-16 14:49:06.163]  Tuned to 40
[2016-11-16 14:49:06.263]  Tuned to 41
[2016-11-16 14:49:06.363]  Tuned to 42
[2016-11-16 14:49:06.466]  Tuned to 43
[2016-11-16 14:49:06.567]  Tuned to 44
[2016-11-16 14:49:06.668]  Tuned to 45
[2016-11-16 14:49:06.768]  Tuned to 46
[2016-11-16 14:49:06.869]  Tuned to 47
[2016-11-16 14:49:06.969]  Tuned to 48
[2016-11-16 14:49:07.069]  Tuned to 49
[2016-11-16 14:49:07.170]  Tuned to 50
[2016-11-16 14:49:07.270]  Tuned to 51
[2016-11-16 14:49:07.370]  Tuned to 52
[2016-11-16 14:49:07.471]  Tuned to 53
[2016-11-16 14:49:07.571]  Tuned to 54
[2016-11-16 14:49:07.671]  Tuned to 55
[2016-11-16 14:49:07.771]  Tuned to 56
[2016-11-16 14:49:07.872]  Tuned to 57
[2016-11-16 14:49:07.972]  Tuned to 58
[2016-11-16 14:49:08.073]  Tuned to 59
[2016-11-16 14:49:08.173]  Tuned to 60
[2016-11-16 14:49:08.274]  Tuned to 61
[2016-11-16 14:49:08.374]  Tuned to 62
[2016-11-16 14:49:08.475]  Tuned to 63
[2016-11-16 14:49:08.575]  Tuned to 64
[2016-11-16 14:49:08.677]  Tuned to 65
[2016-11-16 14:49:08.777]  Tuned to 66
[2016-11-16 14:49:08.878]  Tuned to 67
[2016-11-16 14:49:08.978]  Tuned to 68
[2016-11-16 14:49:09.078]  Tuned to 69
[2016-11-16 14:49:09.179]  Tuned to 70
[2016-11-16 14:49:09.279]  Tuned to 71
[2016-11-16 14:49:09.379]  Tuned to 72
[2016-11-16 14:49:09.480]  Tuned to 73
[2016-11-16 14:49:09.580]  Tuned to 74
[2016-11-16 14:49:09.680]  Tuned to 75
[2016-11-16 14:49:09.781]  Tuned to 76
[2016-11-16 14:49:09.881]  Tuned to 77
[2016-11-16 14:49:09.983]  Tuned to 78
[2016-11-16 14:49:10.083]  Tuned to 79
[2016-11-16 14:49:10.184]  Tuned to 80
[2016-11-16 14:49:10.284]  Tuned to 81
[2016-11-16 14:49:10.385]  Tuned to 82
[2016-11-16 14:49:10.487]  Tuned to 83
[2016-11-16 14:49:10.587]  Tuned to 2
[2016-11-16 14:49:10.687]  Tuned to 3
[2016-11-16 14:49:10.788]  Tuned to 4
[2016-11-16 14:49:10.888]  Tuned to 5
[2016-11-16 14:49:10.988]  Tuned to 6
[2016-11-16 14:49:11.089]  Tuned to 7
[2016-11-16 14:49:11.189]  Tuned to 8
[2016-11-16 14:49:11.289]  Tuned to 9
[2016-11-16 14:49:11.390]  Tuned to 10
[2016-11-16 14:49:11.490]  Tuned to 11
[2016-11-16 14:49:11.590]  Tuned to 12
[2016-11-16 14:49:11.690]  Tuned to 13
[2016-11-16 14:49:11.791]  Tuned to 14
[2016-11-16 14:49:11.891]  Tuned to 15
[2016-11-16 14:49:11.991]  Tuned to 16
[2016-11-16 14:49:12.092]  Tuned to 17
[2016-11-16 14:49:12.192]  Tuned to 18
[2016-11-16 14:49:12.292]  Tuned to 19
[2016-11-16 14:49:12.393]  Tuned to 20
[2016-11-16 14:49:12.493]  Tuned to 21
[2016-11-16 14:49:12.593]  Tuned to 22
[2016-11-16 14:49:12.694]  Tuned to 23
[2016-11-16 14:49:12.794]  Tuned to 24
[2016-11-16 14:49:12.894]  Tuned to 25
[2016-11-16 14:49:12.995]  Tuned to 26
[2016-11-16 14:49:13.095]  Tuned to 27
[2016-11-16 14:49:13.195]  Tuned to 28
[2016-11-16 14:49:13.295]  Tuned to 29
[2016-11-16 14:49:13.396]  Tuned to 30
[2016-11-16 14:49:13.496]  Tuned to 31
[2016-11-16 14:49:13.596]  Tuned to 32
[2016-11-16 14:49:13.697]  Tuned to 33
[2016-11-16 14:49:13.797]  Tuned to 34
[2016-11-16 14:49:13.897]  Tuned to 35
[2016-11-16 14:49:13.998]  Tuned to 36
[2016-11-16 14:49:14.099]  Tuned to 37
[2016-11-16 14:49:14.199]  Tuned to 38
[2016-11-16 14:49:14.300]  Tuned to 39
[2016-11-16 14:49:14.400]  Tuned to 40
[2016-11-16 14:49:14.500]  Tuned to 41
[2016-11-16 14:49:14.600]  Tuned to 42
[2016-11-16 14:49:14.702]  Tuned to 43
[2016-11-16 14:49:14.802]  Tuned to 44
[2016-11-16 14:49:14.902]  Tuned to 45
[2016-11-16 14:49:15.003]  Tuned to 46
[2016-11-16 14:49:15.104]  Tuned to 47
[2016-11-16 14:49:15.204]  Tuned to 48
[2016-11-16 14:49:15.305]  Tuned to 49
[2016-11-16 14:49:15.405]  Tuned to 50
[2016-11-16 14:49:15.505]  Tuned to 51
[2016-11-16 14:49:15.606]  Tuned to 52
[2016-11-16 14:49:15.706]  Tuned to 53
[2016-11-16 14:49:15.806]  Tuned to 54
[2016-11-16 14:49:15.906]  Tuned to 55
[2016-11-16 14:49:16.007]  Tuned to 56
[2016-11-16 14:49:16.107]  Tuned to 57
[2016-11-16 14:49:16.207]  Tuned to 58
[2016-11-16 14:49:16.307]  Tuned to 59
[2016-11-16 14:49:16.408]  Tuned to 60
[2016-11-16 14:49:16.510]  Tuned to 61
[2016-11-16 14:49:16.611]  Tuned to 62
[2016-11-16 14:49:16.712]  Tuned to 63
[2016-11-16 14:49:16.813]  Tuned to 64
[2016-11-16 14:49:16.913]  Tuned to 65
[2016-11-16 14:49:17.013]  Tuned to 66
[2016-11-16 14:49:17.114]  Tuned to 67
[2016-11-16 14:49:17.214]  Tuned to 68
[2016-11-16 14:49:17.314]  Tuned to 69
[2016-11-16 14:49:17.414]  Tuned to 70
[2016-11-16 14:49:17.515]  Tuned to 71
[2016-11-16 14:49:17.615]  Tuned to 72
[2016-11-16 14:49:17.717]  Tuned to 73
[2016-11-16 14:49:17.818]  Tuned to 74
[2016-11-16 14:49:17.918]  Tuned to 75
[2016-11-16 14:49:18.019]  Tuned to 76
[2016-11-16 14:49:18.119]  Tuned to 77
[2016-11-16 14:49:18.219]  Tuned to 78
[2016-11-16 14:49:18.320]  Tuned to 79
[2016-11-16 14:49:18.420]  Tuned to 80
[2016-11-16 14:49:18.520]  Tuned to 81
[2016-11-16 14:49:18.620]  Tuned to 82
[2016-11-16 14:49:18.721]  Tuned to 83
[2016-11-16 14:49:18.821]  Tuned to 2
[2016-11-16 14:49:18.921]  Tuned to 3
[2016-11-16 14:49:19.022]  Tuned to 4
[2016-11-16 14:49:19.122]  Tuned to 5
[2016-11-16 14:49:19.222]  Tuned to 6
[2016-11-16 14:49:19.323]  Tuned to 7
[2016-11-16 14:49:19.423]  Tuned to 8
[2016-11-16 14:49:19.524]  Tuned to 9
[2016-11-16 14:49:19.624]  Tuned to 10
[2016-11-16 14:49:19.725]  Tuned to 11
[2016-11-16 14:49:19.825]  Tuned to 12
[2016-11-16 14:49:19.926]  Tuned to 13
[2016-11-16 14:49:20.026]  Tuned to 14
[2016-11-16 14:49:20.127]  Tuned to 15
[2016-11-16 14:49:20.227]  Tuned to 16
[2016-11-16 14:49:20.327]  Tuned to 17
[2016-11-16 14:49:20.427]  Tuned to 18
[2016-11-16 14:49:20.528]  Tuned to 19
[2016-11-16 14:49:20.628]  Tuned to 20
[2016-11-16 14:49:20.728]  Tuned to 21
[2016-11-16 14:49:20.829]  Tuned to 22
[2016-11-16 14:49:20.929]  Tuned to 23
[2016-11-16 14:49:21.029]  Tuned to 24
[2016-11-16 14:49:21.130]  Tuned to 25
[2016-11-16 14:49:21.230]  Tuned to 26
[2016-11-16 14:49:21.330]  Tuned to 27
[2016-11-16 14:49:21.431]  Tuned to 28
[2016-11-16 14:49:21.531]  Tuned to 29
[2016-11-16 14:49:21.631]  Tuned to 30
[2016-11-16 14:49:21.732]  Tuned to 31
[2016-11-16 14:49:21.832]  Tuned to 32
[2016-11-16 14:49:21.932]  Tuned to 33
[2016-11-16 14:49:22.033]  Tuned to 34
[2016-11-16 14:49:22.133]  Tuned to 35
[2016-11-16 14:49:22.233]  Tuned to 36
[2016-11-16 14:49:22.334]  Tuned to 37
[2016-11-16 14:49:22.434]  Tuned to 38
[2016-11-16 14:49:22.534]  Tuned to 39
[2016-11-16 14:49:22.635]  Tuned to 40
[2016-11-16 14:49:22.735]  Tuned to 41
[2016-11-16 14:49:22.837]  Tuned to 42
[2016-11-16 14:49:22.937]  Tuned to 43
[2016-11-16 14:49:23.037]  Tuned to 44
[2016-11-16 14:49:23.138]  Tuned to 45
[2016-11-16 14:49:23.238]  Tuned to 46
[2016-11-16 14:49:23.338]  Tuned to 47
[2016-11-16 14:49:23.438]  Tuned to 48
[2016-11-16 14:49:23.539]  Tuned to 49
[2016-11-16 14:49:23.639]  Tuned to 50
[2016-11-16 14:49:23.739]  Tuned to 51
[2016-11-16 14:49:23.840]  Tuned to 52
[2016-11-16 14:49:23.940]  Tuned to 53
[2016-11-16 14:49:24.040]  Tuned to 54
[2016-11-16 14:49:24.141]  Tuned to 55
[2016-11-16 14:49:24.241]  Tuned to 56
[2016-11-16 14:49:24.341]  Tuned to 57
[2016-11-16 14:49:24.442]  Tuned to 58
[2016-11-16 14:49:24.542]  Tuned to 59
[2016-11-16 14:49:24.642]  Tuned to 60
[2016-11-16 14:49:24.743]  Tuned to 61
[2016-11-16 14:49:24.843]  Tuned to 62
[2016-11-16 14:49:24.943]  Tuned to 63
[2016-11-16 14:49:25.044]  Tuned to 64
[2016-11-16 14:49:25.144]  Tuned to 65
[2016-11-16 14:49:25.244]  Tuned to 66
[2016-11-16 14:49:25.344]  Tuned to 67
[2016-11-16 14:49:25.445]  Tuned to 68
[2016-11-16 14:49:25.545]  Tuned to 69
[2016-11-16 14:49:25.645]  Tuned to 70
[2016-11-16 14:49:25.745]  Tuned to 71
[2016-11-16 14:49:25.846]  Tuned to 72
[2016-11-16 14:49:25.946]  Tuned to 73
[2016-11-16 14:49:26.047]  Tuned to 74
[2016-11-16 14:49:26.147]  Tuned to 75
[2016-11-16 14:49:26.247]  Tuned to 76
[2016-11-16 14:49:26.348]  Tuned to 77
[2016-11-16 14:49:26.448]  Tuned to 78
[2016-11-16 14:49:26.549]  Tuned to 79
[2016-11-16 14:49:26.649]  Tuned to 80
[2016-11-16 14:49:26.750]  Tuned to 81
[2016-11-16 14:49:26.850]  Tuned to 82
[2016-11-16 14:49:26.950]  Tuned to 83
[2016-11-16 14:49:27.051]  Tuned to 2
[2016-11-16 14:49:27.151]  Tuned to 3
[2016-11-16 14:49:27.251]  Tuned to 4
[2016-11-16 14:49:27.352]  Tuned to 5
[2016-11-16 14:49:27.452]  Tuned to 6
[2016-11-16 14:49:27.552]  Tuned to 7
[2016-11-16 14:49:27.652]  Tuned to 8
[2016-11-16 14:49:27.753]  Tuned to 9
[2016-11-16 14:49:27.854]  Tuned to 10
[2016-11-16 14:49:27.954]  Tuned to 11
[2016-11-16 14:49:28.054]  Tuned to 12
[2016-11-16 14:49:28.154]  Tuned to 13
tail: output.txt: file truncated
                                                                                                                                                                                                                                                                                                                                                                                                                                                                                                                                                                                                                                                                                                                                                                                                                                                                                                                                                                                                                                                                                                                                                                                                                                                                                                                                                                                                                                                                                                                                                                                                                                                                                                                                                                                                                                                                                                                                                                                                                                                                                                                                                                                                                                                                                                                                                                                                                                                                                                                                                                                                                                                                                                                                                                                                                                                                                                                                                                                                                                                                                                                                                                                                                                                                                                                                                                                                                                                                                                                                                                                                                                                                                                                                                                                                                                                                                                                                                                                                                                                                                                                                                                                                                                                                                                                                                                                                                                                                                                                                                                                                                                                                                                                                                                                                                                                                                                                                                                                                                                                                                                                                                                                                                                                                                                                                                                                                                                                                                                                                                                                                                                                                                                                                                                                                                                                                                                                                                                                                                                                                                                                                                                                                                                                                                                                                                                                                                                                                                                                                                                                                                                                                                                                                                                                                                                                                                                                                                                                                                                                                                                                                                                                                                                                                                                                                                                                                                                                                                                                                                                                                                                                                                                                                                                                                                                                                                                                                                                                                                                                                                                                                                                                                                                                                                                                                                                                                                                                                                                                                                                                                                                                                                                                                                                                                                                                                                                                                                                                                                                                                                                                                                                                                                                                                                                                                                                                                                                                                                                                                                                                                                                                                                                                                                                                                                                                                                                                                                                                                                                                                                                                                                                                                                                                                                                                                                                                                                                                                                                                                                                                                                                                                                                                                                                                                                                                                                                                                                                                                                                                                                                                                                                                                                                                                                                                                                                                                                                                                                                                                                                                                                                                                                                                                                                                                                                                                                                                                                                                                                                                                                                                                                                                                                                                                                                                                                                                                                                                                                                                                                                                                                                                                                                                                                                                                                                                                                                                                                                                                                                                                                                                                                                                                                                                                                                                                                                                                                                                                                                                                                                                                                                                                                                                                                                                                                                                                                                                                                                                                                                                                                                                                                                                                                                                                                                                                                                                                                                                                                                                                                                                                                                                                                                                                                                                                                                                                                                                                                                                                                                                                                                                                                                                                                                                                                                                                                                                                                                                                                                                                                                                                                                                                                                                                                                                                                                                                                                                                                                                                                                                                                                                                                                                                                                                                                                                                                                                                                                                                                                                                                                                                                                                                                                                                                                                                                                                                                                                                                                                                                                                                                                                                                                                                                                                                                                                                                                                                                                                                                                                                                                                                                                                                                                                                                                                                                                                                                                                                                                                                                                                                                                                                                                                                                                                                                                                                                                                                                                                                                                                                                                                                                                                                                                                                                                                                                                                                                                                                                                                                                                                                                                                                                                                                                                                                                                                                                                                                                                                                                                                                                                                                                                                                                                                                                                                                                                                                                                                                                                                                                                                                                                                                                                                                                                                                                                                                                                                                                                                                                                                                                                                                                                                                                                                                                                                                                                                                                                                                                                                                                                                                                                                                                                                                                                                                                                                                                                                                                                                                                                                                                                                                                                                                                                                                                                                                                                                                                                                                                                                                                                                                                                                                                                                                                                                                                                                                                                                                                                                                                                                                                                                                                                                                                                                                                                                                                                                                                                                                                                                                                                                                                                                                                                                                                                                                                                                                                                                                                                                                                                                                                                                                                                                                                                                                                                                                                                                                                                                                                                                                                                                                                                                                                                                                                                                                                                                                                                                                                                                                                                                                                                                                                                                                                                                                                                                                                                                                                                                                                                                                                                                                                                                                                                                                                                                                                                                                                                                                                                                                                                                                                                                                                                                                                                                                                                                                                                                                                                                                                                                                                                                                                                                                                                                                                                                                                                                                                                                                                                                                                                                                                                                                                                                                                                                                                                                                                                                                                                                                                                                                                                                                                                                                                                                                                                                                                                                                                                                                                                                                                                                                                                                                                                                                                                                                                                                                                                                                                                                                                                                                                                                                                                                                                                                                                                                                                                                                                                                                                                                                                                                                                                                                                                                                                                                                                                                                                                                                                                                                                                                                                                                                                                                                                                                                                                                                                                                                                                                                                                                                                                                                                                                                                                                                                                                                                                                                                                                                                                                                                                                                                                                                                                                                                                                                                                                                                                                                                                                                                                                                                                                                                                                                                                                                                                                                                                                                                                                                                                                                                                                                                                                                                                                                                                                                                                                                                                                                                                                                                                                                                                                                                                                                                                                                                                                                                                                                                                                                                                                                                                                                                                                                                                                                                                                                                                                                                                                                                                                                                                                                                                                                                                                                                                                                                                                                                                                                                                                                                                                                                                                                                                                                                                                                                                                                                                                                                                                                                                                                                                                                                                                                                                                                                                                                                                                                                                                                                                                                                                                                                                                                                                                                                                                                                                                                                                                                                                                                                                                                                                                                                                                                                                                                                                                                                                                                                                                                                                                                                                                                                                                                                                                                                                                                                                                                                                                                                                                                                                                                                                                                                                                                                                                                                                                                                                                                                                                                                                                                                                                                                                                                                                                                                                                                                                                                                                                                                                                                                                                                                                                                                                                                                                                                                                                                                                                                                                                                                                                                                                                                                                                                                                                                                                                                                                                                                                                                                                                                                                                                                                                                                                                                                                                                                                                                                                                                                                                                                                                                                                                                                                                                                                                                                                                                                                                                                                                                                                                                                                                                                                                                                                                                                                                                                                                                                                                                                                                                                                                                                                                                                                                                                                                                                                                                                                                                                                                                                                                                                                                                                                                                                                                                                                                                                                                                                                                                                                                                                                                                                                                                                                                                                                                                                                                                                                                                                                                                                                                                                                                                                                                                                                                                                                                                                                                                                                                                                                                                                                                                                                                                                                                                                                                                                                                                                                                                                                                                                                                                                                                                                                                                                                                                                                                                                                                                                                                                                                                                                                                                                                                                                                                                                                                                                                                                                                                                                                                                                                                                                                                                                                                                                                                                                                                                                                                                                                                                                                                                                                                                                                                                                                                                                                                                                                                                                                                                                                                                                                                                                                                                                                                                                                                                                                                                                                                                                                                                                                                                                                                                                                                                                                                                                                                                                                                                                                                                                                                                                                                                                                                                                                                                                                                                                                                                                                                                                                                                                                                                                                                                                                                                                                                                                                                                                                                                                                                                                                                                                                                                                                                                                                                                                                                                                                                                                                                                                                                                                                                                                                                                                                                                                                                                                                                                                                                                                                                                                                                                                                                                                                                                                                                                                                                                                                                                                                                                                                                                                                                                                                                                                                                                                                                                                                                                                                                                                                                                                                                                                                                                                                                                                                                                                                                                                                                                                                                                                                                                                                                                                                                                                                                                                                                                                                                                                                                                                                                                                                                                                                                                                                                                                                                                                                                                                                                                                                                                                                                                                                                                                                                                                                                                                                                                                                                                                                                                                                                                                                                                                                                                                                                                                                                                                                                                                                                                                                                                                                                                                                                                                                                                                                                                                                                                                                                                                                                                                                                                                                                                                                                                                                                                                                                                                                                                                                                                                                                                                                                                                                                                                                                                                                                                                                                                                                                                                                                                                                                                                                                                                                                                                                                                                                                                                                                                                                                                                                                                                                                                                                                                                                                                                                                                                                                                                                                                                                                                                                                                                                                                                                                                                                                                                                                                                                                                                                                                                                                                                                                                                                                                                                                                                                                                                                                                                                                                                                                                                                                                                                                                                                                                                                                                                                                                                                                                                                                                                                                                                                                                                                                                                                                                                                                                                                                                                                                                                                                                                                                                                                                                                                                                                                                                                                                                                                                                                                                                                                                                                                                                                                                                                                                                                                                                                                                                                                                                                                                                                                                                                                                                                                                                                                                                                                                                                                                                                                                                                                                                                                                                                                                                                                                                                                                                                                                                                                                                                                                                                                                                                                                                                                                                                                                                                                                                                                                                                                                                                                                                                                                                                                                                                                                                                                                                                                                                                                                                                                                                                                                                                                                                                                                                                                                                                                                                                                                                                                                                                                                                                                                                                                                                                                                                                                                                                                                                                                                                                                                                                                                                                                                                                                                                                                                                                                                                                                                                                                                                                                                                                                                                                                                                                                                                                                                                                                                                                                                                                                                                                                                                                                                                                                                                                                                                                                                                                                                                                                                                                                                                                                                                                                                                                                                                                                                                                                                                                                                                                                                                                                                                                                                                                                                                                                                                                                                                                                                                                                                                                                                                                                                                                                                                                                                                                                                                                                                                                                                                                                                                                                                                                                                                                                                                                                                                                                                                                                                                                                                                                                                                                                                                                                                                                                                                                                                                                                                                                                                                                                                                                                                                                                                                                                                                                                                                                                                                                                                                                                                                                                                                                                                                                                                                                                                                                                                                                                                                                                                                                                                                                                                                                                                                                                                                                                                                                                                                                                                                                                                                                                                                                                                                                                                                                                                                                                                                                                                                                                                                                                                                                                                                                                                                                                                                                                                                                                                                                                                                                                                                                                                                                                                                                                                                                                                                                                                                                                                                                                                                                                                                                                                                                                                                                                                                                                                                                                                                                                                                                                                                                                                                                                                                                                                                                                                                                                                                                                                                                                                                                                                                                                                                                                                                                                                                                                                                                                                                                                                                                                                                                                                                                                                                                                                                                                                                                                                                                                                                                                                                                                                                                                                                                                                                                                                                                                                                                                                                                                                                                                                                                                                                                                                                                                                                                                                                                                                                                                                                                                                                                                                                                                                                                                                                                                                                                                                                                                                                                                                                                                                                                                                                                                                                                                                                                                                                                                                                                                                                                                                                                                                                                                                                                                                                                                                                                                                                                                                                                                                                                                                                                                                                                                                                                                                                                                                                                                                                                                                                                                                                                                                                                                                                                                                                                                                                                                                                                                                                                                                                                                                                                                                                                                                                                                                                                                                                                                                                                                                                                                                                                                                                                                                                                                                                                                                                                                                                                                                                                                                                                                                                                                                                                                                                                                                                                                                                                                                                                                                                                                                                                                                                                                                                                                                                                                                                                                                                                                                                                                                                                                                                                                                                                                                                                                                                                                                                                                                                                                                                                                                                                                                                                                                                                                                                                                                                                                                                                                                                                                                                                                                                                                                                                                                                                                                                                                                                                                                                                                                                                                                                                                                                                                                                                                                                                                                                                                                                                                                                                                                                                                                                                                                                                                                                                                                                                                                                                                                                                                                                                                                                                                                                                                                                                                                                                                                                                                                                                                                                                                                                                                                                                                                                                                                                                                                                                                                                                                                                                                                                                                                                                                                                                                                                                                                                                                                                                                                                                                                                                                                                                                                                                                                                                                                                                                                                                                                                                                                                                                                                                                                                                                                                                                                                                                                                                                                                                                                                                                                                                                                                                                                                                                                                                                                                                                                                                                                                                                                                                                                                                                                                                                                                                                                                                                                                                                                                                                                                                                                                                                                                                                                                                                                                                                                                                                                                                                                                                                                                                                                                                                                                                                                                                                                                                                                                                                                                                                                                                                                                                                                                                                                                                                                                                                                                                                                                                                                                                                                                                                                                                                                                                                                                                                                                                                                                                                                                                                                                                                                                                                                                                                                                                                                                                                                                                                                                                                                                                                                                                                                                                                                                                                                                                                                                                                                                                                                                                                                                                                                                                                                                                                                                                                                                                                                                                                                                                                                                                                                                                                                                                                                                                                                                                                                                                                                                                                                                                                                                                                                                                                                                                                                                                                                                                                                                                                                                                                                                                                                                                                                                                                                                                                                                                                                                                                                                                                                                                                                                                                                                                                                                                                                                                                                                                                                                                                                                                                                                                                                                                                                                                                                                                                                                                                                                                                                                                                                                                                                                                                                                                                                                                                                                                                                                                                                                                                                                                                                                                                                                                                                                                                                                                                                                                                                                                                                                                                                                                                                                                                                                                                                                                                                                                                                                                                                                                                                                                                                                                                                                                                                                                                                                                                                                                                                                                                                                                                                                                                                                                                                                                                                                                                                                                                                                                                                                                                                                                                                                                                                                                                                                                                                                                                                                                                                                                                                                                                                                                                                                                                                                                                                                                                                                                                                                                                                                                                                                                                                                                                                                                                                                                                                                                                                                                                                                                                                                                                                                                                                                                                                                                                                                                                                                                                                                                                                                                                                                                                                                                                                                                                                                                                                                                                                                                                                                                                                                                                                                                                                                                                                                                                                                                                                                                                                                                                                                                                                                                                                                                                                                                                                                                                                                                                                                                                                                                                                                                                                                                                                                                                                                                                                                                                                                                                                                                                                                                                                                                                                                                                                                                                                                                                                                                                                                                                                                                                                                                                                                                                                                                                                                                                                                                                                                                                                                                                                                                                                                                                                                                                                                                                                                                                                                                                                                                                                                                                                                                                                                                                                                                                                                                                                                                                                                                                                                                                                                                                                                                                                                                                                                                                                                                                                                                                                                                                                                                                                                                                                                                                                                                                                                                                                                                                                                                                                                                                                                                                                                                                                                                                                                                                                                                                                                                                                                                                                                                                                                                                                                                                                                                                                                                                                                                                                                                                                                                                                                                                                                                                                                                                                                                                                                                                                                                                                                                                                                                                                                                                                                                                                                                                                                                                                                                                                                                                                                                                                                                                                                                                                                                                                                                                                                                                                                                                                                                                                                                                                                                                                                                                                                                                                                                                                                                                                                                                                                                                                                                                                                                                                                                                                                                                                                                                                                                                                                                                                                                                                                                                                                                                                                                                                                                                                                                                                                                                                                                                                                                                                                                                                                                                                                                                                                                                                                                                                                                                                                                                                                                                                                                                                                                                                                                                                                                                                                                                                                                                                                                                                                                                                                                                                                                                                                                                                                                                                                                                                                                                                                                                                                                                                                                                                                                                                                                                                                                                                                                                                                                                                                                                                                                                                                                                                                                                                                                                                                                                                                                                                                                                                                                                                                                                                                                                                                                                                                                                                                                                                                                                                                                                                                                                                                                                                                                                                                                                                                                                                                                                                                                                                                                                                                                                                                                                                                                                                                                                                                                                                                                                                                                                                                                                                                                                                                                                                                                                                                                                                                                                                                                                                                                                                                                                                                                                                                                                                                                                                                                                                                                                                                                                                                                                                                                                                                                                                                                                                                                                                                                                                                                                                                                                                                                                                                                                                                                                                                                                                                                                                                                                                                                                                                                                                                                                                                                                                                                                                                                                                                                                                                                                                                                                                                                                                                                                                                                                                                                                                                                                                                                                                                                                                                                                                                                                                                                                                                                                                                                                                                                                                                                                                                                                                                                                                                                                                                                                                                                                                                                                                                                                                                                                                                                                                                                                                                                                                                                                                                                                                                                                                                                                                                                                                                                                                                                                                                                                                                                                                                                                                                                                                                                                                                                                                                                                                                                                                                                                                                                                                                                                                                                                                                                                                                                                                                                                                                                                                                                                                                                                                                                                                                                                                                                                                                                                                                                                                                                                                                                                                                                                                                                                                                                                                                                                                                                                                                                                                                                                                                                                                                                                                                                                                                                                                                                                                                                                                                                                                                                                                                                                                                                                                                                                                                                                                                                                                                                                                                                                                                                                                                                                                                                                                                                                                                                                                                                                                                                                                                                                                                                                                                                                                                                                                                                                                                                                                                                                                                                                                                                                                                                                                                                                                                                                                                                                                                                                                                                                                                                                                                                                                                                                                                                                                                                                                                                                                                                                                                                                                                                                                                                                                                                                                                                                                                                                                                                                                                                                                                                                                                                                                                                                                                                                                                                                                                                                                                                                                                                                                                                                                                                                                                                                                                                                                                                                                                                                                                                                                                                                                                                                                                                                                                                                                                                                                                                                                                                                                                                                                                                                                                                                                                                                                                                                                                                                                                                                                                                                                                                                                                                                                                                                                                                                                                                                                                                                                                                                                                                                                                                                                                                                                                                                                                                                                                                                                                                                                                                                                                                                                                                                                                                                                                                                                                                                                                                                                                                                                                                                                                                                                                                                                                                                                                                                                                                                                                                                                                                                                                                                                                                                                                                                                                                                                                                                                                                                                                                                                                                                                                                                                                                                                                                                                                                                                                                                                                                                                                                                                                                                                                                                                                                                                                                                                                                                                                                                                                                                                                                                                                                                                                                                                                                                                                                                                                                                                                                                                                                                                                                                                                                                                                                                                                                                                                                                                                                                                                                                                                                                                                                                                                                                                                                                                                                                                                                                                                                                                                                                                                                                                                                                                                                                                                                                                                                                                                                                                                                                                                                                                                                                                                                                                                                                                                                                                                                                                                                                                                                                                                                                                                                                                                                                                                                                                                                                                                                                                                                                                                                                                                                                                                                                                                                                                                                                                                                                                                                                                                                                                                                                                                                                                                                                                                                                                                                                                                                                                                                                                                                                                                                                                                                                                                                                                                                                                                                                                                                                                                                                                                                                                                                                                                                                                                                                                                                                                                                                                                                                                                                                                                                                                                                                                                                                                                                                                                                                                                                                                                                                                                                                                                                                                                                                                                                                                                                                                                                                                                                                                                                                                                                                                                                                                                                                                                                                                                                                                                                                                                                                                                                                                                                                                                                                                                                                                                                                                                                                                                                                                                                                                                                                                                                                                                                                                                                                                                                                                                                                                                                                                                                                                                                                                                                                                                                                                                                                                                                                                                                                                                                                                                                                                                                                                                                                                                                                                                                                                                                                                                                                                                                                                                                                                                                                                                                                                                                                                                                                                                                                                                                                                                                                                                                                                                                                                                                                                                                                                                                                                                                                                                                                                                                                                                                                                                                                                                                                                                                                                                                                                                                                                                                                                                                                                                                                                                                                                                                                                                                                                                                                                                                                                                                                                                                                                                                                                                                                                                                                                                                                                                                                                                                                                                                                                                                                                                                                                                                                                                                                                                                                                                                                                                                                                                                                                                                                                                                                                                                                                                                                                                                                                                                                                                                                                                                                                                                                                                                                                                                                                                                                                                                                                                                                                                                                                                                                                                                                                                                                                                                                                                                                                                                                                                                                                                                                                                                                                                                                                                                                                                                                                                                                                                                                                                                                                                                                                                                                                                                                                                                                                                                                                                                                                                                                                                                                                                                                                                                                                                                                                                                                                                                                                                                                                                                                                                                                                                                                                                                                                                                                                                                                                                                                                                                                                                                                                                                                                                                                                                                                                                                                                                                                                                                                                                                                                                                                                                                                                                                                                                                                                                                                                                                                                                                                                                                                                                                                                                                 [2016-11-16 14:49:28.255]  Tuned to 14
[2016-11-16 14:49:28.355]  Tuned to 15
[2016-11-16 14:49:28.455]  Tuned to 16
[2016-11-16 14:49:28.556]  Tuned to 17
[2016-11-16 14:49:28.656]  Tuned to 18
[2016-11-16 14:49:28.756]  Tuned to 19
[2016-11-16 14:49:28.857]  Tuned to 20
[2016-11-16 14:49:28.957]  Tuned to 21
[2016-11-16 14:49:29.057]  Tuned to 22
[2016-11-16 14:49:29.157]  Tuned to 23
[2016-11-16 14:49:29.258]  Tuned to 24
[2016-11-16 14:49:29.358]  Tuned to 25
[2016-11-16 14:49:29.458]  Tuned to 26
[2016-11-16 14:49:29.559]  Tuned to 27
[2016-11-16 14:49:29.659]  Tuned to 28
[2016-11-16 14:49:29.759]  Tuned to 29
[2016-11-16 14:49:29.859]  Tuned to 30
[2016-11-16 14:49:29.960]  Tuned to 31
[2016-11-16 14:49:30.060]  Tuned to 32
[2016-11-16 14:49:30.160]  Tuned to 33
[2016-11-16 14:49:30.261]  Tuned to 34
[2016-11-16 14:49:30.361]  Tuned to 35
[2016-11-16 14:49:30.461]  Tuned to 36
[2016-11-16 14:49:30.562]  Tuned to 37
[2016-11-16 14:49:30.662]  Tuned to 38
[2016-11-16 14:49:30.762]  Tuned to 39
[2016-11-16 14:49:30.863]  Tuned to 40
[2016-11-16 14:49:30.965]  Tuned to 41
[2016-11-16 14:49:31.065]  Tuned to 42
[2016-11-16 14:49:31.166]  Tuned to 43
[2016-11-16 14:49:31.267]  Tuned to 44
[2016-11-16 14:49:31.367]  Tuned to 45
[2016-11-16 14:49:31.467]  Tuned to 46
[2016-11-16 14:49:31.567]  Tuned to 47
[2016-11-16 14:49:31.668]  Tuned to 48
[2016-11-16 14:49:31.768]  Tuned to 49
[2016-11-16 14:49:31.868]  Tuned to 50
[2016-11-16 14:49:31.969]  Tuned to 51
[2016-11-16 14:49:32.070]  Tuned to 52
[2016-11-16 14:49:32.171]  Tuned to 53
[2016-11-16 14:49:32.271]  Tuned to 54
[2016-11-16 14:49:32.371]  Tuned to 55
[2016-11-16 14:49:32.472]  Tuned to 56
[2016-11-16 14:49:32.572]  Tuned to 57
[2016-11-16 14:49:32.672]  Tuned to 58
[2016-11-16 14:49:32.773]  Tuned to 59
[2016-11-16 14:49:32.873]  Tuned to 60
[2016-11-16 14:49:32.973]  Tuned to 61
[2016-11-16 14:49:33.074]  Tuned to 62
[2016-11-16 14:49:33.174]  Tuned to 63
[2016-11-16 14:49:33.274]  Tuned to 64
[2016-11-16 14:49:33.374]  Tuned to 65
[2016-11-16 14:49:33.475]  Tuned to 66
[2016-11-16 14:49:33.575]  Tuned to 67
[2016-11-16 14:49:33.675]  Tuned to 68
[2016-11-16 14:49:33.776]  Tuned to 69
[2016-11-16 14:49:33.876]  Tuned to 70
[2016-11-16 14:49:33.976]  Tuned to 71
[2016-11-16 14:49:34.077]  Tuned to 72
[2016-11-16 14:49:34.179]  Tuned to 73
[2016-11-16 14:49:34.279]  Tuned to 74
[2016-11-16 14:49:34.379]  Tuned to 75
[2016-11-16 14:49:34.480]  Tuned to 76
[2016-11-16 14:49:34.582]  Tuned to 77
[2016-11-16 14:49:34.682]  Tuned to 78
[2016-11-16 14:49:34.783]  Tuned to 79
[2016-11-16 14:49:34.883]  Tuned to 80
[2016-11-16 14:49:34.983]  Tuned to 81
[2016-11-16 14:49:35.084]  Tuned to 82
[2016-11-16 14:49:35.184]  Tuned to 83
[2016-11-16 14:49:35.285]  Tuned to 2
[2016-11-16 14:49:35.385]  Tuned to 3
[2016-11-16 14:49:35.485]  Tuned to 4
[2016-11-16 14:49:35.586]  Tuned to 5
[2016-11-16 14:49:35.687]  Tuned to 6
[2016-11-16 14:49:35.788]  Tuned to 7
[2016-11-16 14:49:35.888]  Tuned to 8
[2016-11-16 14:49:35.988]  Tuned to 9
[2016-11-16 14:49:36.088]  Tuned to 10
[2016-11-16 14:49:36.190]  Tuned to 11
[2016-11-16 14:49:36.291]  Tuned to 12
[2016-11-16 14:49:36.391]  Tuned to 13
[2016-11-16 14:49:36.491]  Tuned to 14
[2016-11-16 14:49:36.591]  Tuned to 15
[2016-11-16 14:49:36.692]  Tuned to 16
[2016-11-16 14:49:36.792]  Tuned to 17
[2016-11-16 14:49:36.892]  Tuned to 18
[2016-11-16 14:49:36.993]  Tuned to 19
[2016-11-16 14:49:37.093]  Tuned to 20
[2016-11-16 14:49:37.193]  Tuned to 21
[2016-11-16 14:49:37.294]  Tuned to 22
[2016-11-16 14:49:37.394]  Tuned to 23
[2016-11-16 14:49:37.494]  Tuned to 24
[2016-11-16 14:49:37.594]  Tuned to 25
[2016-11-16 14:49:37.695]  Tuned to 26
[2016-11-16 14:49:37.795]  Tuned to 27
[2016-11-16 14:49:37.895]  Tuned to 28
[2016-11-16 14:49:37.996]  Tuned to 29
[2016-11-16 14:49:38.098]  Tuned to 30
[2016-11-16 14:49:38.198]  Tuned to 31
[2016-11-16 14:49:38.299]  Tuned to 32
[2016-11-16 14:49:38.399]  Tuned to 33
[2016-11-16 14:49:38.499]  Tuned to 34
[2016-11-16 14:49:38.600]  Tuned to 35
[2016-11-16 14:49:38.700]  Tuned to 36
[2016-11-16 14:49:38.800]  Tuned to 37
[2016-11-16 14:49:38.901]  Tuned to 38
[2016-11-16 14:49:39.001]  Tuned to 39
[2016-11-16 14:49:39.101]  Tuned to 40
[2016-11-16 14:49:39.203]  Tuned to 41
[2016-11-16 14:49:39.304]  Tuned to 42
[2016-11-16 14:49:39.404]  Tuned to 43
[2016-11-16 14:49:39.504]  Tuned to 44
[2016-11-16 14:49:39.605]  Tuned to 45
[2016-11-16 14:49:39.705]  Tuned to 46
[2016-11-16 14:49:39.805]  Tuned to 47
[2016-11-16 14:49:39.905]  Tuned to 48
[2016-11-16 14:49:40.006]  Tuned to 49
[2016-11-16 14:49:40.106]  Tuned to 50
[2016-11-16 14:49:40.206]  Tuned to 51
[2016-11-16 14:49:40.307]  Tuned to 52
[2016-11-16 14:49:40.407]  Tuned to 53
[2016-11-16 14:49:40.507]  Tuned to 54
[2016-11-16 14:49:40.608]  Tuned to 55
[2016-11-16 14:49:40.708]  Tuned to 56
[2016-11-16 14:49:40.808]  Tuned to 57
[2016-11-16 14:49:40.909]  Tuned to 58
[2016-11-16 14:49:41.010]  Tuned to 59
[2016-11-16 14:49:41.110]  Tuned to 60
[2016-11-16 14:49:41.210]  Tuned to 61
[2016-11-16 14:49:41.311]  Tuned to 62
[2016-11-16 14:49:41.411]  Tuned to 63
[2016-11-16 14:49:41.512]  Tuned to 64
[2016-11-16 14:49:41.612]  Tuned to 65
[2016-11-16 14:49:41.712]  Tuned to 66
[2016-11-16 14:49:41.813]  Tuned to 67
[2016-11-16 14:49:41.913]  Tuned to 68
[2016-11-16 14:49:42.013]  Tuned to 69
[2016-11-16 14:49:42.114]  Tuned to 70
[2016-11-16 14:49:42.214]  Tuned to 71
[2016-11-16 14:49:42.314]  Tuned to 72
[2016-11-16 14:49:42.415]  Tuned to 73
[2016-11-16 14:49:42.515]  Tuned to 74
[2016-11-16 14:49:42.615]  Tuned to 75
[2016-11-16 14:49:42.715]  Tuned to 76
[2016-11-16 14:49:42.816]  Tuned to 77
[2016-11-16 14:49:42.916]  Tuned to 78
[2016-11-16 14:49:43.017]  Tuned to 79
[2016-11-16 14:49:43.117]  Tuned to 80
[2016-11-16 14:49:43.217]  Tuned to 81
[2016-11-16 14:49:43.318]  Tuned to 82
[2016-11-16 14:49:43.418]  Tuned to 83
[2016-11-16 14:49:43.518]  Tuned to 2
[2016-11-16 14:49:43.618]  Tuned to 3
[2016-11-16 14:49:43.719]  Tuned to 4
[2016-11-16 14:49:43.819]  Tuned to 5
[2016-11-16 14:49:43.919]  Tuned to 6
[2016-11-16 14:49:44.020]  Tuned to 7
[2016-11-16 14:49:44.121]  Tuned to 8
[2016-11-16 14:49:44.221]  Tuned to 9
[2016-11-16 14:49:44.321]  Tuned to 10
[2016-11-16 14:49:44.421]  Tuned to 11
[2016-11-16 14:49:44.522]  Tuned to 12
[2016-11-16 14:49:44.622]  Tuned to 13
[2016-11-16 14:49:44.722]  Tuned to 14
[2016-11-16 14:49:44.823]  Tuned to 15
[2016-11-16 14:49:44.923]  Tuned to 16
[2016-11-16 14:49:45.023]  Tuned to 17
[2016-11-16 14:49:45.124]  Tuned to 18
[2016-11-16 14:49:45.224]  Tuned to 19
[2016-11-16 14:49:45.325]  Tuned to 20
[2016-11-16 14:49:45.425]  Tuned to 21
[2016-11-16 14:49:45.525]  Tuned to 22
[2016-11-16 14:49:45.625]  Tuned to 23
[2016-11-16 14:49:45.726]  Tuned to 24
[2016-11-16 14:49:45.826]  Tuned to 25
[2016-11-16 14:49:45.926]  Tuned to 26
[2016-11-16 14:49:46.027]  Tuned to 27
[2016-11-16 14:49:46.127]  Tuned to 28
[2016-11-16 14:49:46.227]  Tuned to 29
[2016-11-16 14:49:46.328]  Tuned to 30
[2016-11-16 14:49:46.428]  Tuned to 31
[2016-11-16 14:49:46.528]  Tuned to 32
[2016-11-16 14:49:46.629]  Tuned to 33
[2016-11-16 14:49:46.729]  Tuned to 34
[2016-11-16 14:49:46.829]  Tuned to 35
[2016-11-16 14:49:46.930]  Tuned to 36
[2016-11-16 14:49:47.030]  Tuned to 37
[2016-11-16 14:49:47.130]  Tuned to 38
[2016-11-16 14:49:47.231]  Tuned to 39
[2016-11-16 14:49:47.332]  Tuned to 40
[2016-11-16 14:49:47.432]  Tuned to 41
[2016-11-16 14:49:47.533]  Tuned to 42
[2016-11-16 14:49:47.633]  Tuned to 43
[2016-11-16 14:49:47.734]  Tuned to 44
[2016-11-16 14:49:47.834]  Tuned to 45
[2016-11-16 14:49:47.934]  Tuned to 46
[2016-11-16 14:49:48.035]  Tuned to 47
[2016-11-16 14:49:48.135]  Tuned to 48
[2016-11-16 14:49:48.235]  Tuned to 49
[2016-11-16 14:49:48.336]  Tuned to 50
[2016-11-16 14:49:48.436]  Tuned to 51
[2016-11-16 14:49:48.536]  Tuned to 52
[2016-11-16 14:49:48.637]  Tuned to 53
[2016-11-16 14:49:48.737]  Tuned to 54
[2016-11-16 14:49:48.837]  Tuned to 55
[2016-11-16 14:49:48.938]  Tuned to 56
[2016-11-16 14:49:49.038]  Tuned to 57
[2016-11-16 14:49:49.138]  Tuned to 58
[2016-11-16 14:49:49.238]  Tuned to 59
[2016-11-16 14:49:49.339]  Tuned to 60
[2016-11-16 14:49:49.440]  Tuned to 61
[2016-11-16 14:49:49.540]  Tuned to 62
[2016-11-16 14:49:49.641]  Tuned to 63
[2016-11-16 14:49:49.741]  Tuned to 64
[2016-11-16 14:49:49.841]  Tuned to 65
[2016-11-16 14:49:49.942]  Tuned to 66
[2016-11-16 14:49:50.042]  Tuned to 67
[2016-11-16 14:49:50.142]  Tuned to 68
[2016-11-16 14:49:50.243]  Tuned to 69
[2016-11-16 14:49:50.343]  Tuned to 70
[2016-11-16 14:49:50.443]  Tuned to 71
[2016-11-16 14:49:50.544]  Tuned to 72
[2016-11-16 14:49:50.644]  Tuned to 73
[2016-11-16 14:49:50.744]  Tuned to 74
[2016-11-16 14:49:50.844]  Tuned to 75
[2016-11-16 14:49:50.945]  Tuned to 76
[2016-11-16 14:49:51.045]  Tuned to 77
[2016-11-16 14:49:51.146]  Tuned to 78
[2016-11-16 14:49:51.247]  Tuned to 79
[2016-11-16 14:49:51.348]  Tuned to 80
[2016-11-16 14:49:51.448]  Tuned to 81
[2016-11-16 14:49:51.548]  Tuned to 82
[2016-11-16 14:49:51.648]  Tuned to 83
[2016-11-16 14:49:51.749]  Tuned to 2
[2016-11-16 14:49:51.851]  Tuned to 3
[2016-11-16 14:49:51.951]  Tuned to 4
[2016-11-16 14:49:52.051]  Tuned to 5
[2016-11-16 14:49:52.153]  Tuned to 6
[2016-11-16 14:49:52.253]  Tuned to 7
[2016-11-16 14:49:52.353]  Tuned to 8
[2016-11-16 14:49:52.454]  Tuned to 9
[2016-11-16 14:49:52.554]  Tuned to 10
[2016-11-16 14:49:52.654]  Tuned to 11
[2016-11-16 14:49:52.755]  Tuned to 12
[2016-11-16 14:49:52.856]  Tuned to 13
[2016-11-16 14:49:52.957]  Tuned to 14
[2016-11-16 14:49:53.058]  Tuned to 15
[2016-11-16 14:49:53.159]  Tuned to 16
[2016-11-16 14:49:53.259]  Tuned to 17
[2016-11-16 14:49:53.359]  Tuned to 18
[2016-11-16 14:49:53.462]  Tuned to 19
[2016-11-16 14:49:53.563]  Tuned to 20
[2016-11-16 14:49:53.663]  Tuned to 21
[2016-11-16 14:49:53.763]  Tuned to 22
[2016-11-16 14:49:53.864]  Tuned to 23
[2016-11-16 14:49:53.964]  Tuned to 24
[2016-11-16 14:49:54.064]  Tuned to 25
[2016-11-16 14:49:54.165]  Tuned to 26
[2016-11-16 14:49:54.265]  Tuned to 27
[2016-11-16 14:49:54.365]  Tuned to 28
[2016-11-16 14:49:54.466]  Tuned to 29
[2016-11-16 14:49:54.566]  Tuned to 30
[2016-11-16 14:49:54.666]  Tuned to 31
[2016-11-16 14:49:54.766]  Tuned to 32
[2016-11-16 14:49:54.867]  Tuned to 33
[2016-11-16 14:49:54.967]  Tuned to 34
[2016-11-16 14:49:55.067]  Tuned to 35
[2016-11-16 14:49:55.168]  Tuned to 36
[2016-11-16 14:49:55.268]  Tuned to 37
[2016-11-16 14:49:55.368]  Tuned to 38
[2016-11-16 14:49:55.469]  Tuned to 39
[2016-11-16 14:49:55.569]  Tuned to 40
[2016-11-16 14:49:55.669]  Tuned to 41
[2016-11-16 14:49:55.770]  Tuned to 42
[2016-11-16 14:49:55.870]  Tuned to 43
[2016-11-16 14:49:55.970]  Tuned to 44
[2016-11-16 14:49:56.071]  Tuned to 45
[2016-11-16 14:49:56.171]  Tuned to 46
[2016-11-16 14:49:56.271]  Tuned to 47
[2016-11-16 14:49:56.372]  Tuned to 48
[2016-11-16 14:49:56.472]  Tuned to 49
[2016-11-16 14:49:56.572]  Tuned to 50
[2016-11-16 14:49:56.673]  Tuned to 51
[2016-11-16 14:49:56.775]  Tuned to 52
[2016-11-16 14:49:56.875]  Tuned to 53
[2016-11-16 14:49:56.977]  Tuned to 54
[2016-11-16 14:49:57.077]  Tuned to 55
[2016-11-16 14:49:57.178]  Tuned to 56
[2016-11-16 14:49:57.279]  Tuned to 57
[2016-11-16 14:49:57.379]  Tuned to 58
[2016-11-16 14:49:57.479]  Tuned to 59
[2016-11-16 14:49:57.580]  Tuned to 60
[2016-11-16 14:49:57.680]  Tuned to 61
[2016-11-16 14:49:57.780]  Tuned to 62
[2016-11-16 14:49:57.881]  Tuned to 63
[2016-11-16 14:49:57.981]  Tuned to 64
[2016-11-16 14:49:58.082]  Tuned to 65
[2016-11-16 14:49:58.182]  Tuned to 66
[2016-11-16 14:49:58.282]  Tuned to 67
[2016-11-16 14:49:58.383]  Tuned to 68
[2016-11-16 14:49:58.483]  Tuned to 69
[2016-11-16 14:49:58.583]  Tuned to 70
[2016-11-16 14:49:58.684]  Tuned to 71
[2016-11-16 14:49:58.784]  Tuned to 72
[2016-11-16 14:49:58.884]  Tuned to 73
[2016-11-16 14:49:58.985]  Tuned to 74
[2016-11-16 14:49:59.085]  Tuned to 75
[2016-11-16 14:49:59.186]  Tuned to 76
[2016-11-16 14:49:59.287]  Tuned to 77
[2016-11-16 14:49:59.387]  Tuned to 78
[2016-11-16 14:49:59.487]  Tuned to 79
[2016-11-16 14:49:59.588]  Tuned to 80
[2016-11-16 14:49:59.688]  Tuned to 81
[2016-11-16 14:49:59.788]  Tuned to 82
[2016-11-16 14:49:59.889]  Tuned to 83
[2016-11-16 14:49:59.989]  Tuned to 2
[2016-11-16 14:50:00.089]  Tuned to 3
[2016-11-16 14:50:00.189]  Tuned to 4
[2016-11-16 14:50:00.290]  Tuned to 5
[2016-11-16 14:50:00.390]  Tuned to 6
[2016-11-16 14:50:00.493]  Tuned to 7
[2016-11-16 14:50:00.593]  Tuned to 8
[2016-11-16 14:50:00.694]  Tuned to 9
[2016-11-16 14:50:00.794]  Tuned to 10
[2016-11-16 14:50:00.894]  Tuned to 11
[2016-11-16 14:50:00.995]  Tuned to 12
[2016-11-16 14:50:01.095]  Tuned to 13
[2016-11-16 14:50:01.195]  Tuned to 14
[2016-11-16 14:50:01.296]  Tuned to 15
[2016-11-16 14:50:01.396]  Tuned to 16
[2016-11-16 14:50:01.496]  Tuned to 17
[2016-11-16 14:50:01.596]  Tuned to 18
[2016-11-16 14:50:01.697]  Tuned to 19
[2016-11-16 14:50:01.799]  Tuned to 20
[2016-11-16 14:50:01.899]  Tuned to 21
[2016-11-16 14:50:02.000]  Tuned to 22
[2016-11-16 14:50:02.101]  Tuned to 23
[2016-11-16 14:50:02.201]  Tuned to 24
[2016-11-16 14:50:02.301]  Tuned to 25
[2016-11-16 14:50:02.402]  Tuned to 26
[2016-11-16 14:50:02.502]  Tuned to 27
[2016-11-16 14:50:02.602]  Tuned to 28
[2016-11-16 14:50:02.703]  Tuned to 29
[2016-11-16 14:50:02.803]  Tuned to 30
[2016-11-16 14:50:02.903]  Tuned to 31
[2016-11-16 14:50:03.004]  Tuned to 32
[2016-11-16 14:50:03.104]  Tuned to 33
[2016-11-16 14:50:03.204]  Tuned to 34
[2016-11-16 14:50:03.305]  Tuned to 35
[2016-11-16 14:50:03.405]  Tuned to 36
[2016-11-16 14:50:03.505]  Tuned to 37
[2016-11-16 14:50:03.606]  Tuned to 38
[2016-11-16 14:50:03.706]  Tuned to 39
[2016-11-16 14:50:03.806]  Tuned to 40
[2016-11-16 14:50:03.907]  Tuned to 41
[2016-11-16 14:50:04.007]  Tuned to 42
[2016-11-16 14:50:04.107]  Tuned to 43
[2016-11-16 14:50:04.208]  Tuned to 44
[2016-11-16 14:50:04.308]  Tuned to 45
[2016-11-16 14:50:04.408]  Tuned to 46
[2016-11-16 14:50:04.508]  Tuned to 47
[2016-11-16 14:50:04.609]  Tuned to 48
[2016-11-16 14:50:04.709]  Tuned to 49
[2016-11-16 14:50:04.809]  Tuned to 50
[2016-11-16 14:50:04.910]  Tuned to 51
[2016-11-16 14:50:05.010]  Tuned to 52
[2016-11-16 14:50:05.111]  Tuned to 53
[2016-11-16 14:50:05.211]  Tuned to 54
[2016-11-16 14:50:05.311]  Tuned to 55
[2016-11-16 14:50:05.413]  Tuned to 56
[2016-11-16 14:50:05.513]  Tuned to 57
[2016-11-16 14:50:05.613]  Tuned to 58
[2016-11-16 14:50:05.714]  Tuned to 59
[2016-11-16 14:50:05.814]  Tuned to 60
[2016-11-16 14:50:05.914]  Tuned to 61
[2016-11-16 14:50:06.015]  Tuned to 62
[2016-11-16 14:50:06.115]  Tuned to 63
[2016-11-16 14:50:06.215]  Tuned to 64
[2016-11-16 14:50:06.316]  Tuned to 65
[2016-11-16 14:50:06.416]  Tuned to 66
[2016-11-16 14:50:06.516]  Tuned to 67
[2016-11-16 14:50:06.617]  Tuned to 68
[2016-11-16 14:50:06.717]  Tuned to 69
[2016-11-16 14:50:06.817]  Tuned to 70
[2016-11-16 14:50:06.918]  Tuned to 71
[2016-11-16 14:50:07.018]  Tuned to 72
[2016-11-16 14:50:07.121]  Tuned to 73
[2016-11-16 14:50:07.222]  Tuned to 74
[2016-11-16 14:50:07.322]  Tuned to 75
[2016-11-16 14:50:07.422]  Tuned to 76
[2016-11-16 14:50:07.523]  Tuned to 77
[2016-11-16 14:50:07.623]  Tuned to 78
[2016-11-16 14:50:07.724]  Tuned to 79
[2016-11-16 14:50:07.824]  Tuned to 80
[2016-11-16 14:50:07.924]  Tuned to 81
[2016-11-16 14:50:08.025]  Tuned to 82
[2016-11-16 14:50:08.125]  Tuned to 83
[2016-11-16 14:50:08.225]  Tuned to 2
[2016-11-16 14:50:08.327]  Tuned to 3
[2016-11-16 14:50:08.428]  Tuned to 4
[2016-11-16 14:50:08.528]  Tuned to 5
[2016-11-16 14:50:08.628]  Tuned to 6
[2016-11-16 14:50:08.729]  Tuned to 7
[2016-11-16 14:50:08.829]  Tuned to 8
[2016-11-16 14:50:08.929]  Tuned to 9
[2016-11-16 14:50:09.029]  Tuned to 10
[2016-11-16 14:50:09.130]  Tuned to 11
[2016-11-16 14:50:09.230]  Tuned to 12
[2016-11-16 14:50:09.330]  Tuned to 13
[2016-11-16 14:50:09.431]  Tuned to 14
[2016-11-16 14:50:09.531]  Tuned to 15
[2016-11-16 14:50:09.631]  Tuned to 16
[2016-11-16 14:50:09.732]  Tuned to 17
[2016-11-16 14:50:09.832]  Tuned to 18
[2016-11-16 14:50:09.932]  Tuned to 19
[2016-11-16 14:50:10.033]  Tuned to 20
[2016-11-16 14:50:10.133]  Tuned to 21
[2016-11-16 14:50:10.233]  Tuned to 22
[2016-11-16 14:50:10.333]  Tuned to 23
[2016-11-16 14:50:10.434]  Tuned to 24
[2016-11-16 14:50:10.534]  Tuned to 25
[2016-11-16 14:50:10.634]  Tuned to 26
[2016-11-16 14:50:10.735]  Tuned to 27
[2016-11-16 14:50:10.835]  Tuned to 28
[2016-11-16 14:50:10.935]  Tuned to 29
[2016-11-16 14:50:11.036]  Tuned to 30
[2016-11-16 14:50:11.136]  Tuned to 31
[2016-11-16 14:50:11.236]  Tuned to 32
[2016-11-16 14:50:11.337]  Tuned to 33
[2016-11-16 14:50:11.437]  Tuned to 34
[2016-11-16 14:50:11.538]  Tuned to 35
[2016-11-16 14:50:11.638]  Tuned to 36
[2016-11-16 14:50:11.738]  Tuned to 37
[2016-11-16 14:50:11.839]  Tuned to 38
[2016-11-16 14:50:11.939]  Tuned to 39
[2016-11-16 14:50:12.039]  Tuned to 40
[2016-11-16 14:50:12.140]  Tuned to 41
[2016-11-16 14:50:12.240]  Tuned to 42
[2016-11-16 14:50:12.341]  Tuned to 43
[2016-11-16 14:50:12.441]  Tuned to 44
[2016-11-16 14:50:12.541]  Tuned to 45
[2016-11-16 14:50:12.642]  Tuned to 46
[2016-11-16 14:50:12.742]  Tuned to 47
[2016-11-16 14:50:12.842]  Tuned to 48
[2016-11-16 14:50:12.943]  Tuned to 49
[2016-11-16 14:50:13.043]  Tuned to 50
[2016-11-16 14:50:13.143]  Tuned to 51
[2016-11-16 14:50:13.244]  Tuned to 52
[2016-11-16 14:50:13.344]  Tuned to 53
[2016-11-16 14:50:13.444]  Tuned to 54
[2016-11-16 14:50:13.545]  Tuned to 55
[2016-11-16 14:50:13.645]  Tuned to 56
[2016-11-16 14:50:13.745]  Tuned to 57
[2016-11-16 14:50:13.845]  Tuned to 58
[2016-11-16 14:50:13.946]  Tuned to 59
[2016-11-16 14:50:14.046]  Tuned to 60
[2016-11-16 14:50:14.146]  Tuned to 61
[2016-11-16 14:50:14.247]  Tuned to 62
[2016-11-16 14:50:14.347]  Tuned to 63
[2016-11-16 14:50:14.447]  Tuned to 64
[2016-11-16 14:50:14.548]  Tuned to 65
[2016-11-16 14:50:14.648]  Tuned to 66
[2016-11-16 14:50:14.748]  Tuned to 67
[2016-11-16 14:50:14.850]  Tuned to 68
[2016-11-16 14:50:14.951]  Tuned to 69
[2016-11-16 14:50:15.051]  Tuned to 70
[2016-11-16 14:50:15.151]  Tuned to 71
[2016-11-16 14:50:15.252]  Tuned to 72
[2016-11-16 14:50:15.353]  Tuned to 73
[2016-11-16 14:50:15.453]  Tuned to 74
[2016-11-16 14:50:15.554]  Tuned to 75
[2016-11-16 14:50:15.654]  Tuned to 76
[2016-11-16 14:50:15.754]  Tuned to 77
[2016-11-16 14:50:15.855]  Tuned to 78
[2016-11-16 14:50:15.955]  Tuned to 79
[2016-11-16 14:50:16.055]  Tuned to 80
[2016-11-16 14:50:16.155]  Tuned to 81
[2016-11-16 14:50:16.256]  Tuned to 82
[2016-11-16 14:50:16.356]  Tuned to 83
[2016-11-16 14:50:16.456]  Tuned to 2
[2016-11-16 14:50:16.557]  Tuned to 3
[2016-11-16 14:50:16.657]  Tuned to 4
[2016-11-16 14:50:16.757]  Tuned to 5
[2016-11-16 14:50:16.857]  Tuned to 6
[2016-11-16 14:50:16.958]  Tuned to 7
[2016-11-16 14:50:17.058]  Tuned to 8
[2016-11-16 14:50:17.161]  Tuned to 9
[2016-11-16 14:50:17.261]  Tuned to 10
[2016-11-16 14:50:17.362]  Tuned to 11
[2016-11-16 14:50:17.462]  Tuned to 12
[2016-11-16 14:50:17.562]  Tuned to 13
[2016-11-16 14:50:17.663]  Tuned to 14
[2016-11-16 14:50:17.763]  Tuned to 15
[2016-11-16 14:50:17.863]  Tuned to 16
[2016-11-16 14:50:17.963]  Tuned to 17
[2016-11-16 14:50:18.064]  Tuned to 18
[2016-11-16 14:50:18.164]  Tuned to 19
[2016-11-16 14:50:18.264]  Tuned to 20
[2016-11-16 14:50:18.365]  Tuned to 21
[2016-11-16 14:50:18.467]  Tuned to 22
[2016-11-16 14:50:18.567]  Tuned to 23
[2016-11-16 14:50:18.667]  Tuned to 24
[2016-11-16 14:50:18.768]  Tuned to 25
[2016-11-16 14:50:18.868]  Tuned to 26
[2016-11-16 14:50:18.968]  Tuned to 27
[2016-11-16 14:50:19.069]  Tuned to 28
[2016-11-16 14:50:19.169]  Tuned to 29
[2016-11-16 14:50:19.269]  Tuned to 30
[2016-11-16 14:50:19.370]  Tuned to 31
[2016-11-16 14:50:19.470]  Tuned to 32
[2016-11-16 14:50:19.570]  Tuned to 33
[2016-11-16 14:50:19.671]  Tuned to 34
[2016-11-16 14:50:19.771]  Tuned to 35
[2016-11-16 14:50:19.871]  Tuned to 36
[2016-11-16 14:50:19.972]  Tuned to 37
[2016-11-16 14:50:20.072]  Tuned to 38
[2016-11-16 14:50:20.172]  Tuned to 39
[2016-11-16 14:50:20.272]  Tuned to 40
[2016-11-16 14:50:20.373]  Tuned to 41
[2016-11-16 14:50:20.473]  Tuned to 42
[2016-11-16 14:50:20.573]  Tuned to 43
[2016-11-16 14:50:20.674]  Tuned to 44
[2016-11-16 14:50:20.774]  Tuned to 45
[2016-11-16 14:50:20.874]  Tuned to 46
[2016-11-16 14:50:20.975]  Tuned to 47
[2016-11-16 14:50:21.075]  Tuned to 48
[2016-11-16 14:50:21.175]  Tuned to 49
[2016-11-16 14:50:21.276]  Tuned to 50
[2016-11-16 14:50:21.376]  Tuned to 51
[2016-11-16 14:50:21.476]  Tuned to 52
[2016-11-16 14:50:21.576]  Tuned to 53
[2016-11-16 14:50:21.677]  Tuned to 54
[2016-11-16 14:50:21.777]  Tuned to 55
[2016-11-16 14:50:21.877]  Tuned to 56
[2016-11-16 14:50:21.978]  Tuned to 57
[2016-11-16 14:50:22.078]  Tuned to 58
[2016-11-16 14:50:22.178]  Tuned to 59
[2016-11-16 14:50:22.279]  Tuned to 60
[2016-11-16 14:50:22.379]  Tuned to 61
[2016-11-16 14:50:22.479]  Tuned to 62
[2016-11-16 14:50:22.580]  Tuned to 63
[2016-11-16 14:50:22.680]  Tuned to 64
[2016-11-16 14:50:22.780]  Tuned to 65
[2016-11-16 14:50:22.880]  Tuned to 66
[2016-11-16 14:50:22.982]  Tuned to 67
[2016-11-16 14:50:23.082]  Tuned to 68
[2016-11-16 14:50:23.183]  Tuned to 69
[2016-11-16 14:50:23.283]  Tuned to 70
[2016-11-16 14:50:23.383]  Tuned to 71
[2016-11-16 14:50:23.483]  Tuned to 72
[2016-11-16 14:50:23.584]  Tuned to 73
[2016-11-16 14:50:23.684]  Tuned to 74
[2016-11-16 14:50:23.784]  Tuned to 75
[2016-11-16 14:50:23.885]  Tuned to 76
[2016-11-16 14:50:23.985]  Tuned to 77
[2016-11-16 14:50:24.085]  Tuned to 78
[2016-11-16 14:50:24.185]  Tuned to 79
[2016-11-16 14:50:24.286]  Tuned to 80
[2016-11-16 14:50:24.387]  Tuned to 81
[2016-11-16 14:50:24.487]  Tuned to 82
[2016-11-16 14:50:24.587]  Tuned to 83
[2016-11-16 14:50:24.688]  Tuned to 2
[2016-11-16 14:50:24.788]  Tuned to 3
[2016-11-16 14:50:24.889]  Tuned to 4
[2016-11-16 14:50:24.989]  Tuned to 5
[2016-11-16 14:50:25.089]  Tuned to 6
[2016-11-16 14:50:25.190]  Tuned to 7
[2016-11-16 14:50:25.290]  Tuned to 8
[2016-11-16 14:50:25.390]  Tuned to 9
[2016-11-16 14:50:25.491]  Tuned to 10
[2016-11-16 14:50:25.592]  Tuned to 11
[2016-11-16 14:50:25.693]  Tuned to 12
[2016-11-16 14:50:25.793]  Tuned to 13
[2016-11-16 14:50:25.893]  Tuned to 14
[2016-11-16 14:50:25.994]  Tuned to 15
[2016-11-16 14:50:26.094]  Tuned to 16
[2016-11-16 14:50:26.194]  Tuned to 17
[2016-11-16 14:50:26.295]  Tuned to 18
[2016-11-16 14:50:26.395]  Tuned to 19
[2016-11-16 14:50:26.495]  Tuned to 20
[2016-11-16 14:50:26.596]  Tuned to 21
[2016-11-16 14:50:26.696]  Tuned to 22
[2016-11-16 14:50:26.796]  Tuned to 23
[2016-11-16 14:50:26.896]  Tuned to 24
[2016-11-16 14:50:26.997]  Tuned to 25
[2016-11-16 14:50:27.097]  Tuned to 26
[2016-11-16 14:50:27.199]  Tuned to 27
[2016-11-16 14:50:27.300]  Tuned to 28
[2016-11-16 14:50:27.400]  Tuned to 29
[2016-11-16 14:50:27.500]  Tuned to 30
[2016-11-16 14:50:27.601]  Tuned to 31
[2016-11-16 14:50:27.701]  Tuned to 32
[2016-11-16 14:50:27.801]  Tuned to 33
[2016-11-16 14:50:27.901]  Tuned to 34
[2016-11-16 14:50:28.002]  Tuned to 35
[2016-11-16 14:50:28.102]  Tuned to 36
[2016-11-16 14:50:28.202]  Tuned to 37
[2016-11-16 14:50:28.303]  Tuned to 38
[2016-11-16 14:50:28.403]  Tuned to 39
[2016-11-16 14:50:28.503]  Tuned to 40
[2016-11-16 14:50:28.604]  Tuned to 41
[2016-11-16 14:50:28.704]  Tuned to 42
[2016-11-16 14:50:28.805]  Tuned to 43
[2016-11-16 14:50:28.906]  Tuned to 44
[2016-11-16 14:50:29.006]  Tuned to 45
[2016-11-16 14:50:29.106]  Tuned to 46
[2016-11-16 14:50:29.206]  Tuned to 47
[2016-11-16 14:50:29.307]  Tuned to 48
[2016-11-16 14:50:29.407]  Tuned to 49
[2016-11-16 14:50:29.507]  Tuned to 50
[2016-11-16 14:50:29.608]  Tuned to 51
[2016-11-16 14:50:29.708]  Tuned to 52
[2016-11-16 14:50:29.808]  Tuned to 53
[2016-11-16 14:50:29.909]  Tuned to 54
[2016-11-16 14:50:30.009]  Tuned to 55
[2016-11-16 14:50:30.109]  Tuned to 56
[2016-11-16 14:50:30.210]  Tuned to 57
[2016-11-16 14:50:30.310]  Tuned to 58
[2016-11-16 14:50:30.411]  Tuned to 59
[2016-11-16 14:50:30.511]  Tuned to 60
[2016-11-16 14:50:30.612]  Tuned to 61
[2016-11-16 14:50:30.712]  Tuned to 62
[2016-11-16 14:50:30.812]  Tuned to 63
[2016-11-16 14:50:30.913]  Tuned to 64
[2016-11-16 14:50:31.013]  Tuned to 65
[2016-11-16 14:50:31.113]  Tuned to 66
[2016-11-16 14:50:31.214]  Tuned to 67
[2016-11-16 14:50:31.314]  Tuned to 68
[2016-11-16 14:50:31.414]  Tuned to 69
[2016-11-16 14:50:31.515]  Tuned to 70
[2016-11-16 14:50:31.615]  Tuned to 71
[2016-11-16 14:50:31.715]  Tuned to 72
[2016-11-16 14:50:31.816]  Tuned to 73
[2016-11-16 14:50:31.916]  Tuned to 74
[2016-11-16 14:50:32.016]  Tuned to 75
[2016-11-16 14:50:32.116]  Tuned to 76
[2016-11-16 14:50:32.217]  Tuned to 77
[2016-11-16 14:50:32.317]  Tuned to 78
[2016-11-16 14:50:32.417]  Tuned to 79
[2016-11-16 14:50:32.518]  Tuned to 80
[2016-11-16 14:50:32.618]  Tuned to 81
[2016-11-16 14:50:32.718]  Tuned to 82
[2016-11-16 14:50:32.819]  Tuned to 83
[2016-11-16 14:50:32.919]  Tuned to 2
[2016-11-16 14:50:33.019]  Tuned to 3
[2016-11-16 14:50:33.121]  Tuned to 4
[2016-11-16 14:50:33.222]  Tuned to 5
[2016-11-16 14:50:33.322]  Tuned to 6
[2016-11-16 14:50:33.422]  Tuned to 7
[2016-11-16 14:50:33.523]  Tuned to 8
[2016-11-16 14:50:33.623]  Tuned to 9
[2016-11-16 14:50:33.724]  Tuned to 10
[2016-11-16 14:50:33.824]  Tuned to 11
[2016-11-16 14:50:33.925]  Tuned to 12
[2016-11-16 14:50:34.026]  Tuned to 13
[2016-11-16 14:50:34.126]  Tuned to 14
[2016-11-16 14:50:34.227]  Tuned to 15
[2016-11-16 14:50:34.327]  Tuned to 16
[2016-11-16 14:50:34.427]  Tuned to 17
[2016-11-16 14:50:34.527]  Tuned to 18
[2016-11-16 14:50:34.628]  Tuned to 19
[2016-11-16 14:50:34.728]  Tuned to 20
[2016-11-16 14:50:34.828]  Tuned to 21
[2016-11-16 14:50:34.929]  Tuned to 22
[2016-11-16 14:50:35.029]  Tuned to 23
[2016-11-16 14:50:35.129]  Tuned to 24
[2016-11-16 14:50:35.230]  Tuned to 25
[2016-11-16 14:50:35.330]  Tuned to 26
[2016-11-16 14:50:35.430]  Tuned to 27
[2016-11-16 14:50:35.531]  Tuned to 28
[2016-11-16 14:50:35.631]  Tuned to 29
[2016-11-16 14:50:35.731]  Tuned to 30
[2016-11-16 14:50:35.832]  Tuned to 31
[2016-11-16 14:50:35.932]  Tuned to 32
[2016-11-16 14:50:36.032]  Tuned to 33
[2016-11-16 14:50:36.133]  Tuned to 34
[2016-11-16 14:50:36.233]  Tuned to 35
[2016-11-16 14:50:36.333]  Tuned to 36
[2016-11-16 14:50:36.434]  Tuned to 37
[2016-11-16 14:50:36.535]  Tuned to 38
[2016-11-16 14:50:36.635]  Tuned to 39
[2016-11-16 14:50:36.735]  Tuned to 40
[2016-11-16 14:50:36.836]  Tuned to 41
[2016-11-16 14:50:36.936]  Tuned to 42
[2016-11-16 14:50:37.036]  Tuned to 43
[2016-11-16 14:50:37.137]  Tuned to 44
[2016-11-16 14:50:37.237]  Tuned to 45
[2016-11-16 14:50:37.337]  Tuned to 46
[2016-11-16 14:50:37.437]  Tuned to 47
[2016-11-16 14:50:37.538]  Tuned to 48
[2016-11-16 14:50:37.639]  Tuned to 49
[2016-11-16 14:50:37.739]  Tuned to 50
[2016-11-16 14:50:37.840]  Tuned to 51
[2016-11-16 14:50:37.940]  Tuned to 52
[2016-11-16 14:50:38.040]  Tuned to 53
[2016-11-16 14:50:38.141]  Tuned to 54
[2016-11-16 14:50:38.241]  Tuned to 55
[2016-11-16 14:50:38.341]  Tuned to 56
[2016-11-16 14:50:38.442]  Tuned to 57
[2016-11-16 14:50:38.542]  Tuned to 58
[2016-11-16 14:50:38.642]  Tuned to 59
[2016-11-16 14:50:38.743]  Tuned to 60
[2016-11-16 14:50:38.843]  Tuned to 61
[2016-11-16 14:50:38.943]  Tuned to 62
[2016-11-16 14:50:39.043]  Tuned to 63
[2016-11-16 14:50:39.144]  Tuned to 64
[2016-11-16 14:50:39.244]  Tuned to 65
[2016-11-16 14:50:39.345]  Tuned to 66
[2016-11-16 14:50:39.445]  Tuned to 67
[2016-11-16 14:50:39.546]  Tuned to 68
[2016-11-16 14:50:39.646]  Tuned to 69
[2016-11-16 14:50:39.746]  Tuned to 70
[2016-11-16 14:50:39.847]  Tuned to 71
[2016-11-16 14:50:39.947]  Tuned to 72
[2016-11-16 14:50:40.047]  Tuned to 73
[2016-11-16 14:50:40.147]  Tuned to 74
[2016-11-16 14:50:40.248]  Tuned to 75
[2016-11-16 14:50:40.348]  Tuned to 76
[2016-11-16 14:50:40.449]  Tuned to 77
[2016-11-16 14:50:40.549]  Tuned to 78
[2016-11-16 14:50:40.649]  Tuned to 79
[2016-11-16 14:50:40.749]  Tuned to 80
[2016-11-16 14:50:40.850]  Tuned to 81
[2016-11-16 14:50:40.950]  Tuned to 82
[2016-11-16 14:50:41.050]  Tuned to 83
[2016-11-16 14:50:41.151]  Tuned to 2
[2016-11-16 14:50:41.251]  Tuned to 3
[2016-11-16 14:50:41.352]  Tuned to 4
[2016-11-16 14:50:41.452]  Tuned to 5
[2016-11-16 14:50:41.552]  Tuned to 6
[2016-11-16 14:50:41.653]  Tuned to 7
[2016-11-16 14:50:41.753]  Tuned to 8
[2016-11-16 14:50:41.853]  Tuned to 9
[2016-11-16 14:50:41.953]  Tuned to 10
[2016-11-16 14:50:42.054]  Tuned to 11
[2016-11-16 14:50:42.154]  Tuned to 12
[2016-11-16 14:50:42.254]  Tuned to 13
[2016-11-16 14:50:42.355]  Tuned to 14
[2016-11-16 14:50:42.455]  Tuned to 15
[2016-11-16 14:50:42.555]  Tuned to 16
[2016-11-16 14:50:42.655]  Tuned to 17
[2016-11-16 14:50:42.756]  Tuned to 18
[2016-11-16 14:50:42.856]  Tuned to 19
[2016-11-16 14:50:42.956]  Tuned to 20
[2016-11-16 14:50:43.057]  Tuned to 21
[2016-11-16 14:50:43.157]  Tuned to 22
[2016-11-16 14:50:43.257]  Tuned to 23
[2016-11-16 14:50:43.358]  Tuned to 24
[2016-11-16 14:50:43.458]  Tuned to 25
[2016-11-16 14:50:43.558]  Tuned to 26
[2016-11-16 14:50:43.658]  Tuned to 27
[2016-11-16 14:50:43.759]  Tuned to 28
[2016-11-16 14:50:43.859]  Tuned to 29
[2016-11-16 14:50:43.959]  Tuned to 30
[2016-11-16 14:50:44.060]  Tuned to 31
[2016-11-16 14:50:44.160]  Tuned to 32
[2016-11-16 14:50:44.262]  Tuned to 33
[2016-11-16 14:50:44.362]  Tuned to 34
[2016-11-16 14:50:44.463]  Tuned to 35
[2016-11-16 14:50:44.563]  Tuned to 36
[2016-11-16 14:50:44.663]  Tuned to 37
[2016-11-16 14:50:44.763]  Tuned to 38
[2016-11-16 14:50:44.864]  Tuned to 39
[2016-11-16 14:50:44.964]  Tuned to 40
[2016-11-16 14:50:45.064]  Tuned to 41
[2016-11-16 14:50:45.165]  Tuned to 42
[2016-11-16 14:50:45.265]  Tuned to 43
[2016-11-16 14:50:45.365]  Tuned to 44
[2016-11-16 14:50:45.465]  Tuned to 45
[2016-11-16 14:50:45.566]  Tuned to 46
[2016-11-16 14:50:45.666]  Tuned to 47
[2016-11-16 14:50:45.766]  Tuned to 48
[2016-11-16 14:50:45.867]  Tuned to 49
[2016-11-16 14:50:45.967]  Tuned to 50
[2016-11-16 14:50:46.067]  Tuned to 51
[2016-11-16 14:50:46.168]  Tuned to 52
[2016-11-16 14:50:46.268]  Tuned to 53
[2016-11-16 14:50:46.368]  Tuned to 54
[2016-11-16 14:50:46.468]  Tuned to 55
[2016-11-16 14:50:46.569]  Tuned to 56
[2016-11-16 14:50:46.669]  Tuned to 57
[2016-11-16 14:50:46.769]  Tuned to 58
[2016-11-16 14:50:46.870]  Tuned to 59
[2016-11-16 14:50:46.970]  Tuned to 60
[2016-11-16 14:50:47.070]  Tuned to 61
[2016-11-16 14:50:47.172]  Tuned to 62
[2016-11-16 14:50:47.273]  Tuned to 63
[2016-11-16 14:50:47.373]  Tuned to 64
[2016-11-16 14:50:47.473]  Tuned to 65
[2016-11-16 14:50:47.574]  Tuned to 66
[2016-11-16 14:50:47.674]  Tuned to 67
[2016-11-16 14:50:47.774]  Tuned to 68
[2016-11-16 14:50:47.874]  Tuned to 69
[2016-11-16 14:50:47.975]  Tuned to 70
[2016-11-16 14:50:48.075]  Tuned to 71
[2016-11-16 14:50:48.175]  Tuned to 72
[2016-11-16 14:50:48.276]  Tuned to 73
[2016-11-16 14:50:48.376]  Tuned to 74
[2016-11-16 14:50:48.476]  Tuned to 75
[2016-11-16 14:50:48.577]  Tuned to 76
[2016-11-16 14:50:48.677]  Tuned to 77
[2016-11-16 14:50:48.777]  Tuned to 78
[2016-11-16 14:50:48.878]  Tuned to 79
[2016-11-16 14:50:48.978]  Tuned to 80
[2016-11-16 14:50:49.078]  Tuned to 81
[2016-11-16 14:50:49.179]  Tuned to 82
[2016-11-16 14:50:49.280]  Tuned to 83
[2016-11-16 14:50:49.380]  Tuned to 2
[2016-11-16 14:50:49.480]  Tuned to 3
[2016-11-16 14:50:49.581]  Tuned to 4
[2016-11-16 14:50:49.682]  Tuned to 5
[2016-11-16 14:50:49.782]  Tuned to 6
[2016-11-16 14:50:49.882]  Tuned to 7
[2016-11-16 14:50:49.982]  Tuned to 8
[2016-11-16 14:50:50.083]  Tuned to 9
[2016-11-16 14:50:50.183]  Tuned to 10
[2016-11-16 14:50:50.283]  Tuned to 11
[2016-11-16 14:50:50.384]  Tuned to 12
[2016-11-16 14:50:50.484]  Tuned to 13
[2016-11-16 14:50:50.584]  Tuned to 14
[2016-11-16 14:50:50.685]  Tuned to 15
[2016-11-16 14:50:50.785]  Tuned to 16
[2016-11-16 14:50:50.885]  Tuned to 17
[2016-11-16 14:50:50.986]  Tuned to 18
[2016-11-16 14:50:51.086]  Tuned to 19
[2016-11-16 14:50:51.186]  Tuned to 20
[2016-11-16 14:50:51.286]  Tuned to 21
[2016-11-16 14:50:51.387]  Tuned to 22
[2016-11-16 14:50:51.488]  Tuned to 23
[2016-11-16 14:50:51.588]  Tuned to 24
[2016-11-16 14:50:51.689]  Tuned to 25
[2016-11-16 14:50:51.789]  Tuned to 26
[2016-11-16 14:50:51.889]  Tuned to 27
[2016-11-16 14:50:51.990]  Tuned to 28
[2016-11-16 14:50:52.090]  Tuned to 29
[2016-11-16 14:50:52.190]  Tuned to 30
[2016-11-16 14:50:52.290]  Tuned to 31
[2016-11-16 14:50:52.391]  Tuned to 32
[2016-11-16 14:50:52.491]  Tuned to 33
[2016-11-16 14:50:52.591]  Tuned to 34
[2016-11-16 14:50:52.692]  Tuned to 35
[2016-11-16 14:50:52.792]  Tuned to 36
[2016-11-16 14:50:52.892]  Tuned to 37
[2016-11-16 14:50:52.993]  Tuned to 38
[2016-11-16 14:50:53.093]  Tuned to 39
[2016-11-16 14:50:53.193]  Tuned to 40
[2016-11-16 14:50:53.294]  Tuned to 41
[2016-11-16 14:50:53.396]  Tuned to 42
[2016-11-16 14:50:53.496]  Tuned to 43
[2016-11-16 14:50:53.596]  Tuned to 44
[2016-11-16 14:50:53.696]  Tuned to 45
[2016-11-16 14:50:53.797]  Tuned to 46
[2016-11-16 14:50:53.897]  Tuned to 47
[2016-11-16 14:50:53.997]  Tuned to 48
[2016-11-16 14:50:54.098]  Tuned to 49
[2016-11-16 14:50:54.198]  Tuned to 50
[2016-11-16 14:50:54.298]  Tuned to 51
[2016-11-16 14:50:54.399]  Tuned to 52
[2016-11-16 14:50:54.499]  Tuned to 53
[2016-11-16 14:50:54.600]  Tuned to 54
[2016-11-16 14:50:54.700]  Tuned to 55
[2016-11-16 14:50:54.801]  Tuned to 56
[2016-11-16 14:50:54.901]  Tuned to 57
[2016-11-16 14:50:55.001]  Tuned to 58
[2016-11-16 14:50:55.102]  Tuned to 59
[2016-11-16 14:50:55.202]  Tuned to 60
[2016-11-16 14:50:55.302]  Tuned to 61
[2016-11-16 14:50:55.402]  Tuned to 62
[2016-11-16 14:50:55.503]  Tuned to 63
[2016-11-16 14:50:55.603]  Tuned to 64
[2016-11-16 14:50:55.703]  Tuned to 65
[2016-11-16 14:50:55.804]  Tuned to 66
[2016-11-16 14:50:55.904]  Tuned to 67
[2016-11-16 14:50:56.004]  Tuned to 68
[2016-11-16 14:50:56.105]  Tuned to 69
[2016-11-16 14:50:56.205]  Tuned to 70
[2016-11-16 14:50:56.305]  Tuned to 71
[2016-11-16 14:50:56.406]  Tuned to 72
[2016-11-16 14:50:56.506]  Tuned to 73
[2016-11-16 14:50:56.606]  Tuned to 74
[2016-11-16 14:50:56.707]  Tuned to 75
[2016-11-16 14:50:56.807]  Tuned to 76
[2016-11-16 14:50:56.907]  Tuned to 77
[2016-11-16 14:50:57.007]  Tuned to 78
[2016-11-16 14:50:57.108]  Tuned to 79
[2016-11-16 14:50:57.208]  Tuned to 80
[2016-11-16 14:50:57.308]  Tuned to 81
[2016-11-16 14:50:57.409]  Tuned to 82
[2016-11-16 14:50:57.509]  Tuned to 83
[2016-11-16 14:50:57.609]  Tuned to 2
[2016-11-16 14:50:57.709]  Tuned to 3
[2016-11-16 14:50:57.810]  Tuned to 4
[2016-11-16 14:50:57.910]  Tuned to 5
[2016-11-16 14:50:58.010]  Tuned to 6
[2016-11-16 14:50:58.111]  Tuned to 7
[2016-11-16 14:50:58.211]  Tuned to 8
[2016-11-16 14:50:58.311]  Tuned to 9
[2016-11-16 14:50:58.412]  Tuned to 10
[2016-11-16 14:50:58.512]  Tuned to 11
[2016-11-16 14:50:58.613]  Tuned to 12
[2016-11-16 14:50:58.713]  Tuned to 13
[2016-11-16 14:50:58.813]  Tuned to 14
[2016-11-16 14:50:58.913]  Tuned to 15
[2016-11-16 14:50:59.014]  Tuned to 16
[2016-11-16 14:50:59.114]  Tuned to 17
[2016-11-16 14:50:59.214]  Tuned to 18
[2016-11-16 14:50:59.315]  Tuned to 19
[2016-11-16 14:50:59.415]  Tuned to 20
[2016-11-16 14:50:59.515]  Tuned to 21
[2016-11-16 14:50:59.616]  Tuned to 22
[2016-11-16 14:50:59.716]  Tuned to 23
[2016-11-16 14:50:59.816]  Tuned to 24
[2016-11-16 14:50:59.916]  Tuned to 25
[2016-11-16 14:51:00.017]  Tuned to 26
[2016-11-16 14:51:00.117]  Tuned to 27
[2016-11-16 14:51:00.217]  Tuned to 28
[2016-11-16 14:51:00.318]  Tuned to 29
[2016-11-16 14:51:00.418]  Tuned to 30
[2016-11-16 14:51:00.518]  Tuned to 31
[2016-11-16 14:51:00.619]  Tuned to 32
[2016-11-16 14:51:00.720]  Tuned to 33
[2016-11-16 14:51:00.821]  Tuned to 34
[2016-11-16 14:51:00.921]  Tuned to 35
[2016-11-16 14:51:01.021]  Tuned to 36
[2016-11-16 14:51:01.121]  Tuned to 37
[2016-11-16 14:51:01.222]  Tuned to 38
[2016-11-16 14:51:01.322]  Tuned to 39
[2016-11-16 14:51:01.422]  Tuned to 40
tail: output.txt: file truncated
usage: ./nrf24-scanner.py [-h] [-c N [N ...]] [-v] [-l] [-i INDEX] [-p PREFIX] [-d DWELL]
./nrf24-scanner.py: error: unrecognized arguments: 
tail: output.txt: file truncated
[2016-11-16 14:56:44.728]  Using channels 2, 3, 4, 5, 6, 7, 8, 9, 10, 11, 12, 13, 14, 15, 16, 17, 18, 19, 20, 21, 22, 23, 24, 25, 26, 27, 28, 29, 30, 31, 32, 33, 34, 35, 36, 37, 38, 39, 40, 41, 42, 43, 44, 45, 46, 47, 48, 49, 50, 51, 52, 53, 54, 55, 56, 57, 58, 59, 60, 61, 62, 63, 64, 65, 66, 67, 68, 69, 70, 71, 72, 73, 74, 75, 76, 77, 78, 79, 80, 81, 82, 83
[2016-11-16 14:56:44.741]  Entered promiscuous mode
[2016-11-16 14:56:44.741]  Tuned to 2
[2016-11-16 14:56:44.841]  Tuned to 3
[2016-11-16 14:56:44.941]  Tuned to 4
[2016-11-16 14:56:45.042]  Tuned to 5
[2016-11-16 14:56:45.145]  Tuned to 6
[2016-11-16 14:56:45.245]  Tuned to 7
[2016-11-16 14:56:45.345]  Tuned to 8
[2016-11-16 14:56:45.446]  Tuned to 9
[2016-11-16 14:56:45.546]  Tuned to 10
[2016-11-16 14:56:45.647]  Tuned to 11
tail: output.txt: file truncated
[2016-11-16 14:56:59.322]  Using channels 2, 3, 4, 5, 6, 7, 8, 9, 10, 11, 12, 13, 14, 15, 16, 17, 18, 19, 20, 21, 22, 23, 24, 25, 26, 27, 28, 29, 30, 31, 32, 33, 34, 35, 36, 37, 38, 39, 40, 41, 42, 43, 44, 45, 46, 47, 48, 49, 50, 51, 52, 53, 54, 55, 56, 57, 58, 59, 60, 61, 62, 63, 64, 65, 66, 67, 68, 69, 70, 71, 72, 73, 74, 75, 76, 77, 78, 79, 80, 81, 82, 83
[2016-11-16 14:56:59.338]  Entered promiscuous mode
[2016-11-16 14:56:59.338]  Tuned to 2
[2016-11-16 14:56:59.439]  Tuned to 3
[2016-11-16 14:56:59.539]  Tuned to 4
[2016-11-16 14:56:59.639]  Tuned to 5
[2016-11-16 14:56:59.740]  Tuned to 6
[2016-11-16 14:56:59.840]  Tuned to 7
[2016-11-16 14:56:59.940]  Tuned to 8
[2016-11-16 14:57:00.041]  Tuned to 9
[2016-11-16 14:57:00.141]  Tuned to 10
[2016-11-16 14:57:00.241]  Tuned to 11
tail: output.txt: file truncated
[2016-11-16 15:02:12.955]  Using channels 2, 3, 4, 5, 6, 7, 8, 9, 10, 11, 12, 13, 14, 15, 16, 17, 18, 19, 20, 21, 22, 23, 24, 25, 26, 27, 28, 29, 30, 31, 32, 33, 34, 35, 36, 37, 38, 39, 40, 41, 42, 43, 44, 45, 46, 47, 48, 49, 50, 51, 52, 53, 54, 55, 56, 57, 58, 59, 60, 61, 62, 63, 64, 65, 66, 67, 68, 69, 70, 71, 72, 73, 74, 75, 76, 77, 78, 79, 80, 81, 82, 83
[2016-11-16 15:02:12.980]  Entered promiscuous mode
[2016-11-16 15:02:12.981]  Tuned to 2
[2016-11-16 15:02:13.081]  Tuned to 3
[2016-11-16 15:02:13.182]  Tuned to 4
[2016-11-16 15:02:13.283]  Tuned to 5
[2016-11-16 15:02:13.384]  Tuned to 6
[2016-11-16 15:02:13.484]  Tuned to 7
[2016-11-16 15:02:13.584]  Tuned to 8
[2016-11-16 15:02:13.685]  Tuned to 9
[2016-11-16 15:02:13.785]  Tuned to 10
[2016-11-16 15:02:13.885]  Tuned to 11
tail: output.txt: file truncated
[2016-11-16 15:06:56.844]  Using channels 2, 3, 4, 5, 6, 7, 8, 9, 10, 11, 12, 13, 14, 15, 16, 17, 18, 19, 20, 21, 22, 23, 24, 25, 26, 27, 28, 29, 30, 31, 32, 33, 34, 35, 36, 37, 38, 39, 40, 41, 42, 43, 44, 45, 46, 47, 48, 49, 50, 51, 52, 53, 54, 55, 56, 57, 58, 59, 60, 61, 62, 63, 64, 65, 66, 67, 68, 69, 70, 71, 72, 73, 74, 75, 76, 77, 78, 79, 80, 81, 82, 83
[2016-11-16 15:06:56.857]  Entered promiscuous mode
[2016-11-16 15:06:56.857]  Tuned to 2
[2016-11-16 15:06:56.958]  Tuned to 3
[2016-11-16 15:06:57.058]  Tuned to 4
[2016-11-16 15:06:57.158]  Tuned to 5
[2016-11-16 15:06:57.258]  Tuned to 6
[2016-11-16 15:06:57.359]  Tuned to 7
[2016-11-16 15:06:57.459]  Tuned to 8
[2016-11-16 15:06:57.560]  Tuned to 9
[2016-11-16 15:06:57.660]  Tuned to 10
[2016-11-16 15:06:57.760]  Tuned to 11
[2016-11-16 15:06:57.861]  Tuned to 12
[2016-11-16 15:06:57.961]  Tuned to 13
[2016-11-16 15:06:58.061]  Tuned to 14
[2016-11-16 15:06:58.162]  Tuned to 15
[2016-11-16 15:06:58.262]  Tuned to 16
[2016-11-16 15:06:58.362]  Tuned to 17
[2016-11-16 15:06:58.463]  Tuned to 18
[2016-11-16 15:06:58.563]  Tuned to 19
[2016-11-16 15:06:58.663]  Tuned to 20
[2016-11-16 15:06:58.763]  Tuned to 21
[2016-11-16 15:06:58.864]  Tuned to 22
[2016-11-16 15:06:58.964]  Tuned to 23
[2016-11-16 15:06:59.064]  Tuned to 24
[2016-11-16 15:06:59.165]  Tuned to 25
[2016-11-16 15:06:59.265]  Tuned to 26
[2016-11-16 15:06:59.366]  Tuned to 27
[2016-11-16 15:06:59.466]  Tuned to 28
[2016-11-16 15:06:59.566]  Tuned to 29
[2016-11-16 15:06:59.667]  Tuned to 30
[2016-11-16 15:06:59.767]  Tuned to 31
[2016-11-16 15:06:59.867]  Tuned to 32
[2016-11-16 15:06:59.967]  Tuned to 33
[2016-11-16 15:07:00.068]  Tuned to 34
[2016-11-16 15:07:00.168]  Tuned to 35
[2016-11-16 15:07:00.268]  Tuned to 36
[2016-11-16 15:07:00.369]  Tuned to 37
[2016-11-16 15:07:00.469]  Tuned to 38
[2016-11-16 15:07:00.569]  Tuned to 39
[2016-11-16 15:07:00.670]  Tuned to 40
[2016-11-16 15:07:00.770]  Tuned to 41
[2016-11-16 15:07:00.871]  Tuned to 42
[2016-11-16 15:07:00.971]  Tuned to 43
[2016-11-16 15:07:01.071]  Tuned to 44
[2016-11-16 15:07:01.172]  Tuned to 45
[2016-11-16 15:07:01.272]  Tuned to 46
[2016-11-16 15:07:01.372]  Tuned to 47
[2016-11-16 15:07:01.473]  Tuned to 48
[2016-11-16 15:07:01.573]  Tuned to 49
[2016-11-16 15:07:01.673]  Tuned to 50
[2016-11-16 15:07:01.774]  Tuned to 51
[2016-11-16 15:07:01.874]  Tuned to 52
[2016-11-16 15:07:01.974]  Tuned to 53
[2016-11-16 15:07:02.075]  Tuned to 54
Traceback (most recent call last):
  File "../modules/mousejack/tools/nrf24-scanner.py", line 55, in <module>
    value = common.radio.receive_payload()
  File "/home/lain/Development/seniordesign/mithren/modules/mousejack/tools/lib/nrf24.py", line 109, in receive_payload
    return self.dongle.read(0x81, 64, timeout=nrf24.usb_timeout)
  File "/usr/local/lib/python2.7/dist-packages/usb/core.py", line 988, in read
    self.__get_timeout(timeout))
  File "/usr/local/lib/python2.7/dist-packages/usb/backend/libusb1.py", line 833, in bulk_read
    timeout)
  File "/usr/local/lib/python2.7/dist-packages/usb/backend/libusb1.py", line 930, in __read
    cast(address, POINTER(c_ubyte)),
  File "/usr/lib/python2.7/ctypes/__init__.py", line 502, in cast
    return _cast(obj, obj, typ)
KeyboardInterrupt
tail: output.txt: file truncated
[2016-11-16 15:07:30.151]  Using channels 2, 3, 4, 5, 6, 7, 8, 9, 10, 11, 12, 13, 14, 15, 16, 17, 18, 19, 20, 21, 22, 23, 24, 25, 26, 27, 28, 29, 30, 31, 32, 33, 34, 35, 36, 37, 38, 39, 40, 41, 42, 43, 44, 45, 46, 47, 48, 49, 50, 51, 52, 53, 54, 55, 56, 57, 58, 59, 60, 61, 62, 63, 64, 65, 66, 67, 68, 69, 70, 71, 72, 73, 74, 75, 76, 77, 78, 79, 80, 81, 82, 83
[2016-11-16 15:07:30.168]  Entered promiscuous mode
[2016-11-16 15:07:30.168]  Tuned to 2
tail: output.txt: file truncated
[2016-11-16 15:08:00.965]  Using channels 2, 3, 4, 5, 6, 7, 8, 9, 10, 11, 12, 13, 14, 15, 16, 17, 18, 19, 20, 21, 22, 23, 24, 25, 26, 27, 28, 29, 30, 31, 32, 33, 34, 35, 36, 37, 38, 39, 40, 41, 42, 43, 44, 45, 46, 47, 48, 49, 50, 51, 52, 53, 54, 55, 56, 57, 58, 59, 60, 61, 62, 63, 64, 65, 66, 67, 68, 69, 70, 71, 72, 73, 74, 75, 76, 77, 78, 79, 80, 81, 82, 83
[2016-11-16 15:08:00.978]  Entered promiscuous mode
[2016-11-16 15:08:00.978]  Tuned to 2
tail: output.txt: file truncated
[2016-11-16 15:08:13.925]  Using channels 2, 3, 4, 5, 6, 7, 8, 9, 10, 11, 12, 13, 14, 15, 16, 17, 18, 19, 20, 21, 22, 23, 24, 25, 26, 27, 28, 29, 30, 31, 32, 33, 34, 35, 36, 37, 38, 39, 40, 41, 42, 43, 44, 45, 46, 47, 48, 49, 50, 51, 52, 53, 54, 55, 56, 57, 58, 59, 60, 61, 62, 63, 64, 65, 66, 67, 68, 69, 70, 71, 72, 73, 74, 75, 76, 77, 78, 79, 80, 81, 82, 83
[2016-11-16 15:08:13.938]  Entered promiscuous mode
[2016-11-16 15:08:13.938]  Tuned to 2
tail: output.txt: file truncated
[2016-11-16 15:08:47.120]  Using channels 2, 3, 4, 5, 6, 7, 8, 9, 10, 11, 12, 13, 14, 15, 16, 17, 18, 19, 20, 21, 22, 23, 24, 25, 26, 27, 28, 29, 30, 31, 32, 33, 34, 35, 36, 37, 38, 39, 40, 41, 42, 43, 44, 45, 46, 47, 48, 49, 50, 51, 52, 53, 54, 55, 56, 57, 58, 59, 60, 61, 62, 63, 64, 65, 66, 67, 68, 69, 70, 71, 72, 73, 74, 75, 76, 77, 78, 79, 80, 81, 82, 83
[2016-11-16 15:08:47.144]  Entered promiscuous mode
[2016-11-16 15:08:47.144]  Tuned to 2
tail: output.txt: file truncated
[2016-11-16 15:09:10.993]  Using channels 2, 3, 4, 5, 6, 7, 8, 9, 10, 11, 12, 13, 14, 15, 16, 17, 18, 19, 20, 21, 22, 23, 24, 25, 26, 27, 28, 29, 30, 31, 32, 33, 34, 35, 36, 37, 38, 39, 40, 41, 42, 43, 44, 45, 46, 47, 48, 49, 50, 51, 52, 53, 54, 55, 56, 57, 58, 59, 60, 61, 62, 63, 64, 65, 66, 67, 68, 69, 70, 71, 72, 73, 74, 75, 76, 77, 78, 79, 80, 81, 82, 83
[2016-11-16 15:09:11.007]  Entered promiscuous mode
[2016-11-16 15:09:11.007]  Tuned to 2
tail: output.txt: file truncated
[2016-11-16 15:10:00.522]  Using channels 2, 3, 4, 5, 6, 7, 8, 9, 10, 11, 12, 13, 14, 15, 16, 17, 18, 19, 20, 21, 22, 23, 24, 25, 26, 27, 28, 29, 30, 31, 32, 33, 34, 35, 36, 37, 38, 39, 40, 41, 42, 43, 44, 45, 46, 47, 48, 49, 50, 51, 52, 53, 54, 55, 56, 57, 58, 59, 60, 61, 62, 63, 64, 65, 66, 67, 68, 69, 70, 71, 72, 73, 74, 75, 76, 77, 78, 79, 80, 81, 82, 83
[2016-11-16 15:10:00.547]  Entered promiscuous mode
[2016-11-16 15:10:00.548]  Tuned to 2
[2016-11-16 15:10:00.648]  Tuned to 3
[2016-11-16 15:10:00.749]  Tuned to 4
[2016-11-16 15:10:00.849]  Tuned to 5
[2016-11-16 15:10:00.949]  Tuned to 6
[2016-11-16 15:10:01.049]  Tuned to 7
[2016-11-16 15:10:01.150]  Tuned to 8
[2016-11-16 15:10:01.251]  Tuned to 9
